******************************************************************************
               TMS320C6x Linker PC v8.3.12                     
******************************************************************************
>> Linked Mon May  9 13:37:26 2022

OUTPUT FILE NAME:   <Board_C674x.out>
ENTRY POINT SYMBOL: "_c_int00"  address: c3000000


MEMORY CONFIGURATION

         name            origin    length      used     unused   attr    fill
----------------------  --------  ---------  --------  --------  ----  --------
  DSPL2RAM              00800000   00040000  00004000  0003c000  RW  
  SHRAM                 80000000   00020000  00000004  0001fffc  RW X
  DDR2                  c0000000   08000000  0285d394  057a2c6c  RW X


SEGMENT ALLOCATION MAP

run origin  load origin   length   init length attrs members
----------  ----------- ---------- ----------- ----- -------
00800000    00800000    00004000   00000000    rw-
  00800000    00800000    00004000   00000000    rw- .stack
80000000    80000000    00000004   00000000    rw-
  80000000    80000000    00000004   00000000    rw- .LEDNixieVal
c0000000    c0000000    023a7c2c   00000000    rw-
  c0000000    c0000000    02000000   00000000    rw- SystemHeap
  c2000000    c2000000    003a7c2c   00000000    rw- .far
c23a7c30    c23a7c30    0038f6b0   0038f6b0    r--
  c23a7c30    c23a7c30    0038f69a   0038f69a    r-- .const
  c27372cc    c27372cc    00000014   00000014    r-- .switch.1
c27372e0    c27372e0    00121920   00121920    r-x
  c27372e0    c27372e0    00121820   00121820    r-x .text
  c2858b00    c2858b00    00000100   00000100    r-- .switch.2
c2858c00    c2858c00    00001e3a   00000000    rw-
  c2858c00    c2858c00    00001e3a   00000000    rw- .fardata
c285aa3c    c285aa3c    00000c08   00000c08    r--
  c285aa3c    c285aa3c    00000c08   00000c08    r-- .switch.3
c285b644    c285b644    00000421   00000000    rw-
  c285b644    c285b644    00000157   00000000    rw- .bss
  c285b79c    c285b79c    000002c9   00000000    rw- .neardata
c285ba68    c285ba68    0000003c   00000000    r--
  c285ba68    c285ba68    0000003c   00000000    r-- .rodata
c285baa8    c285baa8    00000120   00000000    rw-
  c285baa8    c285baa8    00000120   00000000    rw- .cio
c285bc00    c285bc00    00001718   00001718    r-x
  c285bc00    c285bc00    00000200   00000200    r-x .vecs
  c285be00    c285be00    00001518   00001518    r-- .cinit
c3000000    c3000000    000000c0   000000c0    r-x
  c3000000    c3000000    000000c0   000000c0    r-x .text:_c_int00


SECTION ALLOCATION MAP

 output                                  attributes/
section   page    origin      length       input sections
--------  ----  ----------  ----------   ----------------
.LEDNixieVal 
*          0    80000000    00000004     UNINITIALIZED
                  80000000    00000004     LEDNixie.obj (.LEDNixieVal)

.text:_c_int00 
*          0    c3000000    000000c0     
                  c3000000    000000a0     boot.ae674 : boot.oe674 (.text:_c_int00)
                  c30000a0    00000020     Local_pe674.oe674 ($Tramp$S$$xdc_runtime_Startup_reset__I)

.stack     0    00800000    00004000     UNINITIALIZED
                  00800000    00000008     boot.ae674 : boot.oe674 (.stack)
                  00800008    00003ff8     --HOLE--

.far       0    c2000000    003a7c2c     UNINITIALIZED
                  c2000000    00100000     lv_mem.obj (.far:work_mem_int$1)
                  c2100000    000bb824     (.common:g_pucBuffer)
                  c21bb824    00000004     (.common:swCtrlFeatures)
                  c21bb828    000bb800     lv_port_disp_c674x.obj (.far:buf_1$2)
                  c2277028    000bb800     lv_port_disp_c674x.obj (.far:buf_2$3)
                  c2332828    0000004c     lv_port_disp_c674x.obj (.far:disp_drv$4)
                  c2332874    0000000c     (.common:_lv_anim_ll)
                  c2332880    00052b00     stk6_ppp_pppoe.ae674 : pbm_data.oe674 (.far:NDK_PACKETMEM)
                  c2385380    00010000     (.common:buff)
                  c2395380    0000c1c0     os.ae674 : mem_data.oe674 (.far:NDK_MMBUFFER)
                  c23a1540    00002800     Local_pe674.oe674 (.far:taskStackSection)
                  c23a3d40    00001618     ti.drv.omapl138.ae674 : ethdriver.oe674 (.far)
                  c23a5358    00000800     (.common:CmdHistory)
                  c23a5b58    00000660     nettool.ae674 : daemon.oe674 (.far)
                  c23a61b8    00000474     ti.drv.omapl138.ae674 : csl_emac.oe674 (.far)
                  c23a662c    00000004     stk6_ppp_pppoe.ae674 : rawethsock_pcb.oe674 (.far)
                  c23a6630    00000400     (.common:xdc_runtime_SysMin_Module_State_0_outbuf__A)
                  c23a6a30    00000140     (.common:__TI_tmpnams)
                  c23a6b70    00000110                          : igmp.oe674 (.far)
                  c23a6c80    00000104     (.common:rx_data)
                  c23a6d84    00000002     lv_theme_default.obj (.far:color_card)
                  c23a6d86    00000002     lv_theme_default.obj (.far:color_grey)
                  c23a6d88    00000104     (.common:tx_data)
                  c23a6e8c    00000002     lv_theme_default.obj (.far:color_scr)
                  c23a6e8e    00000002     lv_theme_default.obj (.far:color_text)
                  c23a6e90    00000104     (.common:vrf_data)
                  c23a6f94    00000004     --HOLE--
                  c23a6f98    00000100     lv_draw_sw_letter.obj (.far:opa_table$1)
                  c23a7098    000000d8     netctrl.ae674 : netsrv.oe674 (.far)
                  c23a7170    000000c8     stk6_ppp_pppoe.ae674 : ipv6.oe674 (.far)
                  c23a7238    000000c4                          : tcp.oe674 (.far)
                  c23a72fc    000000b8                          : tcp6in.oe674 (.far)
                  c23a73b4    00000004     --HOLE--
                  c23a73b8    00000040     (.common:g_cCmdBuf)
                  c23a73f8    00000008     (.common:MacAddr)
                  c23a7400    000000a0     (.common:RcvFis)
                  c23a74a0    0000009c                          : icmp.oe674 (.far)
                  c23a753c    00000004     --HOLE--
                  c23a7540    00000080     (.common:_lv_draw_mask_list)
                  c23a75c0    00000080     (.common:lv_mem_buf)
                  c23a7640    00000080     UARTConsole.obj (.far:UARTWriteBuffer)
                  c23a76c0    0000007c     os.ae674 : mem.oe674 (.far)
                  c23a773c    00000004     --HOLE--
                  c23a7740    00000070     (.common:_lv_circle_cache)
                  c23a77b0    00000068     stk6_ppp_pppoe.ae674 : ip.oe674 (.far)
                  c23a7818    00000064                          : nimu.oe674 (.far)
                  c23a787c    00000030     (.common:pllcfg)
                  c23a78ac    00000030                          : udp.oe674 (.far)
                  c23a78dc    0000002c     (.common:_lv_img_cache_single)
                  c23a7908    0000002a     (.common:TouchInfo)
                  c23a7932    00000002     --HOLE--
                  c23a7934    00000028                          : vlan.oe674 (.far)
                  c23a795c    00000024     (.common:RTCTime)
                  c23a7980    00000024     cmdline.obj (.far:argv$1)
                  c23a79a4    00000024     stk6_ppp_pppoe.ae674 : udp6.oe674 (.far)
                  c23a79c8    00000024     lv_theme_default.obj (.far:theme)
                  c23a79ec    00000004     --HOLE--
                  c23a79f0    00000020     console_min.ae674 : console.oe674 (.far)
                  c23a7a10    00000020     lv_port_indev_c674x.obj (.far:indev_drv$1)
                  c23a7a30    0000001c     lv_port_disp_c674x.obj (.far:draw_buf_dsc$1)
                  c23a7a4c    00000004     --HOLE--
                  c23a7a50    0000001a     rts6740_elf.lib : asctime.c.obj (.far:time_buf)
                  c23a7a6a    00000002     --HOLE--
                  c23a7a6c    00000018     netctrl.ae674 : netctrl.oe674 (.far)
                  c23a7a84    00000018     lv_refr.obj (.far:perf_monitor)
                  c23a7a9c    00000018     stk6_ppp_pppoe.ae674 : icmpv6.oe674 (.far)
                  c23a7ab4    00000018     ti.drv.omapl138.ae674 : csl_mdio.oe674 (.far)
                  c23a7acc    00000004     --HOLE--
                  c23a7ad0    00000014     stk6_ppp_pppoe.ae674 : rtc.oe674 (.far)
                  c23a7ae4    00000014     lv_theme_default.obj (.far:trans_delayed$2)
                  c23a7af8    00000014     lv_theme_default.obj (.far:trans_normal$3)
                  c23a7b0c    00000004     --HOLE--
                  c23a7b10    00000010     (.common:IPAddress)
                  c23a7b20    00000010     stk6_ppp_pppoe.ae674 : raw.oe674 (.far)
                  c23a7b30    00000010                          : raw6.oe674 (.far)
                  c23a7b40    00000010                          : raweth.oe674 (.far)
                  c23a7b50    0000000c     (.common:_lv_disp_ll)
                  c23a7b5c    0000000c     (.common:_lv_fsdrv_ll)
                  c23a7b68    0000000c     (.common:_lv_group_ll)
                  c23a7b74    0000000c     (.common:_lv_img_decoder_ll)
                  c23a7b80    0000000c     (.common:_lv_indev_ll)
                  c23a7b8c    0000000c     (.common:_lv_obj_style_trans_ll)
                  c23a7b98    0000000c     (.common:_lv_timer_ll)
                  c23a7ba4    00000004     --HOLE--
                  c23a7ba8    0000000c     (.common:ti_sysbios_knl_Task_Instance_State_0_hookEnv__A)
                  c23a7bb4    00000004     --HOLE--
                  c23a7bb8    0000000c     (.common:ti_sysbios_knl_Task_Instance_State_1_hookEnv__A)
                  c23a7bc4    0000000c                          : pbm.oe674 (.far)
                  c23a7bd0    0000000a     (.common:I2CData)
                  c23a7bda    00000006     --HOLE--
                  c23a7be0    00000008     (.common:parmbuf)
                  c23a7be8    00000008     SourceHanSansCN_Normal_16.obj (.far:cache)
                  c23a7bf0    00000008     lv_theme_default.obj (.far:dark_filter$4)
                  c23a7bf8    00000008     lv_theme_default.obj (.far:grey_filter$5)
                  c23a7c00    00000004     (.common:ti_sysbios_family_c64p_Hwi_Instance_State_0_hookEnv__A)
                  c23a7c04    00000004     --HOLE--
                  c23a7c08    00000004     (.common:ti_sysbios_family_c64p_Hwi_Instance_State_1_hookEnv__A)
                  c23a7c0c    00000004     --HOLE--
                  c23a7c10    00000004     (.common:ti_sysbios_family_c64p_Hwi_Instance_State_2_hookEnv__A)
                  c23a7c14    00000004     --HOLE--
                  c23a7c18    00000004     (.common:ti_sysbios_family_c64p_Hwi_Instance_State_3_hookEnv__A)
                  c23a7c1c    00000004     --HOLE--
                  c23a7c20    00000004     (.common:ti_sysbios_family_c64p_Hwi_Instance_State_4_hookEnv__A)
                  c23a7c24    00000004     --HOLE--
                  c23a7c28    00000004     (.common:ti_sysbios_knl_Swi_Instance_State_0_hookEnv__A)

.const     0    c23a7c30    0038f69a     
                  c23a7c30    0026145d     SourceHanSansCN_Normal_16.obj (.const:.string:glyph_bitmap)
                  c260908d    00000001     --HOLE-- [fill = 0]
                  c260908e    00000002     Local_pe674.oe674 (.const:ti_sysbios_BIOS_Module__id__C)
                  c2609090    000bb800     imgBackground.obj (.const:.string:imgBackground_map)
                  c26c4890    00052420     SourceHanSansCN_Normal_16.obj (.const:glyph_dsc)
                  c2716cb0    00003b8d     console_min.ae674 : conipv6.oe674 (.const:.string)
                  c271a83d    00000001     --HOLE-- [fill = 0]
                  c271a83e    00000002     Local_pe674.oe674 (.const:ti_sysbios_family_c64p_EventCombiner_Module__id__C)
                  c271a840    00001cb0     imgLAN.obj (.const:.string:imgLAN_map)
                  c271c4f0    00001b00     imgCalculator.obj (.const:.string:imgCalculator_map)
                  c271dff0    00001b00     imgCalendar.obj (.const:.string:imgCalendar_map)
                  c271faf0    00001b00     imgRoate.obj (.const:.string:imgRoate_map)
                  c27215f0    00001b00     imgSystemInfo.obj (.const:.string:imgSystemInfo_map)
                  c27230f0    00001b00     imgWLAN.obj (.const:.string:imgWLAN_map)
                  c2724bf0    00001aa6     console_min.ae674 : contest.oe674 (.const:.string)
                  c2726696    00000002     Local_pe674.oe674 (.const:ti_sysbios_family_c64p_Exception_Module__id__C)
                  c2726698    00001709     Local_pe674.oe674 (.const:xdc_runtime_Text_charTab__A)
                  c2727da1    00000001     --HOLE-- [fill = 0]
                  c2727da2    00000002     Local_pe674.oe674 (.const:ti_sysbios_family_c64p_Exception_useInternalBuffer__C)
                  c2727da4    00001314     lodepng.obj (.const:.string)
                  c27290b8    00000da0     SourceHanSansCN_Normal_16.obj (.const:kern_pair_glyph_ids)
                  c2729e58    00000cca     console_min.ae674 : constat.oe674 (.const:.string)
                  c272ab22    00000002     Local_pe674.oe674 (.const:ti_sysbios_family_c64p_Hwi_Module__id__C)
                  c272ab24    0000092c     lv_tlsf.obj (.const:.string)
                  c272b450    00000893     console_min.ae674 : conipaddr.oe674 (.const:.string)
                  c272bce3    00000001     --HOLE-- [fill = 0]
                  c272bce4    00000004     lv_obj_scroll.obj (.const:$P$T0$1)
                  c272bce8    000006ac     LEDNixie.obj (.const:.string:PRU_Code)
                  c272c394    00000004     lv_obj_scroll.obj (.const:$P$T1$2)
                  c272c398    00000690     SourceHanSansCN_Normal_16.obj (.const:cmaps)
                  c272ca28    00000603     console_min.ae674 : console.oe674 (.const:.string)
                  c272d02b    00000001     --HOLE-- [fill = 0]
                  c272d02c    00000588     sysbios.ae674 : BIOS.obj (.const:.string)
                  c272d5b4    000004b6     console_min.ae674 : convlan.oe674 (.const:.string)
                  c272da6a    00000412                       : conecho.oe674 (.const:.string)
                  c272de7c    00000004     lv_obj_pos.obj (.const:$P$T10$4)
                  c272de80    00000400     tjpgd.obj (.const:.string:Clip8)
                  c272e280    000003d8     Web.obj (.const:.string)
                  c272e658    000003c8     Command.obj (.const:.string)
                  c272ea20    000003b2     console_min.ae674 : condns.oe674 (.const:.string)
                  c272edd2    00000002     Local_pe674.oe674 (.const:ti_sysbios_family_c64p_Hwi_Module__loggerDefined__C)
                  c272edd4    00000368     Exception.obj (.const:.string)
                  c272f13c    00000004     lv_draw_sw_gradient.obj (.const:$P$T2$4)
                  c272f140    00000368     SourceHanSansCN_Normal_16.obj (.const:.string:kern_pair_values)
                  c272f4a8    00000350     nettool.ae674 : httpsend.oe674 (.const:.string)
                  c272f7f8    0000032c     console_min.ae674 : conlli.oe674 (.const:.string)
                  c272fb24    000002dc                       : conroute.oe674 (.const:.string)
                  c272fe00    000002cc                       : conping.oe674 (.const:.string)
                  c27300cc    0000028c     lv_calendar_header_dropdown.obj (.const:.string)
                  c2730358    0000027d     console_min.ae674 : conacct.oe674 (.const:.string)
                  c27305d5    0000025d     nettool.ae674 : dnscomn.oe674 (.const:.string)
                  c2730832    00000002     Local_pe674.oe674 (.const:ti_sysbios_gates_GateMutex_Module__id__C)
                  c2730834    00000244     Net.obj (.const:.string)
                  c2730a78    0000021a     os.ae674 : task.oe674 (.const:.string)
                  c2730c92    00000205     console_min.ae674 : consock.oe674 (.const:.string)
                  c2730e97    000001e2     stk6_ppp_pppoe.ae674 : bind6.oe674 (.const:.string)
                  c2731079    00000001     --HOLE-- [fill = 0]
                  c273107a    00000002     Local_pe674.oe674 (.const:ti_sysbios_hal_Hwi_Module__id__C)
                  c273107c    000001a8     DDR2.obj (.const:.string)
                  c2731224    0000018c     console_min.ae674 : contftp.oe674 (.const:.string)
                  c27313b0    00000184     lv_mem.obj (.const:.string)
                  c2731534    00000164     SystemInfo.obj (.const:.string)
                  c2731698    0000015c     stk6_ppp_pppoe.ae674 : route6.oe674 (.const:.string)
                  c27317f4    00000159                          : nimuppp.oe674 (.const:.string)
                  c273194d    0000014f     os.ae674 : mem.oe674 (.const:.string)
                  c2731a9c    00000144     ti.drv.omapl138.ae674 : ethdriver.oe674 (.const:.string)
                  c2731be0    00000110     Flash.obj (.const:.string)
                  c2731cf0    00000107     stk6_ppp_pppoe.ae674 : vlan.oe674 (.const:.string)
                  c2731df7    00000001     --HOLE-- [fill = 0]
                  c2731df8    00000101     rts6740_elf.lib : ctype.c.obj (.const:.string:_ctypes_)
                  c2731ef9    00000006     nettool.ae674 : tftp.oe674 (.const:.string)
                  c2731eff    00000001     --HOLE-- [fill = 0]
                  c2731f00    00000100     lv_draw_sw_letter.obj (.const:.string:_lv_bpp8_opa_table)
                  c2732000    000000fd     stk6_ppp_pppoe.ae674 : icmpv6out.oe674 (.const:.string)
                  c27320fd    000000f2                          : icmpv6_ndisc.oe674 (.const:.string)
                  c27321ef    00000001     --HOLE-- [fill = 0]
                  c27321f0    000000f0     EEPROM.obj (.const:.string)
                  c27322e0    000000f0     Local_pe674.oe674 (.const:xdc_runtime_Text_nodeTab__A)
                  c27323d0    000000ec     lv_chart.obj (.const:.string)
                  c27324bc    000000ec     lv_table.obj (.const:.string)
                  c27325a8    000000ec     lv_textarea.obj (.const:.string)
                  c2732694    000000e8     lv_img_decoder.obj (.const:.string)
                  c273277c    000000e8     lv_keyboard.obj (.const:.string)
                  c2732864    000000e4     lv_draw_mask.obj (.const:.string)
                  c2732948    000000dc     lv_hal_disp.obj (.const:.string)
                  c2732a24    000000d8     EMAC.obj (.const:.string)
                  c2732afc    000000d8     SYSCFG.obj (.const:.string)
                  c2732bd4    000000d8     stk6_ppp_pppoe.ae674 : node.oe674 (.const:.string)
                  c2732cac    000000d7     nettool.ae674 : httpstr.oe674 (.const:.string)
                  c2732d83    00000001     --HOLE-- [fill = 0]
                  c2732d84    000000d4     ti.drv.omapl138.ae674 : nimu_eth.oe674 (.const:.string)
                  c2732e58    000000d0     lv_label.obj (.const:.string)
                  c2732f28    000000cf     stk6_ppp_pppoe.ae674 : rtc.oe674 (.const:.string)
                  c2732ff7    00000001     --HOLE-- [fill = 0]
                  c2732ff8    000000cc     lv_obj.obj (.const:.string)
                  c27330c4    000000c8     lv_dropdown.obj (.const:.string)
                  c273318c    000000bf     stk6_ppp_pppoe.ae674 : lliout.oe674 (.const:.string)
                  c273324b    00000001     --HOLE-- [fill = 0]
                  c273324c    00000004     lv_obj_pos.obj (.const:$P$T9$3)
                  c2733250    000000be     lv_color.obj (.const:colors$2)
                  c273330e    000000bc     servers_min.ae674 : newservers.oe674 (.const:.string)
                  c27333ca    00000006     nettool.ae674 : tftp6.oe674 (.const:.string)
                  c27333d0    000000b6     lv_math.obj (.const:sin0_90_table)
                  c2733486    00000002     Local_pe674.oe674 (.const:ti_sysbios_heaps_HeapMem_Module__id__C)
                  c2733488    000000b4     Network.obj (.const:.string)
                  c273353c    000000b1     nettool.ae674 : dnsclnt.oe674 (.const:.string)
                  c27335ed    00000001     --HOLE-- [fill = 0]
                  c27335ee    00000002     Local_pe674.oe674 (.const:ti_sysbios_knl_Clock_Module__id__C)
                  c27335f0    000000b0     Calculator.obj (.const:.string)
                  c27336a0    000000b0     lv_hal_indev.obj (.const:.string)
                  c2733750    000000b0     lv_keyboard.obj (.const:default_kb_map_lc)
                  c2733800    000000b0     lv_keyboard.obj (.const:default_kb_map_spec)
                  c27338b0    000000b0     lv_keyboard.obj (.const:default_kb_map_uc)
                  c2733960    000000a9     stk6_ppp_pppoe.ae674 : lli6.oe674 (.const:.string)
                  c2733a09    000000a7     nettool.ae674 : ipaddr.oe674 (.const:.string)
                  c2733ab0    000000a7     stk6_ppp_pppoe.ae674 : nimu.oe674 (.const:.string)
                  c2733b57    00000001     --HOLE-- [fill = 0]
                  c2733b58    000000a4     LVGLTask.obj (.const:.string)
                  c2733bfc    000000a2     stk6_ppp_pppoe.ae674 : nimupppoe.oe674 (.const:.string)
                  c2733c9e    00000002     Local_pe674.oe674 (.const:ti_sysbios_knl_Clock_Module__loggerDefined__C)
                  c2733ca0    000000a0     lv_btnmatrix.obj (.const:.string)
                  c2733d40    00000098     lv_refr.obj (.const:.string)
                  c2733dd8    00000098     lv_color.obj (.const:colors$3)
                  c2733e70    00000094     Touch.obj (.const:.string)
                  c2733f04    00000091     stk6_ppp_pppoe.ae674 : tcp6time.oe674 (.const:.string)
                  c2733f95    00000001     --HOLE-- [fill = 0]
                  c2733f96    00000002     Local_pe674.oe674 (.const:ti_sysbios_knl_Semaphore_Module__id__C)
                  c2733f98    00000090     lv_calendar.obj (.const:.string)
                  c2734028    0000008d     stk6_ppp_pppoe.ae674 : tcptime.oe674 (.const:.string)
                  c27340b5    00000001     --HOLE-- [fill = 0]
                  c27340b6    00000002     Local_pe674.oe674 (.const:ti_sysbios_knl_Semaphore_Module__loggerDefined__C)
                  c27340b8    0000008c     lv_fs.obj (.const:.string)
                  c2734144    0000008c     lv_roller.obj (.const:.string)
                  c27341d0    00000084     lv_bmp.obj (.const:.string)
                  c2734254    00000080     lv_draw_sw_gradient.obj (.const:.string)
                  c27342d4    00000080     lv_style.obj (.const:.string)
                  c2734354    00000004     SysMinProvide.obj (.const:.string)
                  c2734358    00000080     tjpgd.obj (.const:Ipsf)
                  c27343d8    00000080     rts6740_elf.lib : strtod.c.obj (.const:digits)
                  c2734458    0000007c     UARTConsole.obj (.const:.string)
                  c27344d4    00000078     lv_meter.obj (.const:.string)
                  c273454c    00000078     main.obj (.const:.string)
                  c27345c4    00000004     lv_draw_label.obj (.const:.string)
                  c27345c8    00000078     lodepng.obj (.const:DISTANCEBASE)
                  c2734640    00000078     lodepng.obj (.const:DISTANCEEXTRA)
                  c27346b8    00000077     stk6_ppp_pppoe.ae674 : sock6.oe674 (.const:.string)
                  c273472f    00000076                          : mld.oe674 (.const:.string)
                  c27347a5    00000001     --HOLE-- [fill = 0]
                  c27347a6    00000002     Local_pe674.oe674 (.const:ti_sysbios_knl_Swi_Module__id__C)
                  c27347a8    00000074     lv_font.obj (.const:.string)
                  c273481c    00000004     lv_menu.obj (.const:.string)
                  c2734820    00000074     lodepng.obj (.const:LENGTHBASE)
                  c2734894    00000004     lv_png.obj (.const:.string)
                  c2734898    00000074     lodepng.obj (.const:LENGTHEXTRA)
                  c273490c    00000070     lv_obj_style.obj (.const:.string)
                  c273497c    00000004     lv_spinbox.obj (.const:.string)
                  c2734980    00000070     SourceHanSansCN_Normal_16.obj (.const:unicode_list_83)
                  c27349f0    0000006c     lv_event.obj (.const:.string)
                  c2734a5c    0000006c     rts6740_elf.lib : asctime.c.obj (.const:.string)
                  c2734ac8    00000068     lv_flex.obj (.const:.string)
                  c2734b30    00000068     lv_group.obj (.const:.string)
                  c2734b98    00000064     lv_calendar_header_arrow.obj (.const:.string)
                  c2734bfc    00000064     lv_obj_pos.obj (.const:.string)
                  c2734c60    00000064     Local_pe674.oe674 (.const:ti_sysbios_timers_timer64_Timer_Object__PARAMS__C)
                  c2734cc4    00000060     lv_txt.obj (.const:.string)
                  c2734d24    00000060     stk6_ppp_pppoe.ae674 : sb.oe674 (.const:.string)
                  c2734d84    0000005c     lv_anim.obj (.const:.string)
                  c2734de0    0000005c     lv_img.obj (.const:.string)
                  c2734e3c    0000005c     lv_timer.obj (.const:.string)
                  c2734e98    00000058     Home.obj (.const:.string)
                  c2734ef0    00000058     ti.targets.rts6000.ae674 : Error.oe674 (.const:.string)
                  c2734f48    00000056     os.ae674 : semaphore.oe674 (.const:.string)
                  c2734f9e    00000002     Local_pe674.oe674 (.const:ti_sysbios_knl_Swi_Module__loggerDefined__C)
                  c2734fa0    00000054     stk6_ppp_pppoe.ae674 : sockprot.oe674 (.const:Code2Err)
                  c2734ff4    00000004     lv_tabview.obj (.const:.string)
                  c2734ff8    00000054     lv_keyboard.obj (.const:default_kb_map_num)
                  c273504c    00000051     nettool.ae674 : dhcpmain.oe674 (.const:.string)
                  c273509d    00000050     stk6_ppp_pppoe.ae674 : bind.oe674 (.const:.string)
                  c27350ed    00000001     --HOLE-- [fill = 0]
                  c27350ee    00000002     Local_pe674.oe674 (.const:ti_sysbios_knl_Task_Module__id__C)
                  c27350f0    00000050     lv_keyboard.obj (.const:default_kb_ctrl_lc_map)
                  c2735140    00000050     lv_keyboard.obj (.const:default_kb_ctrl_spec_map)
                  c2735190    00000050     lv_keyboard.obj (.const:default_kb_ctrl_uc_map)
                  c27351e0    0000004e     stk6_ppp_pppoe.ae674 : rtable.oe674 (.const:.string)
                  c273522e    00000002     Local_pe674.oe674 (.const:ti_sysbios_knl_Task_Module__loggerDefined__C)
                  c2735230    0000004c     lv_log.obj (.const:.string)
                  c273527c    00000004     lv_theme_default.obj (.const:.string)
                  c2735280    0000004c     lodepng.obj (.const:CLCL_ORDER)
                  c27352cc    00000048     Local_pe674.oe674 (.const:.string)
                  c2735314    00000048     ti.targets.rts6000.ae674 : Log.oe674 (.const:.string)
                  c273535c    00000004     nettool.ae674 : telnetd.oe674 (.const:.string)
                  c2735360    00000048     rts6740_elf.lib : strtod.c.obj (.const:powerof10)
                  c27353a8    00000048     Local_pe674.oe674 (.const:ti_sysbios_knl_Task_hooks__A)
                  c27353f0    00000044     netctrl.ae674 : netctrl.oe674 (.const:.string)
                  c2735434    00000041     nettool.ae674 : httpclie.oe674 (.const:.string)
                  c2735475    00000041     stk6_ppp_pppoe.ae674 : sb6.oe674 (.const:.string)
                  c27354b6    00000002     Local_pe674.oe674 (.const:ti_sysbios_knl_Task_initStackFlag__C)
                  c27354b8    00000040     tjpgd.obj (.const:.string:Zig)
                  c27354f8    00000040     lv_draw_sw_dither.obj (.const:.string:dither_ordered_threshold_matrix)
                  c2735538    00000040     ti.targets.rts6000.ae674 : Text.oe674 (.const:.string)
                  c2735578    0000003e     stk6_ppp_pppoe.ae674 : ipv6.oe674 (.const:.string)
                  c27355b6    0000003c                          : ipv6_exthdrs.oe674 (.const:.string)
                  c27355f2    00000002     Local_pe674.oe674 (.const:ti_sysbios_timers_timer64_Timer_Module__id__C)
                  c27355f4    0000003c     Local_pe674.oe674 (.const:ti_sysbios_knl_Task_Object__PARAMS__C)
                  c2735630    00000038     SATATest.obj (.const:.string)
                  c2735668    00000038     stk6_ppp_pppoe.ae674 : icmpv6in.oe674 (.const:.string)
                  c27356a0    00000038                          : sock.oe674 (.const:.string)
                  c27356d8    00000034     cgi.ae674 : cgiparsem.oe674 (.const:.string)
                  c273570c    00000034     Local_pe674.oe674 (.const:xdc_runtime_LoggerSys_Module__FXNS__C)
                  c2735740    00000034     Local_pe674.oe674 (.const:xdc_runtime_Startup_sfxnTab__A)
                  c2735774    00000031     stk6_ppp_pppoe.ae674 : pbm.oe674 (.const:.string)
                  c27357a5    00000001     --HOLE-- [fill = 0]
                  c27357a6    00000002     Local_pe674.oe674 (.const:ti_sysbios_timers_timer64_Timer_startupNeeded__C)
                  c27357a8    00000030     rts6740_elf.lib : asctime.c.obj (.const:mon)
                  c27357d8    00000030     Local_pe674.oe674 (.const:ti_sysbios_family_c64p_Hwi_Object__PARAMS__C)
                  c2735808    0000002c     ti.drv.omapl138.ae674 : csl_mdio.oe674 (.const:.string)
                  c2735834    0000002c     ti.targets.rts6000.ae674 : Startup.oe674 (.const:.string)
                  c2735860    0000002c     Local_pe674.oe674 (.const:ti_sysbios_hal_Hwi_Object__PARAMS__C)
                  c273588c    00000004     ti.targets.rts6000.ae674 : Assert.oe674 (.const:.string)
                  c2735890    0000002c     lv_theme_default.obj (.const:trans_props$1)
                  c27358bc    00000028     Local_pe674.oe674 (.const:ti_sysbios_heaps_HeapMem_Module__FXNS__C)
                  c27358e4    00000028     Local_pe674.oe674 (.const:ti_sysbios_knl_Swi_Object__PARAMS__C)
                  c273590c    00000004     Local_pe674.oe674 (.const:ti_sysbios_BIOS_Module__diagsEnabled__C)
                  c2735910    00000026     lv_event.obj (.const:.string:$P$T2$4)
                  c2735936    00000002     Local_pe674.oe674 (.const:ti_sysbios_utils_Load_Module__id__C)
                  c2735938    00000026     lv_color.obj (.const:colors$1)
                  c273595e    00000002     Local_pe674.oe674 (.const:ti_sysbios_utils_Load_Module__loggerDefined__C)
                  c2735960    00000024     rts6740_elf.lib : _printfi.c.obj (.const:.string)
                  c2735984    00000024     Local_pe674.oe674 (.const:ti_sysbios_gates_GateHwi_Module__FXNS__C)
                  c27359a8    00000024     Local_pe674.oe674 (.const:ti_sysbios_gates_GateMutex_Module__FXNS__C)
                  c27359cc    00000024     Local_pe674.oe674 (.const:ti_sysbios_heaps_HeapMem_Object__PARAMS__C)
                  c27359f0    00000024     Local_pe674.oe674 (.const:ti_sysbios_knl_Clock_Object__PARAMS__C)
                  c2735a14    00000024     Local_pe674.oe674 (.const:ti_sysbios_knl_Semaphore_Object__PARAMS__C)
                  c2735a38    00000022     lv_calendar.obj (.const:.string:$P$T0$1)
                  c2735a5a    00000006     stk6_ppp_pppoe.ae674 : auth.oe674 (.const:.string)
                  c2735a60    00000022     lv_keyboard.obj (.const:default_kb_ctrl_num_map)
                  c2735a82    00000002     Local_pe674.oe674 (.const:ti_sysbios_utils_Load_autoAddTasks__C)
                  c2735a84    00000004     Local_pe674.oe674 (.const:ti_sysbios_BIOS_Module__diagsIncluded__C)
                  c2735a88    00000021     lv_textarea.obj (.const:.string:$P$T5$6)
                  c2735aa9    00000001     --HOLE-- [fill = 0]
                  c2735aaa    00000002     Local_pe674.oe674 (.const:ti_sysbios_utils_Load_hwiEnabled__C)
                  c2735aac    00000004     Local_pe674.oe674 (.const:ti_sysbios_BIOS_Module__diagsMask__C)
                  c2735ab0    00000021     lv_draw_sw_line.obj (.const:.string:wcorr$1)
                  c2735ad1    00000001     --HOLE-- [fill = 0]
                  c2735ad2    00000002     Local_pe674.oe674 (.const:ti_sysbios_utils_Load_updateInIdle__C)
                  c2735ad4    00000004     Local_pe674.oe674 (.const:ti_sysbios_BIOS_installedErrorHook__C)
                  c2735ad8    00000020     lv_btnmatrix.obj (.const:.string:$P$T0$1)
                  c2735af8    00000020     lv_obj_style.obj (.const:.string:$P$T2$1)
                  c2735b18    00000020     Local_pe674.oe674 (.const:ti_sysbios_family_c64p_Hwi_Object__DESC__C)
                  c2735b38    00000020     Local_pe674.oe674 (.const:ti_sysbios_gates_GateHwi_Object__DESC__C)
                  c2735b58    00000020     Local_pe674.oe674 (.const:ti_sysbios_gates_GateMutex_Object__DESC__C)
                  c2735b78    00000020     Local_pe674.oe674 (.const:ti_sysbios_hal_Hwi_Object__DESC__C)
                  c2735b98    00000020     Local_pe674.oe674 (.const:ti_sysbios_heaps_HeapMem_Object__DESC__C)
                  c2735bb8    00000020     Local_pe674.oe674 (.const:ti_sysbios_knl_Clock_Object__DESC__C)
                  c2735bd8    00000020     Local_pe674.oe674 (.const:ti_sysbios_knl_Queue_Object__DESC__C)
                  c2735bf8    00000020     Local_pe674.oe674 (.const:ti_sysbios_knl_Semaphore_Object__DESC__C)
                  c2735c18    00000020     Local_pe674.oe674 (.const:ti_sysbios_knl_Swi_Object__DESC__C)
                  c2735c38    00000020     Local_pe674.oe674 (.const:ti_sysbios_knl_Task_Object__DESC__C)
                  c2735c58    00000020     Local_pe674.oe674 (.const:ti_sysbios_timers_timer64_Timer_Object__DESC__C)
                  c2735c78    00000020     Local_pe674.oe674 (.const:xdc_runtime_LoggerSys_Object__DESC__C)
                  c2735c98    0000001f     lv_dropdown.obj (.const:.string:$P$T1$2)
                  c2735cb7    00000001     --HOLE-- [fill = 0]
                  c2735cb8    0000001e     lv_textarea.obj (.const:.string:$P$T6$7)
                  c2735cd6    0000001e     nettool.ae674 : daemon.oe674 (.const:.string)
                  c2735cf4    00000004     Local_pe674.oe674 (.const:ti_sysbios_family_c62_TaskSupport_stackAlignment__C)
                  c2735cf8    0000001d     lv_chart.obj (.const:.string:$P$T2$3)
                  c2735d15    00000001     --HOLE-- [fill = 0]
                  c2735d16    00000002     Local_pe674.oe674 (.const:xdc_runtime_Core_Module__id__C)
                  c2735d18    0000001d     lv_img_decoder.obj (.const:.string:$P$T4$4)
                  c2735d35    0000001d     stk6_ppp_pppoe.ae674 : lli.oe674 (.const:.string)
                  c2735d52    00000002     Local_pe674.oe674 (.const:xdc_runtime_Error_Module__loggerDefined__C)
                  c2735d54    0000001c     lv_draw_sw_rect.obj (.const:$P$T0$1)
                  c2735d70    0000001c     lv_table.obj (.const:.string:$P$T1$2)
                  c2735d8c    00000004     Local_pe674.oe674 (.const:ti_sysbios_family_c64p_Cache_EMIFA_BASE__C)
                  c2735d90    0000001c     lodepng.obj (.const:ADAM7_DX)
                  c2735dac    00000004     Local_pe674.oe674 (.const:ti_sysbios_family_c64p_Cache_EMIFA_CFG__C)
                  c2735db0    0000001c     lodepng.obj (.const:ADAM7_DY)
                  c2735dcc    00000004     Local_pe674.oe674 (.const:ti_sysbios_family_c64p_Cache_EMIFA_LENGTH__C)
                  c2735dd0    0000001c     lodepng.obj (.const:ADAM7_IX)
                  c2735dec    00000004     Local_pe674.oe674 (.const:ti_sysbios_family_c64p_Cache_EMIFB_BASE__C)
                  c2735df0    0000001c     lodepng.obj (.const:ADAM7_IY)
                  c2735e0c    0000001c     SourceHanSansCN_Normal_16.obj (.const:SourceHanSansCN_Normal_16)
                  c2735e28    0000001c     rts6740_elf.lib : asctime.c.obj (.const:day)
                  c2735e44    0000001c     lv_arc.obj (.const:lv_arc_class)
                  c2735e60    0000001c     lv_bar.obj (.const:lv_bar_class)
                  c2735e7c    0000001c     lv_btn.obj (.const:lv_btn_class)
                  c2735e98    0000001c     lv_btnmatrix.obj (.const:lv_btnmatrix_class)
                  c2735eb4    0000001c     lv_calendar.obj (.const:lv_calendar_class)
                  c2735ed0    0000001c     lv_calendar_header_arrow.obj (.const:lv_calendar_header_arrow_class)
                  c2735eec    0000001c     lv_calendar_header_dropdown.obj (.const:lv_calendar_header_dropdown_class)
                  c2735f08    0000001c     lv_chart.obj (.const:lv_chart_class)
                  c2735f24    0000001c     lv_checkbox.obj (.const:lv_checkbox_class)
                  c2735f40    0000001c     lv_colorwheel.obj (.const:lv_colorwheel_class)
                  c2735f5c    0000001c     lv_dropdown.obj (.const:lv_dropdown_class)
                  c2735f78    0000001c     lv_dropdown.obj (.const:lv_dropdownlist_class)
                  c2735f94    0000001c     lv_img.obj (.const:lv_img_class)
                  c2735fb0    0000001c     lv_imgbtn.obj (.const:lv_imgbtn_class)
                  c2735fcc    0000001c     lv_keyboard.obj (.const:lv_keyboard_class)
                  c2735fe8    0000001c     lv_label.obj (.const:lv_label_class)
                  c2736004    0000001c     lv_led.obj (.const:lv_led_class)
                  c2736020    0000001c     lv_line.obj (.const:lv_line_class)
                  c273603c    0000001c     lv_list.obj (.const:lv_list_btn_class)
                  c2736058    0000001c     lv_list.obj (.const:lv_list_class)
                  c2736074    0000001c     lv_list.obj (.const:lv_list_text_class)
                  c2736090    0000001c     lv_menu.obj (.const:lv_menu_class)
                  c27360ac    0000001c     lv_menu.obj (.const:lv_menu_cont_class)
                  c27360c8    0000001c     lv_menu.obj (.const:lv_menu_main_cont_class)
                  c27360e4    0000001c     lv_menu.obj (.const:lv_menu_main_header_cont_class)
                  c2736100    0000001c     lv_menu.obj (.const:lv_menu_page_class)
                  c273611c    0000001c     lv_menu.obj (.const:lv_menu_section_class)
                  c2736138    0000001c     lv_menu.obj (.const:lv_menu_separator_class)
                  c2736154    0000001c     lv_menu.obj (.const:lv_menu_sidebar_cont_class)
                  c2736170    0000001c     lv_menu.obj (.const:lv_menu_sidebar_header_cont_class)
                  c273618c    0000001c     lv_meter.obj (.const:lv_meter_class)
                  c27361a8    0000001c     lv_msgbox.obj (.const:lv_msgbox_backdrop_class)
                  c27361c4    0000001c     lv_msgbox.obj (.const:lv_msgbox_class)
                  c27361e0    0000001c     lv_obj.obj (.const:lv_obj_class)
                  c27361fc    0000001c     lv_roller.obj (.const:lv_roller_class)
                  c2736218    0000001c     lv_roller.obj (.const:lv_roller_label_class)
                  c2736234    0000001c     lv_slider.obj (.const:lv_slider_class)
                  c2736250    0000001c     lv_spinbox.obj (.const:lv_spinbox_class)
                  c273626c    0000001c     lv_spinner.obj (.const:lv_spinner_class)
                  c2736288    0000001c     lv_switch.obj (.const:lv_switch_class)
                  c27362a4    0000001c     lv_table.obj (.const:lv_table_class)
                  c27362c0    0000001c     lv_tabview.obj (.const:lv_tabview_class)
                  c27362dc    0000001c     lv_textarea.obj (.const:lv_textarea_class)
                  c27362f8    0000001c     lv_tileview.obj (.const:lv_tileview_class)
                  c2736314    0000001c     lv_tileview.obj (.const:lv_tileview_tile_class)
                  c2736330    0000001c     lv_win.obj (.const:lv_win_class)
                  c273634c    00000004     Local_pe674.oe674 (.const:ti_sysbios_family_c64p_Cache_EMIFB_CFG__C)
                  c2736350    0000001b     lv_chart.obj (.const:.string:$P$T1$2)
                  c273636b    00000001     --HOLE-- [fill = 0]
                  c273636c    00000004     Local_pe674.oe674 (.const:ti_sysbios_family_c64p_Cache_EMIFB_LENGTH__C)
                  c2736370    0000001b     lv_draw_sw_gradient.obj (.const:.string:$P$T1$2)
                  c273638b    00000001     --HOLE-- [fill = 0]
                  c273638c    00000004     Local_pe674.oe674 (.const:ti_sysbios_family_c64p_Cache_EMIFC_BASE__C)
                  c2736390    0000001b     lv_label.obj (.const:.string:$P$T5$5)
                  c27363ab    00000001     --HOLE-- [fill = 0]
                  c27363ac    00000004     Local_pe674.oe674 (.const:ti_sysbios_family_c64p_Cache_EMIFC_CFG__C)
                  c27363b0    0000001b     lv_chart.obj (.const:.string:$P$T7$8)
                  c27363cb    00000001     --HOLE-- [fill = 0]
                  c27363cc    00000004     Local_pe674.oe674 (.const:ti_sysbios_family_c64p_Cache_EMIFC_LENGTH__C)
                  c27363d0    0000001a     lv_obj.obj (.const:.string:$P$T1$2)
                  c27363ea    00000002     Local_pe674.oe674 (.const:xdc_runtime_Error_maxDepth__C)
                  c27363ec    00000004     Local_pe674.oe674 (.const:ti_sysbios_family_c64p_Cache_MAR0_31__C)
                  c27363f0    0000001a     lv_chart.obj (.const:.string:$P$T12$11)
                  c273640a    00000002     Local_pe674.oe674 (.const:xdc_runtime_Memory_Module__id__C)
                  c273640c    00000004     Local_pe674.oe674 (.const:ti_sysbios_family_c64p_Cache_MAR128_159__C)
                  c2736410    0000001a     lv_chart.obj (.const:.string:$P$T13$12)
                  c273642a    00000002     Local_pe674.oe674 (.const:xdc_runtime_SysMin_flushAtExit__C)
                  c273642c    00000004     Local_pe674.oe674 (.const:ti_sysbios_family_c64p_Cache_MAR160_191__C)
                  c2736430    0000001a     lv_chart.obj (.const:.string:$P$T18$17)
                  c273644a    00000002     Local_pe674.oe674 (.const:xdc_runtime_Text_charCnt__C)
                  c273644c    00000004     Local_pe674.oe674 (.const:ti_sysbios_family_c64p_Cache_MAR192_223__C)
                  c2736450    0000001a     lv_chart.obj (.const:.string:$P$T6$7)
                  c273646a    00000002     Local_pe674.oe674 (.const:xdc_runtime_Text_isLoaded__C)
                  c273646c    00000004     Local_pe674.oe674 (.const:ti_sysbios_family_c64p_Cache_MAR224_255__C)
                  c2736470    0000001a     Local_pe674.oe674 (.const:xdc_runtime_Startup_sfxnRts__A)
                  c273648a    00000002     Local_pe674.oe674 (.const:xdc_runtime_Text_registryModsLastId__C)
                  c273648c    00000004     Local_pe674.oe674 (.const:ti_sysbios_family_c64p_Cache_MAR32_63__C)
                  c2736490    00000019     lv_font.obj (.const:.string:$P$T0$1)
                  c27364a9    00000001     --HOLE-- [fill = 0]
                  c27364aa    00000002     Local_pe674.oe674 (.const:xdc_runtime_Text_unnamedModsLastId__C)
                  c27364ac    00000004     Local_pe674.oe674 (.const:ti_sysbios_family_c64p_Cache_MAR64_95__C)
                  c27364b0    00000019     lv_draw_mask.obj (.const:.string:$P$T1$2)
                  c27364c9    00000003     --HOLE-- [fill = 0]
                  c27364cc    00000004     Local_pe674.oe674 (.const:ti_sysbios_family_c64p_Cache_MAR96_127__C)
                  c27364d0    00000019     lv_meter.obj (.const:.string:$P$T1$2)
                  c27364e9    00000003     --HOLE-- [fill = 0]
                  c27364ec    00000004     Local_pe674.oe674 (.const:ti_sysbios_family_c64p_EventCombiner_E_unpluggedEvent__C)
                  c27364f0    00000019     lv_chart.obj (.const:.string:$P$T16$15)
                  c2736509    00000003     --HOLE-- [fill = 0]
                  c273650c    00000004     Local_pe674.oe674 (.const:ti_sysbios_family_c64p_Exception_E_exceptionMax__C)
                  c2736510    00000019     lv_chart.obj (.const:.string:$P$T17$16)
                  c2736529    00000003     --HOLE-- [fill = 0]
                  c273652c    00000004     Local_pe674.oe674 (.const:ti_sysbios_family_c64p_Exception_exceptionHook__C)
                  c2736530    00000019     lv_chart.obj (.const:.string:$P$T19$18)
                  c2736549    00000003     --HOLE-- [fill = 0]
                  c273654c    00000004     Local_pe674.oe674 (.const:ti_sysbios_family_c64p_Exception_externalHook__C)
                  c2736550    00000019     lv_chart.obj (.const:.string:$P$T20$19)
                  c2736569    00000003     --HOLE-- [fill = 0]
                  c273656c    00000004     Local_pe674.oe674 (.const:ti_sysbios_family_c64p_Exception_internalHook__C)
                  c2736570    00000019     lv_meter.obj (.const:.string:$P$T4$5)
                  c2736589    00000003     --HOLE-- [fill = 0]
                  c273658c    00000004     Local_pe674.oe674 (.const:ti_sysbios_family_c64p_Exception_nmiHook__C)
                  c2736590    00000019     lv_table.obj (.const:.string:$P$T5$6)
                  c27365a9    00000003     --HOLE-- [fill = 0]
                  c27365ac    00000004     Local_pe674.oe674 (.const:ti_sysbios_family_c64p_Hwi_E_alreadyDefined__C)
                  c27365b0    00000018     lv_draw_mask.obj (.const:.string:$P$T0$1)
                  c27365c8    00000018     lv_dropdown.obj (.const:.string:$P$T0$1)
                  c27365e0    00000018     lv_hal_disp.obj (.const:.string:$P$T0$1)
                  c27365f8    00000018     lv_table.obj (.const:.string:$P$T0$1)
                  c2736610    00000018     lv_chart.obj (.const:.string:$P$T11$10)
                  c2736628    00000018     lv_chart.obj (.const:.string:$P$T15$14)
                  c2736640    00000018     lv_label.obj (.const:.string:$P$T2$3)
                  c2736658    00000018     lv_meter.obj (.const:.string:$P$T2$3)
                  c2736670    00000018     lv_font.obj (.const:.string:$P$T3$3)
                  c2736688    00000018     lv_event.obj (.const:.string:$P$T3$5)
                  c27366a0    00000018     nettool.ae674 : config.oe674 (.const:.string)
                  c27366b8    00000018     stk6_ppp_pppoe.ae674 : exec.oe674 (.const:.string)
                  c27366d0    00000018     SourceHanSansCN_Normal_16.obj (.const:font_dsc)
                  c27366e8    00000018     Local_pe674.oe674 (.const:ti_sysbios_gates_GateHwi_Object__PARAMS__C)
                  c2736700    00000018     Local_pe674.oe674 (.const:ti_sysbios_gates_GateMutex_Object__PARAMS__C)
                  c2736718    00000018     Local_pe674.oe674 (.const:ti_sysbios_knl_Queue_Object__PARAMS__C)
                  c2736730    00000018     Local_pe674.oe674 (.const:ti_sysbios_knl_Swi_hooks__A)
                  c2736748    00000018     Local_pe674.oe674 (.const:xdc_runtime_LoggerSys_Object__PARAMS__C)
                  c2736760    00000017     lv_event.obj (.const:.string:$P$T1$3)
                  c2736777    00000001     --HOLE-- [fill = 0]
                  c2736778    00000017     lv_chart.obj (.const:.string:$P$T14$13)
                  c273678f    00000001     --HOLE-- [fill = 0]
                  c2736790    00000017     lv_dropdown.obj (.const:.string:$P$T2$3)
                  c27367a7    00000001     --HOLE-- [fill = 0]
                  c27367a8    00000017     lv_label.obj (.const:.string:$P$T3$4)
                  c27367bf    00000001     --HOLE-- [fill = 0]
                  c27367c0    00000017     lv_chart.obj (.const:.string:$P$T4$5)
                  c27367d7    00000001     --HOLE-- [fill = 0]
                  c27367d8    00000017     lv_table.obj (.const:.string:$P$T4$5)
                  c27367ef    00000017     stk6_ppp_pppoe.ae674 : ipout.oe674 (.const:.string)
                  c2736806    00000002     --HOLE-- [fill = 0]
                  c2736808    00000016     lv_hal_indev.obj (.const:.string:$P$T0$1)
                  c273681e    00000002     --HOLE-- [fill = 0]
                  c2736820    00000016     lv_roller.obj (.const:.string:$P$T0$1)
                  c2736836    00000002     --HOLE-- [fill = 0]
                  c2736838    00000016     lv_txt.obj (.const:.string:$P$T0$1)
                  c273684e    00000002     --HOLE-- [fill = 0]
                  c2736850    00000016     lv_label.obj (.const:.string:$P$T1$2)
                  c2736866    00000002     --HOLE-- [fill = 0]
                  c2736868    00000016     lv_font.obj (.const:.string:$P$T2$2)
                  c273687e    00000002     --HOLE-- [fill = 0]
                  c2736880    00000016     lv_img_decoder.obj (.const:.string:$P$T3$3)
                  c2736896    00000002     --HOLE-- [fill = 0]
                  c2736898    00000016     lv_tlsf.obj (.const:.string:$P$T6$6)
                  c27368ae    00000016     stk6_ppp_pppoe.ae674 : ipv6out.oe674 (.const:.string)
                  c27368c4    00000004     Local_pe674.oe674 (.const:ti_sysbios_family_c64p_Hwi_E_handleNotFound__C)
                  c27368c8    00000015     lv_textarea.obj (.const:.string:$P$T0$1)
                  c27368dd    00000003     --HOLE-- [fill = 0]
                  c27368e0    00000015     lv_img_decoder.obj (.const:.string:$P$T1$1)
                  c27368f5    00000003     --HOLE-- [fill = 0]
                  c27368f8    00000015     lv_textarea.obj (.const:.string:$P$T1$2)
                  c273690d    00000003     --HOLE-- [fill = 0]
                  c2736910    00000015     lv_style.obj (.const:.string:$P$T2$3)
                  c2736925    00000003     --HOLE-- [fill = 0]
                  c2736928    00000015     lv_table.obj (.const:.string:$P$T2$3)
                  c273693d    00000003     --HOLE-- [fill = 0]
                  c2736940    00000015     lv_textarea.obj (.const:.string:$P$T2$3)
                  c2736955    00000003     --HOLE-- [fill = 0]
                  c2736958    00000015     lv_hal_disp.obj (.const:.string:$P$T2$8)
                  c273696d    00000003     --HOLE-- [fill = 0]
                  c2736970    00000015     lv_chart.obj (.const:.string:$P$T21$20)
                  c2736985    00000003     --HOLE-- [fill = 0]
                  c2736988    00000015     lv_chart.obj (.const:.string:$P$T22$21)
                  c273699d    00000003     --HOLE-- [fill = 0]
                  c27369a0    00000015     lv_table.obj (.const:.string:$P$T3$4)
                  c27369b5    00000003     --HOLE-- [fill = 0]
                  c27369b8    00000015     lv_textarea.obj (.const:.string:$P$T4$5)
                  c27369cd    00000003     --HOLE-- [fill = 0]
                  c27369d0    00000015     lv_chart.obj (.const:.string:$P$T5$6)
                  c27369e5    00000003     --HOLE-- [fill = 0]
                  c27369e8    00000015     lv_label.obj (.const:.string:$P$T7$7)
                  c27369fd    00000003     --HOLE-- [fill = 0]
                  c2736a00    00000014     lv_event.obj (.const:.string:$P$T0$2)
                  c2736a14    00000004     Local_pe674.oe674 (.const:ti_sysbios_family_c64p_Hwi_LD_end__C)
                  c2736a18    00000014     lv_hal_indev.obj (.const:.string:$P$T1$2)
                  c2736a2c    00000004     Local_pe674.oe674 (.const:ti_sysbios_family_c64p_Hwi_LM_begin__C)
                  c2736a30    00000014     lv_chart.obj (.const:.string:$P$T10$9)
                  c2736a44    00000004     Local_pe674.oe674 (.const:ti_sysbios_family_c64p_Hwi_Module__diagsEnabled__C)
                  c2736a48    00000014     lv_img_decoder.obj (.const:.string:$P$T2$2)
                  c2736a5c    00000004     Local_pe674.oe674 (.const:ti_sysbios_family_c64p_Hwi_Module__diagsIncluded__C)
                  c2736a60    00000014     lv_tlsf.obj (.const:.string:$P$T23$22)
                  c2736a74    00000004     Local_pe674.oe674 (.const:ti_sysbios_family_c64p_Hwi_Module__diagsMask__C)
                  c2736a78    00000014     lv_chart.obj (.const:.string:$P$T3$4)
                  c2736a8c    00000014     lv_sjpg.obj (.const:.string)
                  c2736aa0    00000014     Local_pe674.oe674 (.const:ti_sysbios_family_c64p_Hwi_hooks__A)
                  c2736ab4    00000004     Local_pe674.oe674 (.const:ti_sysbios_family_c64p_Hwi_Module__loggerFxn1__C)
                  c2736ab8    00000013     lv_meter.obj (.const:.string:$P$T0$1)
                  c2736acb    00000001     --HOLE-- [fill = 0]
                  c2736acc    00000004     Local_pe674.oe674 (.const:ti_sysbios_family_c64p_Hwi_Module__loggerFxn8__C)
                  c2736ad0    00000013     lv_obj_pos.obj (.const:.string:$P$T0$2)
                  c2736ae3    00000001     --HOLE-- [fill = 0]
                  c2736ae4    00000004     Local_pe674.oe674 (.const:ti_sysbios_family_c64p_Hwi_Module__loggerObj__C)
                  c2736ae8    00000013     lv_tlsf.obj (.const:.string:$P$T17$16)
                  c2736afb    00000001     --HOLE-- [fill = 0]
                  c2736afc    00000004     Local_pe674.oe674 (.const:ti_sysbios_family_c64p_Hwi_Object__heap__C)
                  c2736b00    00000013     lv_fs.obj (.const:.string:$P$T3$3)
                  c2736b13    00000001     --HOLE-- [fill = 0]
                  c2736b14    00000004     Local_pe674.oe674 (.const:ti_sysbios_gates_GateMutex_A_badContext__C)
                  c2736b18    00000013     lv_mem.obj (.const:.string:$P$T4$5)
                  c2736b2b    00000013     stk6_ppp_pppoe.ae674 : fileuser.oe674 (.const:.string)
                  c2736b3e    00000002     --HOLE-- [fill = 0]
                  c2736b40    00000012     lv_chart.obj (.const:.string:$P$T0$1)
                  c2736b52    00000002     --HOLE-- [fill = 0]
                  c2736b54    00000004     Local_pe674.oe674 (.const:ti_sysbios_gates_GateMutex_Instance_State_sem__O)
                  c2736b58    00000012     lv_label.obj (.const:.string:$P$T0$1)
                  c2736b6a    00000002     --HOLE-- [fill = 0]
                  c2736b6c    00000004     Local_pe674.oe674 (.const:ti_sysbios_gates_GateMutex_Module__diagsEnabled__C)
                  c2736b70    00000012     lv_tlsf.obj (.const:.string:$P$T16$15)
                  c2736b82    00000002     --HOLE-- [fill = 0]
                  c2736b84    00000004     Local_pe674.oe674 (.const:ti_sysbios_gates_GateMutex_Module__diagsIncluded__C)
                  c2736b88    00000012     lv_fs.obj (.const:.string:$P$T2$2)
                  c2736b9a    00000002     --HOLE-- [fill = 0]
                  c2736b9c    00000004     Local_pe674.oe674 (.const:ti_sysbios_gates_GateMutex_Module__diagsMask__C)
                  c2736ba0    00000012     lv_refr.obj (.const:.string:$P$T2$2)
                  c2736bb2    00000002     --HOLE-- [fill = 0]
                  c2736bb4    00000004     Local_pe674.oe674 (.const:ti_sysbios_hal_Hwi_E_stackOverflow__C)
                  c2736bb8    00000012     lv_style.obj (.const:.string:$P$T3$4)
                  c2736bca    00000002     --HOLE-- [fill = 0]
                  c2736bcc    00000004     Local_pe674.oe674 (.const:ti_sysbios_heaps_HeapMem_A_align__C)
                  c2736bd0    00000012     lv_label.obj (.const:.string:$P$T6$6)
                  c2736be2    00000002     --HOLE-- [fill = 0]
                  c2736be4    00000004     Local_pe674.oe674 (.const:ti_sysbios_heaps_HeapMem_A_heapSize__C)
                  c2736be8    00000012     lv_tlsf.obj (.const:.string:$P$T7$7)
                  c2736bfa    00000002     --HOLE-- [fill = 0]
                  c2736bfc    00000004     Local_pe674.oe674 (.const:ti_sysbios_heaps_HeapMem_A_invalidFree__C)
                  c2736c00    00000012     lv_tlsf.obj (.const:.string:$P$T8$8)
                  c2736c12    00000002     --HOLE-- [fill = 0]
                  c2736c14    00000004     Local_pe674.oe674 (.const:ti_sysbios_heaps_HeapMem_A_zeroBlock__C)
                  c2736c18    00000011     lv_group.obj (.const:.string:$P$T1$2)
                  c2736c29    00000003     --HOLE-- [fill = 0]
                  c2736c2c    00000004     Local_pe674.oe674 (.const:ti_sysbios_heaps_HeapMem_E_memory__C)
                  c2736c30    00000011     lv_tlsf.obj (.const:.string:$P$T12$11)
                  c2736c41    00000003     --HOLE-- [fill = 0]
                  c2736c44    00000004     Local_pe674.oe674 (.const:ti_sysbios_heaps_HeapMem_Module__diagsEnabled__C)
                  c2736c48    00000011     lv_tlsf.obj (.const:.string:$P$T13$12)
                  c2736c59    00000003     --HOLE-- [fill = 0]
                  c2736c5c    00000004     Local_pe674.oe674 (.const:ti_sysbios_heaps_HeapMem_Module__diagsIncluded__C)
                  c2736c60    00000011     lv_tlsf.obj (.const:.string:$P$T18$17)
                  c2736c71    00000003     --HOLE-- [fill = 0]
                  c2736c74    00000004     Local_pe674.oe674 (.const:ti_sysbios_heaps_HeapMem_Module__diagsMask__C)
                  c2736c78    00000011     lv_tlsf.obj (.const:.string:$P$T22$21)
                  c2736c89    00000003     --HOLE-- [fill = 0]
                  c2736c8c    00000004     Local_pe674.oe674 (.const:ti_sysbios_heaps_HeapMem_Module__gateObj__C)
                  c2736c90    00000011     lv_chart.obj (.const:.string:$P$T23$22)
                  c2736ca1    00000003     --HOLE-- [fill = 0]
                  c2736ca4    00000004     Local_pe674.oe674 (.const:ti_sysbios_heaps_HeapMem_Object__count__C)
                  c2736ca8    00000011     lv_tlsf.obj (.const:.string:$P$T27$24)
                  c2736cb9    00000003     --HOLE-- [fill = 0]
                  c2736cbc    00000004     Local_pe674.oe674 (.const:ti_sysbios_heaps_HeapMem_Object__table__C)
                  c2736cc0    00000011     lv_meter.obj (.const:.string:$P$T3$4)
                  c2736cd1    00000011     stk6_ppp_pppoe.ae674 : tcp6prot.oe674 (.const:.string)
                  c2736ce2    00000011                          : tcpprot.oe674 (.const:.string)
                  c2736cf3    00000001     --HOLE-- [fill = 0]
                  c2736cf4    00000004     Local_pe674.oe674 (.const:ti_sysbios_heaps_HeapMem_reqAlign__C)
                  c2736cf8    00000011     ti.targets.rts6000.ae674 : System.oe674 (.const:digtohex)
                  c2736d09    00000003     --HOLE-- [fill = 0]
                  c2736d0c    00000004     Local_pe674.oe674 (.const:ti_sysbios_knl_Clock_A_badThreadType__C)
                  c2736d10    00000010     lv_group.obj (.const:.string:$P$T0$1)
                  c2736d20    00000010     lv_refr.obj (.const:.string:$P$T1$1)
                  c2736d30    00000010     lv_timer.obj (.const:.string:$P$T1$5)
                  c2736d40    00000010     lv_tlsf.obj (.const:.string:$P$T14$13)
                  c2736d50    00000010     lv_tlsf.obj (.const:.string:$P$T15$14)
                  c2736d60    00000010     lv_img_buf.obj (.const:.string:$P$T2$2)
                  c2736d70    00000010     lv_hal_indev.obj (.const:.string:$P$T2$3)
                  c2736d80    00000010     lv_obj_style.obj (.const:.string:$P$T3$2)
                  c2736d90    00000010     lv_tlsf.obj (.const:.string:$P$T30$26)
                  c2736da0    00000010     lv_img_decoder.obj (.const:.string:$P$T7$7)
                  c2736db0    00000010     lv_draw_sw_letter.obj (.const:.string:_lv_bpp4_opa_table)
                  c2736dc0    00000010     rts6740_elf.lib : _scanfi.c.obj (.const:.string)
                  c2736dd0    00000010     Local_pe674.oe674 (.const:ti_sysbios_family_c64p_EventCombiner_EVTMASK__C)
                  c2736de0    0000000f     lv_flex.obj (.const:.string:$P$T0$1)
                  c2736def    00000001     --HOLE-- [fill = 0]
                  c2736df0    0000000f     lv_img.obj (.const:.string:$P$T0$1)
                  c2736dff    00000001     --HOLE-- [fill = 0]
                  c2736e00    0000000f     lv_style.obj (.const:.string:$P$T1$1)
                  c2736e0f    00000001     --HOLE-- [fill = 0]
                  c2736e10    0000000f     lv_mem.obj (.const:.string:$P$T1$3)
                  c2736e1f    00000001     --HOLE-- [fill = 0]
                  c2736e20    0000000f     lv_tlsf.obj (.const:.string:$P$T20$19)
                  c2736e2f    00000001     --HOLE-- [fill = 0]
                  c2736e30    0000000f     lv_tlsf.obj (.const:.string:$P$T24$23)
                  c2736e3f    00000001     --HOLE-- [fill = 0]
                  c2736e40    0000000f     lv_mem.obj (.const:.string:$P$T3$4)
                  c2736e4f    00000001     --HOLE-- [fill = 0]
                  c2736e50    0000000e     lv_anim.obj (.const:.string:$P$T0$1)
                  c2736e5e    00000002     --HOLE-- [fill = 0]
                  c2736e60    0000000e     lv_draw_sw_gradient.obj (.const:.string:$P$T0$1)
                  c2736e6e    00000002     --HOLE-- [fill = 0]
                  c2736e70    0000000e     lv_tlsf.obj (.const:.string:$P$T19$18)
                  c2736e7e    00000002     --HOLE-- [fill = 0]
                  c2736e80    0000000e     lv_draw_mask.obj (.const:.string:$P$T2$3)
                  c2736e8e    0000000e     stk6_ppp_pppoe.ae674 : timer.oe674 (.const:.string)
                  c2736e9c    00000004     Local_pe674.oe674 (.const:ti_sysbios_knl_Clock_A_clockDisabled__C)
                  c2736ea0    0000000d     lv_bmp.obj (.const:.string:$P$T0$1)
                  c2736ead    00000003     --HOLE-- [fill = 0]
                  c2736eb0    0000000d     lv_mem.obj (.const:.string:$P$T0$2)
                  c2736ebd    00000003     --HOLE-- [fill = 0]
                  c2736ec0    0000000d     lv_tlsf.obj (.const:.string:$P$T11$10)
                  c2736ecd    00000003     --HOLE-- [fill = 0]
                  c2736ed0    0000000d     lv_tlsf.obj (.const:.string:$P$T29$25)
                  c2736edd    0000000d     os.ae674 : ossys.oe674 (.const:.string)
                  c2736eea    00000002     --HOLE-- [fill = 0]
                  c2736eec    00000004     Local_pe674.oe674 (.const:ti_sysbios_knl_Clock_LM_begin__C)
                  c2736ef0    0000000c     lv_tlsf.obj (.const:.string:$P$T10$9)
                  c2736efc    0000000c     lv_checkbox.obj (.const:.string)
                  c2736f08    0000000c     os.ae674 : efs.oe674 (.const:.string)
                  c2736f14    0000000c     imgBackground.obj (.const:imgBackground)
                  c2736f20    0000000c     imgCalculator.obj (.const:imgCalculator)
                  c2736f2c    0000000c     imgCalendar.obj (.const:imgCalendar)
                  c2736f38    0000000c     imgLAN.obj (.const:imgLAN)
                  c2736f44    0000000c     imgRoate.obj (.const:imgRoate)
                  c2736f50    0000000c     imgSystemInfo.obj (.const:imgSystemInfo)
                  c2736f5c    0000000c     imgWLAN.obj (.const:imgWLAN)
                  c2736f68    0000000c     SourceHanSansCN_Normal_16.obj (.const:kern_pairs)
                  c2736f74    0000000c     Local_pe674.oe674 (.const:ti_sysbios_family_c64p_Cache_initSize__C)
                  c2736f80    0000000c     Local_pe674.oe674 (.const:ti_sysbios_knl_Idle_coreList__A)
                  c2736f8c    00000004     Local_pe674.oe674 (.const:ti_sysbios_knl_Clock_LM_tick__C)
                  c2736f90    0000000c     Local_pe674.oe674 (.const:ti_sysbios_knl_Idle_funcList__A)
                  c2736f9c    00000004     Local_pe674.oe674 (.const:ti_sysbios_knl_Clock_LW_delayed__C)
                  c2736fa0    0000000b     lv_fs.obj (.const:.string:$P$T1$1)
                  c2736fab    00000001     --HOLE-- [fill = 0]
                  c2736fac    00000004     Local_pe674.oe674 (.const:ti_sysbios_knl_Clock_Module_State_clockQ__O)
                  c2736fb0    0000000b     lv_tlsf.obj (.const:.string:$P$T1$1)
                  c2736fbb    00000001     --HOLE-- [fill = 0]
                  c2736fbc    00000004     Local_pe674.oe674 (.const:ti_sysbios_knl_Clock_Module__diagsEnabled__C)
                  c2736fc0    0000000b     lv_tlsf.obj (.const:.string:$P$T2$2)
                  c2736fcb    00000001     --HOLE-- [fill = 0]
                  c2736fcc    00000004     Local_pe674.oe674 (.const:ti_sysbios_knl_Clock_Module__diagsIncluded__C)
                  c2736fd0    0000000b     lv_tlsf.obj (.const:.string:$P$T4$4)
                  c2736fdb    0000000b     stk6_ppp_pppoe.ae674 : route.oe674 (.const:.string)
                  c2736fe6    00000002     --HOLE-- [fill = 0]
                  c2736fe8    0000000a     lv_sjpg.obj (.const:.string:$P$T1$1)
                  c2736ff2    00000002     --HOLE-- [fill = 0]
                  c2736ff4    00000004     Local_pe674.oe674 (.const:ti_sysbios_knl_Clock_Module__diagsMask__C)
                  c2736ff8    0000000a     lv_tlsf.obj (.const:.string:$P$T5$5)
                  c2737002    00000002     --HOLE-- [fill = 0]
                  c2737004    00000004     Local_pe674.oe674 (.const:ti_sysbios_knl_Clock_Module__loggerFxn1__C)
                  c2737008    00000009     Calculator.obj (.const:.string:$P$T0$1)
                  c2737011    00000003     --HOLE-- [fill = 0]
                  c2737014    00000004     Local_pe674.oe674 (.const:ti_sysbios_knl_Clock_Module__loggerFxn2__C)
                  c2737018    00000009     Network.obj (.const:.string:$P$T0$1)
                  c2737021    00000003     --HOLE-- [fill = 0]
                  c2737024    00000004     Local_pe674.oe674 (.const:ti_sysbios_knl_Clock_Module__loggerObj__C)
                  c2737028    00000009     SystemInfo.obj (.const:.string:$P$T0$1)
                  c2737031    00000003     --HOLE-- [fill = 0]
                  c2737034    00000004     Local_pe674.oe674 (.const:ti_sysbios_knl_Semaphore_A_badContext__C)
                  c2737038    00000009     lv_tlsf.obj (.const:.string:$P$T3$3)
                  c2737041    00000001     --HOLE-- [fill = 0]
                  c2737042    00000008     lv_draw_sw_polygon.obj (.const:$P$T0$1)
                  c273704a    00000002     --HOLE-- [fill = 0]
                  c273704c    00000008     lv_tlsf.obj (.const:$P$T21$20)
                  c2737054    00000004     Local_pe674.oe674 (.const:ti_sysbios_knl_Semaphore_A_noEvents__C)
                  c2737058    00000008     lv_obj.obj (.const:.string:$P$T0$1)
                  c2737060    00000008     lv_png.obj (.const:.string:$P$T1$1)
                  c2737068    00000008     lodepng.obj (.const:.string:$P$T25$3)
                  c2737070    00000008     lv_draw_img.obj (.const:.string)
                  c2737078    00000008     ti.targets.rts6000.ae674 : System.oe674 (.const:.string)
                  c2737080    00000008     Local_pe674.oe674 (.const:ti_sysbios_family_c64p_Hwi_hooks__C)
                  c2737088    00000008     Local_pe674.oe674 (.const:ti_sysbios_knl_Idle_coreList__C)
                  c2737090    00000008     Local_pe674.oe674 (.const:ti_sysbios_knl_Idle_funcList__C)
                  c2737098    00000008     Local_pe674.oe674 (.const:ti_sysbios_knl_Swi_hooks__C)
                  c27370a0    00000008     Local_pe674.oe674 (.const:ti_sysbios_knl_Task_hooks__C)
                  c27370a8    00000008     Local_pe674.oe674 (.const:xdc_runtime_Startup_firstFxns__A)
                  c27370b0    00000008     Local_pe674.oe674 (.const:xdc_runtime_Startup_firstFxns__C)
                  c27370b8    00000008     Local_pe674.oe674 (.const:xdc_runtime_Startup_lastFxns__C)
                  c27370c0    00000007     rts6740_elf.lib : _scanfi.c.obj (.const:.string:flit$1)
                  c27370c7    00000001     --HOLE-- [fill = 0]
                  c27370c8    00000006                     : _scanfi.c.obj (.const:.string:barr$2)
                  c27370ce    00000002     --HOLE-- [fill = 0]
                  c27370d0    00000004     lv_img_buf.obj (.const:.string:$P$T1$1)
                  c27370d4    00000004     Local_pe674.oe674 (.const:ti_sysbios_knl_Semaphore_A_overflow__C)
                  c27370d8    00000004     lv_img_decoder.obj (.const:.string:$P$T6$6)
                  c27370dc    00000004     Local_pe674.oe674 (.const:ti_sysbios_knl_Semaphore_A_pendTaskDisabled__C)
                  c27370e0    00000004     lv_draw_sw_letter.obj (.const:.string:_lv_bpp2_opa_table)
                  c27370e4    00000004     Local_pe674.oe674 (.const:ti_sysbios_knl_Semaphore_Instance_State_pendQ__O)
                  c27370e8    00000004     Local_pe674.oe674 (.const:ti_sysbios_knl_Semaphore_LM_pend__C)
                  c27370ec    00000004     Local_pe674.oe674 (.const:ti_sysbios_knl_Semaphore_LM_post__C)
                  c27370f0    00000004     Local_pe674.oe674 (.const:ti_sysbios_knl_Semaphore_Module__diagsEnabled__C)
                  c27370f4    00000004     Local_pe674.oe674 (.const:ti_sysbios_knl_Semaphore_Module__diagsIncluded__C)
                  c27370f8    00000004     Local_pe674.oe674 (.const:ti_sysbios_knl_Semaphore_Module__diagsMask__C)
                  c27370fc    00000004     Local_pe674.oe674 (.const:ti_sysbios_knl_Semaphore_Module__loggerFxn2__C)
                  c2737100    00000004     Local_pe674.oe674 (.const:ti_sysbios_knl_Semaphore_Module__loggerFxn4__C)
                  c2737104    00000004     Local_pe674.oe674 (.const:ti_sysbios_knl_Semaphore_Module__loggerObj__C)
                  c2737108    00000004     Local_pe674.oe674 (.const:ti_sysbios_knl_Swi_A_badPriority__C)
                  c273710c    00000004     Local_pe674.oe674 (.const:ti_sysbios_knl_Swi_A_swiDisabled__C)
                  c2737110    00000004     Local_pe674.oe674 (.const:ti_sysbios_knl_Swi_LD_end__C)
                  c2737114    00000004     Local_pe674.oe674 (.const:ti_sysbios_knl_Swi_LM_begin__C)
                  c2737118    00000004     Local_pe674.oe674 (.const:ti_sysbios_knl_Swi_LM_post__C)
                  c273711c    00000004     Local_pe674.oe674 (.const:ti_sysbios_knl_Swi_Module__diagsEnabled__C)
                  c2737120    00000004     Local_pe674.oe674 (.const:ti_sysbios_knl_Swi_Module__diagsIncluded__C)
                  c2737124    00000004     Local_pe674.oe674 (.const:ti_sysbios_knl_Swi_Module__diagsMask__C)
                  c2737128    00000004     Local_pe674.oe674 (.const:ti_sysbios_knl_Swi_Module__loggerFxn1__C)
                  c273712c    00000004     Local_pe674.oe674 (.const:ti_sysbios_knl_Swi_Module__loggerFxn4__C)
                  c2737130    00000004     Local_pe674.oe674 (.const:ti_sysbios_knl_Swi_Module__loggerObj__C)
                  c2737134    00000004     Local_pe674.oe674 (.const:ti_sysbios_knl_Swi_Object__count__C)
                  c2737138    00000004     Local_pe674.oe674 (.const:ti_sysbios_knl_Swi_Object__heap__C)
                  c273713c    00000004     Local_pe674.oe674 (.const:ti_sysbios_knl_Swi_Object__table__C)
                  c2737140    00000004     Local_pe674.oe674 (.const:ti_sysbios_knl_Swi_numConstructedSwis__C)
                  c2737144    00000004     Local_pe674.oe674 (.const:ti_sysbios_knl_Task_A_badPriority__C)
                  c2737148    00000004     Local_pe674.oe674 (.const:ti_sysbios_knl_Task_A_badTaskState__C)
                  c273714c    00000004     Local_pe674.oe674 (.const:ti_sysbios_knl_Task_A_badThreadType__C)
                  c2737150    00000004     Local_pe674.oe674 (.const:ti_sysbios_knl_Task_A_badTimeout__C)
                  c2737154    00000004     Local_pe674.oe674 (.const:ti_sysbios_knl_Task_A_noPendElem__C)
                  c2737158    00000004     Local_pe674.oe674 (.const:ti_sysbios_knl_Task_A_sleepTaskDisabled__C)
                  c273715c    00000004     Local_pe674.oe674 (.const:ti_sysbios_knl_Task_A_taskDisabled__C)
                  c2737160    00000004     Local_pe674.oe674 (.const:ti_sysbios_knl_Task_E_deleteNotAllowed__C)
                  c2737164    00000004     Local_pe674.oe674 (.const:ti_sysbios_knl_Task_E_spOutOfBounds__C)
                  c2737168    00000004     Local_pe674.oe674 (.const:ti_sysbios_knl_Task_E_stackOverflow__C)
                  c273716c    00000004     Local_pe674.oe674 (.const:ti_sysbios_knl_Task_LD_block__C)
                  c2737170    00000004     Local_pe674.oe674 (.const:ti_sysbios_knl_Task_LD_exit__C)
                  c2737174    00000004     Local_pe674.oe674 (.const:ti_sysbios_knl_Task_LD_ready__C)
                  c2737178    00000004     Local_pe674.oe674 (.const:ti_sysbios_knl_Task_LM_setPri__C)
                  c273717c    00000004     Local_pe674.oe674 (.const:ti_sysbios_knl_Task_LM_sleep__C)
                  c2737180    00000004     Local_pe674.oe674 (.const:ti_sysbios_knl_Task_LM_switch__C)
                  c2737184    00000004     Local_pe674.oe674 (.const:ti_sysbios_knl_Task_Module_State_inactiveQ__O)
                  c2737188    00000004     Local_pe674.oe674 (.const:ti_sysbios_knl_Task_Module_State_terminatedQ__O)
                  c273718c    00000004     Local_pe674.oe674 (.const:ti_sysbios_knl_Task_Module__diagsEnabled__C)
                  c2737190    00000004     Local_pe674.oe674 (.const:ti_sysbios_knl_Task_Module__diagsIncluded__C)
                  c2737194    00000004     Local_pe674.oe674 (.const:ti_sysbios_knl_Task_Module__diagsMask__C)
                  c2737198    00000004     Local_pe674.oe674 (.const:ti_sysbios_knl_Task_Module__loggerFxn2__C)
                  c273719c    00000004     Local_pe674.oe674 (.const:ti_sysbios_knl_Task_Module__loggerFxn4__C)
                  c27371a0    00000004     Local_pe674.oe674 (.const:ti_sysbios_knl_Task_Module__loggerObj__C)
                  c27371a4    00000004     Local_pe674.oe674 (.const:ti_sysbios_knl_Task_Object__count__C)
                  c27371a8    00000004     Local_pe674.oe674 (.const:ti_sysbios_knl_Task_Object__heap__C)
                  c27371ac    00000004     Local_pe674.oe674 (.const:ti_sysbios_knl_Task_Object__table__C)
                  c27371b0    00000004     Local_pe674.oe674 (.const:ti_sysbios_knl_Task_allBlockedFunc__C)
                  c27371b4    00000004     Local_pe674.oe674 (.const:ti_sysbios_knl_Task_defaultStackHeap__C)
                  c27371b8    00000004     Local_pe674.oe674 (.const:ti_sysbios_knl_Task_defaultStackSize__C)
                  c27371bc    00000004     Local_pe674.oe674 (.const:ti_sysbios_knl_Task_numConstructedTasks__C)
                  c27371c0    00000004     Local_pe674.oe674 (.const:ti_sysbios_timers_timer64_Timer_A_notAvailable__C)
                  c27371c4    00000004     Local_pe674.oe674 (.const:ti_sysbios_timers_timer64_Timer_E_cannotSupport__C)
                  c27371c8    00000004     Local_pe674.oe674 (.const:ti_sysbios_timers_timer64_Timer_E_invalidTimer__C)
                  c27371cc    00000004     Local_pe674.oe674 (.const:ti_sysbios_timers_timer64_Timer_E_notAvailable__C)
                  c27371d0    00000004     Local_pe674.oe674 (.const:ti_sysbios_timers_timer64_Timer_Module__diagsEnabled__C)
                  c27371d4    00000004     Local_pe674.oe674 (.const:ti_sysbios_timers_timer64_Timer_Module__diagsIncluded__C)
                  c27371d8    00000004     Local_pe674.oe674 (.const:ti_sysbios_timers_timer64_Timer_Module__diagsMask__C)
                  c27371dc    00000004     Local_pe674.oe674 (.const:ti_sysbios_timers_timer64_Timer_anyMask__C)
                  c27371e0    00000004     Local_pe674.oe674 (.const:ti_sysbios_timers_timer64_Timer_defaultHalf__C)
                  c27371e4    00000004     Local_pe674.oe674 (.const:ti_sysbios_timers_timer64_Timer_freqDivisor__C)
                  c27371e8    00000004     Local_pe674.oe674 (.const:ti_sysbios_timers_timer64_Timer_numLocalTimers__C)
                  c27371ec    00000004     Local_pe674.oe674 (.const:ti_sysbios_timers_timer64_Timer_numTimerDevices__C)
                  c27371f0    00000004     Local_pe674.oe674 (.const:ti_sysbios_utils_Load_LS_cpuLoad__C)
                  c27371f4    00000004     Local_pe674.oe674 (.const:ti_sysbios_utils_Load_LS_hwiLoad__C)
                  c27371f8    00000004     Local_pe674.oe674 (.const:ti_sysbios_utils_Load_LS_swiLoad__C)
                  c27371fc    00000004     Local_pe674.oe674 (.const:ti_sysbios_utils_Load_LS_taskLoad__C)
                  c2737200    00000004     Local_pe674.oe674 (.const:ti_sysbios_utils_Load_Module_State_taskList__O)
                  c2737204    00000004     Local_pe674.oe674 (.const:ti_sysbios_utils_Load_Module__diagsEnabled__C)
                  c2737208    00000004     Local_pe674.oe674 (.const:ti_sysbios_utils_Load_Module__diagsIncluded__C)
                  c273720c    00000004     Local_pe674.oe674 (.const:ti_sysbios_utils_Load_Module__diagsMask__C)
                  c2737210    00000004     Local_pe674.oe674 (.const:ti_sysbios_utils_Load_Module__loggerFxn1__C)
                  c2737214    00000004     Local_pe674.oe674 (.const:ti_sysbios_utils_Load_Module__loggerFxn2__C)
                  c2737218    00000004     Local_pe674.oe674 (.const:ti_sysbios_utils_Load_Module__loggerFxn4__C)
                  c273721c    00000004     Local_pe674.oe674 (.const:ti_sysbios_utils_Load_Module__loggerObj__C)
                  c2737220    00000004     Local_pe674.oe674 (.const:ti_sysbios_utils_Load_postUpdate__C)
                  c2737224    00000004     Local_pe674.oe674 (.const:ti_sysbios_utils_Load_windowInMs__C)
                  c2737228    00000004     Local_pe674.oe674 (.const:xdc_runtime_Assert_E_assertFailed__C)
                  c273722c    00000004     Local_pe674.oe674 (.const:xdc_runtime_Core_A_initializedParams__C)
                  c2737230    00000004     Local_pe674.oe674 (.const:xdc_runtime_Core_Module__diagsEnabled__C)
                  c2737234    00000004     Local_pe674.oe674 (.const:xdc_runtime_Core_Module__diagsIncluded__C)
                  c2737238    00000004     Local_pe674.oe674 (.const:xdc_runtime_Core_Module__diagsMask__C)
                  c273723c    00000004     Local_pe674.oe674 (.const:xdc_runtime_Error_E_memory__C)
                  c2737240    00000004     Local_pe674.oe674 (.const:xdc_runtime_Error_Module__diagsEnabled__C)
                  c2737244    00000004     Local_pe674.oe674 (.const:xdc_runtime_Error_Module__diagsIncluded__C)
                  c2737248    00000004     Local_pe674.oe674 (.const:xdc_runtime_Error_Module__diagsMask__C)
                  c273724c    00000004     Local_pe674.oe674 (.const:xdc_runtime_Error_Module__loggerFxn8__C)
                  c2737250    00000004     Local_pe674.oe674 (.const:xdc_runtime_Error_Module__loggerObj__C)
                  c2737254    00000004     Local_pe674.oe674 (.const:xdc_runtime_Error_policy__C)
                  c2737258    00000004     Local_pe674.oe674 (.const:xdc_runtime_Error_raiseHook__C)
                  c273725c    00000004     Local_pe674.oe674 (.const:xdc_runtime_IGateProvider_Interface__BASE__C)
                  c2737260    00000004     Local_pe674.oe674 (.const:xdc_runtime_IHeap_Interface__BASE__C)
                  c2737264    00000004     Local_pe674.oe674 (.const:xdc_runtime_ILogger_Interface__BASE__C)
                  c2737268    00000004     Local_pe674.oe674 (.const:xdc_runtime_IModule_Interface__BASE__C)
                  c273726c    00000004     Local_pe674.oe674 (.const:xdc_runtime_Log_L_error__C)
                  c2737270    00000004     Local_pe674.oe674 (.const:xdc_runtime_Memory_defaultHeapInstance__C)
                  c2737274    00000004     Local_pe674.oe674 (.const:xdc_runtime_Startup_execImpl__C)
[...]
c2858980  xdc_runtime_System_vsnprintf__E                                     
c28589a0  xdc_runtime_System_snprintf_va__F                                   
c28589a0  xdc_runtime_System_vsnprintf__F                                     
c28589c0  NDK_vsprintf                                                        
c28589c0  xdc_runtime_System_vsprintf__E                                      
c28589e0  xdc_runtime_System_sprintf_va__F                                    
c28589e0  xdc_runtime_System_vsprintf__F                                      
c2858a00  xdc_runtime_Text_cordText__E                                        
c2858a20  xdc_runtime_Text_putLab__E                                          
c2858a40  xdc_runtime_Text_putSite__E                                         
c2858a60  xdc_runtime_Text_ropeText__E                                        
c2858a80  xdc_runtime_Timestamp_SupportProxy_get32__E                         
c2858a80  xdc_runtime_Timestamp_get32__F                                      
c2858aa0  xdc_runtime_Timestamp_SupportProxy_getFreq__E                       
c2858aa0  xdc_runtime_Timestamp_getFreq__F                                    
c2858ac0  xdc_runtime_Timestamp_get32__E                                      
c2858ae0  xdc_runtime_Timestamp_getFreq__E                                    
c2858c00  CmdLists                                                            
c2859400  ti_sysbios_family_c64p_EventCombiner_Module__state__V               
c2859800  _ftable                                                             
c28599e0  g_sCmdTable                                                         
c2859aac  _ipcfg                                                              
c2859b60  _stream                                                             
c2859c00  ti_sysbios_knl_Task_Object__table__V                                
c2859c50  TSK_idle                                                            
c2859ca0  ti_sysbios_utils_Load_Module__state__V                              
c2859d38  ti_sysbios_family_c64p_Hwi_Object__table__V                         
c2859dc4  _lock                                                               
c2859dc8  ti_sysbios_knl_Swi_Module_State_0_readyQ__A                         
c2859e48  ti_sysbios_knl_Task_Module_State_0_readyQ__A                        
c2859ec8  _device                                                             
c2859f40  icon                                                                
c2859fb8  ti_sysbios_family_c64p_Hwi_Module__state__V                         
c285a020  ti_sysbios_timers_timer64_Timer_Module_State_0_device__A            
c285a080  BootModeStr                                                         
c285a0d0  DNSErrorStrings                                                     
c285a170  ti_sysbios_gates_GateMutex_Object__table__V                         
c285a1c0  ti_sysbios_timers_timer64_Timer_Object__table__V                    
c285a210  ulDataPatternTable                                                  
c285a2b0  ti_sysbios_knl_Task_Module__state__V                                
c285a2f4  _unlock                                                             
c285a3f8  ti_sysbios_utils_Load_Module_State_0_taskEnv__A                     
c285a464  __TI_ft_end                                                         
c285a4a0  ti_sysbios_knl_Swi_Object__table__V                                 
c285a4d4  __errno                                                             
c285a4d4  errno                                                               
c285a508  ti_sysbios_family_c64p_Exception_Module__state__V                   
c285a594  ti_sysbios_knl_Clock_Module__state__V                               
c285a5bc  ti_sysbios_family_c64p_Cache_Module__state__V                       
c285a5e4  ti_sysbios_family_c64p_primus_TimerSupport_Module__state__V         
c285a60c  _oscfg                                                              
c285a650  palette_32b                                                         
c285a670  pstrMsgName                                                         
c285a690  ti_sysbios_BIOS_Module__state__V                                    
c285a6b0  ti_sysbios_timers_timer64_Timer_Module_State_0_gctrl__A             
c285a6d0  ti_sysbios_timers_timer64_Timer_Module_State_0_handles__A           
c285a6f0  ti_sysbios_timers_timer64_Timer_Module_State_0_intFreqs__A          
c285a710  xdc_runtime_System_Module_State_0_atexitHandlers__A                 
c285a730  WeekDayStr                                                          
c285a74c  xdc_runtime_Memory_Module__state__V                                 
c285a78c  xdc_runtime_Error_Module__state__V                                  
c285a790  ti_ndk_config_Global_Id2Size                                        
c285a7b0  ti_sysbios_heaps_HeapMem_Object__table__V                           
c285a7cc  ti_sysbios_knl_Swi_Module__state__V                                 
c285a800  TaskName                                                            
c285a818  LinkStr                                                             
c285a830  ReportStr                                                           
c285a848  StatusStr                                                           
c285a8a4  ti_sysbios_timers_timer64_Timer_Module__state__V                    
c285a8b8  GatewayIP                                                           
c285a8c8  LocalIPMask                                                         
c285a8d8  SEGVal                                                              
c285a8e8  StaticIPAddr                                                        
c285a908  __TI_cleanup_ptr                                                    
c285a90c  __TI_dtors_ptr                                                      
c285a910  __TI_enable_exit_profile_output                                     
c285a918  ti_sysbios_hal_Hwi_Object__table__V                                 
c285a928  ti_sysbios_hal_Timer_Object__table__V                               
c285a938  xdc_runtime_LoggerSys_Object__table__V                              
c285a944  xdc_runtime_SysMin_Module__state__V                                 
c285a950  xdc_runtime_System_Module__state__V                                 
c285a980  NIMUDeviceTable                                                     
c285a988  ti_sysbios_family_c64p_Hwi_Module__root__V                          
c285a990  ti_sysbios_family_c64p_primus_TimerSupport_Module_State_0_suspSrc__A
c285a998  ti_sysbios_gates_GateHwi_Module__root__V                            
c285a9a0  ti_sysbios_gates_GateHwi_Object__table__V                           
c285a9a8  ti_sysbios_gates_GateMutex_Module__root__V                          
c285a9b0  ti_sysbios_hal_Hwi_Module__root__V                                  
c285a9b8  ti_sysbios_heaps_HeapMem_Module__root__V                            
c285a9c0  ti_sysbios_knl_Clock_Module__root__V                                
c285a9c8  ti_sysbios_knl_Queue_Module__root__V                                
c285a9d0  ti_sysbios_knl_Semaphore_Module__root__V                            
c285a9d8  ti_sysbios_knl_Swi_Module__root__V                                  
c285a9e0  ti_sysbios_knl_Task_Module__root__V                                 
c285a9e8  ti_sysbios_timers_timer64_Timer_Module__root__V                     
c285a9f0  xdc_runtime_LoggerSys_Module__root__V                               
c285a9f8  xdc_runtime_Registry_Module__state__V                               
c285aa00  xdc_runtime_Startup_Module__state__V                                
c285aa20  ti_sysbios_knl_Task_Module_State_0_idleTask__A                      
c285aa28  ti_sysbios_utils_Load_Module_State_0_runningTask__A                 
c285aa30  ti_sysbios_utils_Load_Module_State_0_taskStartTime__A               
c285aa38  DHCP_OPTIONS                                                        
c285b644  __TI_STATIC_BASE                                                    
c285b65c  _IGMPInDiscard                                                      
c285b660  _IGMPInQuery                                                        
c285b664  _IGMPInQueryGroup                                                   
c285b668  _IGMPInResponse                                                     
c285b66c  _IGMPOutResponse                                                    
c285b700  BootMode                                                            
c285b704  DHCPSw                                                              
c285b708  KEY4SwiHandle                                                       
c285b70c  KEY6SwiHandle                                                       
c285b710  LV_LAYOUT_FLEX                                                      
c285b714  LV_LAYOUT_GRID                                                      
c285b718  LV_STYLE_FLEX_CROSS_PLACE                                           
c285b71c  LV_STYLE_FLEX_FLOW                                                  
c285b720  LV_STYLE_FLEX_GROW                                                  
c285b724  LV_STYLE_FLEX_MAIN_PLACE                                            
c285b728  LV_STYLE_FLEX_TRACK_PLACE                                           
c285b72c  LV_STYLE_GRID_CELL_COLUMN_POS                                       
c285b730  LV_STYLE_GRID_CELL_COLUMN_SPAN                                      
c285b734  LV_STYLE_GRID_CELL_ROW_POS                                          
c285b738  LV_STYLE_GRID_CELL_ROW_SPAN                                         
c285b73c  LV_STYLE_GRID_CELL_X_ALIGN                                          
c285b740  LV_STYLE_GRID_CELL_Y_ALIGN                                          
c285b744  LV_STYLE_GRID_COLUMN_ALIGN                                          
c285b748  LV_STYLE_GRID_COLUMN_DSC_ARRAY                                      
c285b74c  LV_STYLE_GRID_ROW_ALIGN                                             
c285b750  LV_STYLE_GRID_ROW_DSC_ARRAY                                         
c285b754  UARTConsoleSemHandle                                                
c285b758  UARTConsoleTaskHandle                                               
c285b75c  _lv_grad_cache_mem                                                  
c285b760  _lv_layout_list                                                     
c285b764  _lv_theme_basic_styles                                              
c285b768  _lv_theme_default_styles                                            
c285b76c  _lv_timer_act                                                       
c285b770  indev_touchpad                                                      
c285b774  p_rx                                                                
c285b778  p_tx                                                                
c285b77c  rh                                                                  
c285b780  rx_len                                                              
c285b784  t                                                                   
c285b788  temp_label                                                          
c285b78c  time_label                                                          
c285b790  tx_len                                                              
c285b79a  NDKFlag                                                             
c285b79c  CONTENT_TYPE_APPLET                                                 
c285b7a0  CONTENT_TYPE_AU                                                     
c285b7a4  CONTENT_TYPE_CSS                                                    
c285b7a8  CONTENT_TYPE_DOC                                                    
c285b7ac  CONTENT_TYPE_GIF                                                    
c285b7b0  CONTENT_TYPE_HTML                                                   
c285b7b4  CONTENT_TYPE_JPG                                                    
c285b7b8  CONTENT_TYPE_MPEG                                                   
c285b7bc  CONTENT_TYPE_PDF                                                    
c285b7c0  CONTENT_TYPE_WAV                                                    
c285b7c4  CONTENT_TYPE_ZIP                                                    
c285b7c8  CONTENT_TYPE                                                        
c285b7cc  CONTENT_LENGTH                                                      
c285b7d0  CRLF                                                                
c285b7d4  DEFAULT_NAME                                                        
c285b7d8  HTTP_VER                                                            
c285b7dc  SPACE                                                               
c285b7f4  VerStr                                                              
c285b7f8  DHCPMode                                                            
c285b7fc  HostName                                                            
c285b800  LocalIPAddr                                                         
c285b804  DomainName                                                          
c285b808  DNSServer                                                           
c285b80c  PITCount                                                            
c285b810  PITUsed                                                             
c285b814  PITHigh                                                             
c285b850  _lv_txt_encoded_size                                                
c285b854  _lv_txt_unicode_to_encoded                                          
c285b858  _lv_txt_encoded_conv_wc                                             
c285b85c  _lv_txt_encoded_next                                                
c285b860  _lv_txt_encoded_prev                                                
c285b864  _lv_txt_encoded_get_byte_id                                         
c285b868  _lv_txt_encoded_get_char_id                                         
c285b86c  _lv_txt_get_encoded_length                                          
c285b91c  _IGMPForceVersion1                                                  
c285b934  TxChanEnable_all                                                    
c285b938  RxChanEnable_all                                                    
c285b945  CmdHistorySaveNo                                                    
c285b946  CmdHistorySaveIndex                                                 
c285b947  CmdHistoryDisplayIndex                                              
c285b948  sataRegs                                                            
c285b94c  temp                                                                
c285b988  _ICMPInErrors                                                       
c285b98c  _ICMPOutErrors                                                      
c285b990  _IPExecuting                                                        
c285b9a0  gFragQList                                                          
c285b9c0  tcp_iss                                                             
c285b9c4  ptTimeFirst                                                         
c285b9c8  pt6TimeFirst                                                        
c285b9cc  tcp6_iss                                                            
c285b9e0  spi_flag                                                            
c285b9e4  SoftPWM                                                             
c285b9e8  OSCINFreq                                                           
c285ba00  LODEPNG_VERSION_STRING                                              
c285ba20  httpErrorResponseHook                                               
c285ba34  _IPReasmPtr                                                         
c285ba40  gMLDNodeList                                                        
c285ba5a  roate                                                               
c285ba5b  SECLED                                                              
c285ba5e  LED_OP                                                              
c285ba68  IPV6_MAX_MULTICAST_SOLICIT                                          
c285ba6c  IPV6_MAX_UNICAST_SOLICIT                                            
c285ba70  IPV6_RETRANS_TIME                                                   
c285ba74  IPV6_DELAY_FIRST_PROBE_TIME                                         
c285ba78  IPV6_REACHABLE_TIME                                                 
c285ba7c  IPV6_MAX_RTR_SOLICITATION_DELAY                                     
c285ba80  IPV6_RTR_SOLICITATION_INTERVAL                                      
c285ba84  IPV6_MAX_RTR_SOLICITATIONS                                          
c285ba88  INFINITE_LT                                                         
c285ba8c  ti_ndk_config_Global_rawPageSize                                    
c285ba90  ti_ndk_config_Global_rawPageCount                                   
c285ba94  ti_ndk_config_Global_smallest                                       
c285ba98  ti_ndk_config_Global_largest                                        
c285ba9c  ti_ndk_config_Global_numFrameBuf                                    
c285baa0  ti_ndk_config_Global_sizeFrameBuf                                   
c285baa8  __CIOBUF_                                                           
c285bc00  ti_sysbios_family_c64p_Hwi0                                         
c285bc00  ti_sysbios_family_c64p_Hwi_int0                                     
c285bc20  ti_sysbios_family_c64p_Hwi_int1                                     
c285bc40  ti_sysbios_family_c64p_Hwi_int2                                     
c285bc60  ti_sysbios_family_c64p_Hwi_int3                                     
c285bc80  ti_sysbios_family_c64p_Hwi_int4                                     
c285bca0  ti_sysbios_family_c64p_Hwi_int5                                     
c285bcc0  ti_sysbios_family_c64p_Hwi_int6                                     
c285bce0  ti_sysbios_family_c64p_Hwi_int7                                     
c285bd00  ti_sysbios_family_c64p_Hwi_int8                                     
c285bd20  ti_sysbios_family_c64p_Hwi_int9                                     
c285bd40  ti_sysbios_family_c64p_Hwi_int10                                    
c285bd60  ti_sysbios_family_c64p_Hwi_int11                                    
c285bd80  ti_sysbios_family_c64p_Hwi_int12                                    
c285bda0  ti_sysbios_family_c64p_Hwi_int13                                    
c285bdc0  ti_sysbios_family_c64p_Hwi_int14                                    
c285bde0  ti_sysbios_family_c64p_Hwi_int15                                    
c285d2d4  __TI_Handler_Table_Base                                             
c285d2dc  __TI_Handler_Table_Limit                                            
c285d2e0  __TI_CINIT_Base                                                     
c285d318  __TI_CINIT_Limit                                                    
c3000000  _c_int00                                                            
ffffffff  __TI_pprof_out_hndl                                                 
ffffffff  __TI_prof_data_size                                                 
ffffffff  __TI_prof_data_start                                                
ffffffff  __binit__                                                           
ffffffff  __c_args__                                                          
ffffffff  binit                                                               
UNDEFED   __TI_INITARRAY_Base                                                 
UNDEFED   __TI_INITARRAY_Limit                                                

[3359 symbols]
