******************************************************************************
               TMS320C6x Linker PC v8.3.12                     
******************************************************************************
>> Linked Mon May  2 22:00:22 2022

OUTPUT FILE NAME:   <Board_C674x.out>
ENTRY POINT SYMBOL: "_c_int00"  address: c283dfe0


MEMORY CONFIGURATION

         name            origin    length      used     unused   attr    fill
----------------------  --------  ---------  --------  --------  ----  --------
  DSPL2RAM              00800000   00040000  00004000  0003c000  RW  
  SHRAM                 80000000   00020000  00000004  0001fffc  RW X
  DDR2                  c0000000   08000000  0284e960  057b16a0  RW X


SEGMENT ALLOCATION MAP

run origin  load origin   length   init length attrs members
----------  ----------- ---------- ----------- ----- -------
00800000    00800000    00004000   00000000    rw-
  00800000    00800000    00004000   00000000    rw- .stack
80000000    80000000    00000004   00000000    rw-
  80000000    80000000    00000004   00000000    rw- .LEDNixieVal
c0000000    c0000000    023a7c2c   00000000    rw-
  c0000000    c0000000    02000000   00000000    rw- SystemHeap
  c2000000    c2000000    003a7c2c   00000000    rw- .far
c23a7c30    c23a7c30    00383202   00383202    r--
  c23a7c30    c23a7c30    00383202   00383202    r-- .const
c272ae40    c272ae40    0011f5b8   0011f5b8    r-x
  c272ae40    c272ae40    0011f540   0011f540    r-x .text
  c284a380    c284a380    00000078   00000078    r-- .switch.1
c284a400    c284a400    00001d5a   00000000    rw-
  c284a400    c284a400    00001d5a   00000000    rw- .fardata
c284c15c    c284c15c    00000c14   00000c14    r--
  c284c15c    c284c15c    00000c14   00000c14    r-- .switch.2
c284cd70    c284cd70    000003fd   00000000    rw-
  c284cd70    c284cd70    00000137   00000000    rw- .bss
  c284cea8    c284cea8    000002c5   00000000    rw- .neardata
c284d170    c284d170    0000003c   00000000    r--
  c284d170    c284d170    0000003c   00000000    r-- .rodata
c284d1b0    c284d1b0    00000120   00000000    rw-
  c284d1b0    c284d1b0    00000120   00000000    rw- .cio
c284d400    c284d400    000016b0   000016b0    r-x
  c284d400    c284d400    00000200   00000200    r-x .vecs
  c284d600    c284d600    000014b0   000014b0    r-- .cinit


SECTION ALLOCATION MAP

 output                                  attributes/
section   page    origin      length       input sections
--------  ----  ----------  ----------   ----------------
.LEDNixieVal 
*          0    80000000    00000004     UNINITIALIZED
                  80000000    00000004     LEDNixie.obj (.LEDNixieVal)

.stack     0    00800000    00004000     UNINITIALIZED
                  00800000    00000008     boot.ae674 : boot.oe674 (.stack)
                  00800008    00003ff8     --HOLE--

.bss       0    c284cd70    00000137     UNINITIALIZED
                  c284cd70    00000018     hal_timer_bios.ae674 : lltimer.oe674 (.bss)
                  c284cd88    00000014     stk6_ppp_pppoe.ae674 : igmp.oe674 (.bss)
                  c284cd9c    0000000c     lv_anim.obj (.bss)
                  c284cda8    0000000c     lv_tileview.obj (.bss)
                  c284cdb4    00000008     lv_refr.obj (.bss)
                  c284cdbc    00000008     lv_spinner.obj (.bss)
                  c284cdc4    00000008     lv_theme_default.obj (.bss)
                  c284cdcc    00000008     netctrl.ae674 : netctrl.oe674 (.bss)
                  c284cdd4    00000008     nettool.ae674 : daemon.oe674 (.bss)
                  c284cddc    00000008     stk6_ppp_pppoe.ae674 : ip.oe674 (.bss)
                  c284cde4    00000008                          : nimupppoe.oe674 (.bss)
                  c284cdec    00000004     lv_event.obj (.bss)
                  c284cdf0    00000004     lv_group.obj (.bss)
                  c284cdf4    00000004     lv_hal_disp.obj (.bss)
                  c284cdf8    00000004     lv_indev.obj (.bss)
                  c284cdfc    00000004     lv_log.obj (.bss)
                  c284ce00    00000004     lv_mem.obj (.bss)
                  c284ce04    00000004     lv_obj_pos.obj (.bss)
                  c284ce08    00000004     lv_tabview.obj (.bss)
                  c284ce0c    00000004     lv_textarea.obj (.bss)
                  c284ce10    00000004     nettool.ae674 : ipaddr.oe674 (.bss)
                  c284ce14    00000004     stk6_ppp_pppoe.ae674 : ipv6_frag.oe674 (.bss)
                  c284ce18    00000004                          : lli6.oe674 (.bss)
                  c284ce1c    00000004                          : rtable.oe674 (.bss)
                  c284ce20    00000004     (.common:KEY4SwiHandle)
                  c284ce24    00000004     (.common:KEY6SwiHandle)
                  c284ce28    00000004     (.common:LV_LAYOUT_FLEX)
                  c284ce2c    00000004     (.common:LV_LAYOUT_GRID)
                  c284ce30    00000004     (.common:LV_STYLE_FLEX_CROSS_PLACE)
                  c284ce34    00000004     (.common:LV_STYLE_FLEX_FLOW)
                  c284ce38    00000004     (.common:LV_STYLE_FLEX_GROW)
                  c284ce3c    00000004     (.common:LV_STYLE_FLEX_MAIN_PLACE)
                  c284ce40    00000004     (.common:LV_STYLE_FLEX_TRACK_PLACE)
                  c284ce44    00000004     (.common:LV_STYLE_GRID_CELL_COLUMN_POS)
                  c284ce48    00000004     (.common:LV_STYLE_GRID_CELL_COLUMN_SPAN)
                  c284ce4c    00000004     (.common:LV_STYLE_GRID_CELL_ROW_POS)
                  c284ce50    00000004     (.common:LV_STYLE_GRID_CELL_ROW_SPAN)
                  c284ce54    00000004     (.common:LV_STYLE_GRID_CELL_X_ALIGN)
                  c284ce58    00000004     (.common:LV_STYLE_GRID_CELL_Y_ALIGN)
                  c284ce5c    00000004     (.common:LV_STYLE_GRID_COLUMN_ALIGN)
                  c284ce60    00000004     (.common:LV_STYLE_GRID_COLUMN_DSC_ARRAY)
                  c284ce64    00000004     (.common:LV_STYLE_GRID_ROW_ALIGN)
                  c284ce68    00000004     (.common:LV_STYLE_GRID_ROW_DSC_ARRAY)
                  c284ce6c    00000004     (.common:UARTConsoleSemHandle)
                  c284ce70    00000004     (.common:UARTConsoleTaskHandle)
                  c284ce74    00000004     (.common:_lv_grad_cache_mem)
                  c284ce78    00000004     (.common:_lv_layout_list)
                  c284ce7c    00000004     (.common:_lv_theme_basic_styles)
                  c284ce80    00000004     (.common:_lv_theme_default_styles)
                  c284ce84    00000004     (.common:_lv_timer_act)
                  c284ce88    00000004     (.common:indev_touchpad)
                  c284ce8c    00000004     (.common:p_rx)
                  c284ce90    00000004     (.common:p_tx)
                  c284ce94    00000004     (.common:rx_len)
                  c284ce98    00000004     (.common:time_label)
                  c284ce9c    00000004     (.common:tx_len)
                  c284cea0    00000002     lv_timer.obj (.bss)
                  c284cea2    00000002     lv_win.obj (.bss)
                  c284cea4    00000001     lv_colorwheel.obj (.bss)
                  c284cea5    00000001     lv_hal_tick.obj (.bss)
                  c284cea6    00000001     (.common:NDKFlag)

.neardata 
*          0    c284cea8    000002c5     UNINITIALIZED
                  c284cea8    00000044     nettool.ae674 : httpstr.oe674 (.neardata)
                  c284ceec    00000028     Net.obj (.neardata)
                  c284cf14    00000024     os.ae674 : mem.oe674 (.neardata)
                  c284cf38    00000020     Web.obj (.neardata)
                  c284cf58    00000020     lv_txt.obj (.neardata)
                  c284cf78    0000001c     netctrl.ae674 : netctrl.oe674 (.neardata)
                  c284cf94    00000018     console_min.ae674 : console.oe674 (.neardata)
                  c284cfac    00000018     os.ae674 : task.oe674 (.neardata)
                  c284cfc4    00000014     stk6_ppp_pppoe.ae674 : rtable.oe674 (.neardata)
                  c284cfd8    00000014     ti.drv.omapl138.ae674 : ethdriver.oe674 (.neardata)
                  c284cfec    00000010     lv_timer.obj (.neardata)
                  c284cffc    00000010     nettool.ae674 : daemon.oe674 (.neardata)
                  c284d00c    00000010     stk6_ppp_pppoe.ae674 : bind6.oe674 (.neardata)
                  c284d01c    00000010                          : igmp.oe674 (.neardata)
                  c284d02c    0000000c                          : route6.oe674 (.neardata)
                  c284d038    0000000c     ti.drv.omapl138.ae674 : csl_emac.oe674 (.neardata)
                  c284d044    00000009     lv_draw_sw_gradient.obj (.neardata)
                  c284d04d    00000003     UARTConsole.obj (.neardata)
                  c284d050    00000008     SATA.obj (.neardata)
                  c284d058    00000008     console_min.ae674 : contest.oe674 (.neardata)
                  c284d060    00000008     lv_calendar_header_dropdown.obj (.neardata)
                  c284d068    00000008     lv_draw_sw_letter.obj (.neardata)
                  c284d070    00000008     lv_indev.obj (.neardata)
                  c284d078    00000008     lv_obj.obj (.neardata)
                  c284d080    00000008     netctrl.ae674 : netsrv.oe674 (.neardata)
                  c284d088    00000008     stk6_ppp_pppoe.ae674 : exec.oe674 (.neardata)
                  c284d090    00000008                          : icmp.oe674 (.neardata)
                  c284d098    00000008                          : ip.oe674 (.neardata)
                  c284d0a0    00000008                          : ipin.oe674 (.neardata)
                  c284d0a8    00000008                          : ipv6_frag.oe674 (.neardata)
                  c284d0b0    00000008                          : lli.oe674 (.neardata)
                  c284d0b8    00000008                          : nimupppoe.oe674 (.neardata)
                  c284d0c0    00000008                          : rtc.oe674 (.neardata)
                  c284d0c8    00000008                          : tcp.oe674 (.neardata)
                  c284d0d0    00000008                          : tcp6.oe674 (.neardata)
                  c284d0d8    00000008                          : timer.oe674 (.neardata)
                  c284d0e0    00000005     lv_colorwheel.obj (.neardata)
                  c284d0e5    00000003     lv_hal_disp.obj (.neardata)
                  c284d0e8    00000004     Flash.obj (.neardata)
                  c284d0ec    00000004     LED.obj (.neardata)
                  c284d0f0    00000004     PLL.obj (.neardata)
                  c284d0f4    00000004     cgi.ae674 : cgiparsem.oe674 (.neardata)
                  c284d0f8    00000004     console_min.ae674 : conacct.oe674 (.neardata)
                  c284d0fc    00000004                       : conlli.oe674 (.neardata)
                  c284d100    00000004                       : conroute.oe674 (.neardata)
                  c284d104    00000004     hal_timer_bios.ae674 : lltimer.oe674 (.neardata)
                  c284d108    00000004     lodepng.obj (.neardata)
                  c284d10c    00000004     lv_event.obj (.neardata)
                  c284d110    00000004     lv_hal_tick.obj (.neardata)
                  c284d114    00000004     lv_log.obj (.neardata)
                  c284d118    00000004     lv_math.obj (.neardata)
                  c284d11c    00000004     lv_mem.obj (.neardata)
                  c284d120    00000004     lv_port_indev_c674x.obj (.neardata)
                  c284d124    00000004     nettool.ae674 : config.oe674 (.neardata)
                  c284d128    00000004                   : httpsend.oe674 (.neardata)
                  c284d12c    00000004                   : tftp.oe674 (.neardata)
                  c284d130    00000004                   : tftp6.oe674 (.neardata)
                  c284d134    00000004     os.ae674 : efs.oe674 (.neardata)
                  c284d138    00000004     stk6_ppp_pppoe.ae674 : bind.oe674 (.neardata)
                  c284d13c    00000004                          : ipfrag.oe674 (.neardata)
                  c284d140    00000004                          : lli6.oe674 (.neardata)
                  c284d144    00000004                          : lliin.oe674 (.neardata)
                  c284d148    00000004                          : mld.oe674 (.neardata)
                  c284d14c    00000004                          : node.oe674 (.neardata)
                  c284d150    00000004                          : pbm.oe674 (.neardata)
                  c284d154    00000004                          : sock6pcb.oe674 (.neardata)
                  c284d158    00000004                          : sockpcb.oe674 (.neardata)
                  c284d15c    00000004     ti.drv.omapl138.ae674 : csl_mdio.oe674 (.neardata)
                  c284d160    00000002     lv_style.obj (.neardata)
                  c284d162    00000001     RTC.obj (.neardata)
                  c284d163    00000001     Timer.obj (.neardata)
                  c284d164    00000002     nettool.ae674 : dnscomn.oe674 (.neardata)
                  c284d166    00000001     lv_obj_pos.obj (.neardata)
                  c284d167    00000001     lv_obj_style.obj (.neardata)
                  c284d168    00000001     lv_theme_default.obj (.neardata)
                  c284d169    00000003     --HOLE--
                  c284d16c    00000001     nettool.ae674 : dnsclnt.oe674 (.neardata)

.rodata    0    c284d170    0000003c     UNINITIALIZED
                  c284d170    00000024     stk6_ppp_pppoe.ae674 : ipv6.oe674 (.rodata)
                  c284d194    00000010     os.ae674 : mem_data.oe674 (.rodata)
                  c284d1a4    00000008     stk6_ppp_pppoe.ae674 : pbm_data.oe674 (.rodata)

.cinit     0    c284d600    000014b0     
                  c284d600    000012ba     (.cinit..fardata.load) [load image, compression = rle]
                  c284e8ba    0000013a     (.cinit..neardata.load) [load image, compression = rle]
                  c284e9f4    00000040     (.cinit..rodata.load) [load image, compression = rle]
                  c284ea34    00000016     (.cinit.SystemHeap.load) [load image, compression = rle]
                  c284ea4a    0000000d     (.cinit..far.load) [load image, compression = rle]
                  c284ea57    0000000b     (.cinit..bss.load) [load image, compression = rle]
                  c284ea62    00000009     (.cinit..LEDNixieVal.load) [load image, compression = rle]
                  c284ea6b    00000001     --HOLE-- [fill = 0]
                  c284ea6c    00000008     (__TI_handler_table)
                  c284ea74    00000004     --HOLE-- [fill = 0]
                  c284ea78    00000038     (__TI_cinit_table)

.init_array 
*          0    c0000000    00000000     UNINITIALIZED

SystemHeap 
*          0    c0000000    02000000     UNINITIALIZED
                  c0000000    02000000     Local_pe674.oe674 (SystemHeap)

.vecs      0    c284d400    00000200     
                  c284d400    00000200     Local_pe674.oe674 (.vecs)

xdc.meta   0    c0000000    000000f8     COPY SECTION
                  c0000000    000000f8     Local_pe674.oe674 (xdc.meta)

.far       0    c2000000    003a7c2c     UNINITIALIZED
                  c2000000    00100000     lv_mem.obj (.far:work_mem_int$1)
                  c2100000    000bb824     (.common:g_pucBuffer)
                  c21bb824    00000004     (.common:swCtrlFeatures)
                  c21bb828    000bb800     lv_port_disp_c674x.obj (.far:buf_1$2)
                  c2277028    000bb800     lv_port_disp_c674x.obj (.far:buf_2$3)
                  c2332828    0000004c     lv_port_disp_c674x.obj (.far:disp_drv$4)
                  c2332874    0000000c     (.common:_lv_anim_ll)
                  c2332880    00052b00     stk6_ppp_pppoe.ae674 : pbm_data.oe674 (.far:NDK_PACKETMEM)
                  c2385380    00010000     (.common:buff)
                  c2395380    0000c1c0     os.ae674 : mem_data.oe674 (.far:NDK_MMBUFFER)
                  c23a1540    00002800     Local_pe674.oe674 (.far:taskStackSection)
                  c23a3d40    00001618     ti.drv.omapl138.ae674 : ethdriver.oe674 (.far)
                  c23a5358    00000800     (.common:CmdHistory)
                  c23a5b58    00000660     nettool.ae674 : daemon.oe674 (.far)
                  c23a61b8    00000474     ti.drv.omapl138.ae674 : csl_emac.oe674 (.far)
                  c23a662c    00000004     stk6_ppp_pppoe.ae674 : rawethsock_pcb.oe674 (.far)
                  c23a6630    00000400     (.common:xdc_runtime_SysMin_Module_State_0_outbuf__A)
                  c23a6a30    00000140     (.common:__TI_tmpnams)
                  c23a6b70    00000110                          : igmp.oe674 (.far)
                  c23a6c80    00000104     (.common:rx_data)
                  c23a6d84    00000002     lv_theme_default.obj (.far:color_card)
                  c23a6d86    00000002     lv_theme_default.obj (.far:color_grey)
                  c23a6d88    00000104     (.common:tx_data)
                  c23a6e8c    00000002     lv_theme_default.obj (.far:color_scr)
                  c23a6e8e    00000002     lv_theme_default.obj (.far:color_text)
                  c23a6e90    00000104     (.common:vrf_data)
                  c23a6f94    00000004     --HOLE--
                  c23a6f98    00000100     lv_draw_sw_letter.obj (.far:opa_table$1)
                  c23a7098    000000d8     netctrl.ae674 : netsrv.oe674 (.far)
                  c23a7170    000000c8     stk6_ppp_pppoe.ae674 : ipv6.oe674 (.far)
                  c23a7238    000000c4                          : tcp.oe674 (.far)
                  c23a72fc    000000b8                          : tcp6in.oe674 (.far)
                  c23a73b4    00000004     --HOLE--
                  c23a73b8    00000040     (.common:g_cCmdBuf)
                  c23a73f8    00000008     (.common:MacAddr)
                  c23a7400    000000a0     (.common:RcvFis)
                  c23a74a0    0000009c                          : icmp.oe674 (.far)
                  c23a753c    00000004     --HOLE--
                  c23a7540    00000080     (.common:_lv_draw_mask_list)
                  c23a75c0    00000080     (.common:lv_mem_buf)
                  c23a7640    00000080     UARTConsole.obj (.far:UARTWriteBuffer)
                  c23a76c0    0000007c     os.ae674 : mem.oe674 (.far)
                  c23a773c    00000004     --HOLE--
                  c23a7740    00000070     (.common:_lv_circle_cache)
                  c23a77b0    00000068     stk6_ppp_pppoe.ae674 : ip.oe674 (.far)
                  c23a7818    00000064                          : nimu.oe674 (.far)
                  c23a787c    00000030     (.common:pllcfg)
                  c23a78ac    00000030                          : udp.oe674 (.far)
                  c23a78dc    0000002c     (.common:_lv_img_cache_single)
                  c23a7908    0000002a     (.common:TouchInfo)
                  c23a7932    00000002     --HOLE--
                  c23a7934    00000028                          : vlan.oe674 (.far)
                  c23a795c    00000024     (.common:RTCTime)
                  c23a7980    00000024     cmdline.obj (.far:argv$1)
                  c23a79a4    00000024     stk6_ppp_pppoe.ae674 : udp6.oe674 (.far)
                  c23a79c8    00000024     lv_theme_default.obj (.far:theme)
                  c23a79ec    00000004     --HOLE--
                  c23a79f0    00000020     console_min.ae674 : console.oe674 (.far)
                  c23a7a10    00000020     lv_port_indev_c674x.obj (.far:indev_drv$1)
                  c23a7a30    0000001c     lv_port_disp_c674x.obj (.far:draw_buf_dsc$1)
                  c23a7a4c    00000004     --HOLE--
                  c23a7a50    0000001a     rts6740_elf.lib : asctime.c.obj (.far:time_buf)
                  c23a7a6a    00000002     --HOLE--
                  c23a7a6c    00000018     netctrl.ae674 : netctrl.oe674 (.far)
                  c23a7a84    00000018     lv_refr.obj (.far:perf_monitor)
                  c23a7a9c    00000018     stk6_ppp_pppoe.ae674 : icmpv6.oe674 (.far)
                  c23a7ab4    00000018     ti.drv.omapl138.ae674 : csl_mdio.oe674 (.far)
                  c23a7acc    00000004     --HOLE--
                  c23a7ad0    00000014     stk6_ppp_pppoe.ae674 : rtc.oe674 (.far)
                  c23a7ae4    00000014     lv_theme_default.obj (.far:trans_delayed$2)
                  c23a7af8    00000014     lv_theme_default.obj (.far:trans_normal$3)
                  c23a7b0c    00000004     --HOLE--
                  c23a7b10    00000010     (.common:IPAddress)
                  c23a7b20    00000010     stk6_ppp_pppoe.ae674 : raw.oe674 (.far)
                  c23a7b30    00000010                          : raw6.oe674 (.far)
                  c23a7b40    00000010                          : raweth.oe674 (.far)
                  c23a7b50    0000000c     (.common:_lv_disp_ll)
                  c23a7b5c    0000000c     (.common:_lv_fsdrv_ll)
                  c23a7b68    0000000c     (.common:_lv_group_ll)
                  c23a7b74    0000000c     (.common:_lv_img_decoder_ll)
                  c23a7b80    0000000c     (.common:_lv_indev_ll)
                  c23a7b8c    0000000c     (.common:_lv_obj_style_trans_ll)
                  c23a7b98    0000000c     (.common:_lv_timer_ll)
                  c23a7ba4    00000004     --HOLE--
                  c23a7ba8    0000000c     (.common:ti_sysbios_knl_Task_Instance_State_0_hookEnv__A)
                  c23a7bb4    00000004     --HOLE--
                  c23a7bb8    0000000c     (.common:ti_sysbios_knl_Task_Instance_State_1_hookEnv__A)
                  c23a7bc4    0000000c                          : pbm.oe674 (.far)
                  c23a7bd0    0000000a     (.common:I2CData)
                  c23a7bda    00000006     --HOLE--
                  c23a7be0    00000008     (.common:parmbuf)
                  c23a7be8    00000008     SourceHanSansCN_Normal_16.obj (.far:cache)
                  c23a7bf0    00000008     lv_theme_default.obj (.far:dark_filter$4)
                  c23a7bf8    00000008     lv_theme_default.obj (.far:grey_filter$5)
                  c23a7c00    00000004     (.common:ti_sysbios_family_c64p_Hwi_Instance_State_0_hookEnv__A)
                  c23a7c04    00000004     --HOLE--
                  c23a7c08    00000004     (.common:ti_sysbios_family_c64p_Hwi_Instance_State_1_hookEnv__A)
                  c23a7c0c    00000004     --HOLE--
                  c23a7c10    00000004     (.common:ti_sysbios_family_c64p_Hwi_Instance_State_2_hookEnv__A)
                  c23a7c14    00000004     --HOLE--
                  c23a7c18    00000004     (.common:ti_sysbios_family_c64p_Hwi_Instance_State_3_hookEnv__A)
                  c23a7c1c    00000004     --HOLE--
                  c23a7c20    00000004     (.common:ti_sysbios_family_c64p_Hwi_Instance_State_4_hookEnv__A)
                  c23a7c24    00000004     --HOLE--
                  c23a7c28    00000004     (.common:ti_sysbios_knl_Swi_Instance_State_0_hookEnv__A)

.const     0    c23a7c30    00383202     
                  c23a7c30    0025fc66     SourceHanSansCN_Normal_16.obj (.const:.string:glyph_bitmap)
                  c2607896    00000002     Local_pe674.oe674 (.const:ti_sysbios_BIOS_Module__id__C)
                  c2607898    000bb800     img_bg.obj (.const:.string:img_bg_map)
                  c26c3098    00052060     SourceHanSansCN_Normal_16.obj (.const:glyph_dsc)
                  c27150f8    00003b8d     console_min.ae674 : conipv6.oe674 (.const:.string)
                  c2718c85    00001aa6                       : contest.oe674 (.const:.string)
                  c271a72b    00000001     --HOLE-- [fill = 0]
                  c271a72c    00000004     lv_obj_scroll.obj (.const:$P$T0$1)
                  c271a730    00001709     Local_pe674.oe674 (.const:xdc_runtime_Text_charTab__A)
                  c271be39    00000001     --HOLE-- [fill = 0]
                  c271be3a    00000002     Local_pe674.oe674 (.const:ti_sysbios_family_c64p_EventCombiner_Module__id__C)
                  c271be3c    00001314     lodepng.obj (.const:.string)
                  c271d150    00000da0     SourceHanSansCN_Normal_16.obj (.const:kern_pair_glyph_ids)
                  c271def0    00000cca     console_min.ae674 : constat.oe674 (.const:.string)
                  c271ebba    00000002     Local_pe674.oe674 (.const:ti_sysbios_family_c64p_Exception_Module__id__C)
                  c271ebbc    0000092c     lv_tlsf.obj (.const:.string)
                  c271f4e8    00000893     console_min.ae674 : conipaddr.oe674 (.const:.string)
                  c271fd7b    00000001     --HOLE-- [fill = 0]
                  c271fd7c    00000004     lv_obj_scroll.obj (.const:$P$T1$2)
                  c271fd80    000006ac     LEDNixie.obj (.const:.string:PRU_Code)
                  c272042c    00000004     lv_obj_pos.obj (.const:$P$T10$4)
                  c2720430    0000067c     SourceHanSansCN_Normal_16.obj (.const:cmaps)
                  c2720aac    00000603     console_min.ae674 : console.oe674 (.const:.string)
                  c27210af    00000001     --HOLE-- [fill = 0]
                  c27210b0    00000588     sysbios.ae674 : BIOS.obj (.const:.string)
                  c2721638    000004b6     console_min.ae674 : convlan.oe674 (.const:.string)
                  c2721aee    00000412                       : conecho.oe674 (.const:.string)
                  c2721f00    00000400     tjpgd.obj (.const:.string:Clip8)
                  c2722300    000003d8     Web.obj (.const:.string)
                  c27226d8    000003c8     Command.obj (.const:.string)
                  c2722aa0    000003b2     console_min.ae674 : condns.oe674 (.const:.string)
                  c2722e52    00000002     Local_pe674.oe674 (.const:ti_sysbios_family_c64p_Exception_useInternalBuffer__C)
                  c2722e54    00000368     Exception.obj (.const:.string)
                  c27231bc    00000004     lv_draw_sw_gradient.obj (.const:$P$T2$4)
                  c27231c0    00000368     SourceHanSansCN_Normal_16.obj (.const:.string:kern_pair_values)
                  c2723528    00000350     nettool.ae674 : httpsend.oe674 (.const:.string)
                  c2723878    0000032c     console_min.ae674 : conlli.oe674 (.const:.string)
                  c2723ba4    000002dc                       : conroute.oe674 (.const:.string)
                  c2723e80    000002cc                       : conping.oe674 (.const:.string)
                  c272414c    0000028c     lv_calendar_header_dropdown.obj (.const:.string)
                  c27243d8    0000027d     console_min.ae674 : conacct.oe674 (.const:.string)
                  c2724655    0000025d     nettool.ae674 : dnscomn.oe674 (.const:.string)
                  c27248b2    00000002     Local_pe674.oe674 (.const:ti_sysbios_family_c64p_Hwi_Module__id__C)
                  c27248b4    00000244     Net.obj (.const:.string)
                  c2724af8    0000021a     os.ae674 : task.oe674 (.const:.string)
                  c2724d12    00000205     console_min.ae674 : consock.oe674 (.const:.string)
                  c2724f17    000001e2     stk6_ppp_pppoe.ae674 : bind6.oe674 (.const:.string)
                  c27250f9    00000001     --HOLE-- [fill = 0]
                  c27250fa    00000002     Local_pe674.oe674 (.const:ti_sysbios_family_c64p_Hwi_Module__loggerDefined__C)
                  c27250fc    000001a8     DDR2.obj (.const:.string)
                  c27252a4    0000018c     console_min.ae674 : contftp.oe674 (.const:.string)
                  c2725430    00000184     lv_mem.obj (.const:.string)
                  c27255b4    0000015c     stk6_ppp_pppoe.ae674 : route6.oe674 (.const:.string)
                  c2725710    00000159                          : nimuppp.oe674 (.const:.string)
                  c2725869    0000014f     os.ae674 : mem.oe674 (.const:.string)
                  c27259b8    00000144     ti.drv.omapl138.ae674 : ethdriver.oe674 (.const:.string)
                  c2725afc    00000110     Flash.obj (.const:.string)
                  c2725c0c    00000107     stk6_ppp_pppoe.ae674 : vlan.oe674 (.const:.string)
                  c2725d13    00000001     --HOLE-- [fill = 0]
                  c2725d14    00000004     lv_obj_pos.obj (.const:$P$T9$3)
                  c2725d18    00000101     rts6740_elf.lib : ctype.c.obj (.const:.string:_ctypes_)
                  c2725e19    00000006     nettool.ae674 : tftp.oe674 (.const:.string)
                  c2725e1f    00000001     --HOLE-- [fill = 0]
                  c2725e20    00000100     lv_draw_sw_letter.obj (.const:.string:_lv_bpp8_opa_table)
                  c2725f20    000000fd     stk6_ppp_pppoe.ae674 : icmpv6out.oe674 (.const:.string)
                  c272601d    000000f2                          : icmpv6_ndisc.oe674 (.const:.string)
                  c272610f    00000001     --HOLE-- [fill = 0]
                  c2726110    000000f0     EEPROM.obj (.const:.string)
                  c2726200    000000f0     Local_pe674.oe674 (.const:xdc_runtime_Text_nodeTab__A)
                  c27262f0    000000ec     lv_chart.obj (.const:.string)
                  c27263dc    000000ec     lv_table.obj (.const:.string)
                  c27264c8    000000ec     lv_textarea.obj (.const:.string)
                  c27265b4    000000e8     lv_img_decoder.obj (.const:.string)
                  c272669c    000000e8     lv_keyboard.obj (.const:.string)
                  c2726784    000000e4     lv_draw_mask.obj (.const:.string)
                  c2726868    000000dc     lv_hal_disp.obj (.const:.string)
                  c2726944    000000d8     EMAC.obj (.const:.string)
                  c2726a1c    000000d8     stk6_ppp_pppoe.ae674 : node.oe674 (.const:.string)
                  c2726af4    000000d7     nettool.ae674 : httpstr.oe674 (.const:.string)
                  c2726bcb    00000001     --HOLE-- [fill = 0]
                  c2726bcc    000000d4     ti.drv.omapl138.ae674 : nimu_eth.oe674 (.const:.string)
                  c2726ca0    000000d0     lv_label.obj (.const:.string)
                  c2726d70    000000cf     stk6_ppp_pppoe.ae674 : rtc.oe674 (.const:.string)
                  c2726e3f    00000001     --HOLE-- [fill = 0]
                  c2726e40    000000cc     lv_obj.obj (.const:.string)
                  c2726f0c    000000c8     lv_dropdown.obj (.const:.string)
                  c2726fd4    000000bf     stk6_ppp_pppoe.ae674 : lliout.oe674 (.const:.string)
                  c2727093    00000001     --HOLE-- [fill = 0]
                  c2727094    00000004     SysMinProvide.obj (.const:.string)
                  c2727098    000000be     lv_color.obj (.const:colors$2)
                  c2727156    000000bc     servers_min.ae674 : newservers.oe674 (.const:.string)
                  c2727212    00000006     nettool.ae674 : tftp6.oe674 (.const:.string)
                  c2727218    000000b6     lv_math.obj (.const:sin0_90_table)
                  c27272ce    000000b1     nettool.ae674 : dnsclnt.oe674 (.const:.string)
                  c272737f    00000001     --HOLE-- [fill = 0]
                  c2727380    000000b0     lv_hal_indev.obj (.const:.string)
                  c2727430    000000b0     lv_keyboard.obj (.const:default_kb_map_lc)
                  c27274e0    000000b0     lv_keyboard.obj (.const:default_kb_map_spec)
                  c2727590    000000b0     lv_keyboard.obj (.const:default_kb_map_uc)
                  c2727640    000000a9     stk6_ppp_pppoe.ae674 : lli6.oe674 (.const:.string)
                  c27276e9    000000a7     nettool.ae674 : ipaddr.oe674 (.const:.string)
                  c2727790    000000a7     stk6_ppp_pppoe.ae674 : nimu.oe674 (.const:.string)
                  c2727837    000000a2                          : nimupppoe.oe674 (.const:.string)
                  c27278d9    00000001     --HOLE-- [fill = 0]
                  c27278da    00000002     Local_pe674.oe674 (.const:ti_sysbios_gates_GateMutex_Module__id__C)
                  c27278dc    000000a0     lv_btnmatrix.obj (.const:.string)
                  c272797c    00000098     lv_refr.obj (.const:.string)
                  c2727a14    00000004     lv_draw_label.obj (.const:.string)
                  c2727a18    00000098     lv_color.obj (.const:colors$3)
                  c2727ab0    00000094     Touch.obj (.const:.string)
                  c2727b44    00000091     stk6_ppp_pppoe.ae674 : tcp6time.oe674 (.const:.string)
                  c2727bd5    00000001     --HOLE-- [fill = 0]
                  c2727bd6    00000002     Local_pe674.oe674 (.const:ti_sysbios_hal_Hwi_Module__id__C)
                  c2727bd8    00000090     lv_calendar.obj (.const:.string)
                  c2727c68    0000008d     stk6_ppp_pppoe.ae674 : tcptime.oe674 (.const:.string)
                  c2727cf5    00000001     --HOLE-- [fill = 0]
                  c2727cf6    00000002     Local_pe674.oe674 (.const:ti_sysbios_heaps_HeapMem_Module__id__C)
                  c2727cf8    0000008c     lv_fs.obj (.const:.string)
                  c2727d84    0000008c     lv_roller.obj (.const:.string)
                  c2727e10    00000084     lv_bmp.obj (.const:.string)
                  c2727e94    00000080     LVGLTask.obj (.const:.string)
                  c2727f14    00000080     lv_draw_sw_gradient.obj (.const:.string)
                  c2727f94    00000080     lv_style.obj (.const:.string)
                  c2728014    00000004     lv_menu.obj (.const:.string)
                  c2728018    00000080     tjpgd.obj (.const:Ipsf)
                  c2728098    00000080     rts6740_elf.lib : strtod.c.obj (.const:digits)
                  c2728118    0000007c     UARTConsole.obj (.const:.string)
                  c2728194    00000078     lv_meter.obj (.const:.string)
                  c272820c    00000078     main.obj (.const:.string)
                  c2728284    00000004     lv_png.obj (.const:.string)
                  c2728288    00000078     lodepng.obj (.const:DISTANCEBASE)
                  c2728300    00000078     lodepng.obj (.const:DISTANCEEXTRA)
                  c2728378    00000077     stk6_ppp_pppoe.ae674 : sock6.oe674 (.const:.string)
                  c27283ef    00000076                          : mld.oe674 (.const:.string)
                  c2728465    00000001     --HOLE-- [fill = 0]
                  c2728466    00000002     Local_pe674.oe674 (.const:ti_sysbios_knl_Clock_Module__id__C)
                  c2728468    00000074     lv_font.obj (.const:.string)
                  c27284dc    00000004     lv_spinbox.obj (.const:.string)
                  c27284e0    00000074     lodepng.obj (.const:LENGTHBASE)
                  c2728554    00000004     lv_tabview.obj (.const:.string)
                  c2728558    00000074     lodepng.obj (.const:LENGTHEXTRA)
                  c27285cc    00000070     lv_obj_style.obj (.const:.string)
                  c272863c    0000006c     lv_event.obj (.const:.string)
                  c27286a8    0000006c     rts6740_elf.lib : asctime.c.obj (.const:.string)
                  c2728714    00000068     lv_flex.obj (.const:.string)
                  c272877c    00000068     lv_group.obj (.const:.string)
                  c27287e4    00000064     lv_calendar_header_arrow.obj (.const:.string)
                  c2728848    00000064     lv_obj_pos.obj (.const:.string)
                  c27288ac    00000064     Local_pe674.oe674 (.const:ti_sysbios_timers_timer64_Timer_Object__PARAMS__C)
                  c2728910    00000060     lv_txt.obj (.const:.string)
                  c2728970    00000060     stk6_ppp_pppoe.ae674 : sb.oe674 (.const:.string)
                  c27289d0    0000005c     lv_anim.obj (.const:.string)
                  c2728a2c    0000005c     lv_img.obj (.const:.string)
                  c2728a88    0000005c     lv_timer.obj (.const:.string)
                  c2728ae4    00000058     ti.targets.rts6000.ae674 : Error.oe674 (.const:.string)
                  c2728b3c    00000056     os.ae674 : semaphore.oe674 (.const:.string)
                  c2728b92    00000006     stk6_ppp_pppoe.ae674 : auth.oe674 (.const:.string)
                  c2728b98    00000054                          : sockprot.oe674 (.const:Code2Err)
                  c2728bec    00000004     lv_theme_default.obj (.const:.string)
                  c2728bf0    00000054     lv_keyboard.obj (.const:default_kb_map_num)
                  c2728c44    00000051     nettool.ae674 : dhcpmain.oe674 (.const:.string)
                  c2728c95    00000050     stk6_ppp_pppoe.ae674 : bind.oe674 (.const:.string)
                  c2728ce5    00000001     --HOLE-- [fill = 0]
                  c2728ce6    00000002     Local_pe674.oe674 (.const:ti_sysbios_knl_Clock_Module__loggerDefined__C)
                  c2728ce8    00000050     lv_keyboard.obj (.const:default_kb_ctrl_lc_map)
                  c2728d38    00000050     lv_keyboard.obj (.const:default_kb_ctrl_spec_map)
                  c2728d88    00000050     lv_keyboard.obj (.const:default_kb_ctrl_uc_map)
                  c2728dd8    0000004e     stk6_ppp_pppoe.ae674 : rtable.oe674 (.const:.string)
                  c2728e26    00000002     Local_pe674.oe674 (.const:ti_sysbios_knl_Semaphore_Module__id__C)
                  c2728e28    0000004c     lv_log.obj (.const:.string)
                  c2728e74    00000004     nettool.ae674 : telnetd.oe674 (.const:.string)
                  c2728e78    0000004c     lodepng.obj (.const:CLCL_ORDER)
                  c2728ec4    00000048     Local_pe674.oe674 (.const:.string)
                  c2728f0c    00000048     ti.targets.rts6000.ae674 : Log.oe674 (.const:.string)
                  c2728f54    00000004                              : Assert.oe674 (.const:.string)
                  c2728f58    00000048     rts6740_elf.lib : strtod.c.obj (.const:powerof10)
                  c2728fa0    00000048     Local_pe674.oe674 (.const:ti_sysbios_knl_Task_hooks__A)
                  c2728fe8    00000044     netctrl.ae674 : netctrl.oe674 (.const:.string)
                  c272902c    00000041     nettool.ae674 : httpclie.oe674 (.const:.string)
                  c272906d    00000041     stk6_ppp_pppoe.ae674 : sb6.oe674 (.const:.string)
                  c27290ae    00000002     Local_pe674.oe674 (.const:ti_sysbios_knl_Semaphore_Module__loggerDefined__C)
                  c27290b0    00000040     tjpgd.obj (.const:.string:Zig)
                  c27290f0    00000040     lv_draw_sw_dither.obj (.const:.string:dither_ordered_threshold_matrix)
                  c2729130    00000040     ti.targets.rts6000.ae674 : Text.oe674 (.const:.string)
                  c2729170    0000003e     stk6_ppp_pppoe.ae674 : ipv6.oe674 (.const:.string)
                  c27291ae    0000003c                          : ipv6_exthdrs.oe674 (.const:.string)
                  c27291ea    00000002     Local_pe674.oe674 (.const:ti_sysbios_knl_Swi_Module__id__C)
                  c27291ec    0000003c     Local_pe674.oe674 (.const:ti_sysbios_knl_Task_Object__PARAMS__C)
                  c2729228    00000038     SATATest.obj (.const:.string)
                  c2729260    00000038     stk6_ppp_pppoe.ae674 : icmpv6in.oe674 (.const:.string)
                  c2729298    00000038                          : sock.oe674 (.const:.string)
                  c27292d0    00000034     cgi.ae674 : cgiparsem.oe674 (.const:.string)
                  c2729304    00000034     Local_pe674.oe674 (.const:xdc_runtime_LoggerSys_Module__FXNS__C)
                  c2729338    00000034     Local_pe674.oe674 (.const:xdc_runtime_Startup_sfxnTab__A)
                  c272936c    00000031     stk6_ppp_pppoe.ae674 : pbm.oe674 (.const:.string)
                  c272939d    00000001     --HOLE-- [fill = 0]
                  c272939e    00000002     Local_pe674.oe674 (.const:ti_sysbios_knl_Swi_Module__loggerDefined__C)
                  c27293a0    00000030     rts6740_elf.lib : asctime.c.obj (.const:mon)
                  c27293d0    00000030     Local_pe674.oe674 (.const:ti_sysbios_family_c64p_Hwi_Object__PARAMS__C)
                  c2729400    0000002c     ti.drv.omapl138.ae674 : csl_mdio.oe674 (.const:.string)
                  c272942c    0000002c     ti.targets.rts6000.ae674 : Startup.oe674 (.const:.string)
                  c2729458    0000002c     Local_pe674.oe674 (.const:ti_sysbios_hal_Hwi_Object__PARAMS__C)
                  c2729484    00000004     Local_pe674.oe674 (.const:ti_sysbios_BIOS_Module__diagsEnabled__C)
                  c2729488    0000002c     lv_theme_default.obj (.const:trans_props$1)
                  c27294b4    00000028     Local_pe674.oe674 (.const:ti_sysbios_heaps_HeapMem_Module__FXNS__C)
                  c27294dc    00000028     Local_pe674.oe674 (.const:ti_sysbios_knl_Swi_Object__PARAMS__C)
                  c2729504    00000004     Local_pe674.oe674 (.const:ti_sysbios_BIOS_Module__diagsIncluded__C)
                  c2729508    00000026     lv_event.obj (.const:.string:$P$T2$4)
                  c272952e    00000002     Local_pe674.oe674 (.const:ti_sysbios_knl_Task_Module__id__C)
                  c2729530    00000026     lv_color.obj (.const:colors$1)
                  c2729556    00000002     Local_pe674.oe674 (.const:ti_sysbios_knl_Task_Module__loggerDefined__C)
                  c2729558    00000024     rts6740_elf.lib : _printfi.c.obj (.const:.string)
                  c272957c    00000024     Local_pe674.oe674 (.const:ti_sysbios_gates_GateHwi_Module__FXNS__C)
                  c27295a0    00000024     Local_pe674.oe674 (.const:ti_sysbios_gates_GateMutex_Module__FXNS__C)
                  c27295c4    00000024     Local_pe674.oe674 (.const:ti_sysbios_heaps_HeapMem_Object__PARAMS__C)
                  c27295e8    00000024     Local_pe674.oe674 (.const:ti_sysbios_knl_Clock_Object__PARAMS__C)
                  c272960c    00000024     Local_pe674.oe674 (.const:ti_sysbios_knl_Semaphore_Object__PARAMS__C)
                  c2729630    00000022     lv_calendar.obj (.const:.string:$P$T0$1)
                  c2729652    00000002     Local_pe674.oe674 (.const:ti_sysbios_knl_Task_initStackFlag__C)
                  c2729654    00000004     Local_pe674.oe674 (.const:ti_sysbios_BIOS_Module__diagsMask__C)
                  c2729658    00000022     lv_keyboard.obj (.const:default_kb_ctrl_num_map)
                  c272967a    00000002     Local_pe674.oe674 (.const:ti_sysbios_timers_timer64_Timer_Module__id__C)
                  c272967c    00000004     Local_pe674.oe674 (.const:ti_sysbios_BIOS_installedErrorHook__C)
                  c2729680    00000021     lv_textarea.obj (.const:.string:$P$T5$6)
                  c27296a1    00000001     --HOLE-- [fill = 0]
                  c27296a2    00000002     Local_pe674.oe674 (.const:ti_sysbios_timers_timer64_Timer_startupNeeded__C)
                  c27296a4    00000004     Local_pe674.oe674 (.const:ti_sysbios_family_c62_TaskSupport_stackAlignment__C)
                  c27296a8    00000021     lv_draw_sw_line.obj (.const:.string:wcorr$1)
                  c27296c9    00000001     --HOLE-- [fill = 0]
                  c27296ca    00000002     Local_pe674.oe674 (.const:ti_sysbios_utils_Load_Module__id__C)
                  c27296cc    00000004     Local_pe674.oe674 (.const:ti_sysbios_family_c64p_Cache_EMIFA_BASE__C)
                  c27296d0    00000020     lv_btnmatrix.obj (.const:.string:$P$T0$1)
                  c27296f0    00000020     lv_obj_style.obj (.const:.string:$P$T2$1)
                  c2729710    00000020     Local_pe674.oe674 (.const:ti_sysbios_family_c64p_Hwi_Object__DESC__C)
                  c2729730    00000020     Local_pe674.oe674 (.const:ti_sysbios_gates_GateHwi_Object__DESC__C)
                  c2729750    00000020     Local_pe674.oe674 (.const:ti_sysbios_gates_GateMutex_Object__DESC__C)
                  c2729770    00000020     Local_pe674.oe674 (.const:ti_sysbios_hal_Hwi_Object__DESC__C)
                  c2729790    00000020     Local_pe674.oe674 (.const:ti_sysbios_heaps_HeapMem_Object__DESC__C)
                  c27297b0    00000020     Local_pe674.oe674 (.const:ti_sysbios_knl_Clock_Object__DESC__C)
                  c27297d0    00000020     Local_pe674.oe674 (.const:ti_sysbios_knl_Queue_Object__DESC__C)
                  c27297f0    00000020     Local_pe674.oe674 (.const:ti_sysbios_knl_Semaphore_Object__DESC__C)
                  c2729810    00000020     Local_pe674.oe674 (.const:ti_sysbios_knl_Swi_Object__DESC__C)
                  c2729830    00000020     Local_pe674.oe674 (.const:ti_sysbios_knl_Task_Object__DESC__C)
                  c2729850    00000020     Local_pe674.oe674 (.const:ti_sysbios_timers_timer64_Timer_Object__DESC__C)
                  c2729870    00000020     Local_pe674.oe674 (.const:xdc_runtime_LoggerSys_Object__DESC__C)
                  c2729890    0000001f     lv_dropdown.obj (.const:.string:$P$T1$2)
                  c27298af    00000001     --HOLE-- [fill = 0]
                  c27298b0    0000001e     lv_textarea.obj (.const:.string:$P$T6$7)
                  c27298ce    0000001e     nettool.ae674 : daemon.oe674 (.const:.string)
                  c27298ec    00000004     Local_pe674.oe674 (.const:ti_sysbios_family_c64p_Cache_EMIFA_CFG__C)
                  c27298f0    0000001d     lv_chart.obj (.const:.string:$P$T2$3)
                  c272990d    00000001     --HOLE-- [fill = 0]
                  c272990e    00000002     Local_pe674.oe674 (.const:ti_sysbios_utils_Load_Module__loggerDefined__C)
                  c2729910    0000001d     lv_img_decoder.obj (.const:.string:$P$T4$4)
                  c272992d    0000001d     stk6_ppp_pppoe.ae674 : lli.oe674 (.const:.string)
                  c272994a    00000002     Local_pe674.oe674 (.const:ti_sysbios_utils_Load_autoAddTasks__C)
                  c272994c    0000001c     lv_draw_sw_rect.obj (.const:$P$T0$1)
                  c2729968    0000001c     lv_table.obj (.const:.string:$P$T1$2)
                  c2729984    00000004     Local_pe674.oe674 (.const:ti_sysbios_family_c64p_Cache_EMIFA_LENGTH__C)
                  c2729988    0000001c     lodepng.obj (.const:ADAM7_DX)
                  c27299a4    00000004     Local_pe674.oe674 (.const:ti_sysbios_family_c64p_Cache_EMIFB_BASE__C)
                  c27299a8    0000001c     lodepng.obj (.const:ADAM7_DY)
                  c27299c4    00000004     Local_pe674.oe674 (.const:ti_sysbios_family_c64p_Cache_EMIFB_CFG__C)
                  c27299c8    0000001c     lodepng.obj (.const:ADAM7_IX)
                  c27299e4    00000004     Local_pe674.oe674 (.const:ti_sysbios_family_c64p_Cache_EMIFB_LENGTH__C)
                  c27299e8    0000001c     lodepng.obj (.const:ADAM7_IY)
                  c2729a04    0000001c     SourceHanSansCN_Normal_16.obj (.const:SourceHanSansCN_Normal_16)
                  c2729a20    0000001c     rts6740_elf.lib : asctime.c.obj (.const:day)
                  c2729a3c    0000001c     lv_arc.obj (.const:lv_arc_class)
                  c2729a58    0000001c     lv_bar.obj (.const:lv_bar_class)
                  c2729a74    0000001c     lv_btn.obj (.const:lv_btn_class)
                  c2729a90    0000001c     lv_btnmatrix.obj (.const:lv_btnmatrix_class)
                  c2729aac    0000001c     lv_calendar.obj (.const:lv_calendar_class)
                  c2729ac8    0000001c     lv_calendar_header_arrow.obj (.const:lv_calendar_header_arrow_class)
                  c2729ae4    0000001c     lv_calendar_header_dropdown.obj (.const:lv_calendar_header_dropdown_class)
                  c2729b00    0000001c     lv_chart.obj (.const:lv_chart_class)
                  c2729b1c    0000001c     lv_checkbox.obj (.const:lv_checkbox_class)
                  c2729b38    0000001c     lv_colorwheel.obj (.const:lv_colorwheel_class)
                  c2729b54    0000001c     lv_dropdown.obj (.const:lv_dropdown_class)
                  c2729b70    0000001c     lv_dropdown.obj (.const:lv_dropdownlist_class)
                  c2729b8c    0000001c     lv_img.obj (.const:lv_img_class)
                  c2729ba8    0000001c     lv_keyboard.obj (.const:lv_keyboard_class)
                  c2729bc4    0000001c     lv_label.obj (.const:lv_label_class)
                  c2729be0    0000001c     lv_led.obj (.const:lv_led_class)
                  c2729bfc    0000001c     lv_line.obj (.const:lv_line_class)
                  c2729c18    0000001c     lv_list.obj (.const:lv_list_btn_class)
                  c2729c34    0000001c     lv_list.obj (.const:lv_list_class)
                  c2729c50    0000001c     lv_list.obj (.const:lv_list_text_class)
                  c2729c6c    0000001c     lv_menu.obj (.const:lv_menu_class)
                  c2729c88    0000001c     lv_menu.obj (.const:lv_menu_cont_class)
                  c2729ca4    0000001c     lv_menu.obj (.const:lv_menu_main_cont_class)
                  c2729cc0    0000001c     lv_menu.obj (.const:lv_menu_main_header_cont_class)
                  c2729cdc    0000001c     lv_menu.obj (.const:lv_menu_page_class)
                  c2729cf8    0000001c     lv_menu.obj (.const:lv_menu_section_class)
                  c2729d14    0000001c     lv_menu.obj (.const:lv_menu_separator_class)
                  c2729d30    0000001c     lv_menu.obj (.const:lv_menu_sidebar_cont_class)
                  c2729d4c    0000001c     lv_menu.obj (.const:lv_menu_sidebar_header_cont_class)
                  c2729d68    0000001c     lv_meter.obj (.const:lv_meter_class)
                  c2729d84    0000001c     lv_msgbox.obj (.const:lv_msgbox_backdrop_class)
                  c2729da0    0000001c     lv_msgbox.obj (.const:lv_msgbox_class)
                  c2729dbc    0000001c     lv_obj.obj (.const:lv_obj_class)
                  c2729dd8    0000001c     lv_roller.obj (.const:lv_roller_class)
                  c2729df4    0000001c     lv_roller.obj (.const:lv_roller_label_class)
                  c2729e10    0000001c     lv_slider.obj (.const:lv_slider_class)
                  c2729e2c    0000001c     lv_spinbox.obj (.const:lv_spinbox_class)
                  c2729e48    0000001c     lv_spinner.obj (.const:lv_spinner_class)
                  c2729e64    0000001c     lv_switch.obj (.const:lv_switch_class)
                  c2729e80    0000001c     lv_table.obj (.const:lv_table_class)
                  c2729e9c    0000001c     lv_tabview.obj (.const:lv_tabview_class)
                  c2729eb8    0000001c     lv_textarea.obj (.const:lv_textarea_class)
                  c2729ed4    0000001c     lv_tileview.obj (.const:lv_tileview_class)
                  c2729ef0    0000001c     lv_tileview.obj (.const:lv_tileview_tile_class)
                  c2729f0c    0000001c     lv_win.obj (.const:lv_win_class)
                  c2729f28    0000001b     lv_chart.obj (.const:.string:$P$T1$2)
                  c2729f43    00000001     --HOLE-- [fill = 0]
                  c2729f44    00000004     Local_pe674.oe674 (.const:ti_sysbios_family_c64p_Cache_EMIFC_BASE__C)
                  c2729f48    0000001b     lv_draw_sw_gradient.obj (.const:.string:$P$T1$2)
                  c2729f63    00000001     --HOLE-- [fill = 0]
                  c2729f64    00000004     Local_pe674.oe674 (.const:ti_sysbios_family_c64p_Cache_EMIFC_CFG__C)
                  c2729f68    0000001b     lv_label.obj (.const:.string:$P$T5$5)
                  c2729f83    00000001     --HOLE-- [fill = 0]
                  c2729f84    00000004     Local_pe674.oe674 (.const:ti_sysbios_family_c64p_Cache_EMIFC_LENGTH__C)
                  c2729f88    0000001b     lv_chart.obj (.const:.string:$P$T7$8)
                  c2729fa3    00000001     --HOLE-- [fill = 0]
                  c2729fa4    00000004     Local_pe674.oe674 (.const:ti_sysbios_family_c64p_Cache_MAR0_31__C)
                  c2729fa8    0000001a     lv_obj.obj (.const:.string:$P$T1$2)
                  c2729fc2    00000002     Local_pe674.oe674 (.const:ti_sysbios_utils_Load_hwiEnabled__C)
                  c2729fc4    00000004     Local_pe674.oe674 (.const:ti_sysbios_family_c64p_Cache_MAR128_159__C)
                  c2729fc8    0000001a     lv_chart.obj (.const:.string:$P$T12$11)
                  c2729fe2    00000002     Local_pe674.oe674 (.const:ti_sysbios_utils_Load_updateInIdle__C)
                  c2729fe4    00000004     Local_pe674.oe674 (.const:ti_sysbios_family_c64p_Cache_MAR160_191__C)
                  c2729fe8    0000001a     lv_chart.obj (.const:.string:$P$T13$12)
                  c272a002    00000002     Local_pe674.oe674 (.const:xdc_runtime_Core_Module__id__C)
                  c272a004    00000004     Local_pe674.oe674 (.const:ti_sysbios_family_c64p_Cache_MAR192_223__C)
                  c272a008    0000001a     lv_chart.obj (.const:.string:$P$T18$17)
                  c272a022    00000002     Local_pe674.oe674 (.const:xdc_runtime_Error_Module__loggerDefined__C)
                  c272a024    00000004     Local_pe674.oe674 (.const:ti_sysbios_family_c64p_Cache_MAR224_255__C)
                  c272a028    0000001a     lv_chart.obj (.const:.string:$P$T6$7)
                  c272a042    00000002     Local_pe674.oe674 (.const:xdc_runtime_Error_maxDepth__C)
                  c272a044    00000004     Local_pe674.oe674 (.const:ti_sysbios_family_c64p_Cache_MAR32_63__C)
                  c272a048    0000001a     Local_pe674.oe674 (.const:xdc_runtime_Startup_sfxnRts__A)
                  c272a062    00000002     Local_pe674.oe674 (.const:xdc_runtime_Memory_Module__id__C)
                  c272a064    00000004     Local_pe674.oe674 (.const:ti_sysbios_family_c64p_Cache_MAR64_95__C)
                  c272a068    00000019     lv_font.obj (.const:.string:$P$T0$1)
                  c272a081    00000001     --HOLE-- [fill = 0]
                  c272a082    00000002     Local_pe674.oe674 (.const:xdc_runtime_SysMin_flushAtExit__C)
                  c272a084    00000004     Local_pe674.oe674 (.const:ti_sysbios_family_c64p_Cache_MAR96_127__C)
                  c272a088    00000019     lv_draw_mask.obj (.const:.string:$P$T1$2)
                  c272a0a1    00000001     --HOLE-- [fill = 0]
                  c272a0a2    00000002     Local_pe674.oe674 (.const:xdc_runtime_Text_charCnt__C)
                  c272a0a4    00000004     Local_pe674.oe674 (.const:ti_sysbios_family_c64p_EventCombiner_E_unpluggedEvent__C)
                  c272a0a8    00000019     lv_meter.obj (.const:.string:$P$T1$2)
                  c272a0c1    00000001     --HOLE-- [fill = 0]
                  c272a0c2    00000002     Local_pe674.oe674 (.const:xdc_runtime_Text_isLoaded__C)
                  c272a0c4    00000004     Local_pe674.oe674 (.const:ti_sysbios_family_c64p_Exception_E_exceptionMax__C)
                  c272a0c8    00000019     lv_chart.obj (.const:.string:$P$T16$15)
                  c272a0e1    00000001     --HOLE-- [fill = 0]
                  c272a0e2    00000002     Local_pe674.oe674 (.const:xdc_runtime_Text_registryModsLastId__C)
                  c272a0e4    00000004     Local_pe674.oe674 (.const:ti_sysbios_family_c64p_Exception_exceptionHook__C)
                  c272a0e8    00000019     lv_chart.obj (.const:.string:$P$T17$16)
                  c272a101    00000001     --HOLE-- [fill = 0]
                  c272a102    00000002     Local_pe674.oe674 (.const:xdc_runtime_Text_unnamedModsLastId__C)
                  c272a104    00000004     Local_pe674.oe674 (.const:ti_sysbios_family_c64p_Exception_externalHook__C)
                  c272a108    00000019     lv_chart.obj (.const:.string:$P$T19$18)
                  c272a121    00000003     --HOLE-- [fill = 0]
                  c272a124    00000004     Local_pe674.oe674 (.const:ti_sysbios_family_c64p_Exception_internalHook__C)
                  c272a128    00000019     lv_chart.obj (.const:.string:$P$T20$19)
                  c272a141    00000003     --HOLE-- [fill = 0]
                  c272a144    00000004     Local_pe674.oe674 (.const:ti_sysbios_family_c64p_Exception_nmiHook__C)
                  c272a148    00000019     lv_meter.obj (.const:.string:$P$T4$5)
                  c272a161    00000003     --HOLE-- [fill = 0]
                  c272a164    00000004     Local_pe674.oe674 (.const:ti_sysbios_family_c64p_Hwi_E_alreadyDefined__C)
                  c272a168    00000019     lv_table.obj (.const:.string:$P$T5$6)
                  c272a181    00000003     --HOLE-- [fill = 0]
                  c272a184    00000004     Local_pe674.oe674 (.const:ti_sysbios_family_c64p_Hwi_E_handleNotFound__C)
                  c272a188    00000018     lv_draw_mask.obj (.const:.string:$P$T0$1)
                  c272a1a0    00000018     lv_dropdown.obj (.const:.string:$P$T0$1)
                  c272a1b8    00000018     lv_hal_disp.obj (.const:.string:$P$T0$1)
                  c272a1d0    00000018     lv_table.obj (.const:.string:$P$T0$1)
                  c272a1e8    00000018     lv_chart.obj (.const:.string:$P$T11$10)
                  c272a200    00000018     lv_chart.obj (.const:.string:$P$T15$14)
                  c272a218    00000018     lv_label.obj (.const:.string:$P$T2$3)
                  c272a230    00000018     lv_meter.obj (.const:.string:$P$T2$3)
                  c272a248    00000018     lv_font.obj (.const:.string:$P$T3$3)
                  c272a260    00000018     lv_event.obj (.const:.string:$P$T3$5)
                  c272a278    00000018     nettool.ae674 : config.oe674 (.const:.string)
                  c272a290    00000018     stk6_ppp_pppoe.ae674 : exec.oe674 (.const:.string)
                  c272a2a8    00000018     SourceHanSansCN_Normal_16.obj (.const:font_dsc)
                  c272a2c0    00000018     Local_pe674.oe674 (.const:ti_sysbios_gates_GateHwi_Object__PARAMS__C)
                  c272a2d8    00000018     Local_pe674.oe674 (.const:ti_sysbios_gates_GateMutex_Object__PARAMS__C)
                  c272a2f0    00000018     Local_pe674.oe674 (.const:ti_sysbios_knl_Queue_Object__PARAMS__C)
                  c272a308    00000018     Local_pe674.oe674 (.const:ti_sysbios_knl_Swi_hooks__A)
                  c272a320    00000018     Local_pe674.oe674 (.const:xdc_runtime_LoggerSys_Object__PARAMS__C)
                  c272a338    00000017     lv_event.obj (.const:.string:$P$T1$3)
                  c272a34f    00000001     --HOLE-- [fill = 0]
                  c272a350    00000017     lv_chart.obj (.const:.string:$P$T14$13)
                  c272a367    00000001     --HOLE-- [fill = 0]
                  c272a368    00000017     lv_dropdown.obj (.const:.string:$P$T2$3)
                  c272a37f    00000001     --HOLE-- [fill = 0]
                  c272a380    00000017     lv_label.obj (.const:.string:$P$T3$4)
                  c272a397    00000001     --HOLE-- [fill = 0]
                  c272a398    00000017     lv_chart.obj (.const:.string:$P$T4$5)
                  c272a3af    00000001     --HOLE-- [fill = 0]
                  c272a3b0    00000017     lv_table.obj (.const:.string:$P$T4$5)
                  c272a3c7    00000017     stk6_ppp_pppoe.ae674 : ipout.oe674 (.const:.string)
                  c272a3de    00000002     --HOLE-- [fill = 0]
                  c272a3e0    00000016     lv_hal_indev.obj (.const:.string:$P$T0$1)
                  c272a3f6    00000002     --HOLE-- [fill = 0]
                  c272a3f8    00000016     lv_roller.obj (.const:.string:$P$T0$1)
                  c272a40e    00000002     --HOLE-- [fill = 0]
                  c272a410    00000016     lv_txt.obj (.const:.string:$P$T0$1)
                  c272a426    00000002     --HOLE-- [fill = 0]
                  c272a428    00000016     lv_label.obj (.const:.string:$P$T1$2)
                  c272a43e    00000002     --HOLE-- [fill = 0]
                  c272a440    00000016     lv_font.obj (.const:.string:$P$T2$2)
                  c272a456    00000002     --HOLE-- [fill = 0]
                  c272a458    00000016     lv_img_decoder.obj (.const:.string:$P$T3$3)
                  c272a46e    00000002     --HOLE-- [fill = 0]
                  c272a470    00000016     lv_tlsf.obj (.const:.string:$P$T6$6)
                  c272a486    00000016     stk6_ppp_pppoe.ae674 : ipv6out.oe674 (.const:.string)
                  c272a49c    00000004     Local_pe674.oe674 (.const:ti_sysbios_family_c64p_Hwi_LD_end__C)
                  c272a4a0    00000015     lv_textarea.obj (.const:.string:$P$T0$1)
                  c272a4b5    00000003     --HOLE-- [fill = 0]
                  c272a4b8    00000015     lv_img_decoder.obj (.const:.string:$P$T1$1)
                  c272a4cd    00000003     --HOLE-- [fill = 0]
                  c272a4d0    00000015     lv_textarea.obj (.const:.string:$P$T1$2)
                  c272a4e5    00000003     --HOLE-- [fill = 0]
                  c272a4e8    00000015     lv_style.obj (.const:.string:$P$T2$3)
                  c272a4fd    00000003     --HOLE-- [fill = 0]
                  c272a500    00000015     lv_table.obj (.const:.string:$P$T2$3)
                  c272a515    00000003     --HOLE-- [fill = 0]
                  c272a518    00000015     lv_textarea.obj (.const:.string:$P$T2$3)
                  c272a52d    00000003     --HOLE-- [fill = 0]
                  c272a530    00000015     lv_hal_disp.obj (.const:.string:$P$T2$8)
                  c272a545    00000003     --HOLE-- [fill = 0]
                  c272a548    00000015     lv_chart.obj (.const:.string:$P$T21$20)
                  c272a55d    00000003     --HOLE-- [fill = 0]
                  c272a560    00000015     lv_chart.obj (.const:.string:$P$T22$21)
                  c272a575    00000003     --HOLE-- [fill = 0]
                  c272a578    00000015     lv_table.obj (.const:.string:$P$T3$4)
                  c272a58d    00000003     --HOLE-- [fill = 0]
                  c272a590    00000015     lv_textarea.obj (.const:.string:$P$T4$5)
                  c272a5a5    00000003     --HOLE-- [fill = 0]
                  c272a5a8    00000015     lv_chart.obj (.const:.string:$P$T5$6)
                  c272a5bd    00000003     --HOLE-- [fill = 0]
                  c272a5c0    00000015     lv_label.obj (.const:.string:$P$T7$7)
                  c272a5d5    00000003     --HOLE-- [fill = 0]
                  c272a5d8    00000014     lv_event.obj (.const:.string:$P$T0$2)
                  c272a5ec    00000004     Local_pe674.oe674 (.const:ti_sysbios_family_c64p_Hwi_LM_begin__C)
                  c272a5f0    00000014     lv_hal_indev.obj (.const:.string:$P$T1$2)
                  c272a604    00000004     Local_pe674.oe674 (.const:ti_sysbios_family_c64p_Hwi_Module__diagsEnabled__C)
                  c272a608    00000014     lv_chart.obj (.const:.string:$P$T10$9)
                  c272a61c    00000004     Local_pe674.oe674 (.const:ti_sysbios_family_c64p_Hwi_Module__diagsIncluded__C)
                  c272a620    00000014     lv_img_decoder.obj (.const:.string:$P$T2$2)
                  c272a634    00000004     Local_pe674.oe674 (.const:ti_sysbios_family_c64p_Hwi_Module__diagsMask__C)
                  c272a638    00000014     lv_tlsf.obj (.const:.string:$P$T23$22)
                  c272a64c    00000004     Local_pe674.oe674 (.const:ti_sysbios_family_c64p_Hwi_Module__loggerFxn1__C)
                  c272a650    00000014     lv_chart.obj (.const:.string:$P$T3$4)
                  c272a664    00000014     lv_sjpg.obj (.const:.string)
                  c272a678    00000014     Local_pe674.oe674 (.const:ti_sysbios_family_c64p_Hwi_hooks__A)
                  c272a68c    00000004     Local_pe674.oe674 (.const:ti_sysbios_family_c64p_Hwi_Module__loggerFxn8__C)
                  c272a690    00000013     lv_meter.obj (.const:.string:$P$T0$1)
                  c272a6a3    00000001     --HOLE-- [fill = 0]
                  c272a6a4    00000004     Local_pe674.oe674 (.const:ti_sysbios_family_c64p_Hwi_Module__loggerObj__C)
                  c272a6a8    00000013     lv_obj_pos.obj (.const:.string:$P$T0$2)
                  c272a6bb    00000001     --HOLE-- [fill = 0]
                  c272a6bc    00000004     Local_pe674.oe674 (.const:ti_sysbios_family_c64p_Hwi_Object__heap__C)
                  c272a6c0    00000013     lv_tlsf.obj (.const:.string:$P$T17$16)
                  c272a6d3    00000001     --HOLE-- [fill = 0]
                  c272a6d4    00000004     Local_pe674.oe674 (.const:ti_sysbios_gates_GateMutex_A_badContext__C)
                  c272a6d8    00000013     lv_fs.obj (.const:.string:$P$T3$3)
                  c272a6eb    00000001     --HOLE-- [fill = 0]
                  c272a6ec    00000004     Local_pe674.oe674 (.const:ti_sysbios_gates_GateMutex_Instance_State_sem__O)
                  c272a6f0    00000013     lv_mem.obj (.const:.string:$P$T4$5)
                  c272a703    00000013     stk6_ppp_pppoe.ae674 : fileuser.oe674 (.const:.string)
                  c272a716    00000002     --HOLE-- [fill = 0]
                  c272a718    00000012     lv_chart.obj (.const:.string:$P$T0$1)
                  c272a72a    00000002     --HOLE-- [fill = 0]
                  c272a72c    00000004     Local_pe674.oe674 (.const:ti_sysbios_gates_GateMutex_Module__diagsEnabled__C)
                  c272a730    00000012     lv_label.obj (.const:.string:$P$T0$1)
                  c272a742    00000002     --HOLE-- [fill = 0]
                  c272a744    00000004     Local_pe674.oe674 (.const:ti_sysbios_gates_GateMutex_Module__diagsIncluded__C)
                  c272a748    00000012     lv_tlsf.obj (.const:.string:$P$T16$15)
                  c272a75a    00000002     --HOLE-- [fill = 0]
                  c272a75c    00000004     Local_pe674.oe674 (.const:ti_sysbios_gates_GateMutex_Module__diagsMask__C)
                  c272a760    00000012     lv_fs.obj (.const:.string:$P$T2$2)
                  c272a772    00000002     --HOLE-- [fill = 0]
                  c272a774    00000004     Local_pe674.oe674 (.const:ti_sysbios_hal_Hwi_E_stackOverflow__C)
                  c272a778    00000012     lv_refr.obj (.const:.string:$P$T2$2)
                  c272a78a    00000002     --HOLE-- [fill = 0]
                  c272a78c    00000004     Local_pe674.oe674 (.const:ti_sysbios_heaps_HeapMem_A_align__C)
                  c272a790    00000012     lv_style.obj (.const:.string:$P$T3$4)
                  c272a7a2    00000002     --HOLE-- [fill = 0]
                  c272a7a4    00000004     Local_pe674.oe674 (.const:ti_sysbios_heaps_HeapMem_A_heapSize__C)
                  c272a7a8    00000012     lv_label.obj (.const:.string:$P$T6$6)
                  c272a7ba    00000002     --HOLE-- [fill = 0]
                  c272a7bc    00000004     Local_pe674.oe674 (.const:ti_sysbios_heaps_HeapMem_A_invalidFree__C)
                  c272a7c0    00000012     lv_tlsf.obj (.const:.string:$P$T7$7)
                  c272a7d2    00000002     --HOLE-- [fill = 0]
                  c272a7d4    00000004     Local_pe674.oe674 (.const:ti_sysbios_heaps_HeapMem_A_zeroBlock__C)
                  c272a7d8    00000012     lv_tlsf.obj (.const:.string:$P$T8$8)
                  c272a7ea    00000002     --HOLE-- [fill = 0]
                  c272a7ec    00000004     Local_pe674.oe674 (.const:ti_sysbios_heaps_HeapMem_E_memory__C)
                  c272a7f0    00000011     lv_group.obj (.const:.string:$P$T1$2)
                  c272a801    00000003     --HOLE-- [fill = 0]
                  c272a804    00000004     Local_pe674.oe674 (.const:ti_sysbios_heaps_HeapMem_Module__diagsEnabled__C)
                  c272a808    00000011     lv_tlsf.obj (.const:.string:$P$T12$11)
                  c272a819    00000003     --HOLE-- [fill = 0]
                  c272a81c    00000004     Local_pe674.oe674 (.const:ti_sysbios_heaps_HeapMem_Module__diagsIncluded__C)
                  c272a820    00000011     lv_tlsf.obj (.const:.string:$P$T13$12)
                  c272a831    00000003     --HOLE-- [fill = 0]
                  c272a834    00000004     Local_pe674.oe674 (.const:ti_sysbios_heaps_HeapMem_Module__diagsMask__C)
                  c272a838    00000011     lv_tlsf.obj (.const:.string:$P$T18$17)
                  c272a849    00000003     --HOLE-- [fill = 0]
                  c272a84c    00000004     Local_pe674.oe674 (.const:ti_sysbios_heaps_HeapMem_Module__gateObj__C)
                  c272a850    00000011     lv_tlsf.obj (.const:.string:$P$T22$21)
                  c272a861    00000003     --HOLE-- [fill = 0]
                  c272a864    00000004     Local_pe674.oe674 (.const:ti_sysbios_heaps_HeapMem_Object__count__C)
                  c272a868    00000011     lv_chart.obj (.const:.string:$P$T23$22)
                  c272a879    00000003     --HOLE-- [fill = 0]
                  c272a87c    00000004     Local_pe674.oe674 (.const:ti_sysbios_heaps_HeapMem_Object__table__C)
                  c272a880    00000011     lv_tlsf.obj (.const:.string:$P$T27$24)
                  c272a891    00000003     --HOLE-- [fill = 0]
                  c272a894    00000004     Local_pe674.oe674 (.const:ti_sysbios_heaps_HeapMem_reqAlign__C)
                  c272a898    00000011     lv_meter.obj (.const:.string:$P$T3$4)
                  c272a8a9    00000011     stk6_ppp_pppoe.ae674 : tcp6prot.oe674 (.const:.string)
                  c272a8ba    00000011                          : tcpprot.oe674 (.const:.string)
                  c272a8cb    00000001     --HOLE-- [fill = 0]
                  c272a8cc    00000004     Local_pe674.oe674 (.const:ti_sysbios_knl_Clock_A_badThreadType__C)
                  c272a8d0    00000011     ti.targets.rts6000.ae674 : System.oe674 (.const:digtohex)
                  c272a8e1    00000003     --HOLE-- [fill = 0]
                  c272a8e4    00000004     Local_pe674.oe674 (.const:ti_sysbios_knl_Clock_A_clockDisabled__C)
                  c272a8e8    00000010     lv_group.obj (.const:.string:$P$T0$1)
                  c272a8f8    00000010     lv_refr.obj (.const:.string:$P$T1$1)
                  c272a908    00000010     lv_timer.obj (.const:.string:$P$T1$5)
                  c272a918    00000010     lv_tlsf.obj (.const:.string:$P$T14$13)
                  c272a928    00000010     lv_tlsf.obj (.const:.string:$P$T15$14)
                  c272a938    00000010     lv_img_buf.obj (.const:.string:$P$T2$2)
                  c272a948    00000010     lv_hal_indev.obj (.const:.string:$P$T2$3)
                  c272a958    00000010     lv_obj_style.obj (.const:.string:$P$T3$2)
                  c272a968    00000010     lv_tlsf.obj (.const:.string:$P$T30$26)
                  c272a978    00000010     lv_img_decoder.obj (.const:.string:$P$T7$7)
                  c272a988    00000010     lv_draw_sw_letter.obj (.const:.string:_lv_bpp4_opa_table)
                  c272a998    00000010     rts6740_elf.lib : _scanfi.c.obj (.const:.string)
                  c272a9a8    00000010     Local_pe674.oe674 (.const:ti_sysbios_family_c64p_EventCombiner_EVTMASK__C)
                  c272a9b8    0000000f     lv_flex.obj (.const:.string:$P$T0$1)
                  c272a9c7    00000001     --HOLE-- [fill = 0]
                  c272a9c8    0000000f     lv_img.obj (.const:.string:$P$T0$1)
                  c272a9d7    00000001     --HOLE-- [fill = 0]
                  c272a9d8    0000000f     lv_style.obj (.const:.string:$P$T1$1)
                  c272a9e7    00000001     --HOLE-- [fill = 0]
                  c272a9e8    0000000f     lv_mem.obj (.const:.string:$P$T1$3)
                  c272a9f7    00000001     --HOLE-- [fill = 0]
                  c272a9f8    0000000f     lv_tlsf.obj (.const:.string:$P$T20$19)
                  c272aa07    00000001     --HOLE-- [fill = 0]
                  c272aa08    0000000f     lv_tlsf.obj (.const:.string:$P$T24$23)
                  c272aa17    00000001     --HOLE-- [fill = 0]
                  c272aa18    0000000f     lv_mem.obj (.const:.string:$P$T3$4)
                  c272aa27    00000001     --HOLE-- [fill = 0]
                  c272aa28    0000000e     lv_anim.obj (.const:.string:$P$T0$1)
                  c272aa36    00000002     --HOLE-- [fill = 0]
                  c272aa38    0000000e     lv_draw_sw_gradient.obj (.const:.string:$P$T0$1)
                  c272aa46    00000002     --HOLE-- [fill = 0]
                  c272aa48    0000000e     lv_tlsf.obj (.const:.string:$P$T19$18)
                  c272aa56    00000002     --HOLE-- [fill = 0]
                  c272aa58    0000000e     lv_draw_mask.obj (.const:.string:$P$T2$3)
                  c272aa66    0000000e     stk6_ppp_pppoe.ae674 : timer.oe674 (.const:.string)
                  c272aa74    00000004     Local_pe674.oe674 (.const:ti_sysbios_knl_Clock_LM_begin__C)
                  c272aa78    0000000d     lv_bmp.obj (.const:.string:$P$T0$1)
                  c272aa85    00000003     --HOLE-- [fill = 0]
                  c272aa88    0000000d     lv_mem.obj (.const:.string:$P$T0$2)
                  c272aa95    00000003     --HOLE-- [fill = 0]
                  c272aa98    0000000d     lv_tlsf.obj (.const:.string:$P$T11$10)
                  c272aaa5    00000003     --HOLE-- [fill = 0]
                  c272aaa8    0000000d     lv_tlsf.obj (.const:.string:$P$T29$25)
                  c272aab5    0000000d     os.ae674 : ossys.oe674 (.const:.string)
                  c272aac2    00000002     --HOLE-- [fill = 0]
                  c272aac4    00000004     Local_pe674.oe674 (.const:ti_sysbios_knl_Clock_LM_tick__C)
                  c272aac8    0000000c     lv_tlsf.obj (.const:.string:$P$T10$9)
                  c272aad4    0000000c     lv_checkbox.obj (.const:.string)
                  c272aae0    0000000c     os.ae674 : efs.oe674 (.const:.string)
                  c272aaec    0000000c     img_bg.obj (.const:img_bg)
                  c272aaf8    0000000c     SourceHanSansCN_Normal_16.obj (.const:kern_pairs)
                  c272ab04    0000000c     Local_pe674.oe674 (.const:ti_sysbios_family_c64p_Cache_initSize__C)
                  c272ab10    0000000c     Local_pe674.oe674 (.const:ti_sysbios_knl_Idle_coreList__A)
                  c272ab1c    00000004     Local_pe674.oe674 (.const:ti_sysbios_knl_Clock_LW_delayed__C)
                  c272ab20    0000000c     Local_pe674.oe674 (.const:ti_sysbios_knl_Idle_funcList__A)
                  c272ab2c    00000004     Local_pe674.oe674 (.const:ti_sysbios_knl_Clock_Module_State_clockQ__O)
                  c272ab30    0000000b     lv_fs.obj (.const:.string:$P$T1$1)
                  c272ab3b    00000001     --HOLE-- [fill = 0]
                  c272ab3c    00000004     Local_pe674.oe674 (.const:ti_sysbios_knl_Clock_Module__diagsEnabled__C)
                  c272ab40    0000000b     lv_tlsf.obj (.const:.string:$P$T1$1)
                  c272ab4b    00000001     --HOLE-- [fill = 0]
                  c272ab4c    00000004     Local_pe674.oe674 (.const:ti_sysbios_knl_Clock_Module__diagsIncluded__C)
                  c272ab50    0000000b     lv_tlsf.obj (.const:.string:$P$T2$2)
                  c272ab5b    00000001     --HOLE-- [fill = 0]
                  c272ab5c    00000004     Local_pe674.oe674 (.const:ti_sysbios_knl_Clock_Module__diagsMask__C)
                  c272ab60    0000000b     lv_tlsf.obj (.const:.string:$P$T4$4)
                  c272ab6b    0000000b     stk6_ppp_pppoe.ae674 : route.oe674 (.const:.string)
                  c272ab76    00000002     --HOLE-- [fill = 0]
                  c272ab78    0000000a     lv_sjpg.obj (.const:.string:$P$T1$1)
                  c272ab82    00000002     --HOLE-- [fill = 0]
                  c272ab84    00000004     Local_pe674.oe674 (.const:ti_sysbios_knl_Clock_Module__loggerFxn1__C)
                  c272ab88    0000000a     lv_tlsf.obj (.const:.string:$P$T5$5)
                  c272ab92    00000002     --HOLE-- [fill = 0]
                  c272ab94    00000004     Local_pe674.oe674 (.const:ti_sysbios_knl_Clock_Module__loggerFxn2__C)
                  c272ab98    00000009     lv_tlsf.obj (.const:.string:$P$T3$3)
                  c272aba1    00000001     --HOLE-- [fill = 0]
                  c272aba2    00000008     lv_draw_sw_polygon.obj (.const:$P$T0$1)
                  c272abaa    00000002     --HOLE-- [fill = 0]
                  c272abac    00000008     lv_tlsf.obj (.const:$P$T21$20)
                  c272abb4    00000004     Local_pe674.oe674 (.const:ti_sysbios_knl_Clock_Module__loggerObj__C)
                  c272abb8    00000008     lv_obj.obj (.const:.string:$P$T0$1)
                  c272abc0    00000008     lv_png.obj (.const:.string:$P$T1$1)
                  c272abc8    00000008     lodepng.obj (.const:.string:$P$T25$3)
                  c272abd0    00000008     lv_draw_img.obj (.const:.string)
                  c272abd8    00000008     ti.targets.rts6000.ae674 : System.oe674 (.const:.string)
                  c272abe0    00000008     Local_pe674.oe674 (.const:ti_sysbios_family_c64p_Hwi_hooks__C)
                  c272abe8    00000008     Local_pe674.oe674 (.const:ti_sysbios_knl_Idle_coreList__C)
                  c272abf0    00000008     Local_pe674.oe674 (.const:ti_sysbios_knl_Idle_funcList__C)
                  c272abf8    00000008     Local_pe674.oe674 (.const:ti_sysbios_knl_Swi_hooks__C)
                  c272ac00    00000008     Local_pe674.oe674 (.const:ti_sysbios_knl_Task_hooks__C)
                  c272ac08    00000008     Local_pe674.oe674 (.const:xdc_runtime_Startup_firstFxns__A)
                  c272ac10    00000008     Local_pe674.oe674 (.const:xdc_runtime_Startup_firstFxns__C)
                  c272ac18    00000008     Local_pe674.oe674 (.const:xdc_runtime_Startup_lastFxns__C)
                  c272ac20    00000007     rts6740_elf.lib : _scanfi.c.obj (.const:.string:flit$1)
                  c272ac27    00000001     --HOLE-- [fill = 0]
                  c272ac28    00000006                     : _scanfi.c.obj (.const:.string:barr$2)
                  c272ac2e    00000002     --HOLE-- [fill = 0]
                  c272ac30    00000004     lv_img_buf.obj (.const:.string:$P$T1$1)
                  c272ac34    00000004     Local_pe674.oe674 (.const:ti_sysbios_knl_Semaphore_A_badContext__C)
                  c272ac38    00000004     lv_img_decoder.obj (.const:.string:$P$T6$6)
                  c272ac3c    00000004     Local_pe674.oe674 (.const:ti_sysbios_knl_Semaphore_A_noEvents__C)
                  c272ac40    00000004     lv_draw_sw_letter.obj (.const:.string:_lv_bpp2_opa_table)
                  c272ac44    00000004     Local_pe674.oe674 (.const:ti_sysbios_knl_Semaphore_A_overflow__C)
                  c272ac48    00000004     Local_pe674.oe674 (.const:ti_sysbios_knl_Semaphore_A_pendTaskDisabled__C)
                  c272ac4c    00000004     Local_pe674.oe674 (.const:ti_sysbios_knl_Semaphore_Instance_State_pendQ__O)
                  c272ac50    00000004     Local_pe674.oe674 (.const:ti_sysbios_knl_Semaphore_LM_pend__C)
                  c272ac54    00000004     Local_pe674.oe674 (.const:ti_sysbios_knl_Semaphore_LM_post__C)
                  c272ac58    00000004     Local_pe674.oe674 (.const:ti_sysbios_knl_Semaphore_Module__diagsEnabled__C)
                  c272ac5c    00000004     Local_pe674.oe674 (.const:ti_sysbios_knl_Semaphore_Module__diagsIncluded__C)
                  c272ac60    00000004     Local_pe674.oe674 (.const:ti_sysbios_knl_Semaphore_Module__diagsMask__C)
                  c272ac64    00000004     Local_pe674.oe674 (.const:ti_sysbios_knl_Semaphore_Module__loggerFxn2__C)
                  c272ac68    00000004     Local_pe674.oe674 (.const:ti_sysbios_knl_Semaphore_Module__loggerFxn4__C)
                  c272ac6c    00000004     Local_pe674.oe674 (.const:ti_sysbios_knl_Semaphore_Module__loggerObj__C)
                  c272ac70    00000004     Local_pe674.oe674 (.const:ti_sysbios_knl_Swi_A_badPriority__C)
                  c272ac74    00000004     Local_pe674.oe674 (.const:ti_sysbios_knl_Swi_A_swiDisabled__C)
[...]
c284a0c0  xdc_runtime_System_SupportProxy_exit__E                             
c284a0e0  xdc_runtime_System_SupportProxy_putch__E                            
c284a100  xdc_runtime_System_SupportProxy_ready__E                            
c284a120  xdc_runtime_System_abort__E                                         
c284a140  xdc_runtime_System_atexit__E                                        
c284a160  xdc_runtime_System_exit__E                                          
c284a180  xdc_runtime_System_exit__F                                          
c284a1a0  xdc_runtime_System_lastFxn__I                                       
c284a1c0  xdc_runtime_System_putch__E                                         
c284a1e0  xdc_runtime_System_vprintf__E                                       
c284a200  xdc_runtime_System_vsnprintf__E                                     
c284a220  xdc_runtime_System_snprintf_va__F                                   
c284a220  xdc_runtime_System_vsnprintf__F                                     
c284a240  NDK_vsprintf                                                        
c284a240  xdc_runtime_System_vsprintf__E                                      
c284a260  xdc_runtime_System_sprintf_va__F                                    
c284a260  xdc_runtime_System_vsprintf__F                                      
c284a280  xdc_runtime_Text_cordText__E                                        
c284a2a0  xdc_runtime_Text_putLab__E                                          
c284a2c0  xdc_runtime_Text_putSite__E                                         
c284a2e0  xdc_runtime_Text_ropeText__E                                        
c284a300  xdc_runtime_Timestamp_SupportProxy_get32__E                         
c284a300  xdc_runtime_Timestamp_get32__F                                      
c284a320  xdc_runtime_Timestamp_SupportProxy_getFreq__E                       
c284a320  xdc_runtime_Timestamp_getFreq__F                                    
c284a340  xdc_runtime_Timestamp_get32__E                                      
c284a360  xdc_runtime_Timestamp_getFreq__E                                    
c284a400  CmdLists                                                            
c284ac00  ti_sysbios_family_c64p_EventCombiner_Module__state__V               
c284b000  _ftable                                                             
c284b1e0  g_sCmdTable                                                         
c284b2ac  _ipcfg                                                              
c284b360  _stream                                                             
c284b400  ti_sysbios_knl_Task_Object__table__V                                
c284b450  TSK_idle                                                            
c284b4a0  ti_sysbios_utils_Load_Module__state__V                              
c284b538  ti_sysbios_family_c64p_Hwi_Object__table__V                         
c284b5c4  _lock                                                               
c284b5c8  ti_sysbios_knl_Swi_Module_State_0_readyQ__A                         
c284b648  ti_sysbios_knl_Task_Module_State_0_readyQ__A                        
c284b6c8  _device                                                             
c284b740  ti_sysbios_family_c64p_Hwi_Module__state__V                         
c284b7a8  ti_sysbios_timers_timer64_Timer_Module_State_0_device__A            
c284b808  DNSErrorStrings                                                     
c284b8a8  ti_sysbios_gates_GateMutex_Object__table__V                         
c284b8f8  ti_sysbios_timers_timer64_Timer_Object__table__V                    
c284b948  ulDataPatternTable                                                  
c284b9e8  ti_sysbios_knl_Task_Module__state__V                                
c284ba2c  _unlock                                                             
c284bb30  ti_sysbios_utils_Load_Module_State_0_taskEnv__A                     
c284bb9c  __TI_ft_end                                                         
c284bbd8  ti_sysbios_knl_Swi_Object__table__V                                 
c284bc0c  __errno                                                             
c284bc0c  errno                                                               
c284bc40  ti_sysbios_family_c64p_Exception_Module__state__V                   
c284bccc  ti_sysbios_knl_Clock_Module__state__V                               
c284bcf4  ti_sysbios_family_c64p_Cache_Module__state__V                       
c284bd1c  ti_sysbios_family_c64p_primus_TimerSupport_Module__state__V         
c284bd44  _oscfg                                                              
c284bd88  palette_32b                                                         
c284bda8  pstrMsgName                                                         
c284bdc8  ti_sysbios_BIOS_Module__state__V                                    
c284bde8  ti_sysbios_timers_timer64_Timer_Module_State_0_gctrl__A             
c284be08  ti_sysbios_timers_timer64_Timer_Module_State_0_handles__A           
c284be28  ti_sysbios_timers_timer64_Timer_Module_State_0_intFreqs__A          
c284be48  xdc_runtime_System_Module_State_0_atexitHandlers__A                 
c284be68  WeekDayStr                                                          
c284be84  xdc_runtime_Memory_Module__state__V                                 
c284bec4  xdc_runtime_Error_Module__state__V                                  
c284bec8  ti_ndk_config_Global_Id2Size                                        
c284bee8  ti_sysbios_heaps_HeapMem_Object__table__V                           
c284bf04  ti_sysbios_knl_Swi_Module__state__V                                 
c284bf38  TaskName                                                            
c284bf50  LinkStr                                                             
c284bf68  ReportStr                                                           
c284bf80  StatusStr                                                           
c284bfdc  ti_sysbios_timers_timer64_Timer_Module__state__V                    
c284bff0  GatewayIP                                                           
c284c000  LocalIPMask                                                         
c284c010  SEGVal                                                              
c284c020  StaticIPAddr                                                        
c284c030  __TI_cleanup_ptr                                                    
c284c034  __TI_dtors_ptr                                                      
c284c038  __TI_enable_exit_profile_output                                     
c284c040  ti_sysbios_hal_Hwi_Object__table__V                                 
c284c050  ti_sysbios_hal_Timer_Object__table__V                               
c284c060  xdc_runtime_LoggerSys_Object__table__V                              
c284c06c  xdc_runtime_SysMin_Module__state__V                                 
c284c078  xdc_runtime_System_Module__state__V                                 
c284c0a8  NIMUDeviceTable                                                     
c284c0b0  ti_sysbios_family_c64p_Hwi_Module__root__V                          
c284c0b8  ti_sysbios_family_c64p_primus_TimerSupport_Module_State_0_suspSrc__A
c284c0c0  ti_sysbios_gates_GateHwi_Module__root__V                            
c284c0c8  ti_sysbios_gates_GateHwi_Object__table__V                           
c284c0d0  ti_sysbios_gates_GateMutex_Module__root__V                          
c284c0d8  ti_sysbios_hal_Hwi_Module__root__V                                  
c284c0e0  ti_sysbios_heaps_HeapMem_Module__root__V                            
c284c0e8  ti_sysbios_knl_Clock_Module__root__V                                
c284c0f0  ti_sysbios_knl_Queue_Module__root__V                                
c284c0f8  ti_sysbios_knl_Semaphore_Module__root__V                            
c284c100  ti_sysbios_knl_Swi_Module__root__V                                  
c284c108  ti_sysbios_knl_Task_Module__root__V                                 
c284c110  ti_sysbios_timers_timer64_Timer_Module__root__V                     
c284c118  xdc_runtime_LoggerSys_Module__root__V                               
c284c120  xdc_runtime_Registry_Module__state__V                               
c284c128  xdc_runtime_Startup_Module__state__V                                
c284c140  ti_sysbios_knl_Task_Module_State_0_idleTask__A                      
c284c148  ti_sysbios_utils_Load_Module_State_0_runningTask__A                 
c284c150  ti_sysbios_utils_Load_Module_State_0_taskStartTime__A               
c284c158  DHCP_OPTIONS                                                        
c284cd70  __TI_STATIC_BASE                                                    
c284cd88  _IGMPInDiscard                                                      
c284cd8c  _IGMPInQuery                                                        
c284cd90  _IGMPInQueryGroup                                                   
c284cd94  _IGMPInResponse                                                     
c284cd98  _IGMPOutResponse                                                    
c284ce20  KEY4SwiHandle                                                       
c284ce24  KEY6SwiHandle                                                       
c284ce28  LV_LAYOUT_FLEX                                                      
c284ce2c  LV_LAYOUT_GRID                                                      
c284ce30  LV_STYLE_FLEX_CROSS_PLACE                                           
c284ce34  LV_STYLE_FLEX_FLOW                                                  
c284ce38  LV_STYLE_FLEX_GROW                                                  
c284ce3c  LV_STYLE_FLEX_MAIN_PLACE                                            
c284ce40  LV_STYLE_FLEX_TRACK_PLACE                                           
c284ce44  LV_STYLE_GRID_CELL_COLUMN_POS                                       
c284ce48  LV_STYLE_GRID_CELL_COLUMN_SPAN                                      
c284ce4c  LV_STYLE_GRID_CELL_ROW_POS                                          
c284ce50  LV_STYLE_GRID_CELL_ROW_SPAN                                         
c284ce54  LV_STYLE_GRID_CELL_X_ALIGN                                          
c284ce58  LV_STYLE_GRID_CELL_Y_ALIGN                                          
c284ce5c  LV_STYLE_GRID_COLUMN_ALIGN                                          
c284ce60  LV_STYLE_GRID_COLUMN_DSC_ARRAY                                      
c284ce64  LV_STYLE_GRID_ROW_ALIGN                                             
c284ce68  LV_STYLE_GRID_ROW_DSC_ARRAY                                         
c284ce6c  UARTConsoleSemHandle                                                
c284ce70  UARTConsoleTaskHandle                                               
c284ce74  _lv_grad_cache_mem                                                  
c284ce78  _lv_layout_list                                                     
c284ce7c  _lv_theme_basic_styles                                              
c284ce80  _lv_theme_default_styles                                            
c284ce84  _lv_timer_act                                                       
c284ce88  indev_touchpad                                                      
c284ce8c  p_rx                                                                
c284ce90  p_tx                                                                
c284ce94  rx_len                                                              
c284ce98  time_label                                                          
c284ce9c  tx_len                                                              
c284cea6  NDKFlag                                                             
c284cea8  CONTENT_TYPE_APPLET                                                 
c284ceac  CONTENT_TYPE_AU                                                     
c284ceb0  CONTENT_TYPE_CSS                                                    
c284ceb4  CONTENT_TYPE_DOC                                                    
c284ceb8  CONTENT_TYPE_GIF                                                    
c284cebc  CONTENT_TYPE_HTML                                                   
c284cec0  CONTENT_TYPE_JPG                                                    
c284cec4  CONTENT_TYPE_MPEG                                                   
c284cec8  CONTENT_TYPE_PDF                                                    
c284cecc  CONTENT_TYPE_WAV                                                    
c284ced0  CONTENT_TYPE_ZIP                                                    
c284ced4  CONTENT_TYPE                                                        
c284ced8  CONTENT_LENGTH                                                      
c284cedc  CRLF                                                                
c284cee0  DEFAULT_NAME                                                        
c284cee4  HTTP_VER                                                            
c284cee8  SPACE                                                               
c284cf00  VerStr                                                              
c284cf04  HostName                                                            
c284cf08  LocalIPAddr                                                         
c284cf0c  DomainName                                                          
c284cf10  DNSServer                                                           
c284cf14  PITCount                                                            
c284cf18  PITUsed                                                             
c284cf1c  PITHigh                                                             
c284cf58  _lv_txt_encoded_size                                                
c284cf5c  _lv_txt_unicode_to_encoded                                          
c284cf60  _lv_txt_encoded_conv_wc                                             
c284cf64  _lv_txt_encoded_next                                                
c284cf68  _lv_txt_encoded_prev                                                
c284cf6c  _lv_txt_encoded_get_byte_id                                         
c284cf70  _lv_txt_encoded_get_char_id                                         
c284cf74  _lv_txt_get_encoded_length                                          
c284d024  _IGMPForceVersion1                                                  
c284d03c  TxChanEnable_all                                                    
c284d040  RxChanEnable_all                                                    
c284d04d  CmdHistorySaveNo                                                    
c284d04e  CmdHistorySaveIndex                                                 
c284d04f  CmdHistoryDisplayIndex                                              
c284d050  sataRegs                                                            
c284d054  temp                                                                
c284d090  _ICMPInErrors                                                       
c284d094  _ICMPOutErrors                                                      
c284d098  _IPExecuting                                                        
c284d0a8  gFragQList                                                          
c284d0c8  tcp_iss                                                             
c284d0cc  ptTimeFirst                                                         
c284d0d0  pt6TimeFirst                                                        
c284d0d4  tcp6_iss                                                            
c284d0e8  spi_flag                                                            
c284d0ec  SoftPWM                                                             
c284d0f0  OSCINFreq                                                           
c284d108  LODEPNG_VERSION_STRING                                              
c284d128  httpErrorResponseHook                                               
c284d13c  _IPReasmPtr                                                         
c284d148  gMLDNodeList                                                        
c284d162  SECLED                                                              
c284d163  LED_OP                                                              
c284d170  IPV6_MAX_MULTICAST_SOLICIT                                          
c284d174  IPV6_MAX_UNICAST_SOLICIT                                            
c284d178  IPV6_RETRANS_TIME                                                   
c284d17c  IPV6_DELAY_FIRST_PROBE_TIME                                         
c284d180  IPV6_REACHABLE_TIME                                                 
c284d184  IPV6_MAX_RTR_SOLICITATION_DELAY                                     
c284d188  IPV6_RTR_SOLICITATION_INTERVAL                                      
c284d18c  IPV6_MAX_RTR_SOLICITATIONS                                          
c284d190  INFINITE_LT                                                         
c284d194  ti_ndk_config_Global_rawPageSize                                    
c284d198  ti_ndk_config_Global_rawPageCount                                   
c284d19c  ti_ndk_config_Global_smallest                                       
c284d1a0  ti_ndk_config_Global_largest                                        
c284d1a4  ti_ndk_config_Global_numFrameBuf                                    
c284d1a8  ti_ndk_config_Global_sizeFrameBuf                                   
c284d1b0  __CIOBUF_                                                           
c284d400  ti_sysbios_family_c64p_Hwi0                                         
c284d400  ti_sysbios_family_c64p_Hwi_int0                                     
c284d420  ti_sysbios_family_c64p_Hwi_int1                                     
c284d440  ti_sysbios_family_c64p_Hwi_int2                                     
c284d460  ti_sysbios_family_c64p_Hwi_int3                                     
c284d480  ti_sysbios_family_c64p_Hwi_int4                                     
c284d4a0  ti_sysbios_family_c64p_Hwi_int5                                     
c284d4c0  ti_sysbios_family_c64p_Hwi_int6                                     
c284d4e0  ti_sysbios_family_c64p_Hwi_int7                                     
c284d500  ti_sysbios_family_c64p_Hwi_int8                                     
c284d520  ti_sysbios_family_c64p_Hwi_int9                                     
c284d540  ti_sysbios_family_c64p_Hwi_int10                                    
c284d560  ti_sysbios_family_c64p_Hwi_int11                                    
c284d580  ti_sysbios_family_c64p_Hwi_int12                                    
c284d5a0  ti_sysbios_family_c64p_Hwi_int13                                    
c284d5c0  ti_sysbios_family_c64p_Hwi_int14                                    
c284d5e0  ti_sysbios_family_c64p_Hwi_int15                                    
c284ea6c  __TI_Handler_Table_Base                                             
c284ea74  __TI_Handler_Table_Limit                                            
c284ea78  __TI_CINIT_Base                                                     
c284eab0  __TI_CINIT_Limit                                                    
ffffffff  __TI_pprof_out_hndl                                                 
ffffffff  __TI_prof_data_size                                                 
ffffffff  __TI_prof_data_start                                                
ffffffff  __binit__                                                           
ffffffff  __c_args__                                                          
ffffffff  binit                                                               
UNDEFED   __TI_INITARRAY_Base                                                 
UNDEFED   __TI_INITARRAY_Limit                                                

[3324 symbols]
