******************************************************************************
               TMS320C6x Linker PC v8.3.12                     
******************************************************************************
>> Linked Thu Mar 31 15:40:47 2022

OUTPUT FILE NAME:   <Board_C674x.out>
ENTRY POINT SYMBOL: "_c_int00"  address: c0a571a0


MEMORY CONFIGURATION

         name            origin    length      used     unused   attr    fill
----------------------  --------  ---------  --------  --------  ----  --------
  DSPL2RAM              00800000   00040000  00004000  0003c000  RW  
  SHRAM                 80000000   00020000  00000000  00020000  RW X
  DDR2                  c0000000   08000000  00a66729  075998d7  RW X


SEGMENT ALLOCATION MAP

run origin  load origin   length   init length attrs members
----------  ----------- ---------- ----------- ----- -------
00800000    00800000    00004000   00000000    rw-
  00800000    00800000    00004000   00000000    rw- .stack
c0000000    c0000000    0093cbcc   00000000    rw-
  c0000000    c0000000    00800000   00000000    rw- SystemHeap
  c0800000    c0800000    0013cbcc   00000000    rw- .far
c093cbd0    c093cbd0    000c2970   000c2970    r--
  c093cbd0    c093cbd0    000c2951   000c2951    r-- .const
  c09ff524    c09ff524    0000001c   0000001c    r-- .switch.1
c09ff540    c09ff540    00063eb8   00063eb8    r-x
  c09ff540    c09ff540    00063dc0   00063dc0    r-x .text
  c0a63300    c0a63300    000000f8   000000f8    r-- .switch.2
c0a63400    c0a63400    00001a8c   00000000    rw-
  c0a63400    c0a63400    00001a8c   00000000    rw- .fardata
c0a64e8c    c0a64e8c    00000294   00000294    r--
  c0a64e8c    c0a64e8c    00000294   00000294    r-- .switch.3
c0a65120    c0a65120    00000220   00000000    rw-
  c0a65120    c0a65120    00000098   00000000    rw- .bss
  c0a651b8    c0a651b8    00000188   00000000    rw- .neardata
c0a65340    c0a65340    00000040   00000000    r--
  c0a65340    c0a65340    00000040   00000000    r-- .rodata
c0a65400    c0a65400    00000200   00000200    r-x
  c0a65400    c0a65400    00000200   00000200    r-x .vecs
c0a65600    c0a65600    00000120   00000000    rw-
  c0a65600    c0a65600    00000120   00000000    rw- .cio
c0a65720    c0a65720    00001098   00001098    r--
  c0a65720    c0a65720    00001098   00001098    r-- .cinit


SECTION ALLOCATION MAP

 output                                  attributes/
section   page    origin      length       input sections
--------  ----  ----------  ----------   ----------------
.stack     0    00800000    00004000     UNINITIALIZED
                  00800000    00000008     boot.ae674 : boot.oe674 (.stack)
                  00800008    00003ff8     --HOLE--

.bss       0    c0a65120    00000098     UNINITIALIZED
                  c0a65120    00000018     hal_timer_bios.ae674 : lltimer.oe674 (.bss)
                  c0a65138    00000014     stk6.ae674 : igmp.oe674 (.bss)
                  c0a6514c    00000012     grlib.lib : string.obj (.bss)
                  c0a6515e    00000002               : offscr16bpp.obj (.bss)
                  c0a65160    0000000c     ti.uia.sysbios.ae674 : TransportNdk.oe674 (.bss)
                  c0a6516c    00000008     netctrl_min.ae674 : netctrl.oe674 (.bss)
                  c0a65174    00000008     nettool.ae674 : daemon.oe674 (.bss)
                  c0a6517c    00000008     stk6.ae674 : ip.oe674 (.bss)
                  c0a65184    00000004     nettool.ae674 : ipaddr.oe674 (.bss)
                  c0a65188    00000004     stk6.ae674 : ipv6_frag.oe674 (.bss)
                  c0a6518c    00000004                : lli6.oe674 (.bss)
                  c0a65190    00000004                : rtable.oe674 (.bss)
                  c0a65194    00000004     (.common:BootMode)
                  c0a65198    00000004     (.common:KEY4SwiHandle)
                  c0a6519c    00000004     (.common:KEY6SwiHandle)
                  c0a651a0    00000004     (.common:UARTConsoleSemHandle)
                  c0a651a4    00000004     (.common:UARTConsoleTaskHandle)
                  c0a651a8    00000004     (.common:p_rx)
                  c0a651ac    00000004     (.common:p_tx)
                  c0a651b0    00000004     (.common:rx_len)
                  c0a651b4    00000004     (.common:tx_len)

.neardata 
*          0    c0a651b8    00000188     UNINITIALIZED
                  c0a651b8    00000024     os.ae674 : mem.oe674 (.neardata)
                  c0a651dc    0000001c     netctrl_min.ae674 : netctrl.oe674 (.neardata)
                  c0a651f8    00000018     os.ae674 : task.oe674 (.neardata)
                  c0a65210    00000014     stk6.ae674 : rtable.oe674 (.neardata)
                  c0a65224    00000014     ti.drv.omapl138.ae674 : ethdriver.oe674 (.neardata)
                  c0a65238    00000010     nettool.ae674 : daemon.oe674 (.neardata)
                  c0a65248    00000010     stk6.ae674 : bind6.oe674 (.neardata)
                  c0a65258    00000010                : igmp.oe674 (.neardata)
                  c0a65268    0000000c                : route6.oe674 (.neardata)
                  c0a65274    0000000c     ti.drv.omapl138.ae674 : csl_emac.oe674 (.neardata)
                  c0a65280    0000000c     ti.uia.sysbios.ae674 : TransportNdk.oe674 (.neardata)
                  c0a6528c    00000008     SATA.obj (.neardata)
                  c0a65294    00000008     netctrl_min.ae674 : netsrv.oe674 (.neardata)
                  c0a6529c    00000008     stk6.ae674 : exec.oe674 (.neardata)
                  c0a652a4    00000008                : icmp.oe674 (.neardata)
                  c0a652ac    00000008                : ip.oe674 (.neardata)
                  c0a652b4    00000008                : ipin.oe674 (.neardata)
                  c0a652bc    00000008                : ipv6_frag.oe674 (.neardata)
                  c0a652c4    00000008                : lli.oe674 (.neardata)
                  c0a652cc    00000008                : rtc.oe674 (.neardata)
                  c0a652d4    00000008                : tcp.oe674 (.neardata)
                  c0a652dc    00000008                : tcp6.oe674 (.neardata)
                  c0a652e4    00000008                : timer.oe674 (.neardata)
                  c0a652ec    00000008     ti.uia.runtime.ae674 : QueueDescriptor.oe674 (.neardata)
                  c0a652f4    00000004     Flash.obj (.neardata)
                  c0a652f8    00000004     LED.obj (.neardata)
                  c0a652fc    00000004     Local_pe674.oe674 (.neardata)
                  c0a65300    00000004     PLL.obj (.neardata)
                  c0a65304    00000004     UDP.obj (.neardata)
                  c0a65308    00000004     hal_timer_bios.ae674 : lltimer.oe674 (.neardata)
                  c0a6530c    00000004     nettool.ae674 : config.oe674 (.neardata)
                  c0a65310    00000004     stk6.ae674 : bind.oe674 (.neardata)
                  c0a65314    00000004                : ipfrag.oe674 (.neardata)
                  c0a65318    00000004                : lli6.oe674 (.neardata)
                  c0a6531c    00000004                : lliin.oe674 (.neardata)
                  c0a65320    00000004                : mld.oe674 (.neardata)
                  c0a65324    00000004                : node.oe674 (.neardata)
                  c0a65328    00000004                : pbm.oe674 (.neardata)
                  c0a6532c    00000004                : sock6pcb.oe674 (.neardata)
                  c0a65330    00000004                : sockpcb.oe674 (.neardata)
                  c0a65334    00000004     ti.drv.omapl138.ae674 : csl_mdio.oe674 (.neardata)
                  c0a65338    00000004     ti.uia.runtime.ae674 : LogSync.oe674 (.neardata)
                  c0a6533c    00000003     UARTConsole.obj (.neardata)
                  c0a6533f    00000001     Timer.obj (.neardata)

.rodata    0    c0a65340    00000040     UNINITIALIZED
                  c0a65340    00000024     stk6.ae674 : ipv6.oe674 (.rodata)
                  c0a65364    0000001c     Local_pe674.oe674 (.rodata)

.cinit     0    c0a65720    00001098     
                  c0a65720    00000fa7     (.cinit..fardata.load) [load image, compression = rle]
                  c0a666c7    00000050     (.cinit..neardata.load) [load image, compression = rle]
                  c0a66717    00000043     (.cinit..rodata.load) [load image, compression = rle]
                  c0a6675a    0000000d     (.cinit..far.load) [load image, compression = rle]
                  c0a66767    0000000d     (.cinit.SystemHeap.load) [load image, compression = rle]
                  c0a66774    00000009     (.cinit..bss.load) [load image, compression = rle]
                  c0a6677d    00000003     --HOLE-- [fill = 0]
                  c0a66780    00000008     (__TI_handler_table)
                  c0a66788    00000030     (__TI_cinit_table)

.init_array 
*          0    c0000000    00000000     UNINITIALIZED

SystemHeap 
*          0    c0000000    00800000     UNINITIALIZED
                  c0000000    00800000     Local_pe674.oe674 (SystemHeap)

.far       0    c0800000    0013cbcc     UNINITIALIZED
                  c0800000    000bb824     (.common:g_pucBuffer)
                  c08bb824    00000004     (.common:swCtrlFeatures)
                  c08bb828    00000040     (.common:g_cCmdBuf)
                  c08bb868    00000018     netctrl_min.ae674 : netctrl.oe674 (.far)
                  c08bb880    0004cb00     Local_pe674.oe674 (.far:NDK_PACKETMEM)
                  c0908380    00010000     (.common:buff)
                  c0918380    0000c1c0     Local_pe674.oe674 (.far:NDK_MMBUFFER)
                  c0924540    00008080     (.common:ti_uia_runtime_LoggerCircBuf_Instance_State_1_bufferArray__A)
                  c092c5c0    00008080     (.common:ti_uia_runtime_LoggerCircBuf_Instance_State_2_bufferArray__A)
                  c0934640    00003800     Local_pe674.oe674 (.far:taskStackSection)
                  c0937e40    00001618     ti.drv.omapl138.ae674 : ethdriver.oe674 (.far)
                  c0939458    00000b90     (.common:ti_uia_sysbios_Adaptor_eventBuf__A)
                  c0939fe8    00000800     (.common:CmdHistory)
                  c093a7e8    00000660     nettool.ae674 : daemon.oe674 (.far)
                  c093ae48    00000480     (.common:ti_uia_runtime_LoggerCircBuf_Instance_State_0_bufferArray__A)
                  c093b2c8    00000474     ti.drv.omapl138.ae674 : csl_emac.oe674 (.far)
                  c093b73c    00000004     stk6.ae674 : rawethsock_pcb.oe674 (.far)
                  c093b740    00000400     (.common:xdc_runtime_SysMin_Module_State_0_outbuf__A)
                  c093bb40    00000220     (.common:ti_uia_sysbios_Adaptor_msgBuf__A)
                  c093bd60    00000140     (.common:__TI_tmpnams)
                  c093bea0    00000110                : igmp.oe674 (.far)
                  c093bfb0    00000104     (.common:rx_data)
                  c093c0b4    00000004     --HOLE--
                  c093c0b8    00000104     (.common:tx_data)
                  c093c1bc    00000004     --HOLE--
                  c093c1c0    00000104     (.common:vrf_data)
                  c093c2c4    000000d8     netctrl_min.ae674 : netsrv.oe674 (.far)
                  c093c39c    000000c8     stk6.ae674 : ipv6.oe674 (.far)
                  c093c464    000000c4                : tcp.oe674 (.far)
                  c093c528    000000b8                : tcp6in.oe674 (.far)
                  c093c5e0    00000020     grlib.lib : image.obj (.far)
                  c093c600    000000a0     (.common:RcvFis)
                  c093c6a0    0000009c     stk6.ae674 : icmp.oe674 (.far)
                  c093c73c    00000004     --HOLE--
                  c093c740    00000080     UARTConsole.obj (.far:UARTWriteBuffer)
                  c093c7c0    0000007c     os.ae674 : mem.oe674 (.far)
                  c093c83c    00000068     stk6.ae674 : ip.oe674 (.far)
                  c093c8a4    00000064                : nimu.oe674 (.far)
                  c093c908    00000030     (.common:pllcfg)
                  c093c938    00000030                : udp.oe674 (.far)
                  c093c968    0000002a     (.common:TouchInfo)
                  c093c992    00000002     --HOLE--
                  c093c994    00000028     (.common:g_s800x480x16Display)
                  c093c9bc    00000028                : vlan.oe674 (.far)
                  c093c9e4    00000024     (.common:RTCTime)
                  c093ca08    00000024     cmdline.obj (.far:argv$1)
                  c093ca2c    00000024     stk6.ae674 : udp6.oe674 (.far)
                  c093ca50    00000020     ti.uia.sysbios.ae674 : TransportNdk.oe674 (.far)
                  c093ca70    0000001c     (.common:g_sContext)
                  c093ca8c    00000004     --HOLE--
                  c093ca90    0000001a     rts6740_elf.lib : asctime.c.obj (.far:time_buf)
                  c093caaa    00000002     --HOLE--
                  c093caac    00000018     stk6.ae674 : icmpv6.oe674 (.far)
                  c093cac4    00000018     ti.drv.omapl138.ae674 : csl_mdio.oe674 (.far)
                  c093cadc    00000004     --HOLE--
                  c093cae0    00000014     stk6.ae674 : rtc.oe674 (.far)
                  c093caf4    00000004     --HOLE--
                  c093caf8    00000010     (.common:StrIP)
                  c093cb08    00000010                : raw.oe674 (.far)
                  c093cb18    00000010                : raw6.oe674 (.far)
                  c093cb28    00000010                : raweth.oe674 (.far)
                  c093cb38    0000000c     (.common:ti_sysbios_knl_Task_Instance_State_0_hookEnv__A)
                  c093cb44    00000004     --HOLE--
                  c093cb48    0000000c     (.common:ti_sysbios_knl_Task_Instance_State_1_hookEnv__A)
                  c093cb54    00000004     --HOLE--
                  c093cb58    0000000c     (.common:ti_sysbios_knl_Task_Instance_State_2_hookEnv__A)
                  c093cb64    00000004     --HOLE--
                  c093cb68    0000000c     (.common:ti_sysbios_knl_Task_Instance_State_3_hookEnv__A)
                  c093cb74    0000000c                : pbm.oe674 (.far)
                  c093cb80    0000000a     (.common:I2CData)
                  c093cb8a    00000006     --HOLE--
                  c093cb90    00000008     (.common:MacAddr)
                  c093cb98    00000008     (.common:parmbuf)
                  c093cba0    00000004     (.common:ti_sysbios_family_c64p_Hwi_Instance_State_0_hookEnv__A)
                  c093cba4    00000004     --HOLE--
                  c093cba8    00000004     (.common:ti_sysbios_family_c64p_Hwi_Instance_State_1_hookEnv__A)
                  c093cbac    00000004     --HOLE--
                  c093cbb0    00000004     (.common:ti_sysbios_family_c64p_Hwi_Instance_State_2_hookEnv__A)
                  c093cbb4    00000004     --HOLE--
                  c093cbb8    00000004     (.common:ti_sysbios_family_c64p_Hwi_Instance_State_3_hookEnv__A)
                  c093cbbc    00000004     --HOLE--
                  c093cbc0    00000004     (.common:ti_sysbios_family_c64p_Hwi_Instance_State_4_hookEnv__A)
                  c093cbc4    00000004     --HOLE--
                  c093cbc8    00000004     (.common:ti_sysbios_knl_Swi_Instance_State_0_hookEnv__A)

.const     0    c093cbd0    000c2951     
                  c093cbd0    000bb805     LCD.obj (.const:.string:image)
                  c09f83d5    00000001     --HOLE-- [fill = 0]
                  c09f83d6    00000002     Local_pe674.oe674 (.const:ti_sysbios_BIOS_Module__id__C)
                  c09f83d8    000024dd     Local_pe674.oe674 (.const:xdc_runtime_Text_charTab__A)
                  c09fa8b5    00000001     --HOLE-- [fill = 0]
                  c09fa8b6    00000002     Local_pe674.oe674 (.const:ti_sysbios_family_c64p_EventCombiner_Module__id__C)
                  c09fa8b8    0000091e     grlib.lib : fontcmss22b.obj (.const:.string:g_pucCmss22bData)
                  c09fb1d6    00000002     Local_pe674.oe674 (.const:ti_sysbios_family_c64p_Exception_Module__id__C)
                  c09fb1d8    00000588     sysbios.ae674 : BIOS.obj (.const:.string)
                  c09fb760    000003d0     LEDMatrix.obj (.const:.string:PRU_Code)
                  c09fbb30    00000368     Exception.obj (.const:.string)
                  c09fbe98    00000350     Command.obj (.const:.string)
                  c09fc1e8    0000021a     os.ae674 : task.oe674 (.const:.string)
                  c09fc402    000001e2     stk6.ae674 : bind6.oe674 (.const:.string)
                  c09fc5e4    000001a8     DDR2.obj (.const:.string)
                  c09fc78c    0000015c     stk6.ae674 : route6.oe674 (.const:.string)
                  c09fc8e8    00000154     Local_pe674.oe674 (.const:xdc_runtime_Text_nodeTab__A)
                  c09fca3c    00000150     Local_pe674.oe674 (.const:.string)
                  c09fcb8c    0000014f     os.ae674 : mem.oe674 (.const:.string)
                  c09fccdb    00000001     --HOLE-- [fill = 0]
                  c09fccdc    00000144     ti.drv.omapl138.ae674 : ethdriver.oe674 (.const:.string)
                  c09fce20    00000134     LCD.obj (.const:.string)
                  c09fcf54    00000110     Flash.obj (.const:.string)
                  c09fd064    00000107     stk6.ae674 : vlan.oe674 (.const:.string)
                  c09fd16b    00000001     --HOLE-- [fill = 0]
                  c09fd16c    00000004     SysMinProvide.obj (.const:.string)
                  c09fd170    00000101     rts6740_elf.lib : ctype.c.obj (.const:.string:_ctypes_)
                  c09fd271    000000fd     stk6.ae674 : icmpv6out.oe674 (.const:.string)
                  c09fd36e    000000f2                : icmpv6_ndisc.oe674 (.const:.string)
                  c09fd460    000000f0     EEPROM.obj (.const:.string)
                  c09fd550    000000d8     EMAC.obj (.const:.string)
                  c09fd628    000000d8     SYSCFG.obj (.const:.string)
                  c09fd700    000000d8     stk6.ae674 : node.oe674 (.const:.string)
                  c09fd7d8    000000d4     ti.drv.omapl138.ae674 : nimu_eth.oe674 (.const:.string)
                  c09fd8ac    000000cf     stk6.ae674 : rtc.oe674 (.const:.string)
                  c09fd97b    00000001     --HOLE-- [fill = 0]
                  c09fd97c    000000c8     grlib.lib : fontcmss22b.obj (.const)
                  c09fda44    00000004     ti.targets.rts6000.ae674 : Assert.oe674 (.const:.string)
                  c09fda48    000000c0     LEDMatrix.obj (.const:.string:PRU_Data)
                  c09fdb08    000000bf     stk6.ae674 : lliout.oe674 (.const:.string)
                  c09fdbc7    000000a9                : lli6.oe674 (.const:.string)
                  c09fdc70    000000a7     nettool.ae674 : ipaddr.oe674 (.const:.string)
                  c09fdd17    000000a7     stk6.ae674 : nimu.oe674 (.const:.string)
                  c09fddbe    00000002     Local_pe674.oe674 (.const:ti_sysbios_family_c64p_Exception_useInternalBuffer__C)
                  c09fddc0    00000094     Touch.obj (.const:.string)
                  c09fde54    00000091     stk6.ae674 : tcp6time.oe674 (.const:.string)
                  c09fdee5    0000008d                : tcptime.oe674 (.const:.string)
                  c09fdf72    00000002     Local_pe674.oe674 (.const:ti_sysbios_family_c64p_Hwi_Module__id__C)
                  c09fdf74    00000004     Local_pe674.oe674 (.const:ti_sysbios_BIOS_Module__diagsEnabled__C)
                  c09fdf78    00000080     rts6740_elf.lib : strtod.c.obj (.const:digits)
                  c09fdff8    0000007c     UARTConsole.obj (.const:.string)
                  c09fe074    00000078     main.obj (.const:.string)
                  c09fe0ec    00000077     stk6.ae674 : sock6.oe674 (.const:.string)
                  c09fe163    00000076                : mld.oe674 (.const:.string)
                  c09fe1d9    00000001     --HOLE-- [fill = 0]
                  c09fe1da    00000002     Local_pe674.oe674 (.const:ti_sysbios_family_c64p_Hwi_Module__loggerDefined__C)
                  c09fe1dc    00000070     ti.uia.sysbios.ae674 : TransportNdk.oe674 (.const:.string)
                  c09fe24c    0000006c     rts6740_elf.lib : asctime.c.obj (.const:.string)
                  c09fe2b8    00000064     Local_pe674.oe674 (.const:ti_sysbios_timers_timer64_Timer_Object__PARAMS__C)
                  c09fe31c    00000060     stk6.ae674 : sb.oe674 (.const:.string)
                  c09fe37c    00000060     Local_pe674.oe674 (.const:ti_uia_runtime_LoggerCircBuf_Module__FXNS__C)
                  c09fe3dc    00000058     ti.targets.rts6000.ae674 : Error.oe674 (.const:.string)
                  c09fe434    00000056     os.ae674 : semaphore.oe674 (.const:.string)
                  c09fe48a    00000002     Local_pe674.oe674 (.const:ti_sysbios_gates_GateMutex_Module__id__C)
                  c09fe48c    00000054     UDP.obj (.const:.string)
                  c09fe4e0    00000054     stk6.ae674 : sockprot.oe674 (.const:Code2Err)
                  c09fe534    00000051     nettool.ae674 : dhcpmain.oe674 (.const:.string)
                  c09fe585    00000050     stk6.ae674 : bind.oe674 (.const:.string)
                  c09fe5d5    0000004e                : rtable.oe674 (.const:.string)
                  c09fe623    00000001     --HOLE-- [fill = 0]
                  c09fe624    00000048     ti.targets.rts6000.ae674 : Log.oe674 (.const:.string)
                  c09fe66c    00000004     Local_pe674.oe674 (.const:ti_sysbios_BIOS_Module__diagsIncluded__C)
                  c09fe670    00000048     rts6740_elf.lib : strtod.c.obj (.const:powerof10)
                  c09fe6b8    00000048     Local_pe674.oe674 (.const:ti_sysbios_knl_Task_hooks__A)
                  c09fe700    00000044     netctrl_min.ae674 : netctrl.oe674 (.const:.string)
                  c09fe744    00000041     stk6.ae674 : sb6.oe674 (.const:.string)
                  c09fe785    00000001     --HOLE-- [fill = 0]
                  c09fe786    00000002     Local_pe674.oe674 (.const:ti_sysbios_hal_Hwi_Module__id__C)
                  c09fe788    00000040     ti.targets.rts6000.ae674 : Text.oe674 (.const:.string)
                  c09fe7c8    00000040     Local_pe674.oe674 (.const:xdc_runtime_Startup_sfxnTab__A)
                  c09fe808    0000003e     stk6.ae674 : ipv6.oe674 (.const:.string)
                  c09fe846    0000003c                : ipv6_exthdrs.oe674 (.const:.string)
                  c09fe882    00000002     Local_pe674.oe674 (.const:ti_sysbios_heaps_HeapMem_Module__id__C)
                  c09fe884    0000003c     Local_pe674.oe674 (.const:ti_sysbios_knl_Task_Object__PARAMS__C)
                  c09fe8c0    00000038     SATATest.obj (.const:.string)
                  c09fe8f8    00000038     stk6.ae674 : icmpv6in.oe674 (.const:.string)
                  c09fe930    00000038                : sock.oe674 (.const:.string)
                  c09fe968    00000034     Local_pe674.oe674 (.const:ti_uia_runtime_LoggerCircBuf_Object__PARAMS__C)
                  c09fe99c    00000034     Local_pe674.oe674 (.const:xdc_runtime_LoggerSys_Module__FXNS__C)
                  c09fe9d0    00000031     stk6.ae674 : pbm.oe674 (.const:.string)
                  c09fea01    00000001     --HOLE-- [fill = 0]
                  c09fea02    00000002     Local_pe674.oe674 (.const:ti_sysbios_knl_Clock_Module__id__C)
                  c09fea04    00000004     Local_pe674.oe674 (.const:ti_sysbios_BIOS_Module__diagsMask__C)
                  c09fea08    00000030     rts6740_elf.lib : asctime.c.obj (.const:mon)
                  c09fea38    00000030     Local_pe674.oe674 (.const:ti_sysbios_family_c64p_Hwi_Object__PARAMS__C)
                  c09fea68    0000002c     ti.drv.omapl138.ae674 : csl_mdio.oe674 (.const:.string)
                  c09fea94    0000002c     ti.targets.rts6000.ae674 : Startup.oe674 (.const:.string)
                  c09feac0    0000002c     Local_pe674.oe674 (.const:ti_sysbios_hal_Hwi_Object__PARAMS__C)
                  c09feaec    00000028     Local_pe674.oe674 (.const:ti_sysbios_heaps_HeapMem_Module__FXNS__C)
                  c09feb14    00000028     Local_pe674.oe674 (.const:ti_sysbios_knl_Swi_Object__PARAMS__C)
                  c09feb3c    00000024     rts6740_elf.lib : _printfi.c.obj (.const:.string)
                  c09feb60    00000024     Local_pe674.oe674 (.const:ti_sysbios_gates_GateHwi_Module__FXNS__C)
                  c09feb84    00000024     Local_pe674.oe674 (.const:ti_sysbios_gates_GateMutex_Module__FXNS__C)
                  c09feba8    00000024     Local_pe674.oe674 (.const:ti_sysbios_heaps_HeapMem_Object__PARAMS__C)
                  c09febcc    00000024     Local_pe674.oe674 (.const:ti_sysbios_knl_Clock_Object__PARAMS__C)
                  c09febf0    00000024     Local_pe674.oe674 (.const:ti_sysbios_knl_Semaphore_Object__PARAMS__C)
                  c09fec14    00000024     Local_pe674.oe674 (.const:ti_sysbios_syncs_SyncEvent_Module__FXNS__C)
                  c09fec38    00000020     Local_pe674.oe674 (.const:ti_sysbios_family_c64p_Hwi_Object__DESC__C)
                  c09fec58    00000020     Local_pe674.oe674 (.const:ti_sysbios_gates_GateHwi_Object__DESC__C)
                  c09fec78    00000020     Local_pe674.oe674 (.const:ti_sysbios_gates_GateMutex_Object__DESC__C)
                  c09fec98    00000020     Local_pe674.oe674 (.const:ti_sysbios_hal_Hwi_Object__DESC__C)
                  c09fecb8    00000020     Local_pe674.oe674 (.const:ti_sysbios_heaps_HeapMem_Object__DESC__C)
                  c09fecd8    00000020     Local_pe674.oe674 (.const:ti_sysbios_knl_Clock_Object__DESC__C)
                  c09fecf8    00000020     Local_pe674.oe674 (.const:ti_sysbios_knl_Queue_Object__DESC__C)
                  c09fed18    00000020     Local_pe674.oe674 (.const:ti_sysbios_knl_Semaphore_Object__DESC__C)
                  c09fed38    00000020     Local_pe674.oe674 (.const:ti_sysbios_knl_Swi_Object__DESC__C)
                  c09fed58    00000020     Local_pe674.oe674 (.const:ti_sysbios_knl_Task_Object__DESC__C)
                  c09fed78    00000020     Local_pe674.oe674 (.const:ti_sysbios_syncs_SyncEvent_Object__DESC__C)
                  c09fed98    00000020     Local_pe674.oe674 (.const:ti_sysbios_syncs_SyncEvent_Object__PARAMS__C)
                  c09fedb8    00000020     Local_pe674.oe674 (.const:ti_sysbios_timers_timer64_Timer_Object__DESC__C)
                  c09fedd8    00000020     Local_pe674.oe674 (.const:ti_uia_runtime_LoggerCircBuf_Object__DESC__C)
                  c09fedf8    00000020     Local_pe674.oe674 (.const:xdc_runtime_LoggerSys_Object__DESC__C)
                  c09fee18    00000020     Local_pe674.oe674 (.const:xdc_runtime_Startup_sfxnRts__A)
                  c09fee38    0000001e     nettool.ae674 : daemon.oe674 (.const:.string)
                  c09fee56    0000001d     stk6.ae674 : lli.oe674 (.const:.string)
                  c09fee73    00000001     --HOLE-- [fill = 0]
                  c09fee74    00000004     Local_pe674.oe674 (.const:ti_sysbios_BIOS_installedErrorHook__C)
                  c09fee78    0000001c     rts6740_elf.lib : asctime.c.obj (.const:day)
                  c09fee94    00000018     nettool.ae674 : config.oe674 (.const:.string)
                  c09feeac    00000018     stk6.ae674 : exec.oe674 (.const:.string)
                  c09feec4    00000018     Local_pe674.oe674 (.const:ti_sysbios_gates_GateHwi_Object__PARAMS__C)
                  c09feedc    00000018     Local_pe674.oe674 (.const:ti_sysbios_gates_GateMutex_Object__PARAMS__C)
                  c09feef4    00000018     Local_pe674.oe674 (.const:ti_sysbios_knl_Queue_Object__PARAMS__C)
                  c09fef0c    00000004     Local_pe674.oe674 (.const:ti_sysbios_family_c62_TaskSupport_stackAlignment__C)
                  c09fef10    00000018     Local_pe674.oe674 (.const:ti_sysbios_knl_Swi_hooks__A)
                  c09fef28    00000018     Local_pe674.oe674 (.const:ti_uia_runtime_ServiceMgr_transportFxns__C)
                  c09fef40    00000018     Local_pe674.oe674 (.const:xdc_runtime_LoggerSys_Object__PARAMS__C)
                  c09fef58    00000017     stk6.ae674 : ipout.oe674 (.const:.string)
                  c09fef6f    00000016                : ipv6out.oe674 (.const:.string)
                  c09fef85    00000001     --HOLE-- [fill = 0]
                  c09fef86    00000002     Local_pe674.oe674 (.const:ti_sysbios_knl_Clock_Module__loggerDefined__C)
                  c09fef88    00000014     Local_pe674.oe674 (.const:ti_sysbios_family_c64p_Hwi_hooks__A)
                  c09fef9c    00000013     stk6.ae674 : fileuser.oe674 (.const:.string)
                  c09fefaf    00000011                : tcp6prot.oe674 (.const:.string)
                  c09fefc0    00000011                : tcpprot.oe674 (.const:.string)
                  c09fefd1    00000001     --HOLE-- [fill = 0]
                  c09fefd2    00000002     Local_pe674.oe674 (.const:ti_sysbios_knl_Event_Module__id__C)
                  c09fefd4    00000004     Local_pe674.oe674 (.const:ti_sysbios_family_c64p_Cache_EMIFA_BASE__C)
                  c09fefd8    00000011     ti.targets.rts6000.ae674 : System.oe674 (.const:digtohex)
                  c09fefe9    00000001     --HOLE-- [fill = 0]
                  c09fefea    00000002     Local_pe674.oe674 (.const:ti_sysbios_knl_Event_Module__loggerDefined__C)
                  c09fefec    00000010     rts6740_elf.lib : _scanfi.c.obj (.const:.string)
                  c09feffc    00000004     Local_pe674.oe674 (.const:ti_sysbios_family_c64p_Cache_EMIFA_CFG__C)
                  c09ff000    00000010     Local_pe674.oe674 (.const:ti_sysbios_family_c64p_EventCombiner_EVTMASK__C)
                  c09ff010    00000010     Local_pe674.oe674 (.const:ti_uia_runtime_ServiceMgr_processCallbackFxn__A)
                  c09ff020    00000010     Local_pe674.oe674 (.const:ti_uia_sysbios_Adaptor_period__A)
                  c09ff030    00000010     Local_pe674.oe674 (.const:ti_uia_sysbios_Adaptor_scheduled__A)
                  c09ff040    0000000f     UDP.obj (.const:.string:$P$T0$1)
                  c09ff04f    0000000e     stk6.ae674 : timer.oe674 (.const:.string)
                  c09ff05d    0000000d     os.ae674 : ossys.oe674 (.const:.string)
                  c09ff06a    00000002     Local_pe674.oe674 (.const:ti_sysbios_knl_Semaphore_Module__id__C)
                  c09ff06c    0000000c     Local_pe674.oe674 (.const:ti_sysbios_family_c64p_Cache_initSize__C)
                  c09ff078    0000000c     Local_pe674.oe674 (.const:ti_sysbios_knl_Idle_coreList__A)
                  c09ff084    00000004     Local_pe674.oe674 (.const:ti_sysbios_family_c64p_Cache_EMIFA_LENGTH__C)
                  c09ff088    0000000c     Local_pe674.oe674 (.const:ti_sysbios_knl_Idle_funcList__A)
                  c09ff094    0000000b     stk6.ae674 : route.oe674 (.const:.string)
                  c09ff09f    00000001     --HOLE-- [fill = 0]
                  c09ff0a0    00000008     ti.targets.rts6000.ae674 : System.oe674 (.const:.string)
                  c09ff0a8    00000008     Local_pe674.oe674 (.const:ti_sysbios_family_c64p_Hwi_hooks__C)
                  c09ff0b0    00000008     Local_pe674.oe674 (.const:ti_sysbios_knl_Idle_coreList__C)
                  c09ff0b8    00000008     Local_pe674.oe674 (.const:ti_sysbios_knl_Idle_funcList__C)
                  c09ff0c0    00000008     Local_pe674.oe674 (.const:ti_sysbios_knl_Swi_hooks__C)
                  c09ff0c8    00000008     Local_pe674.oe674 (.const:ti_sysbios_knl_Task_hooks__C)
                  c09ff0d0    00000008     Local_pe674.oe674 (.const:ti_uia_sysbios_Adaptor_reqEnergy__A)
                  c09ff0d8    00000008     Local_pe674.oe674 (.const:xdc_runtime_Startup_firstFxns__A)
                  c09ff0e0    00000008     Local_pe674.oe674 (.const:xdc_runtime_Startup_firstFxns__C)
                  c09ff0e8    00000008     Local_pe674.oe674 (.const:xdc_runtime_Startup_lastFxns__C)
                  c09ff0f0    00000007     rts6740_elf.lib : _scanfi.c.obj (.const:.string:flit$1)
                  c09ff0f7    00000001     --HOLE-- [fill = 0]
                  c09ff0f8    00000006                     : _scanfi.c.obj (.const:.string:barr$2)
                  c09ff0fe    00000002     Local_pe674.oe674 (.const:ti_sysbios_knl_Semaphore_Module__loggerDefined__C)
                  c09ff100    00000004     Local_pe674.oe674 (.const:ti_sysbios_family_c64p_Cache_EMIFB_BASE__C)
                  c09ff104    00000004     Local_pe674.oe674 (.const:ti_sysbios_family_c64p_Cache_EMIFB_CFG__C)
                  c09ff108    00000004     Local_pe674.oe674 (.const:ti_sysbios_family_c64p_Cache_EMIFB_LENGTH__C)
                  c09ff10c    00000004     Local_pe674.oe674 (.const:ti_sysbios_family_c64p_Cache_EMIFC_BASE__C)
                  c09ff110    00000004     Local_pe674.oe674 (.const:ti_sysbios_family_c64p_Cache_EMIFC_CFG__C)
                  c09ff114    00000004     Local_pe674.oe674 (.const:ti_sysbios_family_c64p_Cache_EMIFC_LENGTH__C)
                  c09ff118    00000004     Local_pe674.oe674 (.const:ti_sysbios_family_c64p_Cache_MAR0_31__C)
                  c09ff11c    00000004     Local_pe674.oe674 (.const:ti_sysbios_family_c64p_Cache_MAR128_159__C)
                  c09ff120    00000004     Local_pe674.oe674 (.const:ti_sysbios_family_c64p_Cache_MAR160_191__C)
                  c09ff124    00000004     Local_pe674.oe674 (.const:ti_sysbios_family_c64p_Cache_MAR192_223__C)
                  c09ff128    00000004     Local_pe674.oe674 (.const:ti_sysbios_family_c64p_Cache_MAR224_255__C)
                  c09ff12c    00000004     Local_pe674.oe674 (.const:ti_sysbios_family_c64p_Cache_MAR32_63__C)
                  c09ff130    00000004     Local_pe674.oe674 (.const:ti_sysbios_family_c64p_Cache_MAR64_95__C)
                  c09ff134    00000004     Local_pe674.oe674 (.const:ti_sysbios_family_c64p_Cache_MAR96_127__C)
                  c09ff138    00000004     Local_pe674.oe674 (.const:ti_sysbios_family_c64p_EventCombiner_E_unpluggedEvent__C)
                  c09ff13c    00000004     Local_pe674.oe674 (.const:ti_sysbios_family_c64p_Exception_E_exceptionMax__C)
                  c09ff140    00000004     Local_pe674.oe674 (.const:ti_sysbios_family_c64p_Exception_exceptionHook__C)
                  c09ff144    00000004     Local_pe674.oe674 (.const:ti_sysbios_family_c64p_Exception_externalHook__C)
                  c09ff148    00000004     Local_pe674.oe674 (.const:ti_sysbios_family_c64p_Exception_internalHook__C)
                  c09ff14c    00000004     Local_pe674.oe674 (.const:ti_sysbios_family_c64p_Exception_nmiHook__C)
                  c09ff150    00000004     Local_pe674.oe674 (.const:ti_sysbios_family_c64p_Hwi_E_alreadyDefined__C)
                  c09ff154    00000004     Local_pe674.oe674 (.const:ti_sysbios_family_c64p_Hwi_E_handleNotFound__C)
                  c09ff158    00000004     Local_pe674.oe674 (.const:ti_sysbios_family_c64p_Hwi_LD_end__C)
                  c09ff15c    00000004     Local_pe674.oe674 (.const:ti_sysbios_family_c64p_Hwi_LM_begin__C)
                  c09ff160    00000004     Local_pe674.oe674 (.const:ti_sysbios_family_c64p_Hwi_Module__diagsEnabled__C)
                  c09ff164    00000004     Local_pe674.oe674 (.const:ti_sysbios_family_c64p_Hwi_Module__diagsIncluded__C)
                  c09ff168    00000004     Local_pe674.oe674 (.const:ti_sysbios_family_c64p_Hwi_Module__diagsMask__C)
                  c09ff16c    00000004     Local_pe674.oe674 (.const:ti_sysbios_family_c64p_Hwi_Module__loggerFxn1__C)
                  c09ff170    00000004     Local_pe674.oe674 (.const:ti_sysbios_family_c64p_Hwi_Module__loggerFxn8__C)
                  c09ff174    00000004     Local_pe674.oe674 (.const:ti_sysbios_family_c64p_Hwi_Module__loggerObj__C)
                  c09ff178    00000004     Local_pe674.oe674 (.const:ti_sysbios_family_c64p_Hwi_Object__heap__C)
                  c09ff17c    00000004     Local_pe674.oe674 (.const:ti_sysbios_gates_GateMutex_A_badContext__C)
                  c09ff180    00000004     Local_pe674.oe674 (.const:ti_sysbios_gates_GateMutex_Instance_State_sem__O)
                  c09ff184    00000004     Local_pe674.oe674 (.const:ti_sysbios_gates_GateMutex_Module__diagsEnabled__C)
                  c09ff188    00000004     Local_pe674.oe674 (.const:ti_sysbios_gates_GateMutex_Module__diagsIncluded__C)
                  c09ff18c    00000004     Local_pe674.oe674 (.const:ti_sysbios_gates_GateMutex_Module__diagsMask__C)
                  c09ff190    00000004     Local_pe674.oe674 (.const:ti_sysbios_hal_Hwi_E_stackOverflow__C)
                  c09ff194    00000004     Local_pe674.oe674 (.const:ti_sysbios_heaps_HeapMem_A_align__C)
                  c09ff198    00000004     Local_pe674.oe674 (.const:ti_sysbios_heaps_HeapMem_A_heapSize__C)
                  c09ff19c    00000004     Local_pe674.oe674 (.const:ti_sysbios_heaps_HeapMem_A_invalidFree__C)
                  c09ff1a0    00000004     Local_pe674.oe674 (.const:ti_sysbios_heaps_HeapMem_A_zeroBlock__C)
                  c09ff1a4    00000004     Local_pe674.oe674 (.const:ti_sysbios_heaps_HeapMem_E_memory__C)
                  c09ff1a8    00000004     Local_pe674.oe674 (.const:ti_sysbios_heaps_HeapMem_Module__diagsEnabled__C)
                  c09ff1ac    00000004     Local_pe674.oe674 (.const:ti_sysbios_heaps_HeapMem_Module__diagsIncluded__C)
                  c09ff1b0    00000004     Local_pe674.oe674 (.const:ti_sysbios_heaps_HeapMem_Module__diagsMask__C)
                  c09ff1b4    00000004     Local_pe674.oe674 (.const:ti_sysbios_heaps_HeapMem_Module__gateObj__C)
                  c09ff1b8    00000004     Local_pe674.oe674 (.const:ti_sysbios_heaps_HeapMem_Object__count__C)
                  c09ff1bc    00000004     Local_pe674.oe674 (.const:ti_sysbios_heaps_HeapMem_Object__table__C)
                  c09ff1c0    00000004     Local_pe674.oe674 (.const:ti_sysbios_heaps_HeapMem_reqAlign__C)
                  c09ff1c4    00000004     Local_pe674.oe674 (.const:ti_sysbios_knl_Clock_A_badThreadType__C)
                  c09ff1c8    00000004     Local_pe674.oe674 (.const:ti_sysbios_knl_Clock_A_clockDisabled__C)
                  c09ff1cc    00000004     Local_pe674.oe674 (.const:ti_sysbios_knl_Clock_LM_begin__C)
                  c09ff1d0    00000004     Local_pe674.oe674 (.const:ti_sysbios_knl_Clock_LM_tick__C)
                  c09ff1d4    00000004     Local_pe674.oe674 (.const:ti_sysbios_knl_Clock_LW_delayed__C)
                  c09ff1d8    00000004     Local_pe674.oe674 (.const:ti_sysbios_knl_Clock_Module_State_clockQ__O)
                  c09ff1dc    00000004     Local_pe674.oe674 (.const:ti_sysbios_knl_Clock_Module__diagsEnabled__C)
                  c09ff1e0    00000004     Local_pe674.oe674 (.const:ti_sysbios_knl_Clock_Module__diagsIncluded__C)
                  c09ff1e4    00000004     Local_pe674.oe674 (.const:ti_sysbios_knl_Clock_Module__diagsMask__C)
                  c09ff1e8    00000004     Local_pe674.oe674 (.const:ti_sysbios_knl_Clock_Module__loggerFxn1__C)
                  c09ff1ec    00000004     Local_pe674.oe674 (.const:ti_sysbios_knl_Clock_Module__loggerFxn2__C)
                  c09ff1f0    00000004     Local_pe674.oe674 (.const:ti_sysbios_knl_Clock_Module__loggerObj__C)
                  c09ff1f4    00000004     Local_pe674.oe674 (.const:ti_sysbios_knl_Clock_tickPeriod__C)
                  c09ff1f8    00000004     Local_pe674.oe674 (.const:ti_sysbios_knl_Event_A_badContext__C)
                  c09ff1fc    00000004     Local_pe674.oe674 (.const:ti_sysbios_knl_Event_A_eventInUse__C)
                  c09ff200    00000004     Local_pe674.oe674 (.const:ti_sysbios_knl_Event_A_nullEventId__C)
                  c09ff204    00000004     Local_pe674.oe674 (.const:ti_sysbios_knl_Event_A_nullEventMasks__C)
                  c09ff208    00000004     Local_pe674.oe674 (.const:ti_sysbios_knl_Event_A_pendTaskDisabled__C)
                  c09ff20c    00000004     Local_pe674.oe674 (.const:ti_sysbios_knl_Event_Instance_State_pendQ__O)
                  c09ff210    00000004     Local_pe674.oe674 (.const:ti_sysbios_knl_Event_LM_pend__C)
                  c09ff214    00000004     Local_pe674.oe674 (.const:ti_sysbios_knl_Event_LM_post__C)
                  c09ff218    00000004     Local_pe674.oe674 (.const:ti_sysbios_knl_Event_Module__diagsEnabled__C)
                  c09ff21c    00000004     Local_pe674.oe674 (.const:ti_sysbios_knl_Event_Module__diagsIncluded__C)
                  c09ff220    00000004     Local_pe674.oe674 (.const:ti_sysbios_knl_Event_Module__diagsMask__C)
                  c09ff224    00000004     Local_pe674.oe674 (.const:ti_sysbios_knl_Event_Module__loggerFxn4__C)
                  c09ff228    00000004     Local_pe674.oe674 (.const:ti_sysbios_knl_Event_Module__loggerFxn8__C)
                  c09ff22c    00000004     Local_pe674.oe674 (.const:ti_sysbios_knl_Event_Module__loggerObj__C)
                  c09ff230    00000004     Local_pe674.oe674 (.const:ti_sysbios_knl_Queue_Object__table__C)
                  c09ff234    00000004     Local_pe674.oe674 (.const:ti_sysbios_knl_Semaphore_A_badContext__C)
                  c09ff238    00000004     Local_pe674.oe674 (.const:ti_sysbios_knl_Semaphore_A_noEvents__C)
                  c09ff23c    00000004     Local_pe674.oe674 (.const:ti_sysbios_knl_Semaphore_A_overflow__C)
                  c09ff240    00000004     Local_pe674.oe674 (.const:ti_sysbios_knl_Semaphore_A_pendTaskDisabled__C)
                  c09ff244    00000004     Local_pe674.oe674 (.const:ti_sysbios_knl_Semaphore_Instance_State_pendQ__O)
                  c09ff248    00000004     Local_pe674.oe674 (.const:ti_sysbios_knl_Semaphore_LM_pend__C)
                  c09ff24c    00000004     Local_pe674.oe674 (.const:ti_sysbios_knl_Semaphore_LM_post__C)
                  c09ff250    00000004     Local_pe674.oe674 (.const:ti_sysbios_knl_Semaphore_Module__diagsEnabled__C)
                  c09ff254    00000004     Local_pe674.oe674 (.const:ti_sysbios_knl_Semaphore_Module__diagsIncluded__C)
                  c09ff258    00000004     Local_pe674.oe674 (.const:ti_sysbios_knl_Semaphore_Module__diagsMask__C)
                  c09ff25c    00000004     Local_pe674.oe674 (.const:ti_sysbios_knl_Semaphore_Module__loggerFxn2__C)
                  c09ff260    00000004     Local_pe674.oe674 (.const:ti_sysbios_knl_Semaphore_Module__loggerFxn4__C)
                  c09ff264    00000004     Local_pe674.oe674 (.const:ti_sysbios_knl_Semaphore_Module__loggerObj__C)
                  c09ff268    00000004     Local_pe674.oe674 (.const:ti_sysbios_knl_Swi_A_badPriority__C)
                  c09ff26c    00000004     Local_pe674.oe674 (.const:ti_sysbios_knl_Swi_A_swiDisabled__C)
                  c09ff270    00000004     Local_pe674.oe674 (.const:ti_sysbios_knl_Swi_LD_end__C)
                  c09ff274    00000004     Local_pe674.oe674 (.const:ti_sysbios_knl_Swi_LM_begin__C)
                  c09ff278    00000004     Local_pe674.oe674 (.const:ti_sysbios_knl_Swi_LM_post__C)
                  c09ff27c    00000004     Local_pe674.oe674 (.const:ti_sysbios_knl_Swi_Module__diagsEnabled__C)
                  c09ff280    00000004     Local_pe674.oe674 (.const:ti_sysbios_knl_Swi_Module__diagsIncluded__C)
                  c09ff284    00000004     Local_pe674.oe674 (.const:ti_sysbios_knl_Swi_Module__diagsMask__C)
                  c09ff288    00000004     Local_pe674.oe674 (.const:ti_sysbios_knl_Swi_Module__loggerFxn1__C)
                  c09ff28c    00000004     Local_pe674.oe674 (.const:ti_sysbios_knl_Swi_Module__loggerFxn4__C)
                  c09ff290    00000004     Local_pe674.oe674 (.const:ti_sysbios_knl_Swi_Module__loggerObj__C)
                  c09ff294    00000004     Local_pe674.oe674 (.const:ti_sysbios_knl_Swi_Object__count__C)
                  c09ff298    00000004     Local_pe674.oe674 (.const:ti_sysbios_knl_Swi_Object__heap__C)
                  c09ff29c    00000004     Local_pe674.oe674 (.const:ti_sysbios_knl_Swi_Object__table__C)
                  c09ff2a0    00000004     Local_pe674.oe674 (.const:ti_sysbios_knl_Swi_numConstructedSwis__C)
                  c09ff2a4    00000004     Local_pe674.oe674 (.const:ti_sysbios_knl_Task_A_badPriority__C)
                  c09ff2a8    00000004     Local_pe674.oe674 (.const:ti_sysbios_knl_Task_A_badTaskState__C)
                  c09ff2ac    00000004     Local_pe674.oe674 (.const:ti_sysbios_knl_Task_A_badThreadType__C)
                  c09ff2b0    00000004     Local_pe674.oe674 (.const:ti_sysbios_knl_Task_A_badTimeout__C)
                  c09ff2b4    00000004     Local_pe674.oe674 (.const:ti_sysbios_knl_Task_A_noPendElem__C)
                  c09ff2b8    00000004     Local_pe674.oe674 (.const:ti_sysbios_knl_Task_A_sleepTaskDisabled__C)
                  c09ff2bc    00000004     Local_pe674.oe674 (.const:ti_sysbios_knl_Task_A_taskDisabled__C)
                  c09ff2c0    00000004     Local_pe674.oe674 (.const:ti_sysbios_knl_Task_E_deleteNotAllowed__C)
                  c09ff2c4    00000004     Local_pe674.oe674 (.const:ti_sysbios_knl_Task_E_spOutOfBounds__C)
                  c09ff2c8    00000004     Local_pe674.oe674 (.const:ti_sysbios_knl_Task_E_stackOverflow__C)
                  c09ff2cc    00000004     Local_pe674.oe674 (.const:ti_sysbios_knl_Task_LD_block__C)
                  c09ff2d0    00000004     Local_pe674.oe674 (.const:ti_sysbios_knl_Task_LD_exit__C)
                  c09ff2d4    00000004     Local_pe674.oe674 (.const:ti_sysbios_knl_Task_LD_ready__C)
                  c09ff2d8    00000004     Local_pe674.oe674 (.const:ti_sysbios_knl_Task_LM_setPri__C)
                  c09ff2dc    00000004     Local_pe674.oe674 (.const:ti_sysbios_knl_Task_LM_sleep__C)
                  c09ff2e0    00000004     Local_pe674.oe674 (.const:ti_sysbios_knl_Task_LM_switch__C)
                  c09ff2e4    00000004     Local_pe674.oe674 (.const:ti_sysbios_knl_Task_LM_yield__C)
                  c09ff2e8    00000004     Local_pe674.oe674 (.const:ti_sysbios_knl_Task_Module_State_inactiveQ__O)
                  c09ff2ec    00000004     Local_pe674.oe674 (.const:ti_sysbios_knl_Task_Module_State_terminatedQ__O)
                  c09ff2f0    00000004     Local_pe674.oe674 (.const:ti_sysbios_knl_Task_Module__diagsEnabled__C)
                  c09ff2f4    00000004     Local_pe674.oe674 (.const:ti_sysbios_knl_Task_Module__diagsIncluded__C)
                  c09ff2f8    00000004     Local_pe674.oe674 (.const:ti_sysbios_knl_Task_Module__diagsMask__C)
                  c09ff2fc    00000004     Local_pe674.oe674 (.const:ti_sysbios_knl_Task_Module__loggerFxn2__C)
                  c09ff300    00000004     Local_pe674.oe674 (.const:ti_sysbios_knl_Task_Module__loggerFxn4__C)
                  c09ff304    00000004     Local_pe674.oe674 (.const:ti_sysbios_knl_Task_Module__loggerObj__C)
                  c09ff308    00000004     Local_pe674.oe674 (.const:ti_sysbios_knl_Task_Object__count__C)
                  c09ff30c    00000004     Local_pe674.oe674 (.const:ti_sysbios_knl_Task_Object__heap__C)
                  c09ff310    00000004     Local_pe674.oe674 (.const:ti_sysbios_knl_Task_Object__table__C)
                  c09ff314    00000004     Local_pe674.oe674 (.const:ti_sysbios_knl_Task_allBlockedFunc__C)
                  c09ff318    00000004     Local_pe674.oe674 (.const:ti_sysbios_knl_Task_defaultStackHeap__C)
                  c09ff31c    00000004     Local_pe674.oe674 (.const:ti_sysbios_knl_Task_defaultStackSize__C)
                  c09ff320    00000004     Local_pe674.oe674 (.const:ti_sysbios_knl_Task_numConstructedTasks__C)
                  c09ff324    00000004     Local_pe674.oe674 (.const:ti_sysbios_syncs_SyncEvent_A_nullHandle__C)
                  c09ff328    00000004     Local_pe674.oe674 (.const:ti_sysbios_syncs_SyncEvent_Module__diagsEnabled__C)
                  c09ff32c    00000004     Local_pe674.oe674 (.const:ti_sysbios_syncs_SyncEvent_Module__diagsIncluded__C)
                  c09ff330    00000004     Local_pe674.oe674 (.const:ti_sysbios_syncs_SyncEvent_Module__diagsMask__C)
                  c09ff334    00000004     Local_pe674.oe674 (.const:ti_sysbios_timers_timer64_Timer_A_notAvailable__C)
                  c09ff338    00000004     Local_pe674.oe674 (.const:ti_sysbios_timers_timer64_Timer_E_cannotSupport__C)
                  c09ff33c    00000004     Local_pe674.oe674 (.const:ti_sysbios_timers_timer64_Timer_E_invalidTimer__C)
                  c09ff340    00000004     Local_pe674.oe674 (.const:ti_sysbios_timers_timer64_Timer_E_notAvailable__C)
                  c09ff344    00000004     Local_pe674.oe674 (.const:ti_sysbios_timers_timer64_Timer_Module__diagsEnabled__C)
                  c09ff348    00000004     Local_pe674.oe674 (.const:ti_sysbios_timers_timer64_Timer_Module__diagsIncluded__C)
                  c09ff34c    00000004     Local_pe674.oe674 (.const:ti_sysbios_timers_timer64_Timer_Module__diagsMask__C)
                  c09ff350    00000004     Local_pe674.oe674 (.const:ti_sysbios_timers_timer64_Timer_anyMask__C)
                  c09ff354    00000004     Local_pe674.oe674 (.const:ti_sysbios_timers_timer64_Timer_defaultHalf__C)
                  c09ff358    00000004     Local_pe674.oe674 (.const:ti_sysbios_timers_timer64_Timer_freqDivisor__C)
                  c09ff35c    00000004     Local_pe674.oe674 (.const:ti_sysbios_timers_timer64_Timer_numLocalTimers__C)
                  c09ff360    00000004     Local_pe674.oe674 (.const:ti_sysbios_timers_timer64_Timer_numTimerDevices__C)
                  c09ff364    00000004     Local_pe674.oe674 (.const:ti_sysbios_utils_Load_LS_cpuLoad__C)
                  c09ff368    00000004     Local_pe674.oe674 (.const:ti_sysbios_utils_Load_LS_hwiLoad__C)
                  c09ff36c    00000004     Local_pe674.oe674 (.const:ti_sysbios_utils_Load_LS_swiLoad__C)
                  c09ff370    00000004     Local_pe674.oe674 (.const:ti_sysbios_utils_Load_LS_taskLoad__C)
                  c09ff374    00000004     Local_pe674.oe674 (.const:ti_sysbios_utils_Load_Module_State_taskList__O)
                  c09ff378    00000004     Local_pe674.oe674 (.const:ti_sysbios_utils_Load_Module__diagsEnabled__C)
                  c09ff37c    00000004     Local_pe674.oe674 (.const:ti_sysbios_utils_Load_Module__diagsIncluded__C)
                  c09ff380    00000004     Local_pe674.oe674 (.const:ti_sysbios_utils_Load_Module__diagsMask__C)
                  c09ff384    00000004     Local_pe674.oe674 (.const:ti_sysbios_utils_Load_Module__loggerFxn1__C)
                  c09ff388    00000004     Local_pe674.oe674 (.const:ti_sysbios_utils_Load_Module__loggerFxn2__C)
                  c09ff38c    00000004     Local_pe674.oe674 (.const:ti_sysbios_utils_Load_Module__loggerFxn4__C)
                  c09ff390    00000004     Local_pe674.oe674 (.const:ti_sysbios_utils_Load_Module__loggerObj__C)
                  c09ff394    00000004     Local_pe674.oe674 (.const:ti_sysbios_utils_Load_postUpdate__C)
                  c09ff398    00000004     Local_pe674.oe674 (.const:ti_sysbios_utils_Load_windowInMs__C)
                  c09ff39c    00000004     Local_pe674.oe674 (.const:ti_uia_events_UIASync_globalTimerFreq__C)
                  c09ff3a0    00000004     Local_pe674.oe674 (.const:ti_uia_events_UIASync_syncPointAfterHalt__C)
                  c09ff3a4    00000004     Local_pe674.oe674 (.const:ti_uia_events_UIASync_syncPoint__C)
                  c09ff3a8    00000004     Local_pe674.oe674 (.const:ti_uia_runtime_ILoggerSnapshot_Interface__BASE__C)
                  c09ff3ac    00000004     Local_pe674.oe674 (.const:ti_uia_runtime_IUIATransfer_Interface__BASE__C)
                  c09ff3b0    00000004     Local_pe674.oe674 (.const:ti_uia_runtime_LogSync_Module__loggerObj__C)
                  c09ff3b4    00000004     Local_pe674.oe674 (.const:ti_uia_runtime_LogSync_cpuTimestampCyclesPerTick__C)
                  c09ff3b8    00000004     Local_pe674.oe674 (.const:ti_uia_runtime_LogSync_globalTimestampCpuCyclesPerTick__C)
                  c09ff3bc    00000004     Local_pe674.oe674 (.const:ti_uia_runtime_LogSync_injectIntoTraceFxn__C)
                  c09ff3c0    00000004     Local_pe674.oe674 (.const:ti_uia_runtime_LoggerCircBuf_E_badLevel__C)
                  c09ff3c4    00000004     Local_pe674.oe674 (.const:ti_uia_runtime_LoggerCircBuf_Object__count__C)
                  c09ff3c8    00000004     Local_pe674.oe674 (.const:ti_uia_runtime_LoggerCircBuf_Object__table__C)
                  c09ff3cc    00000004     Local_pe674.oe674 (.const:ti_uia_runtime_LoggerCircBuf_overflowLogger__C)
                  c09ff3d0    00000004     Local_pe674.oe674 (.const:ti_uia_runtime_LoggerCircBuf_statusLogger__C)
                  c09ff3d4    00000004     Local_pe674.oe674 (.const:ti_uia_runtime_ServiceMgr_A_invalidProcessCallbackFxn__C)
                  c09ff3d8    00000004     Local_pe674.oe674 (.const:ti_uia_runtime_ServiceMgr_A_invalidServiceId__C)
                  c09ff3dc    00000004     Local_pe674.oe674 (.const:ti_uia_runtime_ServiceMgr_Module__diagsEnabled__C)
                  c09ff3e0    00000004     Local_pe674.oe674 (.const:ti_uia_runtime_ServiceMgr_Module__diagsIncluded__C)
                  c09ff3e4    00000004     Local_pe674.oe674 (.const:ti_uia_runtime_ServiceMgr_Module__diagsMask__C)
                  c09ff3e8    00000004     Local_pe674.oe674 (.const:ti_uia_runtime_ServiceMgr_maxCtrlPacketSize__C)
                  c09ff3ec    00000004     Local_pe674.oe674 (.const:ti_uia_runtime_ServiceMgr_maxEventPacketSize__C)
                  c09ff3f0    00000004     Local_pe674.oe674 (.const:ti_uia_runtime_ServiceMgr_numEventPacketBufs__C)
                  c09ff3f4    00000004     Local_pe674.oe674 (.const:ti_uia_runtime_ServiceMgr_numIncomingCtrlPacketBufs__C)
                  c09ff3f8    00000004     Local_pe674.oe674 (.const:ti_uia_runtime_ServiceMgr_numOutgoingCtrlPacketBufs__C)
                  c09ff3fc    00000004     Local_pe674.oe674 (.const:ti_uia_runtime_ServiceMgr_periodInMs__C)
                  c09ff400    00000004     Local_pe674.oe674 (.const:ti_uia_runtime_ServiceMgr_processCallbackFxn__C)
                  c09ff404    00000004     Local_pe674.oe674 (.const:ti_uia_services_Rta_LD_cmdRcvd__C)
                  c09ff408    00000004     Local_pe674.oe674 (.const:ti_uia_services_Rta_LD_recordsSent__C)
                  c09ff40c    00000004     Local_pe674.oe674 (.const:ti_uia_services_Rta_LD_writeMask__C)
                  c09ff410    00000004     Local_pe674.oe674 (.const:ti_uia_services_Rta_Module__diagsEnabled__C)
                  c09ff414    00000004     Local_pe674.oe674 (.const:ti_uia_services_Rta_Module__diagsIncluded__C)
                  c09ff418    00000004     Local_pe674.oe674 (.const:ti_uia_services_Rta_Module__diagsMask__C)
                  c09ff41c    00000004     Local_pe674.oe674 (.const:ti_uia_services_Rta_Module__loggerFxn2__C)
                  c09ff420    00000004     Local_pe674.oe674 (.const:ti_uia_services_Rta_Module__loggerFxn4__C)
                  c09ff424    00000004     Local_pe674.oe674 (.const:ti_uia_services_Rta_Module__loggerObj__C)
                  c09ff428    00000004     Local_pe674.oe674 (.const:ti_uia_services_Rta_periodInMs__C)
                  c09ff42c    00000004     Local_pe674.oe674 (.const:ti_uia_sysbios_Adaptor_eventBuf__C)
                  c09ff430    00000004     Local_pe674.oe674 (.const:ti_uia_sysbios_Adaptor_msgBuf__C)
                  c09ff434    00000004     Local_pe674.oe674 (.const:ti_uia_sysbios_Adaptor_period__C)
                  c09ff438    00000004     Local_pe674.oe674 (.const:ti_uia_sysbios_Adaptor_reqEnergy__C)
                  c09ff43c    00000004     Local_pe674.oe674 (.const:ti_uia_sysbios_Adaptor_scheduled__C)
                  c09ff440    00000004     Local_pe674.oe674 (.const:xdc_runtime_Assert_E_assertFailed__C)
                  c09ff444    00000004     Local_pe674.oe674 (.const:xdc_runtime_Core_A_initializedParams__C)
                  c09ff448    00000004     Local_pe674.oe674 (.const:xdc_runtime_Core_Module__diagsEnabled__C)
                  c09ff44c    00000004     Local_pe674.oe674 (.const:xdc_runtime_Core_Module__diagsIncluded__C)
                  c09ff450    00000004     Local_pe674.oe674 (.const:xdc_runtime_Core_Module__diagsMask__C)
                  c09ff454    00000004     Local_pe674.oe674 (.const:xdc_runtime_Error_E_memory__C)
                  c09ff458    00000004     Local_pe674.oe674 (.const:xdc_runtime_Error_Module__diagsEnabled__C)
                  c09ff45c    00000004     Local_pe674.oe674 (.const:xdc_runtime_Error_Module__diagsIncluded__C)
                  c09ff460    00000004     Local_pe674.oe674 (.const:xdc_runtime_Error_Module__diagsMask__C)
                  c09ff464    00000004     Local_pe674.oe674 (.const:xdc_runtime_Error_Module__loggerFxn8__C)
                  c09ff468    00000004     Local_pe674.oe674 (.const:xdc_runtime_Error_Module__loggerObj__C)
                  c09ff46c    00000004     Local_pe674.oe674 (.const:xdc_runtime_Error_policy__C)
                  c09ff470    00000004     Local_pe674.oe674 (.const:xdc_runtime_Error_raiseHook__C)
                  c09ff474    00000004     Local_pe674.oe674 (.const:xdc_runtime_IFilterLogger_Interface__BASE__C)
                  c09ff478    00000004     Local_pe674.oe674 (.const:xdc_runtime_IGateProvider_Interface__BASE__C)
                  c09ff47c    00000004     Local_pe674.oe674 (.const:xdc_runtime_IHeap_Interface__BASE__C)
                  c09ff480    00000004     Local_pe674.oe674 (.const:xdc_runtime_ILogger_Interface__BASE__C)
                  c09ff484    00000004     Local_pe674.oe674 (.const:xdc_runtime_IModule_Interface__BASE__C)
                  c09ff488    00000004     Local_pe674.oe674 (.const:xdc_runtime_Log_L_error__C)
                  c09ff48c    00000004     Local_pe674.oe674 (.const:xdc_runtime_Memory_defaultHeapInstance__C)
                  c09ff490    00000004     Local_pe674.oe674 (.const:xdc_runtime_Startup_execImpl__C)
                  c09ff494    00000004     Local_pe674.oe674 (.const:xdc_runtime_Startup_maxPasses__C)
                  c09ff498    00000004     Local_pe674.oe674 (.const:xdc_runtime_Startup_lastFxns__A)
                  c09ff49c    00000004     Local_pe674.oe674 (.const:xdc_runtime_Startup_sfxnRts__C)
                  c09ff4a0    00000004     Local_pe674.oe674 (.const:xdc_runtime_Startup_sfxnTab__C)
                  c09ff4a4    00000004     Local_pe674.oe674 (.const:xdc_runtime_Startup_startModsFxn__C)
                  c09ff4a8    00000004     Local_pe674.oe674 (.const:xdc_runtime_SysMin_bufSize__C)
                  c09ff4ac    00000004     Local_pe674.oe674 (.const:xdc_runtime_SysMin_outputFunc__C)
                  c09ff4b0    00000004     Local_pe674.oe674 (.const:xdc_runtime_System_Module__gateObj__C)
                  c09ff4b4    00000004     Local_pe674.oe674 (.const:xdc_runtime_System_extendFxn__C)
                  c09ff4b8    00000004     Local_pe674.oe674 (.const:xdc_runtime_System_maxAtexitHandlers__C)
                  c09ff4bc    00000004     Local_pe674.oe674 (.const:xdc_runtime_Text_charTab__C)
                  c09ff4c0    00000004     Local_pe674.oe674 (.const:xdc_runtime_Text_nameEmpty__C)
                  c09ff4c4    00000004     Local_pe674.oe674 (.const:xdc_runtime_Text_nameStatic__C)
                  c09ff4c8    00000004     Local_pe674.oe674 (.const:xdc_runtime_Text_nameUnknown__C)
                  c09ff4cc    00000004     Local_pe674.oe674 (.const:xdc_runtime_Text_nodeTab__C)
                  c09ff4d0    00000004     Local_pe674.oe674 (.const:xdc_runtime_Text_visitRopeFxn__C)
                  c09ff4d4    00000004     Local_pe674.oe674 (.const:xdc_runtime_knl_ISync_Interface__BASE__C)
                  c09ff4d8    00000003     LCD.obj (.const:.string:$P$T0$1)
                  c09ff4db    00000001     --HOLE-- [fill = 0]
                  c09ff4dc    00000002     Local_pe674.oe674 (.const:ti_sysbios_knl_Swi_Module__id__C)
                  c09ff4de    00000002     Local_pe674.oe674 (.const:ti_sysbios_knl_Swi_Module__loggerDefined__C)
                  c09ff4e0    00000002     Local_pe674.oe674 (.const:ti_sysbios_knl_Task_Module__id__C)
                  c09ff4e2    00000002     Local_pe674.oe674 (.const:ti_sysbios_knl_Task_Module__loggerDefined__C)
                  c09ff4e4    00000002     Local_pe674.oe674 (.const:ti_sysbios_knl_Task_initStackFlag__C)
                  c09ff4e6    00000002     Local_pe674.oe674 (.const:ti_sysbios_syncs_SyncEvent_Module__id__C)
                  c09ff4e8    00000002     Local_pe674.oe674 (.const:ti_sysbios_timers_timer64_Timer_Module__id__C)
                  c09ff4ea    00000002     Local_pe674.oe674 (.const:ti_sysbios_timers_timer64_Timer_startupNeeded__C)
                  c09ff4ec    00000002     Local_pe674.oe674 (.const:ti_sysbios_utils_Load_Module__id__C)
                  c09ff4ee    00000002     Local_pe674.oe674 (.const:ti_sysbios_utils_Load_Module__loggerDefined__C)
                  c09ff4f0    00000002     Local_pe674.oe674 (.const:ti_sysbios_utils_Load_autoAddTasks__C)
                  c09ff4f2    00000002     Local_pe674.oe674 (.const:ti_sysbios_utils_Load_hwiEnabled__C)
                  c09ff4f4    00000002     Local_pe674.oe674 (.const:ti_sysbios_utils_Load_updateInIdle__C)
                  c09ff4f6    00000002     Local_pe674.oe674 (.const:ti_uia_runtime_LogSync_Module__id__C)
                  c09ff4f8    00000002     Local_pe674.oe674 (.const:ti_uia_runtime_LogSync_Module__loggerDefined__C)
                  c09ff4fa    00000002     Local_pe674.oe674 (.const:ti_uia_runtime_LoggerCircBuf_Module__id__C)
                  c09ff4fc    00000002     Local_pe674.oe674 (.const:ti_uia_runtime_LoggerCircBuf_filterByLevel__C)
                  c09ff4fe    00000002     Local_pe674.oe674 (.const:ti_uia_runtime_LoggerCircBuf_isTimestampEnabled__C)
                  c09ff500    00000002     Local_pe674.oe674 (.const:ti_uia_runtime_ServiceMgr_Module__id__C)
                  c09ff502    00000002     Local_pe674.oe674 (.const:ti_uia_runtime_ServiceMgr_supportControl__C)
                  c09ff504    00000002     Local_pe674.oe674 (.const:ti_uia_services_Rta_Module__id__C)
                  c09ff506    00000002     Local_pe674.oe674 (.const:ti_uia_services_Rta_Module__loggerDefined__C)
                  c09ff508    00000002     Local_pe674.oe674 (.const:ti_uia_services_Rta_SERVICEID__C)
                  c09ff50a    00000002     Local_pe674.oe674 (.const:xdc_runtime_Core_Module__id__C)
                  c09ff50c    00000002     Local_pe674.oe674 (.const:xdc_runtime_Error_Module__loggerDefined__C)
                  c09ff50e    00000002     Local_pe674.oe674 (.const:xdc_runtime_Error_maxDepth__C)
                  c09ff510    00000002     Local_pe674.oe674 (.const:xdc_runtime_Memory_Module__id__C)
                  c09ff512    00000002     Local_pe674.oe674 (.const:xdc_runtime_SysMin_flushAtExit__C)
                  c09ff514    00000002     Local_pe674.oe674 (.const:xdc_runtime_Text_charCnt__C)
                  c09ff516    00000002     Local_pe674.oe674 (.const:xdc_runtime_Text_isLoaded__C)
                  c09ff518    00000002     Local_pe674.oe674 (.const:xdc_runtime_Text_registryModsLastId__C)
                  c09ff51a    00000002     Local_pe674.oe674 (.const:xdc_runtime_Text_unnamedModsLastId__C)
                  c09ff51c    00000004     --HOLE-- [fill = 0]
                  c09ff520    00000001     Local_pe674.oe674 (.const:.string:$P$T0$1)

.switch.1 
*          0    c09ff524    0000001c     
                  c09ff524    0000001c     stk6.ae674 : sock6int.oe674 (.switch:Sock6Notify)

.switch.2 
*          0    c0a63300    000000f8     
                  c0a63300    0000007c     SYSCFG.obj (.switch:BootModeGet)
                  c0a6337c    0000005c     rts6740_elf.lib : _scanfi.c.obj (.switch:__TI_scanfi)
                  c0a633d8    00000020     Flash.obj (.switch:SPI1CSPinMuxSet)

.vecs      0    c0a65400    00000200     
                  c0a65400    00000200     Local_pe674.oe674 (.vecs)

xdc.meta   0    c0000000    000000f0     COPY SECTION
                  c0000000    000000f0     Local_pe674.oe674 (xdc.meta)

.text      0    c09ff540    00063dc0     
                  c09ff540    000020c0     rts6740_elf.lib : _printfi.c.obj (.text:__TI_printfi)
                  c0a01600    00002080                     : _scanfi.c.obj (.text:__TI_scanfi)
                  c0a03680    000019e0     stk6.ae674 : tcp6in.oe674 (.text:TCP6Input)
                  c0a05060    000019e0                : tcpin.oe674 (.text:TcpInput)
                  c0a06a40    000017a0     drivers.lib : rtc.obj (.text)
                  c0a081e0    00001220     stk6.ae674 : tcpout.oe674 (.text:TcpOutput)
                  c0a09400    00001180                : tcp6out.oe674 (.text:TCP6Output)
                  c0a0a580    00000f00     ti.drv.omapl138.ae674 : csl_emac.oe674 (.text:EMAC_open)
                  c0a0b480    00000e60     grlib.lib : string.obj (.text)
                  c0a0c2e0    00000e40     LCD.obj (.text)
                  c0a0d120    00000e00     drivers.lib : raster.obj (.text)
                  c0a0df20    00000dc0                 : ehrpwm.obj (.text)
                  c0a0ece0    00000b80     stk6.ae674 : ipin.oe674 (.text:IPRxPacket)
                  c0a0f860    00000a20     Flash.obj (.text)
                  c0a10280    000009c0     stk6.ae674 : ipout.oe674 (.text:IPTxPacket)
                  c0a10c40    000009a0     ti.drv.omapl138.ae674 : csl_mdio.oe674 (.text:MDIO_timerTick)
                  c0a115e0    000009a0     UARTConsole.obj (.text)
                  c0a11f80    00000980     Command.obj (.text)
                  c0a12900    00000920     rts6740_elf.lib : strtod.c.obj (.text:strtod)
                  c0a13220    00000900     grlib.lib : offscr16bpp.obj (.text)
                  c0a13b20    000008a0     ti.targets.rts6000.ae674 : System.oe674 (.text:xdc_runtime_System_doPrint__I)
                  c0a143c0    000007c0     stk6.ae674 : sock.oe674 (.text:SockSet)
                  c0a14b80    000007a0                : fileuser.oe674 (.text:fdPoll)
                  c0a15320    00000780     sysbios.ae674 : BIOS.obj (.text:ti_sysbios_family_c64p_Exception_handler__I)
                  c0a15aa0    00000780                   : BIOS.obj (.text:ti_sysbios_knl_Event_pend__E)
                  c0a16220    00000720                   : BIOS.obj (.text:ti_sysbios_heaps_HeapMem_free__E)
                  c0a16940    000006c0     stk6.ae674 : sock6.oe674 (.text:Sock6Set)
                  c0a17000    000006c0     grlib.lib : image.obj (.text)
                  c0a176c0    000006c0               : line.obj (.text)
                  c0a17d80    000006a0     stk6.ae674 : icmpv6_ndisc.oe674 (.text:ICMPv6RecvRA)
                  c0a18420    000006a0     SATA.obj (.text)
                  c0a18ac0    000006a0     sysbios.ae674 : BIOS.obj (.text:ti_sysbios_knl_Semaphore_pend__E)
                  c0a19160    000006a0                   : BIOS.obj (.text:ti_sysbios_knl_Task_Instance_finalize__F)
                  c0a19800    00000680     I2C.obj (.text)
                  c0a19e80    00000660     stk6.ae674 : route6.oe674 (.text:Rt6Create)
                  c0a1a4e0    00000660     Touch.obj (.text)
                  c0a1ab40    00000660     rts6740_elf.lib : _printfi.c.obj (.text:_pconv_a)
                  c0a1b1a0    00000620     sysbios.ae674 : BIOS.obj (.text:ti_sysbios_heaps_HeapMem_alloc__E)
                  c0a1b7c0    00000600     rts6740_elf.lib : divd.c.obj (.text:__c6xabi_divd)
                  c0a1bdc0    00000600     sysbios.ae674 : BIOS.obj (.text:ti_sysbios_knl_Task_Instance_init__F)
                  c0a1c3c0    000005c0     DDR2.obj (.text)
                  c0a1c980    000005c0     stk6.ae674 : ipfrag.oe674 (.text:IPReasm)
                  c0a1cf40    000005a0                : icmpin.oe674 (.text:ICMPInput)
                  c0a1d4e0    000005a0     drivers.lib : spi.obj (.text)
                  c0a1da80    00000580                 : gpio.obj (.text)
                  c0a1e000    00000580                 : uart.obj (.text)
                  c0a1e580    00000560     stk6.ae674 : bind6.oe674 (.text:Bind6New)
                  c0a1eae0    00000560                : ipv6.oe674 (.text:IPv6IPAddressToString)
                  c0a1f040    00000540                : sock6.oe674 (.text:Sock6Connect)
                  c0a1f580    00000520                : lliin.oe674 (.text:LLIRxPacket)
                  c0a1faa0    00000520     ti.drv.omapl138.ae674 : csl_mdio.oe674 (.text:MDIO_initContinue)
                  c0a1ffc0    00000520     stk6.ae674 : sock.oe674 (.text:SockNew)
                  c0a204e0    000004e0     LEDNixie.obj (.text)
                  c0a209c0    000004e0     stk6.ae674 : udp.oe674 (.text:UdpInput)
                  c0a20ea0    000004e0     sysbios.ae674 : BIOS.obj (.text:ti_sysbios_timers_timer64_Timer_Module_startup__F)
                  c0a21380    000004c0     RTC.obj (.text)
                  c0a21840    000004c0     drivers.lib : i2c.obj (.text)
                  c0a21d00    000004c0     rts6740_elf.lib : strtoll.c.obj (.text:strtoll)
                  c0a221c0    000004a0     stk6.ae674 : sock6.oe674 (.text:Sock6Recv)
                  c0a22660    000004a0                : sock.oe674 (.text:SockRecv)
                  c0a22b00    00000440                : sock6.oe674 (.text:Sock6New)
                  c0a22f40    00000440     rts6740_elf.lib : strtoull.c.obj (.text:strtoull)
                  c0a23380    00000420     nettool.ae674 : daemon.oe674 (.text:daemon)
                  c0a237a0    00000420     sysbios.ae674 : BIOS.obj (.text:ti_sysbios_knl_Task_sleep__E)
                  c0a23bc0    00000400     EEPROM.obj (.text)
                  c0a23fc0    00000400     EMAC.obj (.text)
                  c0a243c0    00000400     LED.obj (.text)
                  c0a247c0    00000400     stk6.ae674 : sock6.oe674 (.text:Sock6Send)
                  c0a24bc0    00000400     rts6740_elf.lib : _printfi.c.obj (.text:_pconv_g)
                  c0a24fc0    00000400     sysbios.ae674 : BIOS.obj (.text:ti_sysbios_knl_Task_setPri__E)
                  c0a253c0    000003e0     stk6.ae674 : ipv6_frag.oe674 (.text:IPv6TxFragPacket)
                  c0a257a0    000003e0     KEY.obj (.text)
                  c0a25b80    000003e0     PLL.obj (.text)
                  c0a25f60    000003c0     stk6.ae674 : ipv6out.oe674 (.text:IPv6TxPacket)
                  c0a26320    000003c0                : lli6.oe674 (.text:LLI6TimerCheck)
                  c0a266e0    000003c0                : sock.oe674 (.text:SockSend)
                  c0a26aa0    000003c0                : tcp6.oe674 (.text:TCP6TimeoutCheck)
                  c0a26e60    000003c0                : tcp.oe674 (.text:TcpTimeoutCheck)
                  c0a27220    000003c0     UDP.obj (.text)
                  c0a275e0    000003c0     sysbios.ae674 : BIOS.obj (.text:ti_sysbios_family_c64p_Hwi_dispatchCore__I)
                  c0a279a0    000003c0                   : BIOS.obj (.text:ti_sysbios_heaps_HeapMem_Instance_init__F)
                  c0a27d60    000003c0                   : BIOS.obj (.text:ti_sysbios_timers_timer64_Timer_Instance_init__F)
                  c0a28120    000003a0     ti.drv.omapl138.ae674 : csl_emac.oe674 (.text:EMAC_close)
                  c0a284c0    000003a0     stk6.ae674 : icmpv6in.oe674 (.text:ICMPv6RxPacket)
                  c0a28860    000003a0                : nimu.oe674 (.text:NIMUIoctl)
                  c0a28c00    000003a0                : route.oe674 (.text:RtCreate)
                  c0a28fa0    000003a0                : sb.oe674 (.text:SBRead)
                  c0a29340    000003a0     rts6740_elf.lib : strtol.c.obj (.text:strtol)
                  c0a296e0    000003a0     sysbios.ae674 : BIOS.obj (.text:ti_sysbios_knl_Swi_run__I)
                  c0a29a80    00000380     netctrl_min.ae674 : netctrl.oe674 (.text:NetScheduler)
                  c0a29e00    00000380     stk6.ae674 : sock.oe674 (.text:SockConnect)
                  c0a2a180    00000380     UART1.obj (.text)
                  c0a2a500    00000380     nettool.ae674 : dhcppkt.oe674 (.text:dhcpPacketProcess)
                  c0a2a880    00000360     stk6.ae674 : icmpv6_ndisc.oe674 (.text:ICMPv6RecvRedirect)
                  c0a2abe0    00000360                : icmpv6out.oe674 (.text:ICMPv6SendDstUnreachable)
                  c0a2af40    00000360                : igmp.oe674 (.text:IGMPInput)
                  c0a2b2a0    00000360                : ipv6_frag.oe674 (.text:IPv6FragReasm)
                  c0a2b600    00000360                : sock6int.oe674 (.text:Sock6Notify)
                  c0a2b960    00000360                : sockint.oe674 (.text:SockNotify)
                  c0a2bcc0    00000360     sysbios.ae674 : BIOS.obj (.text:ti_sysbios_knl_Clock_Instance_init__F)
                  c0a2c020    00000360                   : BIOS.obj (.text:ti_sysbios_knl_Swi_Instance_init__F)
                  c0a2c380    00000360                   : BIOS.obj (.text:ti_sysbios_timers_timer64_Timer_deviceConfig__I)
                  c0a2c6e0    00000340     stk6.ae674 : icmpv6_ndisc.oe674 (.text:ICMPv6RecvNS)
                  c0a2ca20    00000340                : icmpv6out.oe674 (.text:ICMPv6SendParameterProblem)
                  c0a2cd60    00000340                : icmpv6out.oe674 (.text:ICMPv6SendTimeExceeded)
                  c0a2d0a0    00000340                : lliout.oe674 (.text:LLITxIpPacket)
                  c0a2d3e0    00000340     os.ae674 : mem.oe674 (.text:mmAlloc)
                  c0a2d720    00000340     Local_pe674.oe674 (.text:xdc_runtime_System_printfExtend__I)
                  c0a2da60    00000320     nettool.ae674 : config.oe674 (.text:CfgAddEntry)
                  c0a2dd80    00000320     stk6.ae674 : udp6.oe674 (.text:Udp6Input)
                  c0a2e0a0    00000320     sysbios.ae674 : BIOS.obj (.text:ti_sysbios_knl_Event_post__E)
                  c0a2e3c0    00000320                   : BIOS.obj (.text:ti_sysbios_timers_timer64_Timer_initObj__I)
                  c0a2e6e0    00000300     EHRPWM.obj (.text)
                  c0a2e9e0    00000300     ti.drv.omapl138.ae674 : nimu_eth.oe674 (.text:Emacioctl)
                  c0a2ece0    00000300     stk6.ae674 : sock6pcb.oe674 (.text:Sock6PcbBind)
                  c0a2efe0    00000300     rts6740_elf.lib : strtoul.c.obj (.text:strtoul)
                  c0a2f2e0    00000300     sysbios.ae674 : BIOS.obj (.text:ti_sysbios_knl_Semaphore_post__E)
                  c0a2f5e0    00000300                   : BIOS.obj (.text:ti_sysbios_utils_Load_logLoads__I)
                  c0a2f8e0    00000300     ti.uia.services.ae674 : Rta.oe674 (.text:ti_uia_services_Rta_processMsg__I)
                  c0a2fbe0    000002e0     stk6.ae674 : ipv6_exthdrs.oe674 (.text:IPv6ParseExtnHeaders)
                  c0a2fec0    000002e0                : route6.oe674 (.text:Rt6Find)
                  c0a301a0    000002e0                : sock6pcb.oe674 (.text:Sock6PcbFind)
                  c0a30480    000002e0                : sock6pcb.oe674 (.text:Sock6PcbResolve)
                  c0a30760    000002e0                : udp.oe674 (.text:UdpOutput)
                  c0a30a40    000002e0     rts6740_elf.lib : fputs.c.obj (.text:fputs)
                  c0a30d20    000002e0     ti.uia.services.ae674 : Rta.oe674 (.text:ti_uia_services_Rta_flushLogger__I)
                  c0a31000    000002c0     stk6.ae674 : bind.oe674 (.text:BindNew)
                  c0a312c0    000002c0     ti.drv.omapl138.ae674 : ethdriver.oe674 (.text:HwPktOpen)
                  c0a31580    000002c0     stk6.ae674 : ipv6_frag.oe674 (.text:IPv6FragQEnqueueFrag)
                  c0a31840    000002c0                : node.oe674 (.text:NodeAdd)
                  c0a31b00    000002c0                : rtable.oe674 (.text:RtFind)
                  c0a31dc0    000002c0                : sb6.oe674 (.text:SB6Read)
                  c0a32080    000002c0     TempSensor.obj (.text)
                  c0a32340    000002a0     nettool.ae674 : dhcpmain.oe674 (.text:DHCPOpen)
                  c0a325e0    000002a0     SATATest.obj (.text)
                  c0a32880    000002a0     stk6.ae674 : sock6.oe674 (.text:Sock6Close)
                  c0a32b20    000002a0                : sock.oe674 (.text:SockClose)
                  c0a32dc0    000002a0                : sockpcb.oe674 (.text:SockPcbResolve)
                  c0a33060    000002a0                : tcp6prot.oe674 (.text:TCP6PrSetOption)
                  c0a33300    000002a0                : tcpprot.oe674 (.text:TcpPrSetOption)
                  c0a335a0    000002a0     rts6740_elf.lib : _printfi.c.obj (.text:_pconv_e)
                  c0a33840    000002a0                     : _printfi.c.obj (.text:fcvt)
                  c0a33ae0    000002a0     sysbios.ae674 : BIOS.obj (.text:ti_sysbios_knl_Clock_workFunc__E)
                  c0a33d80    000002a0     ti.uia.runtime.ae674 : LoggerCircBuf.oe674 (.text:ti_uia_runtime_LoggerCircBuf_write8__E)
                  c0a34020    00000280     ti.drv.omapl138.ae674 : csl_emac.oe674 (.text:EMAC_setReceiveFilter)
                  c0a342a0    00000280     stk6.ae674 : icmp.oe674 (.text:ICMPGenPacket)
                  c0a34520    00000280                : lli6.oe674 (.text:LLI6NeighUnreachStateMachine)
                  c0a347a0    00000280                : lli6.oe674 (.text:LLI6TxIPPacket)
                  c0a34a20    00000280                : route6.oe674 (.text:Rt6Free)
                  c0a34ca0    00000280                : sock.oe674 (.text:SockRecvNC)
                  c0a34f20    00000280                : udp6.oe674 (.text:Udp6Output)
                  c0a351a0    00000280     sysbios.ae674 : BIOS.obj (.text:ti_sysbios_knl_Task_schedule__I)
                  c0a35420    00000280                   : BIOS.obj (.text:ti_sysbios_knl_Task_startCore__E)
                  c0a356a0    00000280                   : BIOS.obj (.text:ti_sysbios_utils_Load_updateThreadContexts__E)
                  c0a35920    00000280     ti.targets.rts6000.ae674 : Error.oe674 (.text:xdc_runtime_Error_raiseX__F)
                  c0a35ba0    00000260     ti.drv.omapl138.ae674 : csl_emac.oe674 (.text:EMAC_sendPacket)
                  c0a35e00    00000260     stk6.ae674 : icmpv6in.oe674 (.text:ICMPv6RecvEchoRequest)
                  c0a36060    00000260                : icmpv6_ndisc.oe674 (.text:ICMPv6SendNS)
                  c0a362c0    00000260                : ipv6in.oe674 (.text:IPv6RxPacket)
                  c0a36520    00000260     PRULoader.obj (.text)
                  c0a36780    00000260     stk6.ae674 : rawethsock.oe674 (.text:RawEthSockSet)
                  c0a369e0    00000260                : sb6.oe674 (.text:SB6Write)
                  c0a36c40    00000260                : sb.oe674 (.text:SBWrite)
                  c0a36ea0    00000260                : sockpcb.oe674 (.text:SockPcbBind)
                  c0a37100    00000260                : tcp6out.oe674 (.text:TCP6GenPacket)
                  c0a37360    00000260     rts6740_elf.lib : imath64.c.obj (.text:__c6xabi_divull)
                  c0a375c0    00000260     sysbios.ae674 : BIOS.obj (.text:ti_sysbios_timers_timer64_Timer_start__E)
                  c0a37820    00000260     ti.targets.rts6000.ae674 : Startup.oe674 (.text:xdc_runtime_Startup_startMods__I)
                  c0a37a80    00000240     stk6.ae674 : bind6.oe674 (.text:Bind6Free)
                  c0a37cc0    00000240                : bind6.oe674 (.text:Bind6RunDAD)
[...]
c0a62bc0  xdc_runtime_Log_doPrint__E                                          
c0a62be0  xdc_runtime_LoggerSys_Instance_init__F                              
c0a62c00  xdc_runtime_LoggerSys_TimestampProxy_get64__E                       
c0a62c20  xdc_runtime_LoggerSys_disable__E                                    
c0a62c40  xdc_runtime_LoggerSys_disable__F                                    
c0a62c60  xdc_runtime_LoggerSys_enable__E                                     
c0a62c80  xdc_runtime_LoggerSys_enable__F                                     
c0a62ca0  xdc_runtime_Memory_HeapProxy_alloc__E                               
c0a62cc0  xdc_runtime_Memory_HeapProxy_free__E                                
c0a62ce0  xdc_runtime_Memory_alloc__E                                         
c0a62d00  xdc_runtime_Memory_calloc__E                                        
c0a62d20  xdc_runtime_Memory_free__E                                          
c0a62d40  xdc_runtime_Registry_findById__E                                    
c0a62d60  xdc_runtime_Startup_exec__E                                         
c0a62d80  xdc_runtime_Startup_reset__I                                        
c0a62da0  xdc_runtime_SysMin_Module_startup__E                                
c0a62dc0  xdc_runtime_SysMin_abort__E                                         
c0a62de0  xdc_runtime_SysMin_exit__E                                          
c0a62e00  xdc_runtime_SysMin_flush__E                                         
c0a62e20  xdc_runtime_SysMin_output__I                                        
c0a62e40  xdc_runtime_SysMin_putch__E                                         
c0a62e60  xdc_runtime_SysMin_ready__E                                         
c0a62e80  xdc_runtime_SysMin_ready__F                                         
c0a62ea0  xdc_runtime_System_Module_GateProxy_enter__E                        
c0a62ec0  xdc_runtime_System_Module_GateProxy_leave__E                        
c0a62ee0  xdc_runtime_System_Module_startup__E                                
c0a62f00  xdc_runtime_System_Module_startup__F                                
c0a62f20  xdc_runtime_System_SupportProxy_abort__E                            
c0a62f40  xdc_runtime_System_SupportProxy_exit__E                             
c0a62f60  xdc_runtime_System_SupportProxy_flush__E                            
c0a62f60  xdc_runtime_System_flush__F                                         
c0a62f80  xdc_runtime_System_SupportProxy_putch__E                            
c0a62fa0  xdc_runtime_System_SupportProxy_ready__E                            
c0a62fc0  xdc_runtime_System_abort__E                                         
c0a62fe0  xdc_runtime_System_atexit__E                                        
c0a63000  xdc_runtime_System_exit__E                                          
c0a63020  xdc_runtime_System_exit__F                                          
c0a63040  xdc_runtime_System_flush__E                                         
c0a63060  xdc_runtime_System_lastFxn__I                                       
c0a63080  xdc_runtime_System_putch__E                                         
c0a630a0  xdc_runtime_System_vprintf__E                                       
c0a630c0  xdc_runtime_System_vsnprintf__E                                     
c0a630e0  xdc_runtime_System_snprintf_va__F                                   
c0a630e0  xdc_runtime_System_vsnprintf__F                                     
c0a63100  NDK_vsprintf                                                        
c0a63100  xdc_runtime_System_vsprintf__E                                      
c0a63120  xdc_runtime_System_sprintf_va__F                                    
c0a63120  xdc_runtime_System_vsprintf__F                                      
c0a63140  xdc_runtime_Text_cordText__E                                        
c0a63160  xdc_runtime_Text_putLab__E                                          
c0a63180  xdc_runtime_Text_putSite__E                                         
c0a631a0  xdc_runtime_Text_ropeText__E                                        
c0a631c0  xdc_runtime_TimestampNull_Module__startupDone__S                    
c0a631e0  xdc_runtime_TimestampNull_get64__E                                  
c0a63200  xdc_runtime_TimestampNull_get64__F                                  
c0a63220  xdc_runtime_TimestampNull_getFreq__E                                
c0a63240  xdc_runtime_TimestampNull_getFreq__F                                
c0a63260  xdc_runtime_Timestamp_Module__startupDone__S                        
c0a63280  xdc_runtime_Timestamp_SupportProxy_get32__E                         
c0a63280  xdc_runtime_Timestamp_get32__F                                      
c0a632a0  xdc_runtime_Timestamp_SupportProxy_getFreq__E                       
c0a632a0  xdc_runtime_Timestamp_getFreq__F                                    
c0a632c0  xdc_runtime_Timestamp_get32__E                                      
c0a632e0  xdc_runtime_Timestamp_getFreq__E                                    
c0a63400  CmdLists                                                            
c0a63800  ti_sysbios_family_c64p_EventCombiner_Module__state__V               
c0a63c00  _ftable                                                             
c0a63de0  ti_sysbios_knl_Task_Object__table__V                                
c0a63e30  TSK_idle                                                            
c0a63f20  ti_uia_runtime_LoggerCircBuf_Object__table__V                       
c0a64040  g_sCmdTable                                                         
c0a640f4  _ipcfg                                                              
c0a641a8  _stream                                                             
c0a64248  ti_sysbios_utils_Load_Module__state__V                              
c0a642e0  ti_sysbios_family_c64p_Hwi_Object__table__V                         
c0a6436c  _lock                                                               
c0a64370  ti_sysbios_knl_Swi_Module_State_0_readyQ__A                         
c0a643f0  ti_sysbios_knl_Task_Module_State_0_readyQ__A                        
c0a64470  _device                                                             
c0a644e8  ti_sysbios_utils_Load_Module_State_0_taskEnv__A                     
c0a64558  ti_sysbios_family_c64p_Hwi_Module__state__V                         
c0a645c0  ti_sysbios_timers_timer64_Timer_Module_State_0_device__A            
c0a64620  ti_sysbios_knl_Semaphore_Object__table__V                           
c0a64674  _unlock                                                             
c0a64678  BootModeStr                                                         
c0a64718  ti_sysbios_gates_GateMutex_Object__table__V                         
c0a64768  ti_sysbios_timers_timer64_Timer_Object__table__V                    
c0a647b8  ulDataPatternTable                                                  
c0a64856  ti_sysbios_utils_Load_Module__root__V                               
c0a64858  ti_sysbios_knl_Task_Module__state__V                                
c0a6489c  ti_uia_sysbios_Adaptor_Module__state__V                             
c0a64994  __TI_ft_end                                                         
c0a649d0  ti_sysbios_knl_Swi_Object__table__V                                 
c0a64a04  ti_sysbios_family_c64p_Exception_Module__state__V                   
c0a64a34  ti_sysbios_knl_Clock_Module__state__V                               
c0a64a5c  _oscfg                                                              
c0a64a80  ti_sysbios_knl_Clock_Object__table__V                               
c0a64aa4  __errno                                                             
c0a64aa4  errno                                                               
c0a64aa8  palette_32b                                                         
c0a64ac8  pstrMsgName                                                         
c0a64ae8  ti_sysbios_BIOS_Module__state__V                                    
c0a64b08  ti_sysbios_knl_Queue_Object__table__V                               
c0a64b28  ti_sysbios_timers_timer64_Timer_Module_State_0_gctrl__A             
c0a64b48  ti_sysbios_timers_timer64_Timer_Module_State_0_handles__A           
c0a64b68  ti_sysbios_timers_timer64_Timer_Module_State_0_intFreqs__A          
c0a64b88  xdc_runtime_System_Module_State_0_atexitHandlers__A                 
c0a64ba8  ti_ndk_config_Global_Id2Size                                        
c0a64bc4  ti_sysbios_family_c64p_Cache_Module__state__V                       
c0a64bc8  ti_sysbios_heaps_HeapMem_Object__table__V                           
c0a64be4  ti_sysbios_knl_Swi_Module__state__V                                 
c0a64c30  ti_uia_services_Rta_Module__state__V                                
c0a64c48  LinkStr                                                             
c0a64c5c  ti_sysbios_family_c64p_primus_TimerSupport_Module__state__V         
c0a64c74  xdc_runtime_Memory_Module__state__V                                 
c0a64c8c  xdc_runtime_Error_Module__state__V                                  
c0a64cbc  ti_sysbios_timers_timer64_Timer_Module__state__V                    
c0a64cd0  SEGVal                                                              
c0a64ce0  ti_sysbios_knl_Event_Object__table__V                               
c0a64cf0  ti_sysbios_syncs_SyncEvent_Object__table__V                         
c0a64d00  __TI_cleanup_ptr                                                    
c0a64d04  __TI_dtors_ptr                                                      
c0a64d08  __TI_enable_exit_profile_output                                     
c0a64d0c  ti_sysbios_family_c64p_Hwi_Module__root__V                          
c0a64d18  ti_sysbios_hal_Hwi_Module__root__V                                  
c0a64d28  ti_sysbios_hal_Hwi_Object__table__V                                 
c0a64d38  ti_sysbios_hal_Timer_Object__table__V                               
c0a64d44  ti_sysbios_knl_Clock_Module__root__V                                
c0a64d50  ti_sysbios_knl_Event_Module__root__V                                
c0a64d5c  ti_sysbios_knl_Semaphore_Module__root__V                            
c0a64d68  ti_sysbios_knl_Swi_Module__root__V                                  
c0a64d74  ti_sysbios_knl_Task_Module__root__V                                 
c0a64d80  ti_uia_runtime_LogSync_Module__state__V                             
c0a64d8c  ti_uia_runtime_QueueDescriptor_Module__state__V                     
c0a64d98  ti_uia_services_Rta_Module_State_0_loggers__A                       
c0a64da8  xdc_runtime_LoggerSys_Object__table__V                              
c0a64db4  xdc_runtime_SysMin_Module__state__V                                 
c0a64dc0  xdc_runtime_System_Module__state__V                                 
c0a64df0  NIMUDeviceTable                                                     
c0a64df8  ti_sysbios_family_c64p_primus_TimerSupport_Module_State_0_suspSrc__A
c0a64e00  ti_sysbios_gates_GateHwi_Module__root__V                            
c0a64e08  ti_sysbios_gates_GateHwi_Object__table__V                           
c0a64e10  ti_sysbios_gates_GateMutex_Module__root__V                          
c0a64e18  ti_sysbios_heaps_HeapMem_Module__root__V                            
c0a64e20  ti_sysbios_knl_Queue_Module__root__V                                
c0a64e28  ti_sysbios_syncs_SyncEvent_Module__root__V                          
c0a64e30  ti_sysbios_timers_timer64_Timer_Module__root__V                     
c0a64e38  ti_uia_runtime_LoggerCircBuf_Module__root__V                        
c0a64e40  ti_uia_runtime_LoggerCircBuf_Module__state__V                       
c0a64e48  ti_uia_runtime_ServiceMgr_Module__state__V                          
c0a64e50  xdc_runtime_LoggerSys_Module__root__V                               
c0a64e58  xdc_runtime_Registry_Module__state__V                               
c0a64e60  xdc_runtime_Startup_Module__state__V                                
c0a64e70  LEDNixieVal                                                         
c0a64e78  ti_sysbios_knl_Task_Module_State_0_idleTask__A                      
c0a64e80  ti_sysbios_utils_Load_Module_State_0_runningTask__A                 
c0a64e88  ti_sysbios_utils_Load_Module_State_0_taskStartTime__A               
c0a65120  __TI_STATIC_BASE                                                    
c0a65138  _IGMPInDiscard                                                      
c0a6513c  _IGMPInQuery                                                        
c0a65140  _IGMPInQueryGroup                                                   
c0a65144  _IGMPInResponse                                                     
c0a65148  _IGMPOutResponse                                                    
c0a6515e  offset                                                              
c0a65194  BootMode                                                            
c0a65198  KEY4SwiHandle                                                       
c0a6519c  KEY6SwiHandle                                                       
c0a651a0  UARTConsoleSemHandle                                                
c0a651a4  UARTConsoleTaskHandle                                               
c0a651a8  p_rx                                                                
c0a651ac  p_tx                                                                
c0a651b0  rx_len                                                              
c0a651b4  tx_len                                                              
c0a651b8  PITCount                                                            
c0a651bc  PITUsed                                                             
c0a651c0  PITHigh                                                             
c0a65260  _IGMPForceVersion1                                                  
c0a65278  TxChanEnable_all                                                    
c0a6527c  RxChanEnable_all                                                    
c0a65280  TransportNdk_tcpPort                                                
c0a65282  TransportNdk_udpPort                                                
c0a65284  TransportNdk_failedUDPPacket                                        
c0a65288  TransportNdk_failedTCPPacket                                        
c0a6528c  sataRegs                                                            
c0a65290  temp                                                                
c0a652a4  _ICMPInErrors                                                       
c0a652a8  _ICMPOutErrors                                                      
c0a652ac  _IPExecuting                                                        
c0a652bc  gFragQList                                                          
c0a652d4  tcp_iss                                                             
c0a652d8  ptTimeFirst                                                         
c0a652dc  pt6TimeFirst                                                        
c0a652e0  tcp6_iss                                                            
c0a652ec  ti_uia_runtime_QueueDescriptor_gPtrToFirstDescriptor                
c0a652f0  ti_uia_runtime_QueueDescriptor_gUpdateCount                         
c0a652f4  spi_flag                                                            
c0a652f8  SoftPWM                                                             
c0a652fc  ti_ndk_config_Global_HostName                                       
c0a65300  OSCINFreq                                                           
c0a65314  _IPReasmPtr                                                         
c0a65320  gMLDNodeList                                                        
c0a65338  ti_uia_runtime_LogSync_gNumTimesHalted                              
c0a6533c  CmdHistorySaveNo                                                    
c0a6533d  CmdHistorySaveIndex                                                 
c0a6533e  CmdHistoryDisplayIndex                                              
c0a6533f  LED_OP                                                              
c0a65340  IPV6_MAX_MULTICAST_SOLICIT                                          
c0a65344  IPV6_MAX_UNICAST_SOLICIT                                            
c0a65348  IPV6_RETRANS_TIME                                                   
c0a6534c  IPV6_DELAY_FIRST_PROBE_TIME                                         
c0a65350  IPV6_REACHABLE_TIME                                                 
c0a65354  IPV6_MAX_RTR_SOLICITATION_DELAY                                     
c0a65358  IPV6_RTR_SOLICITATION_INTERVAL                                      
c0a6535c  IPV6_MAX_RTR_SOLICITATIONS                                          
c0a65360  INFINITE_LT                                                         
c0a65364  ti_ndk_config_Global_rawPageSize                                    
c0a65368  ti_ndk_config_Global_rawPageCount                                   
c0a6536c  ti_ndk_config_Global_smallest                                       
c0a65370  ti_ndk_config_Global_largest                                        
c0a65374  ti_ndk_config_Global_numFrameBuf                                    
c0a65378  ti_ndk_config_Global_sizeFrameBuf                                   
c0a6537c  SystemHeap                                                          
c0a65400  ti_sysbios_family_c64p_Hwi0                                         
c0a65400  ti_sysbios_family_c64p_Hwi_int0                                     
c0a65420  ti_sysbios_family_c64p_Hwi_int1                                     
c0a65440  ti_sysbios_family_c64p_Hwi_int2                                     
c0a65460  ti_sysbios_family_c64p_Hwi_int3                                     
c0a65480  ti_sysbios_family_c64p_Hwi_int4                                     
c0a654a0  ti_sysbios_family_c64p_Hwi_int5                                     
c0a654c0  ti_sysbios_family_c64p_Hwi_int6                                     
c0a654e0  ti_sysbios_family_c64p_Hwi_int7                                     
c0a65500  ti_sysbios_family_c64p_Hwi_int8                                     
c0a65520  ti_sysbios_family_c64p_Hwi_int9                                     
c0a65540  ti_sysbios_family_c64p_Hwi_int10                                    
c0a65560  ti_sysbios_family_c64p_Hwi_int11                                    
c0a65580  ti_sysbios_family_c64p_Hwi_int12                                    
c0a655a0  ti_sysbios_family_c64p_Hwi_int13                                    
c0a655c0  ti_sysbios_family_c64p_Hwi_int14                                    
c0a655e0  ti_sysbios_family_c64p_Hwi_int15                                    
c0a65600  __CIOBUF_                                                           
c0a66780  __TI_Handler_Table_Base                                             
c0a66788  __TI_CINIT_Base                                                     
c0a66788  __TI_Handler_Table_Limit                                            
c0a667b8  __TI_CINIT_Limit                                                    
ffffffff  __TI_pprof_out_hndl                                                 
ffffffff  __TI_prof_data_size                                                 
ffffffff  __TI_prof_data_start                                                
ffffffff  __binit__                                                           
ffffffff  __c_args__                                                          
ffffffff  binit                                                               
UNDEFED   __TI_INITARRAY_Base                                                 
UNDEFED   __TI_INITARRAY_Limit                                                

[2185 symbols]
