******************************************************************************
               TMS320C6x Linker PC v8.3.12                     
******************************************************************************
>> Linked Tue May 10 13:27:03 2022

OUTPUT FILE NAME:   <Board_C674x.out>
ENTRY POINT SYMBOL: "_c_int00"  address: c3000000


MEMORY CONFIGURATION

         name            origin    length      used     unused   attr    fill
----------------------  --------  ---------  --------  --------  ----  --------
  DSPL2RAM              00800000   00040000  00004000  0003c000  RW  
  SHRAM                 80000000   00020000  00000004  0001fffc  RW X
  DDR2                  c0000000   08000000  02883c50  0577c3b0  RW X


SEGMENT ALLOCATION MAP

run origin  load origin   length   init length attrs members
----------  ----------- ---------- ----------- ----- -------
00800000    00800000    00004000   00000000    rw-
  00800000    00800000    00004000   00000000    rw- .stack
80000000    80000000    00000004   00000000    rw-
  80000000    80000000    00000004   00000000    rw- .LEDNixieVal
c0000000    c0000000    02000000   00000000    rw-
  c0000000    c0000000    02000000   00000000    rw- SystemHeap
c2000000    c2000000    003b4a00   003b4a00    r-x
  c2000000    c2000000    003b4962   003b4962    r-- .const
  c23b4964    c23b4964    0000001c   0000001c    r-- .switch.1
  c23b4980    c23b4980    00000080   00000080    r-x .text.1
c23b4a00    c23b4a00    003a7c44   00000000    rw-
  c23b4a00    c23b4a00    003a7c44   00000000    rw- .far
c275c644    c275c644    0000001c   0000001c    r--
  c275c644    c275c644    0000001c   0000001c    r-- .switch.2
c275c660    c275c660    00122d9c   00122d9c    r-x
  c275c660    c275c660    00122b80   00122b80    r-x .text.2
  c287f1e0    c287f1e0    0000021c   0000021c    r-- .switch.3
c287f400    c287f400    00001eea   00000000    rw-
  c287f400    c287f400    00001eea   00000000    rw- .fardata
c28812ec    c28812ec    00000ac8   00000ac8    r--
  c28812ec    c28812ec    00000ac8   00000ac8    r-- .switch.4
c2881db4    c2881db4    0000043d   00000000    rw-
  c2881db4    c2881db4    0000016b   00000000    rw- .bss
  c2881f20    c2881f20    000002d1   00000000    rw- .neardata
c28821f4    c28821f4    0000003c   00000000    r--
  c28821f4    c28821f4    0000003c   00000000    r-- .rodata
c2882230    c2882230    00000120   00000000    rw-
  c2882230    c2882230    00000120   00000000    rw- .cio
c2882400    c2882400    00001848   00001848    r-x
  c2882400    c2882400    00000200   00000200    r-x .vecs
  c2882600    c2882600    00001648   00001648    r-- .cinit
c3000000    c3000000    000000c0   000000c0    r-x
  c3000000    c3000000    000000c0   000000c0    r-x .text:_c_int00


SECTION ALLOCATION MAP

 output                                  attributes/
section   page    origin      length       input sections
--------  ----  ----------  ----------   ----------------
.LEDNixieVal 
*          0    80000000    00000004     UNINITIALIZED
                  80000000    00000004     LEDNixie.obj (.LEDNixieVal)

.text:_c_int00 
*          0    c3000000    000000c0     
                  c3000000    000000a0     boot.ae674 : boot.oe674 (.text:_c_int00)
                  c30000a0    00000020     Local_pe674.oe674 ($Tramp$S$$xdc_runtime_Startup_reset__I)

.stack     0    00800000    00004000     UNINITIALIZED
                  00800000    00000008     boot.ae674 : boot.oe674 (.stack)
                  00800008    00003ff8     --HOLE--

.const     0    c2000000    003b4962     
                  c2000000    0026145d     SourceHanSansCN_Normal_16.obj (.const:.string:glyph_bitmap)
                  c226145d    00000001     --HOLE-- [fill = 0]
                  c226145e    00000002     Local_pe674.oe674 (.const:ti_sysbios_BIOS_Module__id__C)
                  c2261460    000bb800     imgBackground.obj (.const:.string:imgBackground_map)
                  c231cc60    00052420     SourceHanSansCN_Normal_16.obj (.const:glyph_dsc)
                  c236f080    00016708     lv_font_montserrat_48.obj (.const:.string:glyph_bitmap)
                  c2385788    00003b8d     console_min.ae674 : conipv6.oe674 (.const:.string)
                  c2389315    00000001     --HOLE-- [fill = 0]
                  c2389316    00000002     Local_pe674.oe674 (.const:ti_sysbios_family_c64p_EventCombiner_Module__id__C)
                  c2389318    00001cb0     imgLAN.obj (.const:.string:imgLAN_map)
                  c238afc8    00001b00     imgBrightness.obj (.const:.string:imgBrightness_map)
                  c238cac8    00001b00     imgCalculator.obj (.const:.string:imgCalculator_map)
                  c238e5c8    00001b00     imgCalendar.obj (.const:.string:imgCalendar_map)
                  c23900c8    00001b00     imgClock.obj (.const:.string:imgClock_map)
                  c2391bc8    00001b00     imgFile.obj (.const:.string:imgFile_map)
                  c23936c8    00001b00     imgGame.obj (.const:.string:imgGame_map)
                  c23951c8    00001b00     imgRoate.obj (.const:.string:imgRoate_map)
                  c2396cc8    00001b00     imgSnake.obj (.const:.string:imgSnake_map)
                  c23987c8    00001b00     imgSystemInfo.obj (.const:.string:imgSystemInfo_map)
                  c239a2c8    00001b00     imgTetris.obj (.const:.string:imgTetris_map)
                  c239bdc8    00001b00     imgTouch.obj (.const:.string:imgTouch_map)
                  c239d8c8    00001b00     imgWLAN.obj (.const:.string:imgWLAN_map)
                  c239f3c8    00001aa6     console_min.ae674 : contest.oe674 (.const:.string)
                  c23a0e6e    00000002     Local_pe674.oe674 (.const:ti_sysbios_family_c64p_Exception_Module__id__C)
                  c23a0e70    00001709     Local_pe674.oe674 (.const:xdc_runtime_Text_charTab__A)
                  c23a2579    00000001     --HOLE-- [fill = 0]
                  c23a257a    00000002     Local_pe674.oe674 (.const:ti_sysbios_family_c64p_Exception_useInternalBuffer__C)
                  c23a257c    00001314     lodepng.obj (.const:.string)
                  c23a3890    00000f46     SourceHanSansCN_Normal_32.obj (.const:.string:glyph_bitmap)
                  c23a47d6    00000002     Local_pe674.oe674 (.const:ti_sysbios_family_c64p_Hwi_Module__id__C)
                  c23a47d8    00000da0     SourceHanSansCN_Normal_16.obj (.const:kern_pair_glyph_ids)
                  c23a5578    00000cca     console_min.ae674 : constat.oe674 (.const:.string)
                  c23a6242    00000006     nettool.ae674 : tftp.oe674 (.const:.string)
                  c23a6248    00000bad     lv_font_montserrat_48.obj (.const:.string:kern_class_values)
                  c23a6df5    00000001     --HOLE-- [fill = 0]
                  c23a6df6    00000002     Local_pe674.oe674 (.const:ti_sysbios_family_c64p_Hwi_Module__loggerDefined__C)
                  c23a6df8    000009e0     lv_font_montserrat_48.obj (.const:glyph_dsc)
                  c23a77d8    0000092c     lv_tlsf.obj (.const:.string)
                  c23a8104    00000893     console_min.ae674 : conipaddr.oe674 (.const:.string)
                  c23a8997    00000001     --HOLE-- [fill = 0]
                  c23a8998    000006ac     LEDNixie.obj (.const:.string:PRU_Code)
                  c23a9044    00000004     lv_obj_scroll.obj (.const:$P$T0$1)
                  c23a9048    00000690     SourceHanSansCN_Normal_16.obj (.const:cmaps)
                  c23a96d8    00000603     console_min.ae674 : console.oe674 (.const:.string)
                  c23a9cdb    00000001     --HOLE-- [fill = 0]
                  c23a9cdc    00000588     sysbios.ae674 : BIOS.obj (.const:.string)
                  c23aa264    000004b6     console_min.ae674 : convlan.oe674 (.const:.string)
                  c23aa71a    00000412                       : conecho.oe674 (.const:.string)
                  c23aab2c    00000004     lv_obj_scroll.obj (.const:$P$T1$2)
                  c23aab30    00000400     tjpgd.obj (.const:.string:Clip8)
                  c23aaf30    000003d8     Web.obj (.const:.string)
                  c23ab308    000003d0     LEDMatrix.obj (.const:.string:PRU_Code)
                  c23ab6d8    000003c8     Command.obj (.const:.string)
                  c23abaa0    000003b2     console_min.ae674 : condns.oe674 (.const:.string)
                  c23abe52    00000002     Local_pe674.oe674 (.const:ti_sysbios_gates_GateMutex_Module__id__C)
                  c23abe54    00000368     Exception.obj (.const:.string)
                  c23ac1bc    00000004     lv_obj_pos.obj (.const:$P$T10$4)
                  c23ac1c0    00000368     SourceHanSansCN_Normal_16.obj (.const:.string:kern_pair_values)
                  c23ac528    00000350     nettool.ae674 : httpsend.oe674 (.const:.string)
                  c23ac878    0000032c     console_min.ae674 : conlli.oe674 (.const:.string)
                  c23acba4    000002dc                       : conroute.oe674 (.const:.string)
                  c23ace80    000002cc                       : conping.oe674 (.const:.string)
                  c23ad14c    0000028c     lv_calendar_header_dropdown.obj (.const:.string)
                  c23ad3d8    0000027d     console_min.ae674 : conacct.oe674 (.const:.string)
                  c23ad655    0000025d     nettool.ae674 : dnscomn.oe674 (.const:.string)
                  c23ad8b2    00000002     Local_pe674.oe674 (.const:ti_sysbios_hal_Hwi_Module__id__C)
                  c23ad8b4    00000244     Net.obj (.const:.string)
                  c23adaf8    0000021a     os.ae674 : task.oe674 (.const:.string)
                  c23add12    00000205     console_min.ae674 : consock.oe674 (.const:.string)
                  c23adf17    000001e2     stk6_ppp_pppoe.ae674 : bind6.oe674 (.const:.string)
                  c23ae0f9    00000001     --HOLE-- [fill = 0]
                  c23ae0fa    00000002     Local_pe674.oe674 (.const:ti_sysbios_heaps_HeapMem_Module__id__C)
                  c23ae0fc    000001a8     DDR2.obj (.const:.string)
                  c23ae2a4    0000018c     console_min.ae674 : contftp.oe674 (.const:.string)
                  c23ae430    00000184     lv_mem.obj (.const:.string)
                  c23ae5b4    00000164     SystemInfo.obj (.const:.string)
                  c23ae718    0000015c     stk6_ppp_pppoe.ae674 : route6.oe674 (.const:.string)
                  c23ae874    00000159                          : nimuppp.oe674 (.const:.string)
                  c23ae9cd    0000014f     os.ae674 : mem.oe674 (.const:.string)
                  c23aeb1c    00000144     ti.drv.omapl138.ae674 : ethdriver.oe674 (.const:.string)
                  c23aec60    00000110     Flash.obj (.const:.string)
                  c23aed70    00000107     stk6_ppp_pppoe.ae674 : vlan.oe674 (.const:.string)
                  c23aee77    00000001     --HOLE-- [fill = 0]
                  c23aee78    00000101     rts6740_elf.lib : ctype.c.obj (.const:.string:_ctypes_)
                  c23aef79    00000006     nettool.ae674 : tftp6.oe674 (.const:.string)
                  c23aef7f    00000001     --HOLE-- [fill = 0]
                  c23aef80    00000100     lv_draw_sw_letter.obj (.const:.string:_lv_bpp8_opa_table)
                  c23af080    000000fd     stk6_ppp_pppoe.ae674 : icmpv6out.oe674 (.const:.string)
                  c23af17d    000000f2                          : icmpv6_ndisc.oe674 (.const:.string)
                  c23af26f    00000001     --HOLE-- [fill = 0]
                  c23af270    000000f0     EEPROM.obj (.const:.string)
                  c23af360    000000f0     Local_pe674.oe674 (.const:xdc_runtime_Text_nodeTab__A)
                  c23af450    000000ec     lv_chart.obj (.const:.string)
                  c23af53c    000000ec     lv_table.obj (.const:.string)
                  c23af628    000000ec     lv_textarea.obj (.const:.string)
                  c23af714    000000e8     lv_img_decoder.obj (.const:.string)
                  c23af7fc    000000e8     lv_keyboard.obj (.const:.string)
                  c23af8e4    000000e4     lv_draw_mask.obj (.const:.string)
                  c23af9c8    000000dc     lv_hal_disp.obj (.const:.string)
                  c23afaa4    000000d8     EMAC.obj (.const:.string)
                  c23afb7c    000000d8     SYSCFG.obj (.const:.string)
                  c23afc54    000000d8     stk6_ppp_pppoe.ae674 : node.oe674 (.const:.string)
                  c23afd2c    000000d7     nettool.ae674 : httpstr.oe674 (.const:.string)
                  c23afe03    00000001     --HOLE-- [fill = 0]
                  c23afe04    000000d4     ti.drv.omapl138.ae674 : nimu_eth.oe674 (.const:.string)
                  c23afed8    000000d0     lv_label.obj (.const:.string)
                  c23affa8    000000cf     stk6_ppp_pppoe.ae674 : rtc.oe674 (.const:.string)
                  c23b0077    00000001     --HOLE-- [fill = 0]
                  c23b0078    000000cc     lv_obj.obj (.const:.string)
                  c23b0144    000000c8     lv_dropdown.obj (.const:.string)
                  c23b020c    00000004     lv_draw_sw_gradient.obj (.const:$P$T2$4)
                  c23b0210    000000c0     LEDMatrix.obj (.const:.string:PRU_Data)
                  c23b02d0    000000c0     SourceHanSansCN_Normal_32.obj (.const:glyph_dsc)
                  c23b0390    000000bf     stk6_ppp_pppoe.ae674 : lliout.oe674 (.const:.string)
                  c23b044f    00000001     --HOLE-- [fill = 0]
                  c23b0450    000000be     lv_color.obj (.const:colors$2)
                  c23b050e    000000bc     servers_min.ae674 : newservers.oe674 (.const:.string)
                  c23b05ca    00000006     stk6_ppp_pppoe.ae674 : auth.oe674 (.const:.string)
                  c23b05d0    000000b6     lv_math.obj (.const:sin0_90_table)
                  c23b0686    00000002     Local_pe674.oe674 (.const:ti_sysbios_knl_Clock_Module__id__C)
                  c23b0688    000000b4     Calendar.obj (.const:.string)
                  c23b073c    000000b4     Network.obj (.const:.string)
                  c23b07f0    000000b1     nettool.ae674 : dnsclnt.oe674 (.const:.string)
                  c23b08a1    00000001     --HOLE-- [fill = 0]
                  c23b08a2    00000002     Local_pe674.oe674 (.const:ti_sysbios_knl_Clock_Module__loggerDefined__C)
                  c23b08a4    000000b0     Calculator.obj (.const:.string)
                  c23b0954    000000b0     Home.obj (.const:.string)
                  c23b0a04    000000b0     lv_hal_indev.obj (.const:.string)
                  c23b0ab4    00000004     lv_obj_pos.obj (.const:$P$T9$3)
                  c23b0ab8    000000b0     lv_keyboard.obj (.const:default_kb_map_lc)
                  c23b0b68    000000b0     lv_keyboard.obj (.const:default_kb_map_spec)
                  c23b0c18    000000b0     lv_keyboard.obj (.const:default_kb_map_uc)
                  c23b0cc8    000000a9     stk6_ppp_pppoe.ae674 : lli6.oe674 (.const:.string)
                  c23b0d71    000000a7     nettool.ae674 : ipaddr.oe674 (.const:.string)
                  c23b0e18    000000a7     stk6_ppp_pppoe.ae674 : nimu.oe674 (.const:.string)
                  c23b0ebf    00000001     --HOLE-- [fill = 0]
                  c23b0ec0    000000a4     LVGLTask.obj (.const:.string)
                  c23b0f64    000000a2     stk6_ppp_pppoe.ae674 : nimupppoe.oe674 (.const:.string)
                  c23b1006    00000002     Local_pe674.oe674 (.const:ti_sysbios_knl_Semaphore_Module__id__C)
                  c23b1008    000000a0     lv_btnmatrix.obj (.const:.string)
                  c23b10a8    0000009e     lv_font_montserrat_48.obj (.const:.string:kern_left_class_mapping)
                  c23b1146    00000002     Local_pe674.oe674 (.const:ti_sysbios_knl_Semaphore_Module__loggerDefined__C)
                  c23b1148    0000009e     lv_font_montserrat_48.obj (.const:.string:kern_right_class_mapping)
                  c23b11e6    00000002     Local_pe674.oe674 (.const:ti_sysbios_knl_Swi_Module__id__C)
                  c23b11e8    00000098     lv_refr.obj (.const:.string)
                  c23b1280    00000098     lv_color.obj (.const:colors$3)
                  c23b1318    00000094     Touch.obj (.const:.string)
                  c23b13ac    00000091     stk6_ppp_pppoe.ae674 : tcp6time.oe674 (.const:.string)
                  c23b143d    00000001     --HOLE-- [fill = 0]
                  c23b143e    00000002     Local_pe674.oe674 (.const:ti_sysbios_knl_Swi_Module__loggerDefined__C)
                  c23b1440    00000090     lv_calendar.obj (.const:.string)
                  c23b14d0    0000008d     stk6_ppp_pppoe.ae674 : tcptime.oe674 (.const:.string)
                  c23b155d    00000001     --HOLE-- [fill = 0]
                  c23b155e    00000002     Local_pe674.oe674 (.const:ti_sysbios_knl_Task_Module__id__C)
                  c23b1560    0000008c     lv_fs.obj (.const:.string)
                  c23b15ec    0000008c     lv_roller.obj (.const:.string)
                  c23b1678    00000084     lv_bmp.obj (.const:.string)
                  c23b16fc    00000080     lv_draw_sw_gradient.obj (.const:.string)
                  c23b177c    00000080     lv_style.obj (.const:.string)
                  c23b17fc    00000004     SysMinProvide.obj (.const:.string)
                  c23b1800    00000080     tjpgd.obj (.const:Ipsf)
                  c23b1880    00000080     rts6740_elf.lib : strtod.c.obj (.const:digits)
                  c23b1900    0000007c     UARTConsole.obj (.const:.string)
                  c23b197c    00000004     lv_draw_label.obj (.const:.string)
                  c23b1980    0000007c     lv_font_montserrat_48.obj (.const:unicode_list_1)
                  c23b19fc    00000078     lv_meter.obj (.const:.string)
                  c23b1a74    00000078     main.obj (.const:.string)
                  c23b1aec    00000004     lv_menu.obj (.const:.string)
                  c23b1af0    00000078     lodepng.obj (.const:DISTANCEBASE)
                  c23b1b68    00000078     lodepng.obj (.const:DISTANCEEXTRA)
                  c23b1be0    00000077     stk6_ppp_pppoe.ae674 : sock6.oe674 (.const:.string)
                  c23b1c57    00000076                          : mld.oe674 (.const:.string)
                  c23b1ccd    00000001     --HOLE-- [fill = 0]
                  c23b1cce    00000002     Local_pe674.oe674 (.const:ti_sysbios_knl_Task_Module__loggerDefined__C)
                  c23b1cd0    00000074     lv_font.obj (.const:.string)
                  c23b1d44    00000004     lv_png.obj (.const:.string)
                  c23b1d48    00000074     lodepng.obj (.const:LENGTHBASE)
                  c23b1dbc    00000004     lv_spinbox.obj (.const:.string)
                  c23b1dc0    00000074     lodepng.obj (.const:LENGTHEXTRA)
                  c23b1e34    00000070     lv_obj_style.obj (.const:.string)
                  c23b1ea4    00000004     lv_tabview.obj (.const:.string)
                  c23b1ea8    00000070     SourceHanSansCN_Normal_16.obj (.const:unicode_list_83)
                  c23b1f18    0000006c     lv_event.obj (.const:.string)
                  c23b1f84    0000006c     rts6740_elf.lib : asctime.c.obj (.const:.string)
                  c23b1ff0    00000068     lv_calendar_header_arrow.obj (.const:.string)
                  c23b2058    00000068     lv_flex.obj (.const:.string)
                  c23b20c0    00000068     lv_group.obj (.const:.string)
                  c23b2128    00000064     lv_obj_pos.obj (.const:.string)
                  c23b218c    00000064     Local_pe674.oe674 (.const:ti_sysbios_timers_timer64_Timer_Object__PARAMS__C)
                  c23b21f0    00000060     lv_txt.obj (.const:.string)
                  c23b2250    00000060     stk6_ppp_pppoe.ae674 : sb.oe674 (.const:.string)
                  c23b22b0    0000005c     lv_anim.obj (.const:.string)
                  c23b230c    0000005c     lv_img.obj (.const:.string)
                  c23b2368    0000005c     lv_timer.obj (.const:.string)
                  c23b23c4    00000058     ti.targets.rts6000.ae674 : Error.oe674 (.const:.string)
                  c23b241c    00000056     os.ae674 : semaphore.oe674 (.const:.string)
                  c23b2472    00000002     Local_pe674.oe674 (.const:ti_sysbios_knl_Task_initStackFlag__C)
                  c23b2474    00000004     lv_theme_default.obj (.const:.string)
                  c23b2478    00000054     stk6_ppp_pppoe.ae674 : sockprot.oe674 (.const:Code2Err)
                  c23b24cc    00000004     nettool.ae674 : telnetd.oe674 (.const:.string)
                  c23b24d0    00000054     lv_keyboard.obj (.const:default_kb_map_num)
                  c23b2524    00000051     nettool.ae674 : dhcpmain.oe674 (.const:.string)
                  c23b2575    00000050     stk6_ppp_pppoe.ae674 : bind.oe674 (.const:.string)
                  c23b25c5    00000001     --HOLE-- [fill = 0]
                  c23b25c6    00000002     Local_pe674.oe674 (.const:ti_sysbios_timers_timer64_Timer_Module__id__C)
                  c23b25c8    00000050     lv_keyboard.obj (.const:default_kb_ctrl_lc_map)
                  c23b2618    00000050     lv_keyboard.obj (.const:default_kb_ctrl_spec_map)
                  c23b2668    00000050     lv_keyboard.obj (.const:default_kb_ctrl_uc_map)
                  c23b26b8    0000004e     stk6_ppp_pppoe.ae674 : rtable.oe674 (.const:.string)
                  c23b2706    00000002     Local_pe674.oe674 (.const:ti_sysbios_timers_timer64_Timer_startupNeeded__C)
                  c23b2708    0000004c     lv_log.obj (.const:.string)
                  c23b2754    00000004     ti.targets.rts6000.ae674 : Assert.oe674 (.const:.string)
                  c23b2758    0000004c     lodepng.obj (.const:CLCL_ORDER)
                  c23b27a4    00000048     LCDBrightness.obj (.const:.string)
                  c23b27ec    00000048     Local_pe674.oe674 (.const:.string)
                  c23b2834    00000048     ti.targets.rts6000.ae674 : Log.oe674 (.const:.string)
                  c23b287c    00000004     Local_pe674.oe674 (.const:ti_sysbios_BIOS_Module__diagsEnabled__C)
                  c23b2880    00000048     rts6740_elf.lib : strtod.c.obj (.const:powerof10)
                  c23b28c8    00000048     Local_pe674.oe674 (.const:ti_sysbios_knl_Task_hooks__A)
                  c23b2910    00000044     netctrl.ae674 : netctrl.oe674 (.const:.string)
                  c23b2954    00000041     nettool.ae674 : httpclie.oe674 (.const:.string)
                  c23b2995    00000041     stk6_ppp_pppoe.ae674 : sb6.oe674 (.const:.string)
                  c23b29d6    00000002     Local_pe674.oe674 (.const:ti_sysbios_utils_Load_Module__id__C)
                  c23b29d8    00000040     Clock.obj (.const:.string)
                  c23b2a18    00000040     tjpgd.obj (.const:.string:Zig)
                  c23b2a58    00000040     lv_draw_sw_dither.obj (.const:.string:dither_ordered_threshold_matrix)
                  c23b2a98    00000040     ti.targets.rts6000.ae674 : Text.oe674 (.const:.string)
                  c23b2ad8    0000003e     stk6_ppp_pppoe.ae674 : ipv6.oe674 (.const:.string)
                  c23b2b16    0000003c                          : ipv6_exthdrs.oe674 (.const:.string)
                  c23b2b52    00000002     Local_pe674.oe674 (.const:ti_sysbios_utils_Load_Module__loggerDefined__C)
                  c23b2b54    0000003c     Local_pe674.oe674 (.const:ti_sysbios_knl_Task_Object__PARAMS__C)
                  c23b2b90    00000038     SATATest.obj (.const:.string)
                  c23b2bc8    00000038     stk6_ppp_pppoe.ae674 : icmpv6in.oe674 (.const:.string)
                  c23b2c00    00000038                          : sock.oe674 (.const:.string)
                  c23b2c38    00000034     cgi.ae674 : cgiparsem.oe674 (.const:.string)
                  c23b2c6c    00000034     Local_pe674.oe674 (.const:xdc_runtime_LoggerSys_Module__FXNS__C)
                  c23b2ca0    00000034     Local_pe674.oe674 (.const:xdc_runtime_Startup_sfxnTab__A)
                  c23b2cd4    00000031     stk6_ppp_pppoe.ae674 : pbm.oe674 (.const:.string)
                  c23b2d05    00000001     --HOLE-- [fill = 0]
                  c23b2d06    00000002     Local_pe674.oe674 (.const:ti_sysbios_utils_Load_autoAddTasks__C)
                  c23b2d08    00000030     rts6740_elf.lib : asctime.c.obj (.const:mon)
                  c23b2d38    00000030     Local_pe674.oe674 (.const:ti_sysbios_family_c64p_Hwi_Object__PARAMS__C)
                  c23b2d68    0000002c     ti.drv.omapl138.ae674 : csl_mdio.oe674 (.const:.string)
                  c23b2d94    0000002c     ti.targets.rts6000.ae674 : Startup.oe674 (.const:.string)
                  c23b2dc0    0000002c     Local_pe674.oe674 (.const:ti_sysbios_hal_Hwi_Object__PARAMS__C)
                  c23b2dec    00000004     Local_pe674.oe674 (.const:ti_sysbios_BIOS_Module__diagsIncluded__C)
                  c23b2df0    0000002c     lv_theme_default.obj (.const:trans_props$1)
                  c23b2e1c    00000004     Local_pe674.oe674 (.const:ti_sysbios_BIOS_Module__diagsMask__C)
                  c23b2e20    00000028     lv_font_montserrat_48.obj (.const:cmaps)
                  c23b2e48    00000028     Local_pe674.oe674 (.const:ti_sysbios_heaps_HeapMem_Module__FXNS__C)
                  c23b2e70    00000028     Local_pe674.oe674 (.const:ti_sysbios_knl_Swi_Object__PARAMS__C)
                  c23b2e98    00000026     lv_event.obj (.const:.string:$P$T2$4)
                  c23b2ebe    00000002     Local_pe674.oe674 (.const:ti_sysbios_utils_Load_hwiEnabled__C)
                  c23b2ec0    00000026     lv_color.obj (.const:colors$1)
                  c23b2ee6    00000002     Local_pe674.oe674 (.const:ti_sysbios_utils_Load_updateInIdle__C)
                  c23b2ee8    00000024     rts6740_elf.lib : _printfi.c.obj (.const:.string)
                  c23b2f0c    00000024     Local_pe674.oe674 (.const:ti_sysbios_gates_GateHwi_Module__FXNS__C)
                  c23b2f30    00000024     Local_pe674.oe674 (.const:ti_sysbios_gates_GateMutex_Module__FXNS__C)
                  c23b2f54    00000024     Local_pe674.oe674 (.const:ti_sysbios_heaps_HeapMem_Object__PARAMS__C)
                  c23b2f78    00000024     Local_pe674.oe674 (.const:ti_sysbios_knl_Clock_Object__PARAMS__C)
                  c23b2f9c    00000024     Local_pe674.oe674 (.const:ti_sysbios_knl_Semaphore_Object__PARAMS__C)
                  c23b2fc0    00000022     lv_calendar.obj (.const:.string:$P$T0$1)
                  c23b2fe2    00000002     Local_pe674.oe674 (.const:xdc_runtime_Core_Module__id__C)
                  c23b2fe4    00000004     Local_pe674.oe674 (.const:ti_sysbios_BIOS_installedErrorHook__C)
                  c23b2fe8    00000022     lv_keyboard.obj (.const:default_kb_ctrl_num_map)
                  c23b300a    00000002     Local_pe674.oe674 (.const:xdc_runtime_Error_Module__loggerDefined__C)
                  c23b300c    00000004     Local_pe674.oe674 (.const:ti_sysbios_family_c62_TaskSupport_stackAlignment__C)
                  c23b3010    00000021     lv_textarea.obj (.const:.string:$P$T5$6)
                  c23b3031    00000001     --HOLE-- [fill = 0]
                  c23b3032    00000002     Local_pe674.oe674 (.const:xdc_runtime_Error_maxDepth__C)
                  c23b3034    00000004     Local_pe674.oe674 (.const:ti_sysbios_family_c64p_Cache_EMIFA_BASE__C)
                  c23b3038    00000021     lv_draw_sw_line.obj (.const:.string:wcorr$1)
                  c23b3059    00000001     --HOLE-- [fill = 0]
                  c23b305a    00000002     Local_pe674.oe674 (.const:xdc_runtime_Memory_Module__id__C)
                  c23b305c    00000004     Local_pe674.oe674 (.const:ti_sysbios_family_c64p_Cache_EMIFA_CFG__C)
                  c23b3060    00000020     lv_btnmatrix.obj (.const:.string:$P$T0$1)
                  c23b3080    00000020     lv_obj_style.obj (.const:.string:$P$T2$1)
                  c23b30a0    00000020     Local_pe674.oe674 (.const:ti_sysbios_family_c64p_Hwi_Object__DESC__C)
                  c23b30c0    00000020     Local_pe674.oe674 (.const:ti_sysbios_gates_GateHwi_Object__DESC__C)
                  c23b30e0    00000020     Local_pe674.oe674 (.const:ti_sysbios_gates_GateMutex_Object__DESC__C)
                  c23b3100    00000020     Local_pe674.oe674 (.const:ti_sysbios_hal_Hwi_Object__DESC__C)
                  c23b3120    00000020     Local_pe674.oe674 (.const:ti_sysbios_heaps_HeapMem_Object__DESC__C)
                  c23b3140    00000020     Local_pe674.oe674 (.const:ti_sysbios_knl_Clock_Object__DESC__C)
                  c23b3160    00000020     Local_pe674.oe674 (.const:ti_sysbios_knl_Queue_Object__DESC__C)
                  c23b3180    00000020     Local_pe674.oe674 (.const:ti_sysbios_knl_Semaphore_Object__DESC__C)
                  c23b31a0    00000020     Local_pe674.oe674 (.const:ti_sysbios_knl_Swi_Object__DESC__C)
                  c23b31c0    00000020     Local_pe674.oe674 (.const:ti_sysbios_knl_Task_Object__DESC__C)
                  c23b31e0    00000020     Local_pe674.oe674 (.const:ti_sysbios_timers_timer64_Timer_Object__DESC__C)
                  c23b3200    00000020     Local_pe674.oe674 (.const:xdc_runtime_LoggerSys_Object__DESC__C)
                  c23b3220    0000001f     lv_dropdown.obj (.const:.string:$P$T1$2)
                  c23b323f    00000001     --HOLE-- [fill = 0]
                  c23b3240    0000001e     lv_textarea.obj (.const:.string:$P$T6$7)
                  c23b325e    0000001e     nettool.ae674 : daemon.oe674 (.const:.string)
                  c23b327c    00000004     Local_pe674.oe674 (.const:ti_sysbios_family_c64p_Cache_EMIFA_LENGTH__C)
                  c23b3280    0000001d     lv_chart.obj (.const:.string:$P$T2$3)
                  c23b329d    00000001     --HOLE-- [fill = 0]
                  c23b329e    00000002     Local_pe674.oe674 (.const:xdc_runtime_SysMin_flushAtExit__C)
                  c23b32a0    0000001d     lv_img_decoder.obj (.const:.string:$P$T4$4)
                  c23b32bd    0000001d     stk6_ppp_pppoe.ae674 : lli.oe674 (.const:.string)
                  c23b32da    00000002     Local_pe674.oe674 (.const:xdc_runtime_Text_charCnt__C)
                  c23b32dc    0000001c     lv_draw_sw_rect.obj (.const:$P$T0$1)
                  c23b32f8    0000001c     lv_table.obj (.const:.string:$P$T1$2)
                  c23b3314    00000004     Local_pe674.oe674 (.const:ti_sysbios_family_c64p_Cache_EMIFB_BASE__C)
                  c23b3318    0000001c     lodepng.obj (.const:ADAM7_DX)
                  c23b3334    00000004     Local_pe674.oe674 (.const:ti_sysbios_family_c64p_Cache_EMIFB_CFG__C)
                  c23b3338    0000001c     lodepng.obj (.const:ADAM7_DY)
                  c23b3354    00000004     Local_pe674.oe674 (.const:ti_sysbios_family_c64p_Cache_EMIFB_LENGTH__C)
                  c23b3358    0000001c     lodepng.obj (.const:ADAM7_IX)
                  c23b3374    00000004     Local_pe674.oe674 (.const:ti_sysbios_family_c64p_Cache_EMIFC_BASE__C)
                  c23b3378    0000001c     lodepng.obj (.const:ADAM7_IY)
                  c23b3394    0000001c     SourceHanSansCN_Normal_16.obj (.const:SourceHanSansCN_Normal_16)
                  c23b33b0    0000001c     SourceHanSansCN_Normal_32.obj (.const:SourceHanSansCN_Normal_32)
                  c23b33cc    00000004     Local_pe674.oe674 (.const:ti_sysbios_family_c64p_Cache_EMIFC_CFG__C)
                  c23b33d0    0000001c     rts6740_elf.lib : asctime.c.obj (.const:day)
                  c23b33ec    0000001c     lv_arc.obj (.const:lv_arc_class)
                  c23b3408    0000001c     lv_bar.obj (.const:lv_bar_class)
                  c23b3424    0000001c     lv_btn.obj (.const:lv_btn_class)
                  c23b3440    0000001c     lv_btnmatrix.obj (.const:lv_btnmatrix_class)
                  c23b345c    0000001c     lv_calendar.obj (.const:lv_calendar_class)
                  c23b3478    0000001c     lv_calendar_header_arrow.obj (.const:lv_calendar_header_arrow_class)
                  c23b3494    0000001c     lv_calendar_header_dropdown.obj (.const:lv_calendar_header_dropdown_class)
                  c23b34b0    0000001c     lv_chart.obj (.const:lv_chart_class)
                  c23b34cc    0000001c     lv_checkbox.obj (.const:lv_checkbox_class)
                  c23b34e8    0000001c     lv_colorwheel.obj (.const:lv_colorwheel_class)
                  c23b3504    0000001c     lv_dropdown.obj (.const:lv_dropdown_class)
                  c23b3520    0000001c     lv_dropdown.obj (.const:lv_dropdownlist_class)
                  c23b353c    0000001c     lv_font_montserrat_48.obj (.const:lv_font_montserrat_48)
                  c23b3558    0000001c     lv_img.obj (.const:lv_img_class)
                  c23b3574    0000001c     lv_imgbtn.obj (.const:lv_imgbtn_class)
                  c23b3590    0000001c     lv_keyboard.obj (.const:lv_keyboard_class)
                  c23b35ac    0000001c     lv_label.obj (.const:lv_label_class)
                  c23b35c8    0000001c     lv_led.obj (.const:lv_led_class)
                  c23b35e4    0000001c     lv_line.obj (.const:lv_line_class)
                  c23b3600    0000001c     lv_list.obj (.const:lv_list_btn_class)
                  c23b361c    0000001c     lv_list.obj (.const:lv_list_class)
                  c23b3638    0000001c     lv_list.obj (.const:lv_list_text_class)
                  c23b3654    0000001c     lv_menu.obj (.const:lv_menu_class)
                  c23b3670    0000001c     lv_menu.obj (.const:lv_menu_cont_class)
                  c23b368c    0000001c     lv_menu.obj (.const:lv_menu_main_cont_class)
                  c23b36a8    0000001c     lv_menu.obj (.const:lv_menu_main_header_cont_class)
                  c23b36c4    0000001c     lv_menu.obj (.const:lv_menu_page_class)
                  c23b36e0    0000001c     lv_menu.obj (.const:lv_menu_section_class)
                  c23b36fc    0000001c     lv_menu.obj (.const:lv_menu_separator_class)
                  c23b3718    0000001c     lv_menu.obj (.const:lv_menu_sidebar_cont_class)
                  c23b3734    0000001c     lv_menu.obj (.const:lv_menu_sidebar_header_cont_class)
                  c23b3750    0000001c     lv_meter.obj (.const:lv_meter_class)
                  c23b376c    0000001c     lv_msgbox.obj (.const:lv_msgbox_backdrop_class)
                  c23b3788    0000001c     lv_msgbox.obj (.const:lv_msgbox_class)
                  c23b37a4    0000001c     lv_obj.obj (.const:lv_obj_class)
                  c23b37c0    0000001c     lv_roller.obj (.const:lv_roller_class)
                  c23b37dc    0000001c     lv_roller.obj (.const:lv_roller_label_class)
                  c23b37f8    0000001c     lv_slider.obj (.const:lv_slider_class)
                  c23b3814    0000001c     lv_spinbox.obj (.const:lv_spinbox_class)
                  c23b3830    0000001c     lv_spinner.obj (.const:lv_spinner_class)
                  c23b384c    0000001c     lv_switch.obj (.const:lv_switch_class)
                  c23b3868    0000001c     lv_table.obj (.const:lv_table_class)
                  c23b3884    0000001c     lv_tabview.obj (.const:lv_tabview_class)
                  c23b38a0    0000001c     lv_textarea.obj (.const:lv_textarea_class)
                  c23b38bc    0000001c     lv_tileview.obj (.const:lv_tileview_class)
                  c23b38d8    0000001c     lv_tileview.obj (.const:lv_tileview_tile_class)
                  c23b38f4    0000001c     lv_win.obj (.const:lv_win_class)
                  c23b3910    0000001b     lv_chart.obj (.const:.string:$P$T1$2)
                  c23b392b    00000001     --HOLE-- [fill = 0]
                  c23b392c    00000004     Local_pe674.oe674 (.const:ti_sysbios_family_c64p_Cache_EMIFC_LENGTH__C)
                  c23b3930    0000001b     lv_draw_sw_gradient.obj (.const:.string:$P$T1$2)
                  c23b394b    00000001     --HOLE-- [fill = 0]
                  c23b394c    00000004     Local_pe674.oe674 (.const:ti_sysbios_family_c64p_Cache_MAR0_31__C)
                  c23b3950    0000001b     lv_label.obj (.const:.string:$P$T5$5)
                  c23b396b    00000001     --HOLE-- [fill = 0]
                  c23b396c    00000004     Local_pe674.oe674 (.const:ti_sysbios_family_c64p_Cache_MAR128_159__C)
                  c23b3970    0000001b     lv_chart.obj (.const:.string:$P$T7$8)
                  c23b398b    00000001     --HOLE-- [fill = 0]
                  c23b398c    00000004     Local_pe674.oe674 (.const:ti_sysbios_family_c64p_Cache_MAR160_191__C)
                  c23b3990    0000001a     lv_obj.obj (.const:.string:$P$T1$2)
                  c23b39aa    00000002     Local_pe674.oe674 (.const:xdc_runtime_Text_isLoaded__C)
                  c23b39ac    00000004     Local_pe674.oe674 (.const:ti_sysbios_family_c64p_Cache_MAR192_223__C)
                  c23b39b0    0000001a     lv_chart.obj (.const:.string:$P$T12$11)
                  c23b39ca    00000002     Local_pe674.oe674 (.const:xdc_runtime_Text_registryModsLastId__C)
                  c23b39cc    00000004     Local_pe674.oe674 (.const:ti_sysbios_family_c64p_Cache_MAR224_255__C)
                  c23b39d0    0000001a     lv_chart.obj (.const:.string:$P$T13$12)
                  c23b39ea    00000002     Local_pe674.oe674 (.const:xdc_runtime_Text_unnamedModsLastId__C)
                  c23b39ec    00000004     Local_pe674.oe674 (.const:ti_sysbios_family_c64p_Cache_MAR32_63__C)
                  c23b39f0    0000001a     lv_chart.obj (.const:.string:$P$T18$17)
                  c23b3a0a    00000002     --HOLE-- [fill = 0]
                  c23b3a0c    00000004     Local_pe674.oe674 (.const:ti_sysbios_family_c64p_Cache_MAR64_95__C)
                  c23b3a10    0000001a     lv_chart.obj (.const:.string:$P$T6$7)
                  c23b3a2a    00000002     --HOLE-- [fill = 0]
                  c23b3a2c    00000004     Local_pe674.oe674 (.const:ti_sysbios_family_c64p_Cache_MAR96_127__C)
                  c23b3a30    0000001a     Local_pe674.oe674 (.const:xdc_runtime_Startup_sfxnRts__A)
                  c23b3a4a    00000002     --HOLE-- [fill = 0]
                  c23b3a4c    00000004     Local_pe674.oe674 (.const:ti_sysbios_family_c64p_EventCombiner_E_unpluggedEvent__C)
                  c23b3a50    00000019     lv_font.obj (.const:.string:$P$T0$1)
                  c23b3a69    00000003     --HOLE-- [fill = 0]
                  c23b3a6c    00000004     Local_pe674.oe674 (.const:ti_sysbios_family_c64p_Exception_E_exceptionMax__C)
                  c23b3a70    00000019     lv_draw_mask.obj (.const:.string:$P$T1$2)
                  c23b3a89    00000003     --HOLE-- [fill = 0]
                  c23b3a8c    00000004     Local_pe674.oe674 (.const:ti_sysbios_family_c64p_Exception_exceptionHook__C)
                  c23b3a90    00000019     lv_meter.obj (.const:.string:$P$T1$2)
                  c23b3aa9    00000003     --HOLE-- [fill = 0]
                  c23b3aac    00000004     Local_pe674.oe674 (.const:ti_sysbios_family_c64p_Exception_externalHook__C)
                  c23b3ab0    00000019     lv_chart.obj (.const:.string:$P$T16$15)
                  c23b3ac9    00000003     --HOLE-- [fill = 0]
                  c23b3acc    00000004     Local_pe674.oe674 (.const:ti_sysbios_family_c64p_Exception_internalHook__C)
                  c23b3ad0    00000019     lv_chart.obj (.const:.string:$P$T17$16)
                  c23b3ae9    00000003     --HOLE-- [fill = 0]
                  c23b3aec    00000004     Local_pe674.oe674 (.const:ti_sysbios_family_c64p_Exception_nmiHook__C)
                  c23b3af0    00000019     lv_chart.obj (.const:.string:$P$T19$18)
                  c23b3b09    00000003     --HOLE-- [fill = 0]
                  c23b3b0c    00000004     Local_pe674.oe674 (.const:ti_sysbios_family_c64p_Hwi_E_alreadyDefined__C)
                  c23b3b10    00000019     lv_chart.obj (.const:.string:$P$T20$19)
                  c23b3b29    00000003     --HOLE-- [fill = 0]
                  c23b3b2c    00000004     Local_pe674.oe674 (.const:ti_sysbios_family_c64p_Hwi_E_handleNotFound__C)
                  c23b3b30    00000019     lv_meter.obj (.const:.string:$P$T4$5)
                  c23b3b49    00000003     --HOLE-- [fill = 0]
                  c23b3b4c    00000004     Local_pe674.oe674 (.const:ti_sysbios_family_c64p_Hwi_LD_end__C)
                  c23b3b50    00000019     lv_table.obj (.const:.string:$P$T5$6)
                  c23b3b69    00000003     --HOLE-- [fill = 0]
                  c23b3b6c    00000004     Local_pe674.oe674 (.const:ti_sysbios_family_c64p_Hwi_LM_begin__C)
                  c23b3b70    00000018     lv_draw_mask.obj (.const:.string:$P$T0$1)
                  c23b3b88    00000018     lv_dropdown.obj (.const:.string:$P$T0$1)
                  c23b3ba0    00000018     lv_hal_disp.obj (.const:.string:$P$T0$1)
                  c23b3bb8    00000018     lv_table.obj (.const:.string:$P$T0$1)
                  c23b3bd0    00000018     lv_chart.obj (.const:.string:$P$T11$10)
                  c23b3be8    00000018     lv_chart.obj (.const:.string:$P$T15$14)
                  c23b3c00    00000018     lv_label.obj (.const:.string:$P$T2$3)
                  c23b3c18    00000018     lv_meter.obj (.const:.string:$P$T2$3)
                  c23b3c30    00000018     lv_font.obj (.const:.string:$P$T3$3)
                  c23b3c48    00000018     lv_event.obj (.const:.string:$P$T3$5)
                  c23b3c60    00000018     nettool.ae674 : config.oe674 (.const:.string)
                  c23b3c78    00000018     stk6_ppp_pppoe.ae674 : exec.oe674 (.const:.string)
                  c23b3c90    00000018     SourceHanSansCN_Normal_16.obj (.const:font_dsc)
                  c23b3ca8    00000018     SourceHanSansCN_Normal_32.obj (.const:font_dsc)
                  c23b3cc0    00000018     lv_font_montserrat_48.obj (.const:font_dsc)
                  c23b3cd8    00000018     Local_pe674.oe674 (.const:ti_sysbios_gates_GateHwi_Object__PARAMS__C)
                  c23b3cf0    00000018     Local_pe674.oe674 (.const:ti_sysbios_gates_GateMutex_Object__PARAMS__C)
                  c23b3d08    00000018     Local_pe674.oe674 (.const:ti_sysbios_knl_Queue_Object__PARAMS__C)
                  c23b3d20    00000018     Local_pe674.oe674 (.const:ti_sysbios_knl_Swi_hooks__A)
                  c23b3d38    00000018     Local_pe674.oe674 (.const:xdc_runtime_LoggerSys_Object__PARAMS__C)
                  c23b3d50    00000017     lv_event.obj (.const:.string:$P$T1$3)
                  c23b3d67    00000001     --HOLE-- [fill = 0]
                  c23b3d68    00000017     lv_chart.obj (.const:.string:$P$T14$13)
                  c23b3d7f    00000001     --HOLE-- [fill = 0]
                  c23b3d80    00000017     lv_dropdown.obj (.const:.string:$P$T2$3)
                  c23b3d97    00000001     --HOLE-- [fill = 0]
                  c23b3d98    00000017     lv_label.obj (.const:.string:$P$T3$4)
                  c23b3daf    00000001     --HOLE-- [fill = 0]
                  c23b3db0    00000017     lv_chart.obj (.const:.string:$P$T4$5)
                  c23b3dc7    00000001     --HOLE-- [fill = 0]
                  c23b3dc8    00000017     lv_table.obj (.const:.string:$P$T4$5)
                  c23b3ddf    00000017     stk6_ppp_pppoe.ae674 : ipout.oe674 (.const:.string)
                  c23b3df6    00000002     --HOLE-- [fill = 0]
                  c23b3df8    00000016     lv_hal_indev.obj (.const:.string:$P$T0$1)
                  c23b3e0e    00000002     --HOLE-- [fill = 0]
                  c23b3e10    00000016     lv_roller.obj (.const:.string:$P$T0$1)
                  c23b3e26    00000002     --HOLE-- [fill = 0]
                  c23b3e28    00000016     lv_txt.obj (.const:.string:$P$T0$1)
                  c23b3e3e    00000002     --HOLE-- [fill = 0]
                  c23b3e40    00000016     lv_label.obj (.const:.string:$P$T1$2)
                  c23b3e56    00000002     --HOLE-- [fill = 0]
                  c23b3e58    00000016     lv_font.obj (.const:.string:$P$T2$2)
                  c23b3e6e    00000002     --HOLE-- [fill = 0]
                  c23b3e70    00000016     lv_img_decoder.obj (.const:.string:$P$T3$3)
                  c23b3e86    00000002     --HOLE-- [fill = 0]
                  c23b3e88    00000016     lv_tlsf.obj (.const:.string:$P$T6$6)
                  c23b3e9e    00000016     stk6_ppp_pppoe.ae674 : ipv6out.oe674 (.const:.string)
                  c23b3eb4    00000004     Local_pe674.oe674 (.const:ti_sysbios_family_c64p_Hwi_Module__diagsEnabled__C)
                  c23b3eb8    00000016     SourceHanSansCN_Normal_32.obj (.const:unicode_list_0)
                  c23b3ece    00000002     --HOLE-- [fill = 0]
                  c23b3ed0    00000015     lv_textarea.obj (.const:.string:$P$T0$1)
                  c23b3ee5    00000003     --HOLE-- [fill = 0]
                  c23b3ee8    00000015     lv_img_decoder.obj (.const:.string:$P$T1$1)
                  c23b3efd    00000003     --HOLE-- [fill = 0]
                  c23b3f00    00000015     lv_textarea.obj (.const:.string:$P$T1$2)
                  c23b3f15    00000003     --HOLE-- [fill = 0]
                  c23b3f18    00000015     lv_style.obj (.const:.string:$P$T2$3)
                  c23b3f2d    00000003     --HOLE-- [fill = 0]
                  c23b3f30    00000015     lv_table.obj (.const:.string:$P$T2$3)
                  c23b3f45    00000003     --HOLE-- [fill = 0]
                  c23b3f48    00000015     lv_textarea.obj (.const:.string:$P$T2$3)
                  c23b3f5d    00000003     --HOLE-- [fill = 0]
                  c23b3f60    00000015     lv_hal_disp.obj (.const:.string:$P$T2$8)
                  c23b3f75    00000003     --HOLE-- [fill = 0]
                  c23b3f78    00000015     lv_chart.obj (.const:.string:$P$T21$20)
                  c23b3f8d    00000003     --HOLE-- [fill = 0]
                  c23b3f90    00000015     lv_chart.obj (.const:.string:$P$T22$21)
                  c23b3fa5    00000003     --HOLE-- [fill = 0]
                  c23b3fa8    00000015     lv_table.obj (.const:.string:$P$T3$4)
                  c23b3fbd    00000003     --HOLE-- [fill = 0]
                  c23b3fc0    00000015     lv_textarea.obj (.const:.string:$P$T4$5)
                  c23b3fd5    00000003     --HOLE-- [fill = 0]
                  c23b3fd8    00000015     lv_chart.obj (.const:.string:$P$T5$6)
                  c23b3fed    00000003     --HOLE-- [fill = 0]
                  c23b3ff0    00000015     lv_label.obj (.const:.string:$P$T7$7)
                  c23b4005    00000003     --HOLE-- [fill = 0]
                  c23b4008    00000014     lv_event.obj (.const:.string:$P$T0$2)
                  c23b401c    00000004     Local_pe674.oe674 (.const:ti_sysbios_family_c64p_Hwi_Module__diagsIncluded__C)
                  c23b4020    00000014     lv_hal_indev.obj (.const:.string:$P$T1$2)
                  c23b4034    00000004     Local_pe674.oe674 (.const:ti_sysbios_family_c64p_Hwi_Module__diagsMask__C)
                  c23b4038    00000014     lv_chart.obj (.const:.string:$P$T10$9)
                  c23b404c    00000004     Local_pe674.oe674 (.const:ti_sysbios_family_c64p_Hwi_Module__loggerFxn1__C)
                  c23b4050    00000014     lv_img_decoder.obj (.const:.string:$P$T2$2)
                  c23b4064    00000004     Local_pe674.oe674 (.const:ti_sysbios_family_c64p_Hwi_Module__loggerFxn8__C)
                  c23b4068    00000014     lv_tlsf.obj (.const:.string:$P$T23$22)
                  c23b407c    00000004     Local_pe674.oe674 (.const:ti_sysbios_family_c64p_Hwi_Module__loggerObj__C)
                  c23b4080    00000014     lv_chart.obj (.const:.string:$P$T3$4)
                  c23b4094    00000014     lv_sjpg.obj (.const:.string)
                  c23b40a8    00000014     SourceHanSansCN_Normal_32.obj (.const:cmaps)
                  c23b40bc    00000004     Local_pe674.oe674 (.const:ti_sysbios_family_c64p_Hwi_Object__heap__C)
                  c23b40c0    00000014     Local_pe674.oe674 (.const:ti_sysbios_family_c64p_Hwi_hooks__A)
                  c23b40d4    00000004     Local_pe674.oe674 (.const:ti_sysbios_gates_GateMutex_A_badContext__C)
                  c23b40d8    00000013     lv_meter.obj (.const:.string:$P$T0$1)
                  c23b40eb    00000001     --HOLE-- [fill = 0]
                  c23b40ec    00000004     Local_pe674.oe674 (.const:ti_sysbios_gates_GateMutex_Instance_State_sem__O)
                  c23b40f0    00000013     lv_obj_pos.obj (.const:.string:$P$T0$2)
                  c23b4103    00000001     --HOLE-- [fill = 0]
                  c23b4104    00000004     Local_pe674.oe674 (.const:ti_sysbios_gates_GateMutex_Module__diagsEnabled__C)
                  c23b4108    00000013     lv_tlsf.obj (.const:.string:$P$T17$16)
                  c23b411b    00000001     --HOLE-- [fill = 0]
                  c23b411c    00000004     Local_pe674.oe674 (.const:ti_sysbios_gates_GateMutex_Module__diagsIncluded__C)
                  c23b4120    00000013     lv_fs.obj (.const:.string:$P$T3$3)
                  c23b4133    00000001     --HOLE-- [fill = 0]
                  c23b4134    00000004     Local_pe674.oe674 (.const:ti_sysbios_gates_GateMutex_Module__diagsMask__C)
                  c23b4138    00000013     lv_mem.obj (.const:.string:$P$T4$5)
                  c23b414b    00000013     stk6_ppp_pppoe.ae674 : fileuser.oe674 (.const:.string)
                  c23b415e    00000002     --HOLE-- [fill = 0]
                  c23b4160    00000012     lv_chart.obj (.const:.string:$P$T0$1)
                  c23b4172    00000002     --HOLE-- [fill = 0]
                  c23b4174    00000004     Local_pe674.oe674 (.const:ti_sysbios_hal_Hwi_E_stackOverflow__C)
                  c23b4178    00000012     lv_label.obj (.const:.string:$P$T0$1)
                  c23b418a    00000002     --HOLE-- [fill = 0]
                  c23b418c    00000004     Local_pe674.oe674 (.const:ti_sysbios_heaps_HeapMem_A_align__C)
                  c23b4190    00000012     lv_tlsf.obj (.const:.string:$P$T16$15)
                  c23b41a2    00000002     --HOLE-- [fill = 0]
                  c23b41a4    00000004     Local_pe674.oe674 (.const:ti_sysbios_heaps_HeapMem_A_heapSize__C)
                  c23b41a8    00000012     lv_fs.obj (.const:.string:$P$T2$2)
                  c23b41ba    00000002     --HOLE-- [fill = 0]
                  c23b41bc    00000004     Local_pe674.oe674 (.const:ti_sysbios_heaps_HeapMem_A_invalidFree__C)
                  c23b41c0    00000012     lv_refr.obj (.const:.string:$P$T2$2)
                  c23b41d2    00000002     --HOLE-- [fill = 0]
                  c23b41d4    00000004     Local_pe674.oe674 (.const:ti_sysbios_heaps_HeapMem_A_zeroBlock__C)
                  c23b41d8    00000012     lv_style.obj (.const:.string:$P$T3$4)
                  c23b41ea    00000002     --HOLE-- [fill = 0]
                  c23b41ec    00000004     Local_pe674.oe674 (.const:ti_sysbios_heaps_HeapMem_E_memory__C)
                  c23b41f0    00000012     lv_label.obj (.const:.string:$P$T6$6)
                  c23b4202    00000002     --HOLE-- [fill = 0]
                  c23b4204    00000004     Local_pe674.oe674 (.const:ti_sysbios_heaps_HeapMem_Module__diagsEnabled__C)
                  c23b4208    00000012     lv_tlsf.obj (.const:.string:$P$T7$7)
                  c23b421a    00000002     --HOLE-- [fill = 0]
                  c23b421c    00000004     Local_pe674.oe674 (.const:ti_sysbios_heaps_HeapMem_Module__diagsIncluded__C)
                  c23b4220    00000012     lv_tlsf.obj (.const:.string:$P$T8$8)
                  c23b4232    00000002     --HOLE-- [fill = 0]
                  c23b4234    00000004     Local_pe674.oe674 (.const:ti_sysbios_heaps_HeapMem_Module__diagsMask__C)
                  c23b4238    00000011     lv_group.obj (.const:.string:$P$T1$2)
                  c23b4249    00000003     --HOLE-- [fill = 0]
                  c23b424c    00000004     Local_pe674.oe674 (.const:ti_sysbios_heaps_HeapMem_Module__gateObj__C)
                  c23b4250    00000011     lv_tlsf.obj (.const:.string:$P$T12$11)
                  c23b4261    00000003     --HOLE-- [fill = 0]
                  c23b4264    00000004     Local_pe674.oe674 (.const:ti_sysbios_heaps_HeapMem_Object__count__C)
                  c23b4268    00000011     lv_tlsf.obj (.const:.string:$P$T13$12)
                  c23b4279    00000003     --HOLE-- [fill = 0]
                  c23b427c    00000004     Local_pe674.oe674 (.const:ti_sysbios_heaps_HeapMem_Object__table__C)
                  c23b4280    00000011     lv_tlsf.obj (.const:.string:$P$T18$17)
                  c23b4291    00000003     --HOLE-- [fill = 0]
                  c23b4294    00000004     Local_pe674.oe674 (.const:ti_sysbios_heaps_HeapMem_reqAlign__C)
                  c23b4298    00000011     lv_tlsf.obj (.const:.string:$P$T22$21)
                  c23b42a9    00000003     --HOLE-- [fill = 0]
                  c23b42ac    00000004     Local_pe674.oe674 (.const:ti_sysbios_knl_Clock_A_badThreadType__C)
                  c23b42b0    00000011     lv_chart.obj (.const:.string:$P$T23$22)
                  c23b42c1    00000003     --HOLE-- [fill = 0]
                  c23b42c4    00000004     Local_pe674.oe674 (.const:ti_sysbios_knl_Clock_A_clockDisabled__C)
                  c23b42c8    00000011     lv_tlsf.obj (.const:.string:$P$T27$24)
                  c23b42d9    00000003     --HOLE-- [fill = 0]
                  c23b42dc    00000004     Local_pe674.oe674 (.const:ti_sysbios_knl_Clock_LM_begin__C)
                  c23b42e0    00000011     lv_meter.obj (.const:.string:$P$T3$4)
                  c23b42f1    00000011     stk6_ppp_pppoe.ae674 : tcp6prot.oe674 (.const:.string)
                  c23b4302    00000011                          : tcpprot.oe674 (.const:.string)
                  c23b4313    00000001     --HOLE-- [fill = 0]
                  c23b4314    00000004     Local_pe674.oe674 (.const:ti_sysbios_knl_Clock_LM_tick__C)
                  c23b4318    00000011     ti.targets.rts6000.ae674 : System.oe674 (.const:digtohex)
                  c23b4329    00000003     --HOLE-- [fill = 0]
                  c23b432c    00000004     Local_pe674.oe674 (.const:ti_sysbios_knl_Clock_LW_delayed__C)
                  c23b4330    00000010     lv_group.obj (.const:.string:$P$T0$1)
                  c23b4340    00000010     lv_refr.obj (.const:.string:$P$T1$1)
                  c23b4350    00000010     lv_timer.obj (.const:.string:$P$T1$5)
                  c23b4360    00000010     lv_tlsf.obj (.const:.string:$P$T14$13)
                  c23b4370    00000010     lv_tlsf.obj (.const:.string:$P$T15$14)
                  c23b4380    00000010     lv_img_buf.obj (.const:.string:$P$T2$2)
                  c23b4390    00000010     lv_hal_indev.obj (.const:.string:$P$T2$3)
                  c23b43a0    00000010     lv_obj_style.obj (.const:.string:$P$T3$2)
                  c23b43b0    00000010     lv_tlsf.obj (.const:.string:$P$T30$26)
                  c23b43c0    00000010     lv_img_decoder.obj (.const:.string:$P$T7$7)
                  c23b43d0    00000010     lv_draw_sw_letter.obj (.const:.string:_lv_bpp4_opa_table)
                  c23b43e0    00000010     rts6740_elf.lib : _scanfi.c.obj (.const:.string)
                  c23b43f0    00000010     lv_font_montserrat_48.obj (.const:kern_classes)
                  c23b4400    00000010     Local_pe674.oe674 (.const:ti_sysbios_family_c64p_EventCombiner_EVTMASK__C)
                  c23b4410    0000000f     lv_flex.obj (.const:.string:$P$T0$1)
                  c23b441f    00000001     --HOLE-- [fill = 0]
                  c23b4420    0000000f     lv_img.obj (.const:.string:$P$T0$1)
                  c23b442f    00000001     --HOLE-- [fill = 0]
                  c23b4430    0000000f     lv_style.obj (.const:.string:$P$T1$1)
                  c23b443f    00000001     --HOLE-- [fill = 0]
                  c23b4440    0000000f     lv_mem.obj (.const:.string:$P$T1$3)
                  c23b444f    00000001     --HOLE-- [fill = 0]
                  c23b4450    0000000f     lv_tlsf.obj (.const:.string:$P$T20$19)
                  c23b445f    00000001     --HOLE-- [fill = 0]
                  c23b4460    0000000f     lv_tlsf.obj (.const:.string:$P$T24$23)
                  c23b446f    00000001     --HOLE-- [fill = 0]
                  c23b4470    0000000f     lv_mem.obj (.const:.string:$P$T3$4)
                  c23b447f    00000001     --HOLE-- [fill = 0]
                  c23b4480    0000000e     lv_anim.obj (.const:.string:$P$T0$1)
                  c23b448e    00000002     --HOLE-- [fill = 0]
                  c23b4490    0000000e     lv_draw_sw_gradient.obj (.const:.string:$P$T0$1)
                  c23b449e    00000002     --HOLE-- [fill = 0]
                  c23b44a0    0000000e     lv_tlsf.obj (.const:.string:$P$T19$18)
                  c23b44ae    00000002     --HOLE-- [fill = 0]
                  c23b44b0    0000000e     lv_draw_mask.obj (.const:.string:$P$T2$3)
                  c23b44be    0000000e     stk6_ppp_pppoe.ae674 : timer.oe674 (.const:.string)
                  c23b44cc    00000004     Local_pe674.oe674 (.const:ti_sysbios_knl_Clock_Module_State_clockQ__O)
                  c23b44d0    0000000d     lv_bmp.obj (.const:.string:$P$T0$1)
                  c23b44dd    00000003     --HOLE-- [fill = 0]
                  c23b44e0    0000000d     lv_mem.obj (.const:.string:$P$T0$2)
                  c23b44ed    00000003     --HOLE-- [fill = 0]
                  c23b44f0    0000000d     lv_tlsf.obj (.const:.string:$P$T11$10)
                  c23b44fd    00000003     --HOLE-- [fill = 0]
                  c23b4500    0000000d     lv_tlsf.obj (.const:.string:$P$T29$25)
                  c23b450d    0000000d     os.ae674 : ossys.oe674 (.const:.string)
                  c23b451a    00000002     --HOLE-- [fill = 0]
                  c23b451c    00000004     Local_pe674.oe674 (.const:ti_sysbios_knl_Clock_Module__diagsEnabled__C)
                  c23b4520    0000000c     lv_tlsf.obj (.const:.string:$P$T10$9)
                  c23b452c    0000000c     lv_checkbox.obj (.const:.string)
                  c23b4538    0000000c     os.ae674 : efs.oe674 (.const:.string)
                  c23b4544    0000000c     imgBackground.obj (.const:imgBackground)
                  c23b4550    0000000c     imgBrightness.obj (.const:imgBrightness)
                  c23b455c    0000000c     imgCalculator.obj (.const:imgCalculator)
                  c23b4568    0000000c     imgCalendar.obj (.const:imgCalendar)
                  c23b4574    0000000c     imgClock.obj (.const:imgClock)
                  c23b4580    0000000c     imgFile.obj (.const:imgFile)
                  c23b458c    0000000c     imgGame.obj (.const:imgGame)
                  c23b4598    0000000c     imgLAN.obj (.const:imgLAN)
                  c23b45a4    0000000c     imgRoate.obj (.const:imgRoate)
                  c23b45b0    0000000c     imgSnake.obj (.const:imgSnake)
                  c23b45bc    0000000c     imgSystemInfo.obj (.const:imgSystemInfo)
                  c23b45c8    0000000c     imgTetris.obj (.const:imgTetris)
                  c23b45d4    0000000c     imgTouch.obj (.const:imgTouch)
                  c23b45e0    0000000c     imgWLAN.obj (.const:imgWLAN)
                  c23b45ec    0000000c     SourceHanSansCN_Normal_16.obj (.const:kern_pairs)
                  c23b45f8    0000000c     Local_pe674.oe674 (.const:ti_sysbios_family_c64p_Cache_initSize__C)
                  c23b4604    00000004     Local_pe674.oe674 (.const:ti_sysbios_knl_Clock_Module__diagsIncluded__C)
                  c23b4608    0000000c     Local_pe674.oe674 (.const:ti_sysbios_knl_Idle_coreList__A)
                  c23b4614    00000004     Local_pe674.oe674 (.const:ti_sysbios_knl_Clock_Module__diagsMask__C)
                  c23b4618    0000000c     Local_pe674.oe674 (.const:ti_sysbios_knl_Idle_funcList__A)
                  c23b4624    00000004     Local_pe674.oe674 (.const:ti_sysbios_knl_Clock_Module__loggerFxn1__C)
                  c23b4628    0000000b     lv_fs.obj (.const:.string:$P$T1$1)
                  c23b4633    00000001     --HOLE-- [fill = 0]
                  c23b4634    00000004     Local_pe674.oe674 (.const:ti_sysbios_knl_Clock_Module__loggerFxn2__C)
                  c23b4638    0000000b     lv_tlsf.obj (.const:.string:$P$T1$1)
                  c23b4643    00000001     --HOLE-- [fill = 0]
                  c23b4644    00000004     Local_pe674.oe674 (.const:ti_sysbios_knl_Clock_Module__loggerObj__C)
                  c23b4648    0000000b     lv_tlsf.obj (.const:.string:$P$T2$2)
                  c23b4653    00000001     --HOLE-- [fill = 0]
                  c23b4654    00000004     Local_pe674.oe674 (.const:ti_sysbios_knl_Semaphore_A_badContext__C)
                  c23b4658    0000000b     lv_tlsf.obj (.const:.string:$P$T4$4)
                  c23b4663    0000000b     stk6_ppp_pppoe.ae674 : route.oe674 (.const:.string)
                  c23b466e    00000002     --HOLE-- [fill = 0]
                  c23b4670    0000000a     lv_sjpg.obj (.const:.string:$P$T1$1)
                  c23b467a    00000002     --HOLE-- [fill = 0]
                  c23b467c    00000004     Local_pe674.oe674 (.const:ti_sysbios_knl_Semaphore_A_noEvents__C)
                  c23b4680    0000000a     lv_tlsf.obj (.const:.string:$P$T5$5)
                  c23b468a    00000002     --HOLE-- [fill = 0]
                  c23b468c    00000004     Local_pe674.oe674 (.const:ti_sysbios_knl_Semaphore_A_overflow__C)
                  c23b4690    00000009     Calculator.obj (.const:.string:$P$T0$1)
                  c23b4699    00000003     --HOLE-- [fill = 0]
                  c23b469c    00000004     Local_pe674.oe674 (.const:ti_sysbios_knl_Semaphore_A_pendTaskDisabled__C)
                  c23b46a0    00000009     Calendar.obj (.const:.string:$P$T0$1)
                  c23b46a9    00000003     --HOLE-- [fill = 0]
                  c23b46ac    00000004     Local_pe674.oe674 (.const:ti_sysbios_knl_Semaphore_Instance_State_pendQ__O)
                  c23b46b0    00000009     Clock.obj (.const:.string:$P$T0$1)
                  c23b46b9    00000003     --HOLE-- [fill = 0]
                  c23b46bc    00000004     Local_pe674.oe674 (.const:ti_sysbios_knl_Semaphore_LM_pend__C)
                  c23b46c0    00000009     LCDBrightness.obj (.const:.string:$P$T0$1)
                  c23b46c9    00000003     --HOLE-- [fill = 0]
                  c23b46cc    00000004     Local_pe674.oe674 (.const:ti_sysbios_knl_Semaphore_LM_post__C)
                  c23b46d0    00000009     Network.obj (.const:.string:$P$T0$1)
                  c23b46d9    00000003     --HOLE-- [fill = 0]
                  c23b46dc    00000004     Local_pe674.oe674 (.const:ti_sysbios_knl_Semaphore_Module__diagsEnabled__C)
                  c23b46e0    00000009     SystemInfo.obj (.const:.string:$P$T0$1)
                  c23b46e9    00000003     --HOLE-- [fill = 0]
                  c23b46ec    00000004     Local_pe674.oe674 (.const:ti_sysbios_knl_Semaphore_Module__diagsIncluded__C)
                  c23b46f0    00000009     lv_tlsf.obj (.const:.string:$P$T3$3)
                  c23b46f9    00000001     --HOLE-- [fill = 0]
                  c23b46fa    00000008     lv_draw_sw_polygon.obj (.const:$P$T0$1)
                  c23b4702    00000002     --HOLE-- [fill = 0]
                  c23b4704    00000008     lv_tlsf.obj (.const:$P$T21$20)
                  c23b470c    00000004     Local_pe674.oe674 (.const:ti_sysbios_knl_Semaphore_Module__diagsMask__C)
                  c23b4710    00000008     lv_obj.obj (.const:.string:$P$T0$1)
                  c23b4718    00000008     lv_png.obj (.const:.string:$P$T1$1)
                  c23b4720    00000008     lodepng.obj (.const:.string:$P$T25$3)
                  c23b4728    00000008     lv_draw_img.obj (.const:.string)
                  c23b4730    00000008     ti.targets.rts6000.ae674 : System.oe674 (.const:.string)
                  c23b4738    00000008     Local_pe674.oe674 (.const:ti_sysbios_family_c64p_Hwi_hooks__C)
                  c23b4740    00000008     Local_pe674.oe674 (.const:ti_sysbios_knl_Idle_coreList__C)
                  c23b4748    00000008     Local_pe674.oe674 (.const:ti_sysbios_knl_Idle_funcList__C)
                  c23b4750    00000008     Local_pe674.oe674 (.const:ti_sysbios_knl_Swi_hooks__C)
                  c23b4758    00000008     Local_pe674.oe674 (.const:ti_sysbios_knl_Task_hooks__C)
                  c23b4760    00000008     Local_pe674.oe674 (.const:xdc_runtime_Startup_firstFxns__A)
                  c23b4768    00000008     Local_pe674.oe674 (.const:xdc_runtime_Startup_firstFxns__C)
                  c23b4770    00000008     Local_pe674.oe674 (.const:xdc_runtime_Startup_lastFxns__C)
                  c23b4778    00000007     rts6740_elf.lib : _scanfi.c.obj (.const:.string:flit$1)
                  c23b477f    00000001     --HOLE-- [fill = 0]
                  c23b4780    00000006                     : _scanfi.c.obj (.const:.string:barr$2)
                  c23b4786    00000002     --HOLE-- [fill = 0]
                  c23b4788    00000004     lv_img_buf.obj (.const:.string:$P$T1$1)
                  c23b478c    00000004     Local_pe674.oe674 (.const:ti_sysbios_knl_Semaphore_Module__loggerFxn2__C)
                  c23b4790    00000004     lv_img_decoder.obj (.const:.string:$P$T6$6)
                  c23b4794    00000004     Local_pe674.oe674 (.const:ti_sysbios_knl_Semaphore_Module__loggerFxn4__C)
                  c23b4798    00000004     lv_draw_sw_letter.obj (.const:.string:_lv_bpp2_opa_table)
                  c23b479c    00000004     Local_pe674.oe674 (.const:ti_sysbios_knl_Semaphore_Module__loggerObj__C)
                  c23b47a0    00000004     Local_pe674.oe674 (.const:ti_sysbios_knl_Swi_A_badPriority__C)
                  c23b47a4    00000004     Local_pe674.oe674 (.const:ti_sysbios_knl_Swi_A_swiDisabled__C)
                  c23b47a8    00000004     Local_pe674.oe674 (.const:ti_sysbios_knl_Swi_LD_end__C)
                  c23b47ac    00000004     Local_pe674.oe674 (.const:ti_sysbios_knl_Swi_LM_begin__C)
                  c23b47b0    00000004     Local_pe674.oe674 (.const:ti_sysbios_knl_Swi_LM_post__C)
                  c23b47b4    00000004     Local_pe674.oe674 (.const:ti_sysbios_knl_Swi_Module__diagsEnabled__C)
                  c23b47b8    00000004     Local_pe674.oe674 (.const:ti_sysbios_knl_Swi_Module__diagsIncluded__C)
                  c23b47bc    00000004     Local_pe674.oe674 (.const:ti_sysbios_knl_Swi_Module__diagsMask__C)
                  c23b47c0    00000004     Local_pe674.oe674 (.const:ti_sysbios_knl_Swi_Module__loggerFxn1__C)
                  c23b47c4    00000004     Local_pe674.oe674 (.const:ti_sysbios_knl_Swi_Module__loggerFxn4__C)
                  c23b47c8    00000004     Local_pe674.oe674 (.const:ti_sysbios_knl_Swi_Module__loggerObj__C)
                  c23b47cc    00000004     Local_pe674.oe674 (.const:ti_sysbios_knl_Swi_Object__count__C)
                  c23b47d0    00000004     Local_pe674.oe674 (.const:ti_sysbios_knl_Swi_Object__heap__C)
                  c23b47d4    00000004     Local_pe674.oe674 (.const:ti_sysbios_knl_Swi_Object__table__C)
                  c23b47d8    00000004     Local_pe674.oe674 (.const:ti_sysbios_knl_Swi_numConstructedSwis__C)
                  c23b47dc    00000004     Local_pe674.oe674 (.const:ti_sysbios_knl_Task_A_badPriority__C)
                  c23b47e0    00000004     Local_pe674.oe674 (.const:ti_sysbios_knl_Task_A_badTaskState__C)
                  c23b47e4    00000004     Local_pe674.oe674 (.const:ti_sysbios_knl_Task_A_badThreadType__C)
                  c23b47e8    00000004     Local_pe674.oe674 (.const:ti_sysbios_knl_Task_A_badTimeout__C)
                  c23b47ec    00000004     Local_pe674.oe674 (.const:ti_sysbios_knl_Task_A_noPendElem__C)
                  c23b47f0    00000004     Local_pe674.oe674 (.const:ti_sysbios_knl_Task_A_sleepTaskDisabled__C)
                  c23b47f4    00000004     Local_pe674.oe674 (.const:ti_sysbios_knl_Task_A_taskDisabled__C)
                  c23b47f8    00000004     Local_pe674.oe674 (.const:ti_sysbios_knl_Task_E_deleteNotAllowed__C)
                  c23b47fc    00000004     Local_pe674.oe674 (.const:ti_sysbios_knl_Task_E_spOutOfBounds__C)
                  c23b4800    00000004     Local_pe674.oe674 (.const:ti_sysbios_knl_Task_E_stackOverflow__C)
                  c23b4804    00000004     Local_pe674.oe674 (.const:ti_sysbios_knl_Task_LD_block__C)
                  c23b4808    00000004     Local_pe674.oe674 (.const:ti_sysbios_knl_Task_LD_exit__C)
                  c23b480c    00000004     Local_pe674.oe674 (.const:ti_sysbios_knl_Task_LD_ready__C)
                  c23b4810    00000004     Local_pe674.oe674 (.const:ti_sysbios_knl_Task_LM_setPri__C)
                  c23b4814    00000004     Local_pe674.oe674 (.const:ti_sysbios_knl_Task_LM_sleep__C)
                  c23b4818    00000004     Local_pe674.oe674 (.const:ti_sysbios_knl_Task_LM_switch__C)
                  c23b481c    00000004     Local_pe674.oe674 (.const:ti_sysbios_knl_Task_Module_State_inactiveQ__O)
                  c23b4820    00000004     Local_pe674.oe674 (.const:ti_sysbios_knl_Task_Module_State_terminatedQ__O)
                  c23b4824    00000004     Local_pe674.oe674 (.const:ti_sysbios_knl_Task_Module__diagsEnabled__C)
                  c23b4828    00000004     Local_pe674.oe674 (.const:ti_sysbios_knl_Task_Module__diagsIncluded__C)
                  c23b482c    00000004     Local_pe674.oe674 (.const:ti_sysbios_knl_Task_Module__diagsMask__C)
                  c23b4830    00000004     Local_pe674.oe674 (.const:ti_sysbios_knl_Task_Module__loggerFxn2__C)
                  c23b4834    00000004     Local_pe674.oe674 (.const:ti_sysbios_knl_Task_Module__loggerFxn4__C)
                  c23b4838    00000004     Local_pe674.oe674 (.const:ti_sysbios_knl_Task_Module__loggerObj__C)
                  c23b483c    00000004     Local_pe674.oe674 (.const:ti_sysbios_knl_Task_Object__count__C)
                  c23b4840    00000004     Local_pe674.oe674 (.const:ti_sysbios_knl_Task_Object__heap__C)
                  c23b4844    00000004     Local_pe674.oe674 (.const:ti_sysbios_knl_Task_Object__table__C)
                  c23b4848    00000004     Local_pe674.oe674 (.const:ti_sysbios_knl_Task_allBlockedFunc__C)
                  c23b484c    00000004     Local_pe674.oe674 (.const:ti_sysbios_knl_Task_defaultStackHeap__C)
                  c23b4850    00000004     Local_pe674.oe674 (.const:ti_sysbios_knl_Task_defaultStackSize__C)
                  c23b4854    00000004     Local_pe674.oe674 (.const:ti_sysbios_knl_Task_numConstructedTasks__C)
                  c23b4858    00000004     Local_pe674.oe674 (.const:ti_sysbios_timers_timer64_Timer_A_notAvailable__C)
                  c23b485c    00000004     Local_pe674.oe674 (.const:ti_sysbios_timers_timer64_Timer_E_cannotSupport__C)
                  c23b4860    00000004     Local_pe674.oe674 (.const:ti_sysbios_timers_timer64_Timer_E_invalidTimer__C)
                  c23b4864    00000004     Local_pe674.oe674 (.const:ti_sysbios_timers_timer64_Timer_E_notAvailable__C)
                  c23b4868    00000004     Local_pe674.oe674 (.const:ti_sysbios_timers_timer64_Timer_Module__diagsEnabled__C)
                  c23b486c    00000004     Local_pe674.oe674 (.const:ti_sysbios_timers_timer64_Timer_Module__diagsIncluded__C)
                  c23b4870    00000004     Local_pe674.oe674 (.const:ti_sysbios_timers_timer64_Timer_Module__diagsMask__C)
                  c23b4874    00000004     Local_pe674.oe674 (.const:ti_sysbios_timers_timer64_Timer_anyMask__C)
                  c23b4878    00000004     Local_pe674.oe674 (.const:ti_sysbios_timers_timer64_Timer_defaultHalf__C)
                  c23b487c    00000004     Local_pe674.oe674 (.const:ti_sysbios_timers_timer64_Timer_freqDivisor__C)
                  c23b4880    00000004     Local_pe674.oe674 (.const:ti_sysbios_timers_timer64_Timer_numLocalTimers__C)
                  c23b4884    00000004     Local_pe674.oe674 (.const:ti_sysbios_timers_timer64_Timer_numTimerDevices__C)
                  c23b4888    00000004     Local_pe674.oe674 (.const:ti_sysbios_utils_Load_LS_cpuLoad__C)
                  c23b488c    00000004     Local_pe674.oe674 (.const:ti_sysbios_utils_Load_LS_hwiLoad__C)
                  c23b4890    00000004     Local_pe674.oe674 (.const:ti_sysbios_utils_Load_LS_swiLoad__C)
                  c23b4894    00000004     Local_pe674.oe674 (.const:ti_sysbios_utils_Load_LS_taskLoad__C)
                  c23b4898    00000004     Local_pe674.oe674 (.const:ti_sysbios_utils_Load_Module_State_taskList__O)
                  c23b489c    00000004     Local_pe674.oe674 (.const:ti_sysbios_utils_Load_Module__diagsEnabled__C)
                  c23b48a0    00000004     Local_pe674.oe674 (.const:ti_sysbios_utils_Load_Module__diagsIncluded__C)
                  c23b48a4    00000004     Local_pe674.oe674 (.const:ti_sysbios_utils_Load_Module__diagsMask__C)
                  c23b48a8    00000004     Local_pe674.oe674 (.const:ti_sysbios_utils_Load_Module__loggerFxn1__C)
                  c23b48ac    00000004     Local_pe674.oe674 (.const:ti_sysbios_utils_Load_Module__loggerFxn2__C)
                  c23b48b0    00000004     Local_pe674.oe674 (.const:ti_sysbios_utils_Load_Module__loggerFxn4__C)
                  c23b48b4    00000004     Local_pe674.oe674 (.const:ti_sysbios_utils_Load_Module__loggerObj__C)
                  c23b48b8    00000004     Local_pe674.oe674 (.const:ti_sysbios_utils_Load_postUpdate__C)
                  c23b48bc    00000004     Local_pe674.oe674 (.const:ti_sysbios_utils_Load_windowInMs__C)
                  c23b48c0    00000004     Local_pe674.oe674 (.const:xdc_runtime_Assert_E_assertFailed__C)
                  c23b48c4    00000004     Local_pe674.oe674 (.const:xdc_runtime_Core_A_initializedParams__C)
                  c23b48c8    00000004     Local_pe674.oe674 (.const:xdc_runtime_Core_Module__diagsEnabled__C)
                  c23b48cc    00000004     Local_pe674.oe674 (.const:xdc_runtime_Core_Module__diagsIncluded__C)
                  c23b48d0    00000004     Local_pe674.oe674 (.const:xdc_runtime_Core_Module__diagsMask__C)
                  c23b48d4    00000004     Local_pe674.oe674 (.const:xdc_runtime_Error_E_memory__C)
                  c23b48d8    00000004     Local_pe674.oe674 (.const:xdc_runtime_Error_Module__diagsEnabled__C)
                  c23b48dc    00000004     Local_pe674.oe674 (.const:xdc_runtime_Error_Module__diagsIncluded__C)
                  c23b48e0    00000004     Local_pe674.oe674 (.const:xdc_runtime_Error_Module__diagsMask__C)
                  c23b48e4    00000004     Local_pe674.oe674 (.const:xdc_runtime_Error_Module__loggerFxn8__C)
                  c23b48e8    00000004     Local_pe674.oe674 (.const:xdc_runtime_Error_Module__loggerObj__C)
                  c23b48ec    00000004     Local_pe674.oe674 (.const:xdc_runtime_Error_policy__C)
                  c23b48f0    00000004     Local_pe674.oe674 (.const:xdc_runtime_Error_raiseHook__C)
                  c23b48f4    00000004     Local_pe674.oe674 (.const:xdc_runtime_IGateProvider_Interface__BASE__C)
                  c23b48f8    00000004     Local_pe674.oe674 (.const:xdc_runtime_IHeap_Interface__BASE__C)
                  c23b48fc    00000004     Local_pe674.oe674 (.const:xdc_runtime_ILogger_Interface__BASE__C)
                  c23b4900    00000004     Local_pe674.oe674 (.const:xdc_runtime_IModule_Interface__BASE__C)
                  c23b4904    00000004     Local_pe674.oe674 (.const:xdc_runtime_Log_L_error__C)
                  c23b4908    00000004     Local_pe674.oe674 (.const:xdc_runtime_Memory_defaultHeapInstance__C)
                  c23b490c    00000004     Local_pe674.oe674 (.const:xdc_runtime_Startup_execImpl__C)
                  c23b4910    00000004     Local_pe674.oe674 (.const:xdc_runtime_Startup_lastFxns__A)
                  c23b4914    00000004     Local_pe674.oe674 (.const:xdc_runtime_Startup_maxPasses__C)
                  c23b4918    00000004     Local_pe674.oe674 (.const:xdc_runtime_Startup_sfxnRts__C)
                  c23b491c    00000004     Local_pe674.oe674 (.const:xdc_runtime_Startup_sfxnTab__C)
                  c23b4920    00000004     Local_pe674.oe674 (.const:xdc_runtime_Startup_startModsFxn__C)
                  c23b4924    00000004     Local_pe674.oe674 (.const:xdc_runtime_SysMin_bufSize__C)
                  c23b4928    00000004     Local_pe674.oe674 (.const:xdc_runtime_SysMin_outputFunc__C)
                  c23b492c    00000004     Local_pe674.oe674 (.const:xdc_runtime_System_Module__gateObj__C)
                  c23b4930    00000004     Local_pe674.oe674 (.const:xdc_runtime_System_extendFxn__C)
                  c23b4934    00000004     Local_pe674.oe674 (.const:xdc_runtime_System_maxAtexitHandlers__C)
                  c23b4938    00000004     Local_pe674.oe674 (.const:xdc_runtime_Text_charTab__C)
                  c23b493c    00000004     Local_pe674.oe674 (.const:xdc_runtime_Text_nameEmpty__C)
                  c23b4940    00000004     Local_pe674.oe674 (.const:xdc_runtime_Text_nameStatic__C)
                  c23b4944    00000004     Local_pe674.oe674 (.const:xdc_runtime_Text_nameUnknown__C)
                  c23b4948    00000004     Local_pe674.oe674 (.const:xdc_runtime_Text_nodeTab__C)
                  c23b494c    00000004     Local_pe674.oe674 (.const:xdc_runtime_Text_visitRopeFxn__C)
                  c23b4950    00000002     lv_textarea.obj (.const:.string:$P$T3$4)
                  c23b4952    00000006     --HOLE-- [fill = 0]
                  c23b4958    00000002     lv_img_decoder.obj (.const:.string:$P$T5$5)
                  c23b495a    00000006     --HOLE-- [fill = 0]
                  c23b4960    00000002     lv_draw_sw_letter.obj (.const:.string:_lv_bpp1_opa_table)

.switch.1 
*          0    c23b4964    0000001c     
                  c23b4964    0000001c     stk6_ppp_pppoe.ae674 : sock6int.oe674 (.switch:Sock6Notify)

.far       0    c23b4a00    003a7c44     UNINITIALIZED
                  c23b4a00    00100000     lv_mem.obj (.far:work_mem_int$1)
                  c24b4a00    000bb824     (.common:g_pucBuffer)
                  c2570224    00000004     (.common:swCtrlFeatures)
                  c2570228    000bb800     lv_port_disp_c674x.obj (.far:buf_1$2)
                  c262ba28    000bb800     lv_port_disp_c674x.obj (.far:buf_2$3)
                  c26e7228    0000004c     lv_port_disp_c674x.obj (.far:disp_drv$4)
                  c26e7274    0000000c     (.common:_lv_anim_ll)
                  c26e7280    00052b00     stk6_ppp_pppoe.ae674 : pbm_data.oe674 (.far:NDK_PACKETMEM)
                  c2739d80    00010000     (.common:buff)
                  c2749d80    0000c1c0     os.ae674 : mem_data.oe674 (.far:NDK_MMBUFFER)
                  c2755f40    00002800     Local_pe674.oe674 (.far:taskStackSection)
                  c2758740    00001618     ti.drv.omapl138.ae674 : ethdriver.oe674 (.far)
                  c2759d58    00000800     (.common:CmdHistory)
                  c275a558    00000660     nettool.ae674 : daemon.oe674 (.far)
                  c275abb8    00000474     ti.drv.omapl138.ae674 : csl_emac.oe674 (.far)
                  c275b02c    00000004     stk6_ppp_pppoe.ae674 : rawethsock_pcb.oe674 (.far)
                  c275b030    00000400     (.common:xdc_runtime_SysMin_Module_State_0_outbuf__A)
                  c275b430    00000140     (.common:__TI_tmpnams)
                  c275b570    00000110                          : igmp.oe674 (.far)
                  c275b680    00000104     (.common:rx_data)
                  c275b784    00000002     lv_theme_default.obj (.far:color_card)
[...]
c287f040  xdc_runtime_System_vsnprintf__E                                     
c287f060  xdc_runtime_System_snprintf_va__F                                   
c287f060  xdc_runtime_System_vsnprintf__F                                     
c287f080  NDK_vsprintf                                                        
c287f080  xdc_runtime_System_vsprintf__E                                      
c287f0a0  xdc_runtime_System_sprintf_va__F                                    
c287f0a0  xdc_runtime_System_vsprintf__F                                      
c287f0c0  xdc_runtime_Text_cordText__E                                        
c287f0e0  xdc_runtime_Text_putLab__E                                          
c287f100  xdc_runtime_Text_putSite__E                                         
c287f120  xdc_runtime_Text_ropeText__E                                        
c287f140  xdc_runtime_Timestamp_SupportProxy_get32__E                         
c287f140  xdc_runtime_Timestamp_get32__F                                      
c287f160  xdc_runtime_Timestamp_SupportProxy_getFreq__E                       
c287f160  xdc_runtime_Timestamp_getFreq__F                                    
c287f180  xdc_runtime_Timestamp_get32__E                                      
c287f1a0  xdc_runtime_Timestamp_getFreq__E                                    
c287f400  CmdLists                                                            
c287fc00  ti_sysbios_family_c64p_EventCombiner_Module__state__V               
c2880000  _ftable                                                             
c28801e0  icon                                                                
c28802e4  _lock                                                               
c28802e8  g_sCmdTable                                                         
c28803b4  _ipcfg                                                              
c2880468  _stream                                                             
c2880508  ti_sysbios_knl_Task_Object__table__V                                
c2880558  TSK_idle                                                            
c28805a8  ti_sysbios_utils_Load_Module__state__V                              
c2880640  ti_sysbios_family_c64p_Hwi_Object__table__V                         
c28806cc  _unlock                                                             
c28806d0  ti_sysbios_knl_Swi_Module_State_0_readyQ__A                         
c2880750  ti_sysbios_knl_Task_Module_State_0_readyQ__A                        
c28807d0  _device                                                             
c2880848  ti_sysbios_family_c64p_Hwi_Module__state__V                         
c28808b0  ti_sysbios_timers_timer64_Timer_Module_State_0_device__A            
c2880910  BootModeStr                                                         
c2880960  DNSErrorStrings                                                     
c2880a00  ti_sysbios_gates_GateMutex_Object__table__V                         
c2880a50  ti_sysbios_timers_timer64_Timer_Object__table__V                    
c2880aa0  ulDataPatternTable                                                  
c2880b40  ti_sysbios_knl_Task_Module__state__V                                
c2880b84  __TI_ft_end                                                         
c2880c88  ti_sysbios_utils_Load_Module_State_0_taskEnv__A                     
c2880d2c  __errno                                                             
c2880d2c  errno                                                               
c2880d30  ti_sysbios_knl_Swi_Object__table__V                                 
c2880d98  ti_sysbios_family_c64p_Exception_Module__state__V                   
c2880df4  ti_sysbios_family_c64p_Cache_Module__state__V                       
c2880e24  ti_sysbios_knl_Clock_Module__state__V                               
c2880e4c  ti_sysbios_family_c64p_primus_TimerSupport_Module__state__V         
c2880e74  xdc_runtime_Memory_Module__state__V                                 
c2880e9c  _oscfg                                                              
c2880ee0  palette_32b                                                         
c2880f00  pstrMsgName                                                         
c2880f20  ti_sysbios_BIOS_Module__state__V                                    
c2880f40  ti_sysbios_timers_timer64_Timer_Module_State_0_gctrl__A             
c2880f60  ti_sysbios_timers_timer64_Timer_Module_State_0_handles__A           
c2880f80  ti_sysbios_timers_timer64_Timer_Module_State_0_intFreqs__A          
c2880fa0  xdc_runtime_System_Module_State_0_atexitHandlers__A                 
c2880fc0  WeekDayStr                                                          
c2880ffc  xdc_runtime_Error_Module__state__V                                  
c2881040  ti_ndk_config_Global_Id2Size                                        
c2881060  ti_sysbios_heaps_HeapMem_Object__table__V                           
c288107c  ti_sysbios_knl_Swi_Module__state__V                                 
c28810b0  TaskName                                                            
c28810c8  LinkStr                                                             
c28810e0  ReportStr                                                           
c28810f8  StatusStr                                                           
c2881154  ti_sysbios_timers_timer64_Timer_Module__state__V                    
c2881168  GatewayIP                                                           
c2881178  LocalIPMask                                                         
c2881188  SEGVal                                                              
c2881198  StaticIPAddr                                                        
c28811b8  __TI_cleanup_ptr                                                    
c28811bc  __TI_dtors_ptr                                                      
c28811c0  __TI_enable_exit_profile_output                                     
c28811c8  ti_sysbios_hal_Hwi_Object__table__V                                 
c28811d8  ti_sysbios_hal_Timer_Object__table__V                               
c28811e8  xdc_runtime_LoggerSys_Object__table__V                              
c28811f4  xdc_runtime_SysMin_Module__state__V                                 
c2881200  xdc_runtime_System_Module__state__V                                 
c2881230  NIMUDeviceTable                                                     
c2881238  ti_sysbios_family_c64p_Hwi_Module__root__V                          
c2881240  ti_sysbios_family_c64p_primus_TimerSupport_Module_State_0_suspSrc__A
c2881248  ti_sysbios_gates_GateHwi_Module__root__V                            
c2881250  ti_sysbios_gates_GateHwi_Object__table__V                           
c2881258  ti_sysbios_gates_GateMutex_Module__root__V                          
c2881260  ti_sysbios_hal_Hwi_Module__root__V                                  
c2881268  ti_sysbios_heaps_HeapMem_Module__root__V                            
c2881270  ti_sysbios_knl_Clock_Module__root__V                                
c2881278  ti_sysbios_knl_Queue_Module__root__V                                
c2881280  ti_sysbios_knl_Semaphore_Module__root__V                            
c2881288  ti_sysbios_knl_Swi_Module__root__V                                  
c2881290  ti_sysbios_knl_Task_Module__root__V                                 
c2881298  ti_sysbios_timers_timer64_Timer_Module__root__V                     
c28812a0  xdc_runtime_LoggerSys_Module__root__V                               
c28812a8  xdc_runtime_Registry_Module__state__V                               
c28812b0  xdc_runtime_Startup_Module__state__V                                
c28812d0  ti_sysbios_knl_Task_Module_State_0_idleTask__A                      
c28812d8  ti_sysbios_utils_Load_Module_State_0_runningTask__A                 
c28812e0  ti_sysbios_utils_Load_Module_State_0_taskStartTime__A               
c28812e8  DHCP_OPTIONS                                                        
c2881db4  __TI_STATIC_BASE                                                    
c2881dcc  _IGMPInDiscard                                                      
c2881dd0  _IGMPInQuery                                                        
c2881dd4  _IGMPInQueryGroup                                                   
c2881dd8  _IGMPInResponse                                                     
c2881ddc  _IGMPOutResponse                                                    
c2881e84  BootMode                                                            
c2881e88  DHCPSw                                                              
c2881e8c  KEY4SwiHandle                                                       
c2881e90  KEY6SwiHandle                                                       
c2881e94  LV_LAYOUT_FLEX                                                      
c2881e98  LV_LAYOUT_GRID                                                      
c2881e9c  LV_STYLE_FLEX_CROSS_PLACE                                           
c2881ea0  LV_STYLE_FLEX_FLOW                                                  
c2881ea4  LV_STYLE_FLEX_GROW                                                  
c2881ea8  LV_STYLE_FLEX_MAIN_PLACE                                            
c2881eac  LV_STYLE_FLEX_TRACK_PLACE                                           
c2881eb0  LV_STYLE_GRID_CELL_COLUMN_POS                                       
c2881eb4  LV_STYLE_GRID_CELL_COLUMN_SPAN                                      
c2881eb8  LV_STYLE_GRID_CELL_ROW_POS                                          
c2881ebc  LV_STYLE_GRID_CELL_ROW_SPAN                                         
c2881ec0  LV_STYLE_GRID_CELL_X_ALIGN                                          
c2881ec4  LV_STYLE_GRID_CELL_Y_ALIGN                                          
c2881ec8  LV_STYLE_GRID_COLUMN_ALIGN                                          
c2881ecc  LV_STYLE_GRID_COLUMN_DSC_ARRAY                                      
c2881ed0  LV_STYLE_GRID_ROW_ALIGN                                             
c2881ed4  LV_STYLE_GRID_ROW_DSC_ARRAY                                         
c2881ed8  UARTConsoleSemHandle                                                
c2881edc  UARTConsoleTaskHandle                                               
c2881ee0  _lv_grad_cache_mem                                                  
c2881ee4  _lv_layout_list                                                     
c2881ee8  _lv_theme_basic_styles                                              
c2881eec  _lv_theme_default_styles                                            
c2881ef0  _lv_timer_act                                                       
c2881ef4  indev_touchpad                                                      
c2881ef8  p_rx                                                                
c2881efc  p_tx                                                                
c2881f00  rh                                                                  
c2881f04  rx_len                                                              
c2881f08  t                                                                   
c2881f0c  temp_label                                                          
c2881f10  time_label                                                          
c2881f14  tx_len                                                              
c2881f1e  NDKFlag                                                             
c2881f20  CONTENT_TYPE_APPLET                                                 
c2881f24  CONTENT_TYPE_AU                                                     
c2881f28  CONTENT_TYPE_CSS                                                    
c2881f2c  CONTENT_TYPE_DOC                                                    
c2881f30  CONTENT_TYPE_GIF                                                    
c2881f34  CONTENT_TYPE_HTML                                                   
c2881f38  CONTENT_TYPE_JPG                                                    
c2881f3c  CONTENT_TYPE_MPEG                                                   
c2881f40  CONTENT_TYPE_PDF                                                    
c2881f44  CONTENT_TYPE_WAV                                                    
c2881f48  CONTENT_TYPE_ZIP                                                    
c2881f4c  CONTENT_TYPE                                                        
c2881f50  CONTENT_LENGTH                                                      
c2881f54  CRLF                                                                
c2881f58  DEFAULT_NAME                                                        
c2881f5c  HTTP_VER                                                            
c2881f60  SPACE                                                               
c2881f78  VerStr                                                              
c2881f7c  DHCPMode                                                            
c2881f80  HostName                                                            
c2881f84  LocalIPAddr                                                         
c2881f88  DomainName                                                          
c2881f8c  DNSServer                                                           
c2881f90  PITCount                                                            
c2881f94  PITUsed                                                             
c2881f98  PITHigh                                                             
c2881fd4  _lv_txt_encoded_size                                                
c2881fd8  _lv_txt_unicode_to_encoded                                          
c2881fdc  _lv_txt_encoded_conv_wc                                             
c2881fe0  _lv_txt_encoded_next                                                
c2881fe4  _lv_txt_encoded_prev                                                
c2881fe8  _lv_txt_encoded_get_byte_id                                         
c2881fec  _lv_txt_encoded_get_char_id                                         
c2881ff0  _lv_txt_get_encoded_length                                          
c28820a0  _IGMPForceVersion1                                                  
c28820b8  TxChanEnable_all                                                    
c28820bc  RxChanEnable_all                                                    
c28820c9  CmdHistorySaveNo                                                    
c28820ca  CmdHistorySaveIndex                                                 
c28820cb  CmdHistoryDisplayIndex                                              
c28820cc  sataRegs                                                            
c28820d0  temp                                                                
c288210c  _ICMPInErrors                                                       
c2882110  _ICMPOutErrors                                                      
c2882114  _IPExecuting                                                        
c2882124  gFragQList                                                          
c2882144  tcp_iss                                                             
c2882148  ptTimeFirst                                                         
c288214c  pt6TimeFirst                                                        
c2882150  tcp6_iss                                                            
c2882168  spi_flag                                                            
c2882170  SoftPWM                                                             
c2882174  OSCINFreq                                                           
c288218c  LODEPNG_VERSION_STRING                                              
c28821ac  httpErrorResponseHook                                               
c28821c0  _IPReasmPtr                                                         
c28821cc  gMLDNodeList                                                        
c28821e6  roate                                                               
c28821e7  SECLED                                                              
c28821ea  LED_OP                                                              
c28821f4  IPV6_MAX_MULTICAST_SOLICIT                                          
c28821f8  IPV6_MAX_UNICAST_SOLICIT                                            
c28821fc  IPV6_RETRANS_TIME                                                   
c2882200  IPV6_DELAY_FIRST_PROBE_TIME                                         
c2882204  IPV6_REACHABLE_TIME                                                 
c2882208  IPV6_MAX_RTR_SOLICITATION_DELAY                                     
c288220c  IPV6_RTR_SOLICITATION_INTERVAL                                      
c2882210  IPV6_MAX_RTR_SOLICITATIONS                                          
c2882214  INFINITE_LT                                                         
c2882218  ti_ndk_config_Global_rawPageSize                                    
c288221c  ti_ndk_config_Global_rawPageCount                                   
c2882220  ti_ndk_config_Global_smallest                                       
c2882224  ti_ndk_config_Global_largest                                        
c2882228  ti_ndk_config_Global_numFrameBuf                                    
c288222c  ti_ndk_config_Global_sizeFrameBuf                                   
c2882230  __CIOBUF_                                                           
c2882400  ti_sysbios_family_c64p_Hwi0                                         
c2882400  ti_sysbios_family_c64p_Hwi_int0                                     
c2882420  ti_sysbios_family_c64p_Hwi_int1                                     
c2882440  ti_sysbios_family_c64p_Hwi_int2                                     
c2882460  ti_sysbios_family_c64p_Hwi_int3                                     
c2882480  ti_sysbios_family_c64p_Hwi_int4                                     
c28824a0  ti_sysbios_family_c64p_Hwi_int5                                     
c28824c0  ti_sysbios_family_c64p_Hwi_int6                                     
c28824e0  ti_sysbios_family_c64p_Hwi_int7                                     
c2882500  ti_sysbios_family_c64p_Hwi_int8                                     
c2882520  ti_sysbios_family_c64p_Hwi_int9                                     
c2882540  ti_sysbios_family_c64p_Hwi_int10                                    
c2882560  ti_sysbios_family_c64p_Hwi_int11                                    
c2882580  ti_sysbios_family_c64p_Hwi_int12                                    
c28825a0  ti_sysbios_family_c64p_Hwi_int13                                    
c28825c0  ti_sysbios_family_c64p_Hwi_int14                                    
c28825e0  ti_sysbios_family_c64p_Hwi_int15                                    
c2883c08  __TI_Handler_Table_Base                                             
c2883c10  __TI_CINIT_Base                                                     
c2883c10  __TI_Handler_Table_Limit                                            
c2883c48  __TI_CINIT_Limit                                                    
c3000000  _c_int00                                                            
ffffffff  __TI_pprof_out_hndl                                                 
ffffffff  __TI_prof_data_size                                                 
ffffffff  __TI_prof_data_start                                                
ffffffff  __binit__                                                           
ffffffff  __c_args__                                                          
ffffffff  binit                                                               
UNDEFED   __TI_INITARRAY_Base                                                 
UNDEFED   __TI_INITARRAY_Limit                                                

[3411 symbols]
