******************************************************************************
               TMS320C6x Linker PC v8.3.12                     
******************************************************************************
>> Linked Wed May  4 17:58:07 2022

OUTPUT FILE NAME:   <Board_C674x.out>
ENTRY POINT SYMBOL: "_c_int00"  address: c2844800


MEMORY CONFIGURATION

         name            origin    length      used     unused   attr    fill
----------------------  --------  ---------  --------  --------  ----  --------
  DSPL2RAM              00800000   00040000  00004000  0003c000  RW  
  SHRAM                 80000000   00020000  00000004  0001fffc  RW X
  DDR2                  c0000000   08000000  02855158  057aaea8  RW X


SEGMENT ALLOCATION MAP

run origin  load origin   length   init length attrs members
----------  ----------- ---------- ----------- ----- -------
00800000    00800000    00004000   00000000    rw-
  00800000    00800000    00004000   00000000    rw- .stack
80000000    80000000    00000004   00000000    rw-
  80000000    80000000    00000004   00000000    rw- .LEDNixieVal
c0000000    c0000000    023a7c2c   00000000    rw-
  c0000000    c0000000    02000000   00000000    rw- SystemHeap
  c2000000    c2000000    003a7c2c   00000000    rw- .far
c23a7c30    c23a7c30    00388570   00388570    r--
  c23a7c30    c23a7c30    0038855a   0038855a    r-- .const
  c273018c    c273018c    00000014   00000014    r-- .switch.1
c27301a0    c27301a0    00120a60   00120a60    r-x
  c27301a0    c27301a0    00120a00   00120a00    r-x .text
  c2850ba0    c2850ba0    00000060   00000060    r-- .switch.2
c2850c00    c2850c00    00001d3a   00000000    rw-
  c2850c00    c2850c00    00001d3a   00000000    rw- .fardata
c285293c    c285293c    00000c2c   00000c2c    r--
  c285293c    c285293c    00000c2c   00000c2c    r-- .switch.3
c2853568    c2853568    00000409   00000000    rw-
  c2853568    c2853568    00000143   00000000    rw- .bss
  c28536ac    c28536ac    000002c5   00000000    rw- .neardata
c2853974    c2853974    0000003c   00000000    r--
  c2853974    c2853974    0000003c   00000000    r-- .rodata
c28539b0    c28539b0    00000120   00000000    rw-
  c28539b0    c28539b0    00000120   00000000    rw- .cio
c2853c00    c2853c00    00001690   00001690    r-x
  c2853c00    c2853c00    00000200   00000200    r-x .vecs
  c2853e00    c2853e00    00001490   00001490    r-- .cinit


SECTION ALLOCATION MAP

 output                                  attributes/
section   page    origin      length       input sections
--------  ----  ----------  ----------   ----------------
.LEDNixieVal 
*          0    80000000    00000004     UNINITIALIZED
                  80000000    00000004     LEDNixie.obj (.LEDNixieVal)

.stack     0    00800000    00004000     UNINITIALIZED
                  00800000    00000008     boot.ae674 : boot.oe674 (.stack)
                  00800008    00003ff8     --HOLE--

.bss       0    c2853568    00000143     UNINITIALIZED
                  c2853568    00000018     hal_timer_bios.ae674 : lltimer.oe674 (.bss)
                  c2853580    00000014     stk6_ppp_pppoe.ae674 : igmp.oe674 (.bss)
                  c2853594    0000000c     lv_anim.obj (.bss)
                  c28535a0    0000000c     lv_tileview.obj (.bss)
                  c28535ac    00000008     lv_refr.obj (.bss)
                  c28535b4    00000008     lv_spinner.obj (.bss)
                  c28535bc    00000008     lv_theme_default.obj (.bss)
                  c28535c4    00000008     netctrl.ae674 : netctrl.oe674 (.bss)
                  c28535cc    00000008     nettool.ae674 : daemon.oe674 (.bss)
                  c28535d4    00000008     stk6_ppp_pppoe.ae674 : ip.oe674 (.bss)
                  c28535dc    00000008                          : nimupppoe.oe674 (.bss)
                  c28535e4    00000004     Calculator.obj (.bss)
                  c28535e8    00000004     SystemInfo.obj (.bss)
                  c28535ec    00000004     lv_event.obj (.bss)
                  c28535f0    00000004     lv_group.obj (.bss)
                  c28535f4    00000004     lv_hal_disp.obj (.bss)
                  c28535f8    00000004     lv_indev.obj (.bss)
                  c28535fc    00000004     lv_log.obj (.bss)
                  c2853600    00000004     lv_mem.obj (.bss)
                  c2853604    00000004     lv_obj_pos.obj (.bss)
                  c2853608    00000004     lv_tabview.obj (.bss)
                  c285360c    00000004     lv_textarea.obj (.bss)
                  c2853610    00000004     nettool.ae674 : ipaddr.oe674 (.bss)
                  c2853614    00000004     stk6_ppp_pppoe.ae674 : ipv6_frag.oe674 (.bss)
                  c2853618    00000004                          : lli6.oe674 (.bss)
                  c285361c    00000004                          : rtable.oe674 (.bss)
                  c2853620    00000004     (.common:KEY4SwiHandle)
                  c2853624    00000004     (.common:KEY6SwiHandle)
                  c2853628    00000004     (.common:LV_LAYOUT_FLEX)
                  c285362c    00000004     (.common:LV_LAYOUT_GRID)
                  c2853630    00000004     (.common:LV_STYLE_FLEX_CROSS_PLACE)
                  c2853634    00000004     (.common:LV_STYLE_FLEX_FLOW)
                  c2853638    00000004     (.common:LV_STYLE_FLEX_GROW)
                  c285363c    00000004     (.common:LV_STYLE_FLEX_MAIN_PLACE)
                  c2853640    00000004     (.common:LV_STYLE_FLEX_TRACK_PLACE)
                  c2853644    00000004     (.common:LV_STYLE_GRID_CELL_COLUMN_POS)
                  c2853648    00000004     (.common:LV_STYLE_GRID_CELL_COLUMN_SPAN)
                  c285364c    00000004     (.common:LV_STYLE_GRID_CELL_ROW_POS)
                  c2853650    00000004     (.common:LV_STYLE_GRID_CELL_ROW_SPAN)
                  c2853654    00000004     (.common:LV_STYLE_GRID_CELL_X_ALIGN)
                  c2853658    00000004     (.common:LV_STYLE_GRID_CELL_Y_ALIGN)
                  c285365c    00000004     (.common:LV_STYLE_GRID_COLUMN_ALIGN)
                  c2853660    00000004     (.common:LV_STYLE_GRID_COLUMN_DSC_ARRAY)
                  c2853664    00000004     (.common:LV_STYLE_GRID_ROW_ALIGN)
                  c2853668    00000004     (.common:LV_STYLE_GRID_ROW_DSC_ARRAY)
                  c285366c    00000004     (.common:UARTConsoleSemHandle)
                  c2853670    00000004     (.common:UARTConsoleTaskHandle)
                  c2853674    00000004     (.common:_lv_grad_cache_mem)
                  c2853678    00000004     (.common:_lv_layout_list)
                  c285367c    00000004     (.common:_lv_theme_basic_styles)
                  c2853680    00000004     (.common:_lv_theme_default_styles)
                  c2853684    00000004     (.common:_lv_timer_act)
                  c2853688    00000004     (.common:indev_touchpad)
                  c285368c    00000004     (.common:p_rx)
                  c2853690    00000004     (.common:p_tx)
                  c2853694    00000004     (.common:rx_len)
                  c2853698    00000004     (.common:temp_label)
                  c285369c    00000004     (.common:time_label)
                  c28536a0    00000004     (.common:tx_len)
                  c28536a4    00000002     lv_timer.obj (.bss)
                  c28536a6    00000002     lv_win.obj (.bss)
                  c28536a8    00000001     lv_colorwheel.obj (.bss)
                  c28536a9    00000001     lv_hal_tick.obj (.bss)
                  c28536aa    00000001     (.common:NDKFlag)

.neardata 
*          0    c28536ac    000002c5     UNINITIALIZED
                  c28536ac    00000044     nettool.ae674 : httpstr.oe674 (.neardata)
                  c28536f0    00000028     Net.obj (.neardata)
                  c2853718    00000024     os.ae674 : mem.oe674 (.neardata)
                  c285373c    00000020     Web.obj (.neardata)
                  c285375c    00000020     lv_txt.obj (.neardata)
                  c285377c    0000001c     netctrl.ae674 : netctrl.oe674 (.neardata)
                  c2853798    00000018     console_min.ae674 : console.oe674 (.neardata)
                  c28537b0    00000018     os.ae674 : task.oe674 (.neardata)
                  c28537c8    00000014     stk6_ppp_pppoe.ae674 : rtable.oe674 (.neardata)
                  c28537dc    00000014     ti.drv.omapl138.ae674 : ethdriver.oe674 (.neardata)
                  c28537f0    00000010     lv_timer.obj (.neardata)
                  c2853800    00000010     nettool.ae674 : daemon.oe674 (.neardata)
                  c2853810    00000010     stk6_ppp_pppoe.ae674 : bind6.oe674 (.neardata)
                  c2853820    00000010                          : igmp.oe674 (.neardata)
                  c2853830    0000000c                          : route6.oe674 (.neardata)
                  c285383c    0000000c     ti.drv.omapl138.ae674 : csl_emac.oe674 (.neardata)
                  c2853848    00000009     lv_draw_sw_gradient.obj (.neardata)
                  c2853851    00000003     UARTConsole.obj (.neardata)
                  c2853854    00000008     SATA.obj (.neardata)
                  c285385c    00000008     console_min.ae674 : contest.oe674 (.neardata)
                  c2853864    00000008     lv_calendar_header_dropdown.obj (.neardata)
                  c285386c    00000008     lv_draw_sw_letter.obj (.neardata)
                  c2853874    00000008     lv_indev.obj (.neardata)
                  c285387c    00000008     lv_obj.obj (.neardata)
                  c2853884    00000008     netctrl.ae674 : netsrv.oe674 (.neardata)
                  c285388c    00000008     stk6_ppp_pppoe.ae674 : exec.oe674 (.neardata)
                  c2853894    00000008                          : icmp.oe674 (.neardata)
                  c285389c    00000008                          : ip.oe674 (.neardata)
                  c28538a4    00000008                          : ipin.oe674 (.neardata)
                  c28538ac    00000008                          : ipv6_frag.oe674 (.neardata)
                  c28538b4    00000008                          : lli.oe674 (.neardata)
                  c28538bc    00000008                          : nimupppoe.oe674 (.neardata)
                  c28538c4    00000008                          : rtc.oe674 (.neardata)
                  c28538cc    00000008                          : tcp.oe674 (.neardata)
                  c28538d4    00000008                          : tcp6.oe674 (.neardata)
                  c28538dc    00000008                          : timer.oe674 (.neardata)
                  c28538e4    00000005     lv_colorwheel.obj (.neardata)
                  c28538e9    00000003     lv_hal_disp.obj (.neardata)
                  c28538ec    00000004     Flash.obj (.neardata)
                  c28538f0    00000004     LED.obj (.neardata)
                  c28538f4    00000004     PLL.obj (.neardata)
                  c28538f8    00000004     cgi.ae674 : cgiparsem.oe674 (.neardata)
                  c28538fc    00000004     console_min.ae674 : conacct.oe674 (.neardata)
                  c2853900    00000004                       : conlli.oe674 (.neardata)
                  c2853904    00000004                       : conroute.oe674 (.neardata)
                  c2853908    00000004     hal_timer_bios.ae674 : lltimer.oe674 (.neardata)
                  c285390c    00000004     lodepng.obj (.neardata)
                  c2853910    00000004     lv_event.obj (.neardata)
                  c2853914    00000004     lv_hal_tick.obj (.neardata)
                  c2853918    00000004     lv_log.obj (.neardata)
                  c285391c    00000004     lv_math.obj (.neardata)
                  c2853920    00000004     lv_mem.obj (.neardata)
                  c2853924    00000004     lv_port_indev_c674x.obj (.neardata)
                  c2853928    00000004     nettool.ae674 : config.oe674 (.neardata)
                  c285392c    00000004                   : httpsend.oe674 (.neardata)
                  c2853930    00000004                   : tftp.oe674 (.neardata)
                  c2853934    00000004                   : tftp6.oe674 (.neardata)
                  c2853938    00000004     os.ae674 : efs.oe674 (.neardata)
                  c285393c    00000004     stk6_ppp_pppoe.ae674 : bind.oe674 (.neardata)
                  c2853940    00000004                          : ipfrag.oe674 (.neardata)
                  c2853944    00000004                          : lli6.oe674 (.neardata)
                  c2853948    00000004                          : lliin.oe674 (.neardata)
                  c285394c    00000004                          : mld.oe674 (.neardata)
                  c2853950    00000004                          : node.oe674 (.neardata)
                  c2853954    00000004                          : pbm.oe674 (.neardata)
                  c2853958    00000004                          : sock6pcb.oe674 (.neardata)
                  c285395c    00000004                          : sockpcb.oe674 (.neardata)
                  c2853960    00000004     ti.drv.omapl138.ae674 : csl_mdio.oe674 (.neardata)
                  c2853964    00000002     lv_style.obj (.neardata)
                  c2853966    00000001     Home.obj (.neardata)
                  c2853967    00000001     RTC.obj (.neardata)
                  c2853968    00000002     nettool.ae674 : dnscomn.oe674 (.neardata)
                  c285396a    00000001     Timer.obj (.neardata)
                  c285396b    00000001     lv_obj_pos.obj (.neardata)
                  c285396c    00000001     lv_obj_style.obj (.neardata)
                  c285396d    00000001     lv_theme_default.obj (.neardata)
                  c285396e    00000002     --HOLE--
                  c2853970    00000001     nettool.ae674 : dnsclnt.oe674 (.neardata)

.rodata    0    c2853974    0000003c     UNINITIALIZED
                  c2853974    00000024     stk6_ppp_pppoe.ae674 : ipv6.oe674 (.rodata)
                  c2853998    00000010     os.ae674 : mem_data.oe674 (.rodata)
                  c28539a8    00000008     stk6_ppp_pppoe.ae674 : pbm_data.oe674 (.rodata)

.cinit     0    c2853e00    00001490     
                  c2853e00    00001299     (.cinit..fardata.load) [load image, compression = rle]
                  c2855099    0000013c     (.cinit..neardata.load) [load image, compression = rle]
                  c28551d5    00000040     (.cinit..rodata.load) [load image, compression = rle]
                  c2855215    00000016     (.cinit.SystemHeap.load) [load image, compression = rle]
                  c285522b    0000000d     (.cinit..far.load) [load image, compression = rle]
                  c2855238    0000000b     (.cinit..bss.load) [load image, compression = rle]
                  c2855243    00000009     (.cinit..LEDNixieVal.load) [load image, compression = rle]
                  c285524c    00000008     (__TI_handler_table)
                  c2855254    00000004     --HOLE-- [fill = 0]
                  c2855258    00000038     (__TI_cinit_table)

.init_array 
*          0    c0000000    00000000     UNINITIALIZED

SystemHeap 
*          0    c0000000    02000000     UNINITIALIZED
                  c0000000    02000000     Local_pe674.oe674 (SystemHeap)

.vecs      0    c2853c00    00000200     
                  c2853c00    00000200     Local_pe674.oe674 (.vecs)

xdc.meta   0    c0000000    000000f8     COPY SECTION
                  c0000000    000000f8     Local_pe674.oe674 (xdc.meta)

.far       0    c2000000    003a7c2c     UNINITIALIZED
                  c2000000    00100000     lv_mem.obj (.far:work_mem_int$1)
                  c2100000    000bb824     (.common:g_pucBuffer)
                  c21bb824    00000004     (.common:swCtrlFeatures)
                  c21bb828    000bb800     lv_port_disp_c674x.obj (.far:buf_1$2)
                  c2277028    000bb800     lv_port_disp_c674x.obj (.far:buf_2$3)
                  c2332828    0000004c     lv_port_disp_c674x.obj (.far:disp_drv$4)
                  c2332874    0000000c     (.common:_lv_anim_ll)
                  c2332880    00052b00     stk6_ppp_pppoe.ae674 : pbm_data.oe674 (.far:NDK_PACKETMEM)
                  c2385380    00010000     (.common:buff)
                  c2395380    0000c1c0     os.ae674 : mem_data.oe674 (.far:NDK_MMBUFFER)
                  c23a1540    00002800     Local_pe674.oe674 (.far:taskStackSection)
                  c23a3d40    00001618     ti.drv.omapl138.ae674 : ethdriver.oe674 (.far)
                  c23a5358    00000800     (.common:CmdHistory)
                  c23a5b58    00000660     nettool.ae674 : daemon.oe674 (.far)
                  c23a61b8    00000474     ti.drv.omapl138.ae674 : csl_emac.oe674 (.far)
                  c23a662c    00000004     stk6_ppp_pppoe.ae674 : rawethsock_pcb.oe674 (.far)
                  c23a6630    00000400     (.common:xdc_runtime_SysMin_Module_State_0_outbuf__A)
                  c23a6a30    00000140     (.common:__TI_tmpnams)
                  c23a6b70    00000110                          : igmp.oe674 (.far)
                  c23a6c80    00000104     (.common:rx_data)
                  c23a6d84    00000002     lv_theme_default.obj (.far:color_card)
                  c23a6d86    00000002     lv_theme_default.obj (.far:color_grey)
                  c23a6d88    00000104     (.common:tx_data)
                  c23a6e8c    00000002     lv_theme_default.obj (.far:color_scr)
                  c23a6e8e    00000002     lv_theme_default.obj (.far:color_text)
                  c23a6e90    00000104     (.common:vrf_data)
                  c23a6f94    00000004     --HOLE--
                  c23a6f98    00000100     lv_draw_sw_letter.obj (.far:opa_table$1)
                  c23a7098    000000d8     netctrl.ae674 : netsrv.oe674 (.far)
                  c23a7170    000000c8     stk6_ppp_pppoe.ae674 : ipv6.oe674 (.far)
                  c23a7238    000000c4                          : tcp.oe674 (.far)
                  c23a72fc    000000b8                          : tcp6in.oe674 (.far)
                  c23a73b4    00000004     --HOLE--
                  c23a73b8    00000040     (.common:g_cCmdBuf)
                  c23a73f8    00000008     (.common:MacAddr)
                  c23a7400    000000a0     (.common:RcvFis)
                  c23a74a0    0000009c                          : icmp.oe674 (.far)
                  c23a753c    00000004     --HOLE--
                  c23a7540    00000080     (.common:_lv_draw_mask_list)
                  c23a75c0    00000080     (.common:lv_mem_buf)
                  c23a7640    00000080     UARTConsole.obj (.far:UARTWriteBuffer)
                  c23a76c0    0000007c     os.ae674 : mem.oe674 (.far)
                  c23a773c    00000004     --HOLE--
                  c23a7740    00000070     (.common:_lv_circle_cache)
                  c23a77b0    00000068     stk6_ppp_pppoe.ae674 : ip.oe674 (.far)
                  c23a7818    00000064                          : nimu.oe674 (.far)
                  c23a787c    00000030     (.common:pllcfg)
                  c23a78ac    00000030                          : udp.oe674 (.far)
                  c23a78dc    0000002c     (.common:_lv_img_cache_single)
                  c23a7908    0000002a     (.common:TouchInfo)
                  c23a7932    00000002     --HOLE--
                  c23a7934    00000028                          : vlan.oe674 (.far)
                  c23a795c    00000024     (.common:RTCTime)
                  c23a7980    00000024     cmdline.obj (.far:argv$1)
                  c23a79a4    00000024     stk6_ppp_pppoe.ae674 : udp6.oe674 (.far)
                  c23a79c8    00000024     lv_theme_default.obj (.far:theme)
                  c23a79ec    00000004     --HOLE--
                  c23a79f0    00000020     console_min.ae674 : console.oe674 (.far)
                  c23a7a10    00000020     lv_port_indev_c674x.obj (.far:indev_drv$1)
                  c23a7a30    0000001c     lv_port_disp_c674x.obj (.far:draw_buf_dsc$1)
                  c23a7a4c    00000004     --HOLE--
                  c23a7a50    0000001a     rts6740_elf.lib : asctime.c.obj (.far:time_buf)
                  c23a7a6a    00000002     --HOLE--
                  c23a7a6c    00000018     netctrl.ae674 : netctrl.oe674 (.far)
                  c23a7a84    00000018     lv_refr.obj (.far:perf_monitor)
                  c23a7a9c    00000018     stk6_ppp_pppoe.ae674 : icmpv6.oe674 (.far)
                  c23a7ab4    00000018     ti.drv.omapl138.ae674 : csl_mdio.oe674 (.far)
                  c23a7acc    00000004     --HOLE--
                  c23a7ad0    00000014     stk6_ppp_pppoe.ae674 : rtc.oe674 (.far)
                  c23a7ae4    00000014     lv_theme_default.obj (.far:trans_delayed$2)
                  c23a7af8    00000014     lv_theme_default.obj (.far:trans_normal$3)
                  c23a7b0c    00000004     --HOLE--
                  c23a7b10    00000010     (.common:IPAddress)
                  c23a7b20    00000010     stk6_ppp_pppoe.ae674 : raw.oe674 (.far)
                  c23a7b30    00000010                          : raw6.oe674 (.far)
                  c23a7b40    00000010                          : raweth.oe674 (.far)
                  c23a7b50    0000000c     (.common:_lv_disp_ll)
                  c23a7b5c    0000000c     (.common:_lv_fsdrv_ll)
                  c23a7b68    0000000c     (.common:_lv_group_ll)
                  c23a7b74    0000000c     (.common:_lv_img_decoder_ll)
                  c23a7b80    0000000c     (.common:_lv_indev_ll)
                  c23a7b8c    0000000c     (.common:_lv_obj_style_trans_ll)
                  c23a7b98    0000000c     (.common:_lv_timer_ll)
                  c23a7ba4    00000004     --HOLE--
                  c23a7ba8    0000000c     (.common:ti_sysbios_knl_Task_Instance_State_0_hookEnv__A)
                  c23a7bb4    00000004     --HOLE--
                  c23a7bb8    0000000c     (.common:ti_sysbios_knl_Task_Instance_State_1_hookEnv__A)
                  c23a7bc4    0000000c                          : pbm.oe674 (.far)
                  c23a7bd0    0000000a     (.common:I2CData)
                  c23a7bda    00000006     --HOLE--
                  c23a7be0    00000008     (.common:parmbuf)
                  c23a7be8    00000008     SourceHanSansCN_Normal_16.obj (.far:cache)
                  c23a7bf0    00000008     lv_theme_default.obj (.far:dark_filter$4)
                  c23a7bf8    00000008     lv_theme_default.obj (.far:grey_filter$5)
                  c23a7c00    00000004     (.common:ti_sysbios_family_c64p_Hwi_Instance_State_0_hookEnv__A)
                  c23a7c04    00000004     --HOLE--
                  c23a7c08    00000004     (.common:ti_sysbios_family_c64p_Hwi_Instance_State_1_hookEnv__A)
                  c23a7c0c    00000004     --HOLE--
                  c23a7c10    00000004     (.common:ti_sysbios_family_c64p_Hwi_Instance_State_2_hookEnv__A)
                  c23a7c14    00000004     --HOLE--
                  c23a7c18    00000004     (.common:ti_sysbios_family_c64p_Hwi_Instance_State_3_hookEnv__A)
                  c23a7c1c    00000004     --HOLE--
                  c23a7c20    00000004     (.common:ti_sysbios_family_c64p_Hwi_Instance_State_4_hookEnv__A)
                  c23a7c24    00000004     --HOLE--
                  c23a7c28    00000004     (.common:ti_sysbios_knl_Swi_Instance_State_0_hookEnv__A)

.const     0    c23a7c30    0038855a     
                  c23a7c30    0025fc75     SourceHanSansCN_Normal_16.obj (.const:.string:glyph_bitmap)
                  c26078a5    00000001     --HOLE-- [fill = 0]
                  c26078a6    00000002     Local_pe674.oe674 (.const:ti_sysbios_BIOS_Module__id__C)
                  c26078a8    000bb800     imgBackground.obj (.const:.string:imgBackground_map)
                  c26c30a8    00052070     SourceHanSansCN_Normal_16.obj (.const:glyph_dsc)
                  c2715118    00003b8d     console_min.ae674 : conipv6.oe674 (.const:.string)
                  c2718ca5    00000001     --HOLE-- [fill = 0]
                  c2718ca6    00000002     Local_pe674.oe674 (.const:ti_sysbios_family_c64p_EventCombiner_Module__id__C)
                  c2718ca8    00001b00     imgCalculator.obj (.const:.string:imgCalculator_map)
                  c271a7a8    00001b00     imgRoate.obj (.const:.string:imgRoate_map)
                  c271c2a8    00001b00     imgSystemInfo.obj (.const:.string:imgSystemInfo_map)
                  c271dda8    00001aa6     console_min.ae674 : contest.oe674 (.const:.string)
                  c271f84e    00000002     Local_pe674.oe674 (.const:ti_sysbios_family_c64p_Exception_Module__id__C)
                  c271f850    00001709     Local_pe674.oe674 (.const:xdc_runtime_Text_charTab__A)
                  c2720f59    00000001     --HOLE-- [fill = 0]
                  c2720f5a    00000002     Local_pe674.oe674 (.const:ti_sysbios_family_c64p_Exception_useInternalBuffer__C)
                  c2720f5c    00001314     lodepng.obj (.const:.string)
                  c2722270    00000da0     SourceHanSansCN_Normal_16.obj (.const:kern_pair_glyph_ids)
                  c2723010    00000cca     console_min.ae674 : constat.oe674 (.const:.string)
                  c2723cda    00000002     Local_pe674.oe674 (.const:ti_sysbios_family_c64p_Hwi_Module__id__C)
                  c2723cdc    0000092c     lv_tlsf.obj (.const:.string)
                  c2724608    00000893     console_min.ae674 : conipaddr.oe674 (.const:.string)
                  c2724e9b    00000001     --HOLE-- [fill = 0]
                  c2724e9c    00000004     lv_obj_scroll.obj (.const:$P$T0$1)
                  c2724ea0    000006ac     LEDNixie.obj (.const:.string:PRU_Code)
                  c272554c    00000004     lv_obj_scroll.obj (.const:$P$T1$2)
                  c2725550    00000690     SourceHanSansCN_Normal_16.obj (.const:cmaps)
                  c2725be0    00000603     console_min.ae674 : console.oe674 (.const:.string)
                  c27261e3    00000001     --HOLE-- [fill = 0]
                  c27261e4    00000588     sysbios.ae674 : BIOS.obj (.const:.string)
                  c272676c    000004b6     console_min.ae674 : convlan.oe674 (.const:.string)
                  c2726c22    00000412                       : conecho.oe674 (.const:.string)
                  c2727034    00000004     lv_obj_pos.obj (.const:$P$T10$4)
                  c2727038    00000400     tjpgd.obj (.const:.string:Clip8)
                  c2727438    000003d8     Web.obj (.const:.string)
                  c2727810    000003c8     Command.obj (.const:.string)
                  c2727bd8    000003b2     console_min.ae674 : condns.oe674 (.const:.string)
                  c2727f8a    00000002     Local_pe674.oe674 (.const:ti_sysbios_family_c64p_Hwi_Module__loggerDefined__C)
                  c2727f8c    00000368     Exception.obj (.const:.string)
                  c27282f4    00000004     lv_draw_sw_gradient.obj (.const:$P$T2$4)
                  c27282f8    00000368     SourceHanSansCN_Normal_16.obj (.const:.string:kern_pair_values)
                  c2728660    00000350     nettool.ae674 : httpsend.oe674 (.const:.string)
                  c27289b0    0000032c     console_min.ae674 : conlli.oe674 (.const:.string)
                  c2728cdc    000002dc                       : conroute.oe674 (.const:.string)
                  c2728fb8    000002cc                       : conping.oe674 (.const:.string)
                  c2729284    0000028c     lv_calendar_header_dropdown.obj (.const:.string)
                  c2729510    0000027d     console_min.ae674 : conacct.oe674 (.const:.string)
                  c272978d    0000025d     nettool.ae674 : dnscomn.oe674 (.const:.string)
                  c27299ea    00000002     Local_pe674.oe674 (.const:ti_sysbios_gates_GateMutex_Module__id__C)
                  c27299ec    00000244     Net.obj (.const:.string)
                  c2729c30    0000021a     os.ae674 : task.oe674 (.const:.string)
                  c2729e4a    00000205     console_min.ae674 : consock.oe674 (.const:.string)
                  c272a04f    000001e2     stk6_ppp_pppoe.ae674 : bind6.oe674 (.const:.string)
                  c272a231    00000001     --HOLE-- [fill = 0]
                  c272a232    00000002     Local_pe674.oe674 (.const:ti_sysbios_hal_Hwi_Module__id__C)
                  c272a234    000001a8     DDR2.obj (.const:.string)
                  c272a3dc    0000018c     console_min.ae674 : contftp.oe674 (.const:.string)
                  c272a568    00000184     lv_mem.obj (.const:.string)
                  c272a6ec    0000015c     stk6_ppp_pppoe.ae674 : route6.oe674 (.const:.string)
                  c272a848    00000159                          : nimuppp.oe674 (.const:.string)
                  c272a9a1    0000014f     os.ae674 : mem.oe674 (.const:.string)
                  c272aaf0    00000144     ti.drv.omapl138.ae674 : ethdriver.oe674 (.const:.string)
                  c272ac34    00000110     Flash.obj (.const:.string)
                  c272ad44    00000107     stk6_ppp_pppoe.ae674 : vlan.oe674 (.const:.string)
                  c272ae4b    00000001     --HOLE-- [fill = 0]
                  c272ae4c    00000004     lv_obj_pos.obj (.const:$P$T9$3)
                  c272ae50    00000101     rts6740_elf.lib : ctype.c.obj (.const:.string:_ctypes_)
                  c272af51    00000006     nettool.ae674 : tftp.oe674 (.const:.string)
                  c272af57    00000001     --HOLE-- [fill = 0]
                  c272af58    00000100     lv_draw_sw_letter.obj (.const:.string:_lv_bpp8_opa_table)
                  c272b058    000000fd     stk6_ppp_pppoe.ae674 : icmpv6out.oe674 (.const:.string)
                  c272b155    000000f2                          : icmpv6_ndisc.oe674 (.const:.string)
                  c272b247    00000001     --HOLE-- [fill = 0]
                  c272b248    000000f0     EEPROM.obj (.const:.string)
                  c272b338    000000f0     Local_pe674.oe674 (.const:xdc_runtime_Text_nodeTab__A)
                  c272b428    000000ec     lv_chart.obj (.const:.string)
                  c272b514    000000ec     lv_table.obj (.const:.string)
                  c272b600    000000ec     lv_textarea.obj (.const:.string)
                  c272b6ec    000000e8     lv_img_decoder.obj (.const:.string)
                  c272b7d4    000000e8     lv_keyboard.obj (.const:.string)
                  c272b8bc    000000e4     lv_draw_mask.obj (.const:.string)
                  c272b9a0    000000dc     lv_hal_disp.obj (.const:.string)
                  c272ba7c    000000d8     EMAC.obj (.const:.string)
                  c272bb54    000000d8     stk6_ppp_pppoe.ae674 : node.oe674 (.const:.string)
                  c272bc2c    000000d7     nettool.ae674 : httpstr.oe674 (.const:.string)
                  c272bd03    00000001     --HOLE-- [fill = 0]
                  c272bd04    000000d4     ti.drv.omapl138.ae674 : nimu_eth.oe674 (.const:.string)
                  c272bdd8    000000d0     lv_label.obj (.const:.string)
                  c272bea8    000000cf     stk6_ppp_pppoe.ae674 : rtc.oe674 (.const:.string)
                  c272bf77    00000001     --HOLE-- [fill = 0]
                  c272bf78    000000cc     lv_obj.obj (.const:.string)
                  c272c044    000000c8     lv_dropdown.obj (.const:.string)
                  c272c10c    000000bf     stk6_ppp_pppoe.ae674 : lliout.oe674 (.const:.string)
                  c272c1cb    00000001     --HOLE-- [fill = 0]
                  c272c1cc    00000004     SysMinProvide.obj (.const:.string)
                  c272c1d0    000000be     lv_color.obj (.const:colors$2)
                  c272c28e    00000002     Local_pe674.oe674 (.const:ti_sysbios_heaps_HeapMem_Module__id__C)
                  c272c290    000000bc     SystemInfo.obj (.const:.string)
                  c272c34c    000000bc     servers_min.ae674 : newservers.oe674 (.const:.string)
                  c272c408    000000b8     Calculator.obj (.const:.string)
                  c272c4c0    000000b6     lv_math.obj (.const:sin0_90_table)
                  c272c576    000000b1     nettool.ae674 : dnsclnt.oe674 (.const:.string)
                  c272c627    00000001     --HOLE-- [fill = 0]
                  c272c628    000000b0     lv_hal_indev.obj (.const:.string)
                  c272c6d8    000000b0     lv_keyboard.obj (.const:default_kb_map_lc)
                  c272c788    000000b0     lv_keyboard.obj (.const:default_kb_map_spec)
                  c272c838    000000b0     lv_keyboard.obj (.const:default_kb_map_uc)
                  c272c8e8    000000a9     stk6_ppp_pppoe.ae674 : lli6.oe674 (.const:.string)
                  c272c991    000000a7     nettool.ae674 : ipaddr.oe674 (.const:.string)
                  c272ca38    000000a7     stk6_ppp_pppoe.ae674 : nimu.oe674 (.const:.string)
                  c272cadf    00000001     --HOLE-- [fill = 0]
                  c272cae0    000000a4     LVGLTask.obj (.const:.string)
                  c272cb84    000000a2     stk6_ppp_pppoe.ae674 : nimupppoe.oe674 (.const:.string)
                  c272cc26    00000002     Local_pe674.oe674 (.const:ti_sysbios_knl_Clock_Module__id__C)
                  c272cc28    000000a0     lv_btnmatrix.obj (.const:.string)
                  c272ccc8    00000098     lv_refr.obj (.const:.string)
                  c272cd60    00000098     lv_color.obj (.const:colors$3)
                  c272cdf8    00000094     Touch.obj (.const:.string)
                  c272ce8c    00000091     stk6_ppp_pppoe.ae674 : tcp6time.oe674 (.const:.string)
                  c272cf1d    00000001     --HOLE-- [fill = 0]
                  c272cf1e    00000002     Local_pe674.oe674 (.const:ti_sysbios_knl_Clock_Module__loggerDefined__C)
                  c272cf20    00000090     lv_calendar.obj (.const:.string)
                  c272cfb0    0000008d     stk6_ppp_pppoe.ae674 : tcptime.oe674 (.const:.string)
                  c272d03d    00000001     --HOLE-- [fill = 0]
                  c272d03e    00000002     Local_pe674.oe674 (.const:ti_sysbios_knl_Semaphore_Module__id__C)
                  c272d040    0000008c     lv_fs.obj (.const:.string)
                  c272d0cc    0000008c     lv_roller.obj (.const:.string)
                  c272d158    00000084     lv_bmp.obj (.const:.string)
                  c272d1dc    00000080     lv_draw_sw_gradient.obj (.const:.string)
                  c272d25c    00000080     lv_style.obj (.const:.string)
                  c272d2dc    00000004     lv_draw_label.obj (.const:.string)
                  c272d2e0    00000080     tjpgd.obj (.const:Ipsf)
                  c272d360    00000080     rts6740_elf.lib : strtod.c.obj (.const:digits)
                  c272d3e0    0000007c     UARTConsole.obj (.const:.string)
                  c272d45c    00000078     lv_meter.obj (.const:.string)
                  c272d4d4    00000078     main.obj (.const:.string)
                  c272d54c    00000004     lv_menu.obj (.const:.string)
                  c272d550    00000078     lodepng.obj (.const:DISTANCEBASE)
                  c272d5c8    00000078     lodepng.obj (.const:DISTANCEEXTRA)
                  c272d640    00000077     stk6_ppp_pppoe.ae674 : sock6.oe674 (.const:.string)
                  c272d6b7    00000076                          : mld.oe674 (.const:.string)
                  c272d72d    00000001     --HOLE-- [fill = 0]
                  c272d72e    00000002     Local_pe674.oe674 (.const:ti_sysbios_knl_Semaphore_Module__loggerDefined__C)
                  c272d730    00000074     lv_font.obj (.const:.string)
                  c272d7a4    00000004     lv_png.obj (.const:.string)
                  c272d7a8    00000074     lodepng.obj (.const:LENGTHBASE)
                  c272d81c    00000004     lv_spinbox.obj (.const:.string)
                  c272d820    00000074     lodepng.obj (.const:LENGTHEXTRA)
                  c272d894    00000070     lv_obj_style.obj (.const:.string)
                  c272d904    0000006c     lv_event.obj (.const:.string)
                  c272d970    0000006c     rts6740_elf.lib : asctime.c.obj (.const:.string)
                  c272d9dc    00000068     lv_flex.obj (.const:.string)
                  c272da44    00000068     lv_group.obj (.const:.string)
                  c272daac    00000064     lv_calendar_header_arrow.obj (.const:.string)
                  c272db10    00000064     lv_obj_pos.obj (.const:.string)
                  c272db74    00000064     Local_pe674.oe674 (.const:ti_sysbios_timers_timer64_Timer_Object__PARAMS__C)
                  c272dbd8    00000060     lv_txt.obj (.const:.string)
                  c272dc38    00000060     stk6_ppp_pppoe.ae674 : sb.oe674 (.const:.string)
                  c272dc98    0000005c     lv_anim.obj (.const:.string)
                  c272dcf4    0000005c     lv_img.obj (.const:.string)
                  c272dd50    0000005c     lv_timer.obj (.const:.string)
                  c272ddac    00000058     ti.targets.rts6000.ae674 : Error.oe674 (.const:.string)
                  c272de04    00000056     os.ae674 : semaphore.oe674 (.const:.string)
                  c272de5a    00000006     nettool.ae674 : tftp6.oe674 (.const:.string)
                  c272de60    00000054     stk6_ppp_pppoe.ae674 : sockprot.oe674 (.const:Code2Err)
                  c272deb4    00000004     lv_tabview.obj (.const:.string)
                  c272deb8    00000054     lv_keyboard.obj (.const:default_kb_map_num)
                  c272df0c    00000051     nettool.ae674 : dhcpmain.oe674 (.const:.string)
                  c272df5d    00000050     stk6_ppp_pppoe.ae674 : bind.oe674 (.const:.string)
                  c272dfad    00000001     --HOLE-- [fill = 0]
                  c272dfae    00000002     Local_pe674.oe674 (.const:ti_sysbios_knl_Swi_Module__id__C)
                  c272dfb0    00000050     lv_keyboard.obj (.const:default_kb_ctrl_lc_map)
                  c272e000    00000050     lv_keyboard.obj (.const:default_kb_ctrl_spec_map)
                  c272e050    00000050     lv_keyboard.obj (.const:default_kb_ctrl_uc_map)
                  c272e0a0    0000004e     stk6_ppp_pppoe.ae674 : rtable.oe674 (.const:.string)
                  c272e0ee    00000002     Local_pe674.oe674 (.const:ti_sysbios_knl_Swi_Module__loggerDefined__C)
                  c272e0f0    0000004c     lv_log.obj (.const:.string)
                  c272e13c    00000004     lv_theme_default.obj (.const:.string)
                  c272e140    0000004c     lodepng.obj (.const:CLCL_ORDER)
                  c272e18c    00000048     Local_pe674.oe674 (.const:.string)
                  c272e1d4    00000048     ti.targets.rts6000.ae674 : Log.oe674 (.const:.string)
                  c272e21c    00000004     nettool.ae674 : telnetd.oe674 (.const:.string)
                  c272e220    00000048     rts6740_elf.lib : strtod.c.obj (.const:powerof10)
                  c272e268    00000048     Local_pe674.oe674 (.const:ti_sysbios_knl_Task_hooks__A)
                  c272e2b0    00000044     netctrl.ae674 : netctrl.oe674 (.const:.string)
                  c272e2f4    00000041     nettool.ae674 : httpclie.oe674 (.const:.string)
                  c272e335    00000041     stk6_ppp_pppoe.ae674 : sb6.oe674 (.const:.string)
                  c272e376    00000002     Local_pe674.oe674 (.const:ti_sysbios_knl_Task_Module__id__C)
                  c272e378    00000040     tjpgd.obj (.const:.string:Zig)
                  c272e3b8    00000040     lv_draw_sw_dither.obj (.const:.string:dither_ordered_threshold_matrix)
                  c272e3f8    00000040     ti.targets.rts6000.ae674 : Text.oe674 (.const:.string)
                  c272e438    0000003e     stk6_ppp_pppoe.ae674 : ipv6.oe674 (.const:.string)
                  c272e476    0000003c                          : ipv6_exthdrs.oe674 (.const:.string)
                  c272e4b2    00000002     Local_pe674.oe674 (.const:ti_sysbios_knl_Task_Module__loggerDefined__C)
                  c272e4b4    0000003c     Local_pe674.oe674 (.const:ti_sysbios_knl_Task_Object__PARAMS__C)
                  c272e4f0    00000038     SATATest.obj (.const:.string)
                  c272e528    00000038     stk6_ppp_pppoe.ae674 : icmpv6in.oe674 (.const:.string)
                  c272e560    00000038                          : sock.oe674 (.const:.string)
                  c272e598    00000034     cgi.ae674 : cgiparsem.oe674 (.const:.string)
                  c272e5cc    00000034     Local_pe674.oe674 (.const:xdc_runtime_LoggerSys_Module__FXNS__C)
                  c272e600    00000034     Local_pe674.oe674 (.const:xdc_runtime_Startup_sfxnTab__A)
                  c272e634    00000031     stk6_ppp_pppoe.ae674 : pbm.oe674 (.const:.string)
                  c272e665    00000001     --HOLE-- [fill = 0]
                  c272e666    00000002     Local_pe674.oe674 (.const:ti_sysbios_knl_Task_initStackFlag__C)
                  c272e668    00000030     Home.obj (.const:.string)
                  c272e698    00000030     rts6740_elf.lib : asctime.c.obj (.const:mon)
                  c272e6c8    00000030     Local_pe674.oe674 (.const:ti_sysbios_family_c64p_Hwi_Object__PARAMS__C)
                  c272e6f8    0000002c     ti.drv.omapl138.ae674 : csl_mdio.oe674 (.const:.string)
                  c272e724    0000002c     ti.targets.rts6000.ae674 : Startup.oe674 (.const:.string)
                  c272e750    0000002c     Local_pe674.oe674 (.const:ti_sysbios_hal_Hwi_Object__PARAMS__C)
                  c272e77c    00000004     ti.targets.rts6000.ae674 : Assert.oe674 (.const:.string)
                  c272e780    0000002c     lv_theme_default.obj (.const:trans_props$1)
                  c272e7ac    00000028     Local_pe674.oe674 (.const:ti_sysbios_heaps_HeapMem_Module__FXNS__C)
                  c272e7d4    00000028     Local_pe674.oe674 (.const:ti_sysbios_knl_Swi_Object__PARAMS__C)
                  c272e7fc    00000004     Local_pe674.oe674 (.const:ti_sysbios_BIOS_Module__diagsEnabled__C)
                  c272e800    00000026     lv_event.obj (.const:.string:$P$T2$4)
                  c272e826    00000002     Local_pe674.oe674 (.const:ti_sysbios_timers_timer64_Timer_Module__id__C)
                  c272e828    00000026     lv_color.obj (.const:colors$1)
                  c272e84e    00000002     Local_pe674.oe674 (.const:ti_sysbios_timers_timer64_Timer_startupNeeded__C)
                  c272e850    00000024     rts6740_elf.lib : _printfi.c.obj (.const:.string)
                  c272e874    00000024     Local_pe674.oe674 (.const:ti_sysbios_gates_GateHwi_Module__FXNS__C)
                  c272e898    00000024     Local_pe674.oe674 (.const:ti_sysbios_gates_GateMutex_Module__FXNS__C)
                  c272e8bc    00000024     Local_pe674.oe674 (.const:ti_sysbios_heaps_HeapMem_Object__PARAMS__C)
                  c272e8e0    00000024     Local_pe674.oe674 (.const:ti_sysbios_knl_Clock_Object__PARAMS__C)
                  c272e904    00000024     Local_pe674.oe674 (.const:ti_sysbios_knl_Semaphore_Object__PARAMS__C)
                  c272e928    00000022     lv_calendar.obj (.const:.string:$P$T0$1)
                  c272e94a    00000006     stk6_ppp_pppoe.ae674 : auth.oe674 (.const:.string)
                  c272e950    00000022     lv_keyboard.obj (.const:default_kb_ctrl_num_map)
                  c272e972    00000002     Local_pe674.oe674 (.const:ti_sysbios_utils_Load_Module__id__C)
                  c272e974    00000004     Local_pe674.oe674 (.const:ti_sysbios_BIOS_Module__diagsIncluded__C)
                  c272e978    00000021     lv_textarea.obj (.const:.string:$P$T5$6)
                  c272e999    00000001     --HOLE-- [fill = 0]
                  c272e99a    00000002     Local_pe674.oe674 (.const:ti_sysbios_utils_Load_Module__loggerDefined__C)
                  c272e99c    00000004     Local_pe674.oe674 (.const:ti_sysbios_BIOS_Module__diagsMask__C)
                  c272e9a0    00000021     lv_draw_sw_line.obj (.const:.string:wcorr$1)
                  c272e9c1    00000001     --HOLE-- [fill = 0]
                  c272e9c2    00000002     Local_pe674.oe674 (.const:ti_sysbios_utils_Load_autoAddTasks__C)
                  c272e9c4    00000004     Local_pe674.oe674 (.const:ti_sysbios_BIOS_installedErrorHook__C)
                  c272e9c8    00000020     lv_btnmatrix.obj (.const:.string:$P$T0$1)
                  c272e9e8    00000020     lv_obj_style.obj (.const:.string:$P$T2$1)
                  c272ea08    00000020     Local_pe674.oe674 (.const:ti_sysbios_family_c64p_Hwi_Object__DESC__C)
                  c272ea28    00000020     Local_pe674.oe674 (.const:ti_sysbios_gates_GateHwi_Object__DESC__C)
                  c272ea48    00000020     Local_pe674.oe674 (.const:ti_sysbios_gates_GateMutex_Object__DESC__C)
                  c272ea68    00000020     Local_pe674.oe674 (.const:ti_sysbios_hal_Hwi_Object__DESC__C)
                  c272ea88    00000020     Local_pe674.oe674 (.const:ti_sysbios_heaps_HeapMem_Object__DESC__C)
                  c272eaa8    00000020     Local_pe674.oe674 (.const:ti_sysbios_knl_Clock_Object__DESC__C)
                  c272eac8    00000020     Local_pe674.oe674 (.const:ti_sysbios_knl_Queue_Object__DESC__C)
                  c272eae8    00000020     Local_pe674.oe674 (.const:ti_sysbios_knl_Semaphore_Object__DESC__C)
                  c272eb08    00000020     Local_pe674.oe674 (.const:ti_sysbios_knl_Swi_Object__DESC__C)
                  c272eb28    00000020     Local_pe674.oe674 (.const:ti_sysbios_knl_Task_Object__DESC__C)
                  c272eb48    00000020     Local_pe674.oe674 (.const:ti_sysbios_timers_timer64_Timer_Object__DESC__C)
                  c272eb68    00000020     Local_pe674.oe674 (.const:xdc_runtime_LoggerSys_Object__DESC__C)
                  c272eb88    0000001f     lv_dropdown.obj (.const:.string:$P$T1$2)
                  c272eba7    00000001     --HOLE-- [fill = 0]
                  c272eba8    0000001e     lv_textarea.obj (.const:.string:$P$T6$7)
                  c272ebc6    0000001e     nettool.ae674 : daemon.oe674 (.const:.string)
                  c272ebe4    00000004     Local_pe674.oe674 (.const:ti_sysbios_family_c62_TaskSupport_stackAlignment__C)
                  c272ebe8    0000001d     lv_chart.obj (.const:.string:$P$T2$3)
                  c272ec05    00000001     --HOLE-- [fill = 0]
                  c272ec06    00000002     Local_pe674.oe674 (.const:ti_sysbios_utils_Load_hwiEnabled__C)
                  c272ec08    0000001d     lv_img_decoder.obj (.const:.string:$P$T4$4)
                  c272ec25    0000001d     stk6_ppp_pppoe.ae674 : lli.oe674 (.const:.string)
                  c272ec42    00000002     Local_pe674.oe674 (.const:ti_sysbios_utils_Load_updateInIdle__C)
                  c272ec44    0000001c     lv_draw_sw_rect.obj (.const:$P$T0$1)
                  c272ec60    0000001c     lv_table.obj (.const:.string:$P$T1$2)
                  c272ec7c    00000004     Local_pe674.oe674 (.const:ti_sysbios_family_c64p_Cache_EMIFA_BASE__C)
                  c272ec80    0000001c     lodepng.obj (.const:ADAM7_DX)
                  c272ec9c    00000004     Local_pe674.oe674 (.const:ti_sysbios_family_c64p_Cache_EMIFA_CFG__C)
                  c272eca0    0000001c     lodepng.obj (.const:ADAM7_DY)
                  c272ecbc    00000004     Local_pe674.oe674 (.const:ti_sysbios_family_c64p_Cache_EMIFA_LENGTH__C)
                  c272ecc0    0000001c     lodepng.obj (.const:ADAM7_IX)
                  c272ecdc    00000004     Local_pe674.oe674 (.const:ti_sysbios_family_c64p_Cache_EMIFB_BASE__C)
                  c272ece0    0000001c     lodepng.obj (.const:ADAM7_IY)
                  c272ecfc    0000001c     SourceHanSansCN_Normal_16.obj (.const:SourceHanSansCN_Normal_16)
                  c272ed18    0000001c     rts6740_elf.lib : asctime.c.obj (.const:day)
                  c272ed34    0000001c     lv_arc.obj (.const:lv_arc_class)
                  c272ed50    0000001c     lv_bar.obj (.const:lv_bar_class)
                  c272ed6c    0000001c     lv_btn.obj (.const:lv_btn_class)
                  c272ed88    0000001c     lv_btnmatrix.obj (.const:lv_btnmatrix_class)
                  c272eda4    0000001c     lv_calendar.obj (.const:lv_calendar_class)
                  c272edc0    0000001c     lv_calendar_header_arrow.obj (.const:lv_calendar_header_arrow_class)
                  c272eddc    0000001c     lv_calendar_header_dropdown.obj (.const:lv_calendar_header_dropdown_class)
                  c272edf8    0000001c     lv_chart.obj (.const:lv_chart_class)
                  c272ee14    0000001c     lv_checkbox.obj (.const:lv_checkbox_class)
                  c272ee30    0000001c     lv_colorwheel.obj (.const:lv_colorwheel_class)
                  c272ee4c    0000001c     lv_dropdown.obj (.const:lv_dropdown_class)
                  c272ee68    0000001c     lv_dropdown.obj (.const:lv_dropdownlist_class)
                  c272ee84    0000001c     lv_img.obj (.const:lv_img_class)
                  c272eea0    0000001c     lv_imgbtn.obj (.const:lv_imgbtn_class)
                  c272eebc    0000001c     lv_keyboard.obj (.const:lv_keyboard_class)
                  c272eed8    0000001c     lv_label.obj (.const:lv_label_class)
                  c272eef4    0000001c     lv_led.obj (.const:lv_led_class)
                  c272ef10    0000001c     lv_line.obj (.const:lv_line_class)
                  c272ef2c    0000001c     lv_list.obj (.const:lv_list_btn_class)
                  c272ef48    0000001c     lv_list.obj (.const:lv_list_class)
                  c272ef64    0000001c     lv_list.obj (.const:lv_list_text_class)
                  c272ef80    0000001c     lv_menu.obj (.const:lv_menu_class)
                  c272ef9c    0000001c     lv_menu.obj (.const:lv_menu_cont_class)
                  c272efb8    0000001c     lv_menu.obj (.const:lv_menu_main_cont_class)
                  c272efd4    0000001c     lv_menu.obj (.const:lv_menu_main_header_cont_class)
                  c272eff0    0000001c     lv_menu.obj (.const:lv_menu_page_class)
                  c272f00c    0000001c     lv_menu.obj (.const:lv_menu_section_class)
                  c272f028    0000001c     lv_menu.obj (.const:lv_menu_separator_class)
                  c272f044    0000001c     lv_menu.obj (.const:lv_menu_sidebar_cont_class)
                  c272f060    0000001c     lv_menu.obj (.const:lv_menu_sidebar_header_cont_class)
                  c272f07c    0000001c     lv_meter.obj (.const:lv_meter_class)
                  c272f098    0000001c     lv_msgbox.obj (.const:lv_msgbox_backdrop_class)
                  c272f0b4    0000001c     lv_msgbox.obj (.const:lv_msgbox_class)
                  c272f0d0    0000001c     lv_obj.obj (.const:lv_obj_class)
                  c272f0ec    0000001c     lv_roller.obj (.const:lv_roller_class)
                  c272f108    0000001c     lv_roller.obj (.const:lv_roller_label_class)
                  c272f124    0000001c     lv_slider.obj (.const:lv_slider_class)
                  c272f140    0000001c     lv_spinbox.obj (.const:lv_spinbox_class)
                  c272f15c    0000001c     lv_spinner.obj (.const:lv_spinner_class)
                  c272f178    0000001c     lv_switch.obj (.const:lv_switch_class)
                  c272f194    0000001c     lv_table.obj (.const:lv_table_class)
                  c272f1b0    0000001c     lv_tabview.obj (.const:lv_tabview_class)
                  c272f1cc    0000001c     lv_textarea.obj (.const:lv_textarea_class)
                  c272f1e8    0000001c     lv_tileview.obj (.const:lv_tileview_class)
                  c272f204    0000001c     lv_tileview.obj (.const:lv_tileview_tile_class)
                  c272f220    0000001c     lv_win.obj (.const:lv_win_class)
                  c272f23c    00000004     Local_pe674.oe674 (.const:ti_sysbios_family_c64p_Cache_EMIFB_CFG__C)
                  c272f240    0000001b     lv_chart.obj (.const:.string:$P$T1$2)
                  c272f25b    00000001     --HOLE-- [fill = 0]
                  c272f25c    00000004     Local_pe674.oe674 (.const:ti_sysbios_family_c64p_Cache_EMIFB_LENGTH__C)
                  c272f260    0000001b     lv_draw_sw_gradient.obj (.const:.string:$P$T1$2)
                  c272f27b    00000001     --HOLE-- [fill = 0]
                  c272f27c    00000004     Local_pe674.oe674 (.const:ti_sysbios_family_c64p_Cache_EMIFC_BASE__C)
                  c272f280    0000001b     lv_label.obj (.const:.string:$P$T5$5)
                  c272f29b    00000001     --HOLE-- [fill = 0]
                  c272f29c    00000004     Local_pe674.oe674 (.const:ti_sysbios_family_c64p_Cache_EMIFC_CFG__C)
                  c272f2a0    0000001b     lv_chart.obj (.const:.string:$P$T7$8)
                  c272f2bb    00000001     --HOLE-- [fill = 0]
                  c272f2bc    00000004     Local_pe674.oe674 (.const:ti_sysbios_family_c64p_Cache_EMIFC_LENGTH__C)
                  c272f2c0    0000001a     lv_obj.obj (.const:.string:$P$T1$2)
                  c272f2da    00000002     Local_pe674.oe674 (.const:xdc_runtime_Core_Module__id__C)
                  c272f2dc    00000004     Local_pe674.oe674 (.const:ti_sysbios_family_c64p_Cache_MAR0_31__C)
                  c272f2e0    0000001a     lv_chart.obj (.const:.string:$P$T12$11)
                  c272f2fa    00000002     Local_pe674.oe674 (.const:xdc_runtime_Error_Module__loggerDefined__C)
                  c272f2fc    00000004     Local_pe674.oe674 (.const:ti_sysbios_family_c64p_Cache_MAR128_159__C)
                  c272f300    0000001a     lv_chart.obj (.const:.string:$P$T13$12)
                  c272f31a    00000002     Local_pe674.oe674 (.const:xdc_runtime_Error_maxDepth__C)
                  c272f31c    00000004     Local_pe674.oe674 (.const:ti_sysbios_family_c64p_Cache_MAR160_191__C)
                  c272f320    0000001a     lv_chart.obj (.const:.string:$P$T18$17)
                  c272f33a    00000002     Local_pe674.oe674 (.const:xdc_runtime_Memory_Module__id__C)
                  c272f33c    00000004     Local_pe674.oe674 (.const:ti_sysbios_family_c64p_Cache_MAR192_223__C)
                  c272f340    0000001a     lv_chart.obj (.const:.string:$P$T6$7)
                  c272f35a    00000002     Local_pe674.oe674 (.const:xdc_runtime_SysMin_flushAtExit__C)
                  c272f35c    00000004     Local_pe674.oe674 (.const:ti_sysbios_family_c64p_Cache_MAR224_255__C)
                  c272f360    0000001a     Local_pe674.oe674 (.const:xdc_runtime_Startup_sfxnRts__A)
                  c272f37a    00000002     Local_pe674.oe674 (.const:xdc_runtime_Text_charCnt__C)
                  c272f37c    00000004     Local_pe674.oe674 (.const:ti_sysbios_family_c64p_Cache_MAR32_63__C)
                  c272f380    00000019     lv_font.obj (.const:.string:$P$T0$1)
                  c272f399    00000001     --HOLE-- [fill = 0]
                  c272f39a    00000002     Local_pe674.oe674 (.const:xdc_runtime_Text_isLoaded__C)
                  c272f39c    00000004     Local_pe674.oe674 (.const:ti_sysbios_family_c64p_Cache_MAR64_95__C)
                  c272f3a0    00000019     lv_draw_mask.obj (.const:.string:$P$T1$2)
                  c272f3b9    00000001     --HOLE-- [fill = 0]
                  c272f3ba    00000002     Local_pe674.oe674 (.const:xdc_runtime_Text_registryModsLastId__C)
                  c272f3bc    00000004     Local_pe674.oe674 (.const:ti_sysbios_family_c64p_Cache_MAR96_127__C)
                  c272f3c0    00000019     lv_meter.obj (.const:.string:$P$T1$2)
                  c272f3d9    00000001     --HOLE-- [fill = 0]
                  c272f3da    00000002     Local_pe674.oe674 (.const:xdc_runtime_Text_unnamedModsLastId__C)
                  c272f3dc    00000004     Local_pe674.oe674 (.const:ti_sysbios_family_c64p_EventCombiner_E_unpluggedEvent__C)
                  c272f3e0    00000019     lv_chart.obj (.const:.string:$P$T16$15)
                  c272f3f9    00000003     --HOLE-- [fill = 0]
                  c272f3fc    00000004     Local_pe674.oe674 (.const:ti_sysbios_family_c64p_Exception_E_exceptionMax__C)
                  c272f400    00000019     lv_chart.obj (.const:.string:$P$T17$16)
                  c272f419    00000003     --HOLE-- [fill = 0]
                  c272f41c    00000004     Local_pe674.oe674 (.const:ti_sysbios_family_c64p_Exception_exceptionHook__C)
                  c272f420    00000019     lv_chart.obj (.const:.string:$P$T19$18)
                  c272f439    00000003     --HOLE-- [fill = 0]
                  c272f43c    00000004     Local_pe674.oe674 (.const:ti_sysbios_family_c64p_Exception_externalHook__C)
                  c272f440    00000019     lv_chart.obj (.const:.string:$P$T20$19)
                  c272f459    00000003     --HOLE-- [fill = 0]
                  c272f45c    00000004     Local_pe674.oe674 (.const:ti_sysbios_family_c64p_Exception_internalHook__C)
                  c272f460    00000019     lv_meter.obj (.const:.string:$P$T4$5)
                  c272f479    00000003     --HOLE-- [fill = 0]
                  c272f47c    00000004     Local_pe674.oe674 (.const:ti_sysbios_family_c64p_Exception_nmiHook__C)
                  c272f480    00000019     lv_table.obj (.const:.string:$P$T5$6)
                  c272f499    00000003     --HOLE-- [fill = 0]
                  c272f49c    00000004     Local_pe674.oe674 (.const:ti_sysbios_family_c64p_Hwi_E_alreadyDefined__C)
                  c272f4a0    00000018     lv_draw_mask.obj (.const:.string:$P$T0$1)
                  c272f4b8    00000018     lv_dropdown.obj (.const:.string:$P$T0$1)
                  c272f4d0    00000018     lv_hal_disp.obj (.const:.string:$P$T0$1)
                  c272f4e8    00000018     lv_table.obj (.const:.string:$P$T0$1)
                  c272f500    00000018     lv_chart.obj (.const:.string:$P$T11$10)
                  c272f518    00000018     lv_chart.obj (.const:.string:$P$T15$14)
                  c272f530    00000018     lv_label.obj (.const:.string:$P$T2$3)
                  c272f548    00000018     lv_meter.obj (.const:.string:$P$T2$3)
                  c272f560    00000018     lv_font.obj (.const:.string:$P$T3$3)
                  c272f578    00000018     lv_event.obj (.const:.string:$P$T3$5)
                  c272f590    00000018     nettool.ae674 : config.oe674 (.const:.string)
                  c272f5a8    00000018     stk6_ppp_pppoe.ae674 : exec.oe674 (.const:.string)
                  c272f5c0    00000018     SourceHanSansCN_Normal_16.obj (.const:font_dsc)
                  c272f5d8    00000018     Local_pe674.oe674 (.const:ti_sysbios_gates_GateHwi_Object__PARAMS__C)
                  c272f5f0    00000018     Local_pe674.oe674 (.const:ti_sysbios_gates_GateMutex_Object__PARAMS__C)
                  c272f608    00000018     Local_pe674.oe674 (.const:ti_sysbios_knl_Queue_Object__PARAMS__C)
                  c272f620    00000018     Local_pe674.oe674 (.const:ti_sysbios_knl_Swi_hooks__A)
                  c272f638    00000018     Local_pe674.oe674 (.const:xdc_runtime_LoggerSys_Object__PARAMS__C)
                  c272f650    00000017     lv_event.obj (.const:.string:$P$T1$3)
                  c272f667    00000001     --HOLE-- [fill = 0]
                  c272f668    00000017     lv_chart.obj (.const:.string:$P$T14$13)
                  c272f67f    00000001     --HOLE-- [fill = 0]
                  c272f680    00000017     lv_dropdown.obj (.const:.string:$P$T2$3)
                  c272f697    00000001     --HOLE-- [fill = 0]
                  c272f698    00000017     lv_label.obj (.const:.string:$P$T3$4)
                  c272f6af    00000001     --HOLE-- [fill = 0]
                  c272f6b0    00000017     lv_chart.obj (.const:.string:$P$T4$5)
                  c272f6c7    00000001     --HOLE-- [fill = 0]
                  c272f6c8    00000017     lv_table.obj (.const:.string:$P$T4$5)
                  c272f6df    00000017     stk6_ppp_pppoe.ae674 : ipout.oe674 (.const:.string)
                  c272f6f6    00000002     --HOLE-- [fill = 0]
                  c272f6f8    00000016     lv_hal_indev.obj (.const:.string:$P$T0$1)
                  c272f70e    00000002     --HOLE-- [fill = 0]
                  c272f710    00000016     lv_roller.obj (.const:.string:$P$T0$1)
                  c272f726    00000002     --HOLE-- [fill = 0]
                  c272f728    00000016     lv_txt.obj (.const:.string:$P$T0$1)
                  c272f73e    00000002     --HOLE-- [fill = 0]
                  c272f740    00000016     lv_label.obj (.const:.string:$P$T1$2)
                  c272f756    00000002     --HOLE-- [fill = 0]
                  c272f758    00000016     lv_font.obj (.const:.string:$P$T2$2)
                  c272f76e    00000002     --HOLE-- [fill = 0]
                  c272f770    00000016     lv_img_decoder.obj (.const:.string:$P$T3$3)
                  c272f786    00000002     --HOLE-- [fill = 0]
                  c272f788    00000016     lv_tlsf.obj (.const:.string:$P$T6$6)
                  c272f79e    00000016     stk6_ppp_pppoe.ae674 : ipv6out.oe674 (.const:.string)
                  c272f7b4    00000004     Local_pe674.oe674 (.const:ti_sysbios_family_c64p_Hwi_E_handleNotFound__C)
                  c272f7b8    00000015     lv_textarea.obj (.const:.string:$P$T0$1)
                  c272f7cd    00000003     --HOLE-- [fill = 0]
                  c272f7d0    00000015     lv_img_decoder.obj (.const:.string:$P$T1$1)
                  c272f7e5    00000003     --HOLE-- [fill = 0]
                  c272f7e8    00000015     lv_textarea.obj (.const:.string:$P$T1$2)
                  c272f7fd    00000003     --HOLE-- [fill = 0]
                  c272f800    00000015     lv_style.obj (.const:.string:$P$T2$3)
                  c272f815    00000003     --HOLE-- [fill = 0]
                  c272f818    00000015     lv_table.obj (.const:.string:$P$T2$3)
                  c272f82d    00000003     --HOLE-- [fill = 0]
                  c272f830    00000015     lv_textarea.obj (.const:.string:$P$T2$3)
                  c272f845    00000003     --HOLE-- [fill = 0]
                  c272f848    00000015     lv_hal_disp.obj (.const:.string:$P$T2$8)
                  c272f85d    00000003     --HOLE-- [fill = 0]
                  c272f860    00000015     lv_chart.obj (.const:.string:$P$T21$20)
                  c272f875    00000003     --HOLE-- [fill = 0]
                  c272f878    00000015     lv_chart.obj (.const:.string:$P$T22$21)
                  c272f88d    00000003     --HOLE-- [fill = 0]
                  c272f890    00000015     lv_table.obj (.const:.string:$P$T3$4)
                  c272f8a5    00000003     --HOLE-- [fill = 0]
                  c272f8a8    00000015     lv_textarea.obj (.const:.string:$P$T4$5)
                  c272f8bd    00000003     --HOLE-- [fill = 0]
                  c272f8c0    00000015     lv_chart.obj (.const:.string:$P$T5$6)
                  c272f8d5    00000003     --HOLE-- [fill = 0]
                  c272f8d8    00000015     lv_label.obj (.const:.string:$P$T7$7)
                  c272f8ed    00000003     --HOLE-- [fill = 0]
                  c272f8f0    00000014     lv_event.obj (.const:.string:$P$T0$2)
                  c272f904    00000004     Local_pe674.oe674 (.const:ti_sysbios_family_c64p_Hwi_LD_end__C)
                  c272f908    00000014     lv_hal_indev.obj (.const:.string:$P$T1$2)
                  c272f91c    00000004     Local_pe674.oe674 (.const:ti_sysbios_family_c64p_Hwi_LM_begin__C)
                  c272f920    00000014     lv_chart.obj (.const:.string:$P$T10$9)
                  c272f934    00000004     Local_pe674.oe674 (.const:ti_sysbios_family_c64p_Hwi_Module__diagsEnabled__C)
                  c272f938    00000014     lv_img_decoder.obj (.const:.string:$P$T2$2)
                  c272f94c    00000004     Local_pe674.oe674 (.const:ti_sysbios_family_c64p_Hwi_Module__diagsIncluded__C)
                  c272f950    00000014     lv_tlsf.obj (.const:.string:$P$T23$22)
                  c272f964    00000004     Local_pe674.oe674 (.const:ti_sysbios_family_c64p_Hwi_Module__diagsMask__C)
                  c272f968    00000014     lv_chart.obj (.const:.string:$P$T3$4)
                  c272f97c    00000014     lv_sjpg.obj (.const:.string)
                  c272f990    00000014     Local_pe674.oe674 (.const:ti_sysbios_family_c64p_Hwi_hooks__A)
                  c272f9a4    00000004     Local_pe674.oe674 (.const:ti_sysbios_family_c64p_Hwi_Module__loggerFxn1__C)
                  c272f9a8    00000013     lv_meter.obj (.const:.string:$P$T0$1)
                  c272f9bb    00000001     --HOLE-- [fill = 0]
                  c272f9bc    00000004     Local_pe674.oe674 (.const:ti_sysbios_family_c64p_Hwi_Module__loggerFxn8__C)
                  c272f9c0    00000013     lv_obj_pos.obj (.const:.string:$P$T0$2)
                  c272f9d3    00000001     --HOLE-- [fill = 0]
                  c272f9d4    00000004     Local_pe674.oe674 (.const:ti_sysbios_family_c64p_Hwi_Module__loggerObj__C)
                  c272f9d8    00000013     lv_tlsf.obj (.const:.string:$P$T17$16)
                  c272f9eb    00000001     --HOLE-- [fill = 0]
                  c272f9ec    00000004     Local_pe674.oe674 (.const:ti_sysbios_family_c64p_Hwi_Object__heap__C)
                  c272f9f0    00000013     lv_fs.obj (.const:.string:$P$T3$3)
                  c272fa03    00000001     --HOLE-- [fill = 0]
                  c272fa04    00000004     Local_pe674.oe674 (.const:ti_sysbios_gates_GateMutex_A_badContext__C)
                  c272fa08    00000013     lv_mem.obj (.const:.string:$P$T4$5)
                  c272fa1b    00000013     stk6_ppp_pppoe.ae674 : fileuser.oe674 (.const:.string)
                  c272fa2e    00000002     --HOLE-- [fill = 0]
                  c272fa30    00000012     lv_chart.obj (.const:.string:$P$T0$1)
                  c272fa42    00000002     --HOLE-- [fill = 0]
                  c272fa44    00000004     Local_pe674.oe674 (.const:ti_sysbios_gates_GateMutex_Instance_State_sem__O)
                  c272fa48    00000012     lv_label.obj (.const:.string:$P$T0$1)
                  c272fa5a    00000002     --HOLE-- [fill = 0]
                  c272fa5c    00000004     Local_pe674.oe674 (.const:ti_sysbios_gates_GateMutex_Module__diagsEnabled__C)
                  c272fa60    00000012     lv_tlsf.obj (.const:.string:$P$T16$15)
                  c272fa72    00000002     --HOLE-- [fill = 0]
                  c272fa74    00000004     Local_pe674.oe674 (.const:ti_sysbios_gates_GateMutex_Module__diagsIncluded__C)
                  c272fa78    00000012     lv_fs.obj (.const:.string:$P$T2$2)
                  c272fa8a    00000002     --HOLE-- [fill = 0]
                  c272fa8c    00000004     Local_pe674.oe674 (.const:ti_sysbios_gates_GateMutex_Module__diagsMask__C)
                  c272fa90    00000012     lv_refr.obj (.const:.string:$P$T2$2)
                  c272faa2    00000002     --HOLE-- [fill = 0]
                  c272faa4    00000004     Local_pe674.oe674 (.const:ti_sysbios_hal_Hwi_E_stackOverflow__C)
                  c272faa8    00000012     lv_style.obj (.const:.string:$P$T3$4)
                  c272faba    00000002     --HOLE-- [fill = 0]
                  c272fabc    00000004     Local_pe674.oe674 (.const:ti_sysbios_heaps_HeapMem_A_align__C)
                  c272fac0    00000012     lv_label.obj (.const:.string:$P$T6$6)
                  c272fad2    00000002     --HOLE-- [fill = 0]
                  c272fad4    00000004     Local_pe674.oe674 (.const:ti_sysbios_heaps_HeapMem_A_heapSize__C)
                  c272fad8    00000012     lv_tlsf.obj (.const:.string:$P$T7$7)
                  c272faea    00000002     --HOLE-- [fill = 0]
                  c272faec    00000004     Local_pe674.oe674 (.const:ti_sysbios_heaps_HeapMem_A_invalidFree__C)
                  c272faf0    00000012     lv_tlsf.obj (.const:.string:$P$T8$8)
                  c272fb02    00000002     --HOLE-- [fill = 0]
                  c272fb04    00000004     Local_pe674.oe674 (.const:ti_sysbios_heaps_HeapMem_A_zeroBlock__C)
                  c272fb08    00000011     lv_group.obj (.const:.string:$P$T1$2)
                  c272fb19    00000003     --HOLE-- [fill = 0]
                  c272fb1c    00000004     Local_pe674.oe674 (.const:ti_sysbios_heaps_HeapMem_E_memory__C)
                  c272fb20    00000011     lv_tlsf.obj (.const:.string:$P$T12$11)
                  c272fb31    00000003     --HOLE-- [fill = 0]
                  c272fb34    00000004     Local_pe674.oe674 (.const:ti_sysbios_heaps_HeapMem_Module__diagsEnabled__C)
                  c272fb38    00000011     lv_tlsf.obj (.const:.string:$P$T13$12)
                  c272fb49    00000003     --HOLE-- [fill = 0]
                  c272fb4c    00000004     Local_pe674.oe674 (.const:ti_sysbios_heaps_HeapMem_Module__diagsIncluded__C)
                  c272fb50    00000011     lv_tlsf.obj (.const:.string:$P$T18$17)
                  c272fb61    00000003     --HOLE-- [fill = 0]
                  c272fb64    00000004     Local_pe674.oe674 (.const:ti_sysbios_heaps_HeapMem_Module__diagsMask__C)
                  c272fb68    00000011     lv_tlsf.obj (.const:.string:$P$T22$21)
                  c272fb79    00000003     --HOLE-- [fill = 0]
                  c272fb7c    00000004     Local_pe674.oe674 (.const:ti_sysbios_heaps_HeapMem_Module__gateObj__C)
                  c272fb80    00000011     lv_chart.obj (.const:.string:$P$T23$22)
                  c272fb91    00000003     --HOLE-- [fill = 0]
                  c272fb94    00000004     Local_pe674.oe674 (.const:ti_sysbios_heaps_HeapMem_Object__count__C)
                  c272fb98    00000011     lv_tlsf.obj (.const:.string:$P$T27$24)
                  c272fba9    00000003     --HOLE-- [fill = 0]
                  c272fbac    00000004     Local_pe674.oe674 (.const:ti_sysbios_heaps_HeapMem_Object__table__C)
                  c272fbb0    00000011     lv_meter.obj (.const:.string:$P$T3$4)
                  c272fbc1    00000011     stk6_ppp_pppoe.ae674 : tcp6prot.oe674 (.const:.string)
                  c272fbd2    00000011                          : tcpprot.oe674 (.const:.string)
                  c272fbe3    00000001     --HOLE-- [fill = 0]
                  c272fbe4    00000004     Local_pe674.oe674 (.const:ti_sysbios_heaps_HeapMem_reqAlign__C)
                  c272fbe8    00000011     ti.targets.rts6000.ae674 : System.oe674 (.const:digtohex)
                  c272fbf9    00000003     --HOLE-- [fill = 0]
                  c272fbfc    00000004     Local_pe674.oe674 (.const:ti_sysbios_knl_Clock_A_badThreadType__C)
                  c272fc00    00000010     lv_group.obj (.const:.string:$P$T0$1)
                  c272fc10    00000010     lv_refr.obj (.const:.string:$P$T1$1)
                  c272fc20    00000010     lv_timer.obj (.const:.string:$P$T1$5)
                  c272fc30    00000010     lv_tlsf.obj (.const:.string:$P$T14$13)
                  c272fc40    00000010     lv_tlsf.obj (.const:.string:$P$T15$14)
                  c272fc50    00000010     lv_img_buf.obj (.const:.string:$P$T2$2)
                  c272fc60    00000010     lv_hal_indev.obj (.const:.string:$P$T2$3)
                  c272fc70    00000010     lv_obj_style.obj (.const:.string:$P$T3$2)
                  c272fc80    00000010     lv_tlsf.obj (.const:.string:$P$T30$26)
                  c272fc90    00000010     lv_img_decoder.obj (.const:.string:$P$T7$7)
                  c272fca0    00000010     lv_draw_sw_letter.obj (.const:.string:_lv_bpp4_opa_table)
                  c272fcb0    00000010     rts6740_elf.lib : _scanfi.c.obj (.const:.string)
                  c272fcc0    00000010     Local_pe674.oe674 (.const:ti_sysbios_family_c64p_EventCombiner_EVTMASK__C)
                  c272fcd0    0000000f     lv_flex.obj (.const:.string:$P$T0$1)
                  c272fcdf    00000001     --HOLE-- [fill = 0]
                  c272fce0    0000000f     lv_img.obj (.const:.string:$P$T0$1)
                  c272fcef    00000001     --HOLE-- [fill = 0]
                  c272fcf0    0000000f     lv_style.obj (.const:.string:$P$T1$1)
                  c272fcff    00000001     --HOLE-- [fill = 0]
                  c272fd00    0000000f     lv_mem.obj (.const:.string:$P$T1$3)
                  c272fd0f    00000001     --HOLE-- [fill = 0]
                  c272fd10    0000000f     lv_tlsf.obj (.const:.string:$P$T20$19)
                  c272fd1f    00000001     --HOLE-- [fill = 0]
                  c272fd20    0000000f     lv_tlsf.obj (.const:.string:$P$T24$23)
                  c272fd2f    00000001     --HOLE-- [fill = 0]
                  c272fd30    0000000f     lv_mem.obj (.const:.string:$P$T3$4)
                  c272fd3f    00000001     --HOLE-- [fill = 0]
                  c272fd40    0000000e     lv_anim.obj (.const:.string:$P$T0$1)
                  c272fd4e    00000002     --HOLE-- [fill = 0]
                  c272fd50    0000000e     lv_draw_sw_gradient.obj (.const:.string:$P$T0$1)
                  c272fd5e    00000002     --HOLE-- [fill = 0]
                  c272fd60    0000000e     lv_tlsf.obj (.const:.string:$P$T19$18)
                  c272fd6e    00000002     --HOLE-- [fill = 0]
                  c272fd70    0000000e     lv_draw_mask.obj (.const:.string:$P$T2$3)
                  c272fd7e    0000000e     stk6_ppp_pppoe.ae674 : timer.oe674 (.const:.string)
                  c272fd8c    00000004     Local_pe674.oe674 (.const:ti_sysbios_knl_Clock_A_clockDisabled__C)
                  c272fd90    0000000d     lv_bmp.obj (.const:.string:$P$T0$1)
                  c272fd9d    00000003     --HOLE-- [fill = 0]
                  c272fda0    0000000d     lv_mem.obj (.const:.string:$P$T0$2)
                  c272fdad    00000003     --HOLE-- [fill = 0]
                  c272fdb0    0000000d     lv_tlsf.obj (.const:.string:$P$T11$10)
                  c272fdbd    00000003     --HOLE-- [fill = 0]
                  c272fdc0    0000000d     lv_tlsf.obj (.const:.string:$P$T29$25)
                  c272fdcd    0000000d     os.ae674 : ossys.oe674 (.const:.string)
                  c272fdda    00000002     --HOLE-- [fill = 0]
                  c272fddc    00000004     Local_pe674.oe674 (.const:ti_sysbios_knl_Clock_LM_begin__C)
                  c272fde0    0000000c     lv_tlsf.obj (.const:.string:$P$T10$9)
                  c272fdec    0000000c     lv_checkbox.obj (.const:.string)
                  c272fdf8    0000000c     os.ae674 : efs.oe674 (.const:.string)
                  c272fe04    0000000c     imgBackground.obj (.const:imgBackground)
                  c272fe10    0000000c     imgCalculator.obj (.const:imgCalculator)
                  c272fe1c    0000000c     imgRoate.obj (.const:imgRoate)
                  c272fe28    0000000c     imgSystemInfo.obj (.const:imgSystemInfo)
                  c272fe34    0000000c     SourceHanSansCN_Normal_16.obj (.const:kern_pairs)
                  c272fe40    0000000c     Local_pe674.oe674 (.const:ti_sysbios_family_c64p_Cache_initSize__C)
                  c272fe4c    00000004     Local_pe674.oe674 (.const:ti_sysbios_knl_Clock_LM_tick__C)
                  c272fe50    0000000c     Local_pe674.oe674 (.const:ti_sysbios_knl_Idle_coreList__A)
                  c272fe5c    00000004     Local_pe674.oe674 (.const:ti_sysbios_knl_Clock_LW_delayed__C)
                  c272fe60    0000000c     Local_pe674.oe674 (.const:ti_sysbios_knl_Idle_funcList__A)
                  c272fe6c    00000004     Local_pe674.oe674 (.const:ti_sysbios_knl_Clock_Module_State_clockQ__O)
                  c272fe70    0000000b     lv_fs.obj (.const:.string:$P$T1$1)
                  c272fe7b    00000001     --HOLE-- [fill = 0]
                  c272fe7c    00000004     Local_pe674.oe674 (.const:ti_sysbios_knl_Clock_Module__diagsEnabled__C)
                  c272fe80    0000000b     lv_tlsf.obj (.const:.string:$P$T1$1)
                  c272fe8b    00000001     --HOLE-- [fill = 0]
                  c272fe8c    00000004     Local_pe674.oe674 (.const:ti_sysbios_knl_Clock_Module__diagsIncluded__C)
                  c272fe90    0000000b     lv_tlsf.obj (.const:.string:$P$T2$2)
                  c272fe9b    00000001     --HOLE-- [fill = 0]
                  c272fe9c    00000004     Local_pe674.oe674 (.const:ti_sysbios_knl_Clock_Module__diagsMask__C)
                  c272fea0    0000000b     lv_tlsf.obj (.const:.string:$P$T4$4)
                  c272feab    0000000b     stk6_ppp_pppoe.ae674 : route.oe674 (.const:.string)
                  c272feb6    00000002     --HOLE-- [fill = 0]
                  c272feb8    0000000a     lv_sjpg.obj (.const:.string:$P$T1$1)
                  c272fec2    00000002     --HOLE-- [fill = 0]
                  c272fec4    00000004     Local_pe674.oe674 (.const:ti_sysbios_knl_Clock_Module__loggerFxn1__C)
                  c272fec8    0000000a     lv_tlsf.obj (.const:.string:$P$T5$5)
                  c272fed2    00000002     --HOLE-- [fill = 0]
                  c272fed4    00000004     Local_pe674.oe674 (.const:ti_sysbios_knl_Clock_Module__loggerFxn2__C)
                  c272fed8    00000009     Calculator.obj (.const:.string:$P$T0$1)
                  c272fee1    00000003     --HOLE-- [fill = 0]
                  c272fee4    00000004     Local_pe674.oe674 (.const:ti_sysbios_knl_Clock_Module__loggerObj__C)
                  c272fee8    00000009     SystemInfo.obj (.const:.string:$P$T0$1)
                  c272fef1    00000003     --HOLE-- [fill = 0]
                  c272fef4    00000004     Local_pe674.oe674 (.const:ti_sysbios_knl_Semaphore_A_badContext__C)
                  c272fef8    00000009     lv_tlsf.obj (.const:.string:$P$T3$3)
                  c272ff01    00000001     --HOLE-- [fill = 0]
                  c272ff02    00000008     lv_draw_sw_polygon.obj (.const:$P$T0$1)
                  c272ff0a    00000002     --HOLE-- [fill = 0]
                  c272ff0c    00000008     lv_tlsf.obj (.const:$P$T21$20)
                  c272ff14    00000004     Local_pe674.oe674 (.const:ti_sysbios_knl_Semaphore_A_noEvents__C)
                  c272ff18    00000008     lv_obj.obj (.const:.string:$P$T0$1)
                  c272ff20    00000008     lv_png.obj (.const:.string:$P$T1$1)
                  c272ff28    00000008     lodepng.obj (.const:.string:$P$T25$3)
                  c272ff30    00000008     lv_draw_img.obj (.const:.string)
                  c272ff38    00000008     ti.targets.rts6000.ae674 : System.oe674 (.const:.string)
                  c272ff40    00000008     Local_pe674.oe674 (.const:ti_sysbios_family_c64p_Hwi_hooks__C)
                  c272ff48    00000008     Local_pe674.oe674 (.const:ti_sysbios_knl_Idle_coreList__C)
                  c272ff50    00000008     Local_pe674.oe674 (.const:ti_sysbios_knl_Idle_funcList__C)
                  c272ff58    00000008     Local_pe674.oe674 (.const:ti_sysbios_knl_Swi_hooks__C)
                  c272ff60    00000008     Local_pe674.oe674 (.const:ti_sysbios_knl_Task_hooks__C)
                  c272ff68    00000008     Local_pe674.oe674 (.const:xdc_runtime_Startup_firstFxns__A)
                  c272ff70    00000008     Local_pe674.oe674 (.const:xdc_runtime_Startup_firstFxns__C)
                  c272ff78    00000008     Local_pe674.oe674 (.const:xdc_runtime_Startup_lastFxns__C)
                  c272ff80    00000007     rts6740_elf.lib : _scanfi.c.obj (.const:.string:flit$1)
                  c272ff87    00000001     --HOLE-- [fill = 0]
                  c272ff88    00000006                     : _scanfi.c.obj (.const:.string:barr$2)
                  c272ff8e    00000002     --HOLE-- [fill = 0]
                  c272ff90    00000004     lv_img_buf.obj (.const:.string:$P$T1$1)
                  c272ff94    00000004     Local_pe674.oe674 (.const:ti_sysbios_knl_Semaphore_A_overflow__C)
                  c272ff98    00000004     lv_img_decoder.obj (.const:.string:$P$T6$6)
[...]
c2850900  xdc_runtime_System_SupportProxy_putch__E                            
c2850920  xdc_runtime_System_SupportProxy_ready__E                            
c2850940  xdc_runtime_System_abort__E                                         
c2850960  xdc_runtime_System_atexit__E                                        
c2850980  xdc_runtime_System_exit__E                                          
c28509a0  xdc_runtime_System_exit__F                                          
c28509c0  xdc_runtime_System_lastFxn__I                                       
c28509e0  xdc_runtime_System_putch__E                                         
c2850a00  xdc_runtime_System_vprintf__E                                       
c2850a20  xdc_runtime_System_vsnprintf__E                                     
c2850a40  xdc_runtime_System_snprintf_va__F                                   
c2850a40  xdc_runtime_System_vsnprintf__F                                     
c2850a60  NDK_vsprintf                                                        
c2850a60  xdc_runtime_System_vsprintf__E                                      
c2850a80  xdc_runtime_System_sprintf_va__F                                    
c2850a80  xdc_runtime_System_vsprintf__F                                      
c2850aa0  xdc_runtime_Text_cordText__E                                        
c2850ac0  xdc_runtime_Text_putLab__E                                          
c2850ae0  xdc_runtime_Text_putSite__E                                         
c2850b00  xdc_runtime_Text_ropeText__E                                        
c2850b20  xdc_runtime_Timestamp_SupportProxy_get32__E                         
c2850b20  xdc_runtime_Timestamp_get32__F                                      
c2850b40  xdc_runtime_Timestamp_SupportProxy_getFreq__E                       
c2850b40  xdc_runtime_Timestamp_getFreq__F                                    
c2850b60  xdc_runtime_Timestamp_get32__E                                      
c2850b80  xdc_runtime_Timestamp_getFreq__E                                    
c2850c00  CmdLists                                                            
c2851400  ti_sysbios_family_c64p_EventCombiner_Module__state__V               
c2851800  _ftable                                                             
c28519e0  g_sCmdTable                                                         
c2851aac  _ipcfg                                                              
c2851b60  _stream                                                             
c2851c00  ti_sysbios_knl_Task_Object__table__V                                
c2851c50  TSK_idle                                                            
c2851ca0  ti_sysbios_utils_Load_Module__state__V                              
c2851d38  ti_sysbios_family_c64p_Hwi_Object__table__V                         
c2851dc4  _lock                                                               
c2851dc8  ti_sysbios_knl_Swi_Module_State_0_readyQ__A                         
c2851e48  ti_sysbios_knl_Task_Module_State_0_readyQ__A                        
c2851ec8  _device                                                             
c2851f40  ti_sysbios_family_c64p_Hwi_Module__state__V                         
c2851fa8  ti_sysbios_timers_timer64_Timer_Module_State_0_device__A            
c2852008  DNSErrorStrings                                                     
c28520a8  ti_sysbios_gates_GateMutex_Object__table__V                         
c28520f8  ti_sysbios_timers_timer64_Timer_Object__table__V                    
c2852148  ulDataPatternTable                                                  
c28521e8  ti_sysbios_knl_Task_Module__state__V                                
c285222c  _unlock                                                             
c2852330  ti_sysbios_utils_Load_Module_State_0_taskEnv__A                     
c285239c  __TI_ft_end                                                         
c28523d8  ti_sysbios_knl_Swi_Object__table__V                                 
c285240c  __errno                                                             
c285240c  errno                                                               
c2852440  ti_sysbios_family_c64p_Exception_Module__state__V                   
c28524cc  ti_sysbios_knl_Clock_Module__state__V                               
c28524f4  ti_sysbios_family_c64p_Cache_Module__state__V                       
c285251c  ti_sysbios_family_c64p_primus_TimerSupport_Module__state__V         
c2852544  _oscfg                                                              
c2852588  palette_32b                                                         
c28525a8  pstrMsgName                                                         
c28525c8  ti_sysbios_BIOS_Module__state__V                                    
c28525e8  ti_sysbios_timers_timer64_Timer_Module_State_0_gctrl__A             
c2852608  ti_sysbios_timers_timer64_Timer_Module_State_0_handles__A           
c2852628  ti_sysbios_timers_timer64_Timer_Module_State_0_intFreqs__A          
c2852648  xdc_runtime_System_Module_State_0_atexitHandlers__A                 
c2852684  xdc_runtime_Memory_Module__state__V                                 
c28526a8  ti_ndk_config_Global_Id2Size                                        
c28526c4  xdc_runtime_Error_Module__state__V                                  
c28526c8  ti_sysbios_heaps_HeapMem_Object__table__V                           
c28526e4  ti_sysbios_knl_Swi_Module__state__V                                 
c2852718  TaskName                                                            
c2852730  LinkStr                                                             
c2852748  ReportStr                                                           
c2852760  StatusStr                                                           
c28527bc  ti_sysbios_timers_timer64_Timer_Module__state__V                    
c28527d0  GatewayIP                                                           
c28527e0  LocalIPMask                                                         
c28527f0  SEGVal                                                              
c2852800  StaticIPAddr                                                        
c2852810  __TI_cleanup_ptr                                                    
c2852814  __TI_dtors_ptr                                                      
c2852818  __TI_enable_exit_profile_output                                     
c2852820  ti_sysbios_hal_Hwi_Object__table__V                                 
c2852830  ti_sysbios_hal_Timer_Object__table__V                               
c2852840  xdc_runtime_LoggerSys_Object__table__V                              
c285284c  xdc_runtime_SysMin_Module__state__V                                 
c2852858  xdc_runtime_System_Module__state__V                                 
c2852888  NIMUDeviceTable                                                     
c2852890  ti_sysbios_family_c64p_Hwi_Module__root__V                          
c2852898  ti_sysbios_family_c64p_primus_TimerSupport_Module_State_0_suspSrc__A
c28528a0  ti_sysbios_gates_GateHwi_Module__root__V                            
c28528a8  ti_sysbios_gates_GateHwi_Object__table__V                           
c28528b0  ti_sysbios_gates_GateMutex_Module__root__V                          
c28528b8  ti_sysbios_hal_Hwi_Module__root__V                                  
c28528c0  ti_sysbios_heaps_HeapMem_Module__root__V                            
c28528c8  ti_sysbios_knl_Clock_Module__root__V                                
c28528d0  ti_sysbios_knl_Queue_Module__root__V                                
c28528d8  ti_sysbios_knl_Semaphore_Module__root__V                            
c28528e0  ti_sysbios_knl_Swi_Module__root__V                                  
c28528e8  ti_sysbios_knl_Task_Module__root__V                                 
c28528f0  ti_sysbios_timers_timer64_Timer_Module__root__V                     
c28528f8  xdc_runtime_LoggerSys_Module__root__V                               
c2852900  xdc_runtime_Registry_Module__state__V                               
c2852908  xdc_runtime_Startup_Module__state__V                                
c2852920  ti_sysbios_knl_Task_Module_State_0_idleTask__A                      
c2852928  ti_sysbios_utils_Load_Module_State_0_runningTask__A                 
c2852930  ti_sysbios_utils_Load_Module_State_0_taskStartTime__A               
c2852938  DHCP_OPTIONS                                                        
c2853568  __TI_STATIC_BASE                                                    
c2853580  _IGMPInDiscard                                                      
c2853584  _IGMPInQuery                                                        
c2853588  _IGMPInQueryGroup                                                   
c285358c  _IGMPInResponse                                                     
c2853590  _IGMPOutResponse                                                    
c2853620  KEY4SwiHandle                                                       
c2853624  KEY6SwiHandle                                                       
c2853628  LV_LAYOUT_FLEX                                                      
c285362c  LV_LAYOUT_GRID                                                      
c2853630  LV_STYLE_FLEX_CROSS_PLACE                                           
c2853634  LV_STYLE_FLEX_FLOW                                                  
c2853638  LV_STYLE_FLEX_GROW                                                  
c285363c  LV_STYLE_FLEX_MAIN_PLACE                                            
c2853640  LV_STYLE_FLEX_TRACK_PLACE                                           
c2853644  LV_STYLE_GRID_CELL_COLUMN_POS                                       
c2853648  LV_STYLE_GRID_CELL_COLUMN_SPAN                                      
c285364c  LV_STYLE_GRID_CELL_ROW_POS                                          
c2853650  LV_STYLE_GRID_CELL_ROW_SPAN                                         
c2853654  LV_STYLE_GRID_CELL_X_ALIGN                                          
c2853658  LV_STYLE_GRID_CELL_Y_ALIGN                                          
c285365c  LV_STYLE_GRID_COLUMN_ALIGN                                          
c2853660  LV_STYLE_GRID_COLUMN_DSC_ARRAY                                      
c2853664  LV_STYLE_GRID_ROW_ALIGN                                             
c2853668  LV_STYLE_GRID_ROW_DSC_ARRAY                                         
c285366c  UARTConsoleSemHandle                                                
c2853670  UARTConsoleTaskHandle                                               
c2853674  _lv_grad_cache_mem                                                  
c2853678  _lv_layout_list                                                     
c285367c  _lv_theme_basic_styles                                              
c2853680  _lv_theme_default_styles                                            
c2853684  _lv_timer_act                                                       
c2853688  indev_touchpad                                                      
c285368c  p_rx                                                                
c2853690  p_tx                                                                
c2853694  rx_len                                                              
c2853698  temp_label                                                          
c285369c  time_label                                                          
c28536a0  tx_len                                                              
c28536aa  NDKFlag                                                             
c28536ac  CONTENT_TYPE_APPLET                                                 
c28536b0  CONTENT_TYPE_AU                                                     
c28536b4  CONTENT_TYPE_CSS                                                    
c28536b8  CONTENT_TYPE_DOC                                                    
c28536bc  CONTENT_TYPE_GIF                                                    
c28536c0  CONTENT_TYPE_HTML                                                   
c28536c4  CONTENT_TYPE_JPG                                                    
c28536c8  CONTENT_TYPE_MPEG                                                   
c28536cc  CONTENT_TYPE_PDF                                                    
c28536d0  CONTENT_TYPE_WAV                                                    
c28536d4  CONTENT_TYPE_ZIP                                                    
c28536d8  CONTENT_TYPE                                                        
c28536dc  CONTENT_LENGTH                                                      
c28536e0  CRLF                                                                
c28536e4  DEFAULT_NAME                                                        
c28536e8  HTTP_VER                                                            
c28536ec  SPACE                                                               
c2853704  VerStr                                                              
c2853708  HostName                                                            
c285370c  LocalIPAddr                                                         
c2853710  DomainName                                                          
c2853714  DNSServer                                                           
c2853718  PITCount                                                            
c285371c  PITUsed                                                             
c2853720  PITHigh                                                             
c285375c  _lv_txt_encoded_size                                                
c2853760  _lv_txt_unicode_to_encoded                                          
c2853764  _lv_txt_encoded_conv_wc                                             
c2853768  _lv_txt_encoded_next                                                
c285376c  _lv_txt_encoded_prev                                                
c2853770  _lv_txt_encoded_get_byte_id                                         
c2853774  _lv_txt_encoded_get_char_id                                         
c2853778  _lv_txt_get_encoded_length                                          
c2853828  _IGMPForceVersion1                                                  
c2853840  TxChanEnable_all                                                    
c2853844  RxChanEnable_all                                                    
c2853851  CmdHistorySaveNo                                                    
c2853852  CmdHistorySaveIndex                                                 
c2853853  CmdHistoryDisplayIndex                                              
c2853854  sataRegs                                                            
c2853858  temp                                                                
c2853894  _ICMPInErrors                                                       
c2853898  _ICMPOutErrors                                                      
c285389c  _IPExecuting                                                        
c28538ac  gFragQList                                                          
c28538cc  tcp_iss                                                             
c28538d0  ptTimeFirst                                                         
c28538d4  pt6TimeFirst                                                        
c28538d8  tcp6_iss                                                            
c28538ec  spi_flag                                                            
c28538f0  SoftPWM                                                             
c28538f4  OSCINFreq                                                           
c285390c  LODEPNG_VERSION_STRING                                              
c285392c  httpErrorResponseHook                                               
c2853940  _IPReasmPtr                                                         
c285394c  gMLDNodeList                                                        
c2853966  roate                                                               
c2853967  SECLED                                                              
c285396a  LED_OP                                                              
c2853974  IPV6_MAX_MULTICAST_SOLICIT                                          
c2853978  IPV6_MAX_UNICAST_SOLICIT                                            
c285397c  IPV6_RETRANS_TIME                                                   
c2853980  IPV6_DELAY_FIRST_PROBE_TIME                                         
c2853984  IPV6_REACHABLE_TIME                                                 
c2853988  IPV6_MAX_RTR_SOLICITATION_DELAY                                     
c285398c  IPV6_RTR_SOLICITATION_INTERVAL                                      
c2853990  IPV6_MAX_RTR_SOLICITATIONS                                          
c2853994  INFINITE_LT                                                         
c2853998  ti_ndk_config_Global_rawPageSize                                    
c285399c  ti_ndk_config_Global_rawPageCount                                   
c28539a0  ti_ndk_config_Global_smallest                                       
c28539a4  ti_ndk_config_Global_largest                                        
c28539a8  ti_ndk_config_Global_numFrameBuf                                    
c28539ac  ti_ndk_config_Global_sizeFrameBuf                                   
c28539b0  __CIOBUF_                                                           
c2853c00  ti_sysbios_family_c64p_Hwi0                                         
c2853c00  ti_sysbios_family_c64p_Hwi_int0                                     
c2853c20  ti_sysbios_family_c64p_Hwi_int1                                     
c2853c40  ti_sysbios_family_c64p_Hwi_int2                                     
c2853c60  ti_sysbios_family_c64p_Hwi_int3                                     
c2853c80  ti_sysbios_family_c64p_Hwi_int4                                     
c2853ca0  ti_sysbios_family_c64p_Hwi_int5                                     
c2853cc0  ti_sysbios_family_c64p_Hwi_int6                                     
c2853ce0  ti_sysbios_family_c64p_Hwi_int7                                     
c2853d00  ti_sysbios_family_c64p_Hwi_int8                                     
c2853d20  ti_sysbios_family_c64p_Hwi_int9                                     
c2853d40  ti_sysbios_family_c64p_Hwi_int10                                    
c2853d60  ti_sysbios_family_c64p_Hwi_int11                                    
c2853d80  ti_sysbios_family_c64p_Hwi_int12                                    
c2853da0  ti_sysbios_family_c64p_Hwi_int13                                    
c2853dc0  ti_sysbios_family_c64p_Hwi_int14                                    
c2853de0  ti_sysbios_family_c64p_Hwi_int15                                    
c285524c  __TI_Handler_Table_Base                                             
c2855254  __TI_Handler_Table_Limit                                            
c2855258  __TI_CINIT_Base                                                     
c2855290  __TI_CINIT_Limit                                                    
ffffffff  __TI_pprof_out_hndl                                                 
ffffffff  __TI_prof_data_size                                                 
ffffffff  __TI_prof_data_start                                                
ffffffff  __binit__                                                           
ffffffff  __c_args__                                                          
ffffffff  binit                                                               
UNDEFED   __TI_INITARRAY_Base                                                 
UNDEFED   __TI_INITARRAY_Limit                                                

[3342 symbols]
