******************************************************************************
               TMS320C6x Linker PC v8.3.12                     
******************************************************************************
>> Linked Wed Sep  6 21:37:34 2023

OUTPUT FILE NAME:   <Board_C674x.out>
ENTRY POINT SYMBOL: "_c_int00"  address: c3000000


MEMORY CONFIGURATION

         name            origin    length      used     unused   attr    fill
----------------------  --------  ---------  --------  --------  ----  --------
  DSPL2RAM              00800000   00040000  00004000  0003c000  RW  
  SHRAM                 80000000   00020000  00000004  0001fffc  RW X
  DDR2                  c0000000   08000000  029133d0  056ecc30  RW X


SEGMENT ALLOCATION MAP

run origin  load origin   length   init length attrs members
----------  ----------- ---------- ----------- ----- -------
00800000    00800000    00004000   00000000    rw-
  00800000    00800000    00004000   00000000    rw- .stack
80000000    80000000    00000004   00000000    rw-
  80000000    80000000    00000004   00000000    rw- .LEDNixieVal
c0000000    c0000000    02000000   00000000    rw-
  c0000000    c0000000    02000000   00000000    rw- SystemHeap
c2000000    c2000000    00440d00   00440d00    r-x
  c2000000    c2000000    00440caa   00440caa    r-- .const
  c2440cac    c2440cac    00000014   00000014    r-- .switch.1
  c2440cc0    c2440cc0    00000040   00000040    r-x .text.1
c2440d00    c2440d00    003a7c54   00000000    rw-
  c2440d00    c2440d00    003a7c54   00000000    rw- .far
c27e8960    c27e8960    00126294   00126294    r-x
  c27e8960    c27e8960    00125fc0   00125fc0    r-x .text.2
  c290e920    c290e920    000002d4   000002d4    r-- .switch.2
c290ec00    c290ec00    00001f32   00000000    rw-
  c290ec00    c290ec00    00001f32   00000000    rw- .fardata
c2910b34    c2910b34    00000a34   00000a34    r--
  c2910b34    c2910b34    00000a34   00000a34    r-- .switch.3
c2911568    c2911568    0000045d   00000000    rw-
  c2911568    c2911568    00000187   00000000    rw- .bss
  c29116f0    c29116f0    000002d5   00000000    rw- .neardata
c29119c8    c29119c8    0000003c   00000000    r--
  c29119c8    c29119c8    0000003c   00000000    r-- .rodata
c2911a08    c2911a08    00000120   00000000    rw-
  c2911a08    c2911a08    00000120   00000000    rw- .cio
c2911c00    c2911c00    00001808   00001808    r-x
  c2911c00    c2911c00    00000200   00000200    r-x .vecs
  c2911e00    c2911e00    00001608   00001608    r-- .cinit
c3000000    c3000000    000000c0   000000c0    r-x
  c3000000    c3000000    000000c0   000000c0    r-x .text:_c_int00


SECTION ALLOCATION MAP

 output                                  attributes/
section   page    origin      length       input sections
--------  ----  ----------  ----------   ----------------
.LEDNixieVal 
*          0    80000000    00000004     UNINITIALIZED
                  80000000    00000004     LEDNixie.obj (.LEDNixieVal)

.text:_c_int00 
*          0    c3000000    000000c0     
                  c3000000    000000a0     boot.ae674 : boot.oe674 (.text:_c_int00)
                  c30000a0    00000020     Local_pe674.oe674 ($Tramp$S$$xdc_runtime_Startup_reset__I)

.stack     0    00800000    00004000     UNINITIALIZED
                  00800000    00000008     boot.ae674 : boot.oe674 (.stack)
                  00800008    00003ff8     --HOLE--

.const     0    c2000000    00440caa     
                  c2000000    0026145d     SourceHanSansCN_Normal_16.obj (.const:.string:glyph_bitmap)
                  c226145d    00000001     --HOLE-- [fill = 0]
                  c226145e    00000002     Local_pe674.oe674 (.const:ti_sysbios_BIOS_Module__id__C)
                  c2261460    000bb800     imgBackground.obj (.const:.string:imgBackground_map)
                  c231cc60    0007f137     imgFanGif.obj (.const:.string:imgFanGif_map)
                  c239bd97    00000001     --HOLE-- [fill = 0]
                  c239bd98    00052420     SourceHanSansCN_Normal_16.obj (.const:glyph_dsc)
                  c23ee1b8    00016708     lv_font_montserrat_48.obj (.const:.string:glyph_bitmap)
                  c24048c0    00007ee4     lv_font_montserrat_28.obj (.const:.string:glyph_bitmap)
                  c240c7a4    00003b8d     console_min.ae674 : conipv6.oe674 (.const:.string)
                  c2410331    00000001     --HOLE-- [fill = 0]
                  c2410332    00000006     gifdec.obj (.const:$P$T4$1)
                  c2410338    00001cb0     imgLAN.obj (.const:.string:imgLAN_map)
                  c2411fe8    00001b00     imgBrightness.obj (.const:.string:imgBrightness_map)
                  c2413ae8    00001b00     imgCalculator.obj (.const:.string:imgCalculator_map)
                  c24155e8    00001b00     imgCalendar.obj (.const:.string:imgCalendar_map)
                  c24170e8    00001b00     imgClock.obj (.const:.string:imgClock_map)
                  c2418be8    00001b00     imgFan.obj (.const:.string:imgFan_map)
                  c241a6e8    00001b00     imgFile.obj (.const:.string:imgFile_map)
                  c241c1e8    00001b00     imgGame.obj (.const:.string:imgGame_map)
                  c241dce8    00001b00     imgRoate.obj (.const:.string:imgRoate_map)
                  c241f7e8    00001b00     imgSnake.obj (.const:.string:imgSnake_map)
                  c24212e8    00001b00     imgSystemInfo.obj (.const:.string:imgSystemInfo_map)
                  c2422de8    00001b00     imgTetris.obj (.const:.string:imgTetris_map)
                  c24248e8    00001b00     imgTouch.obj (.const:.string:imgTouch_map)
                  c24263e8    00001b00     imgWLAN.obj (.const:.string:imgWLAN_map)
                  c2427ee8    00001aa6     console_min.ae674 : contest.oe674 (.const:.string)
                  c242998e    00000002     Local_pe674.oe674 (.const:ti_sysbios_family_c64p_EventCombiner_Module__id__C)
                  c2429990    00001709     Local_pe674.oe674 (.const:xdc_runtime_Text_charTab__A)
                  c242b099    00000001     --HOLE-- [fill = 0]
                  c242b09a    00000002     Local_pe674.oe674 (.const:ti_sysbios_family_c64p_Exception_Module__id__C)
                  c242b09c    00001314     lodepng.obj (.const:.string)
                  c242c3b0    00000f46     SourceHanSansCN_Normal_32.obj (.const:.string:glyph_bitmap)
                  c242d2f6    00000002     Local_pe674.oe674 (.const:ti_sysbios_family_c64p_Exception_useInternalBuffer__C)
                  c242d2f8    00000da0     SourceHanSansCN_Normal_16.obj (.const:kern_pair_glyph_ids)
                  c242e098    00000cca     console_min.ae674 : constat.oe674 (.const:.string)
                  c242ed62    00000006     gifdec.obj (.const:$P$T6$2)
                  c242ed68    00000ca8     imgHandSec.obj (.const:.string:imgHandSec_map)
                  c242fa10    00000bad     lv_font_montserrat_28.obj (.const:.string:kern_class_values)
                  c24305bd    00000001     --HOLE-- [fill = 0]
                  c24305be    00000002     Local_pe674.oe674 (.const:ti_sysbios_family_c64p_Hwi_Module__id__C)
                  c24305c0    00000bad     lv_font_montserrat_48.obj (.const:.string:kern_class_values)
                  c243116d    00000001     --HOLE-- [fill = 0]
                  c243116e    00000002     Local_pe674.oe674 (.const:ti_sysbios_family_c64p_Hwi_Module__loggerDefined__C)
                  c2431170    00000a8c     imgHandMin.obj (.const:.string:imgHandMin_map)
                  c2431bfc    00000004     lv_obj_scroll.obj (.const:$P$T0$1)
                  c2431c00    000009e0     lv_font_montserrat_28.obj (.const:glyph_dsc)
                  c24325e0    000009e0     lv_font_montserrat_48.obj (.const:glyph_dsc)
                  c2432fc0    0000092c     lv_tlsf.obj (.const:.string)
                  c24338ec    00000893     console_min.ae674 : conipaddr.oe674 (.const:.string)
                  c243417f    00000001     --HOLE-- [fill = 0]
                  c2434180    00000870     imgHandHour.obj (.const:.string:imgHandHour_map)
                  c24349f0    000006ac     LEDNixie.obj (.const:.string:PRU_Code)
                  c243509c    00000004     lv_obj_scroll.obj (.const:$P$T1$2)
                  c24350a0    00000690     SourceHanSansCN_Normal_16.obj (.const:cmaps)
                  c2435730    00000603     console_min.ae674 : console.oe674 (.const:.string)
                  c2435d33    00000001     --HOLE-- [fill = 0]
                  c2435d34    00000588     sysbios.ae674 : BIOS.obj (.const:.string)
                  c24362bc    000004b6     console_min.ae674 : convlan.oe674 (.const:.string)
                  c2436772    00000412                       : conecho.oe674 (.const:.string)
                  c2436b84    00000004     lv_obj_pos.obj (.const:$P$T10$4)
                  c2436b88    00000400     tjpgd.obj (.const:.string:Clip8)
                  c2436f88    000003d8     Web.obj (.const:.string)
                  c2437360    000003d0     LEDMatrix.obj (.const:.string:PRU_Code)
                  c2437730    000003c4     Command.obj (.const:.string)
                  c2437af4    000003b2     console_min.ae674 : condns.oe674 (.const:.string)
                  c2437ea6    00000002     Local_pe674.oe674 (.const:ti_sysbios_gates_GateMutex_Module__id__C)
                  c2437ea8    00000368     Exception.obj (.const:.string)
                  c2438210    00000368     SourceHanSansCN_Normal_16.obj (.const:.string:kern_pair_values)
                  c2438578    00000350     nettool.ae674 : httpsend.oe674 (.const:.string)
                  c24388c8    0000032c     console_min.ae674 : conlli.oe674 (.const:.string)
                  c2438bf4    000002dc                       : conroute.oe674 (.const:.string)
                  c2438ed0    000002cc                       : conping.oe674 (.const:.string)
                  c243919c    0000028c     lv_calendar_header_dropdown.obj (.const:.string)
                  c2439428    0000027d     console_min.ae674 : conacct.oe674 (.const:.string)
                  c24396a5    0000025d     nettool.ae674 : dnscomn.oe674 (.const:.string)
                  c2439902    00000002     Local_pe674.oe674 (.const:ti_sysbios_hal_Hwi_Module__id__C)
                  c2439904    00000244     Net.obj (.const:.string)
                  c2439b48    0000021a     os.ae674 : task.oe674 (.const:.string)
                  c2439d62    00000205     console_min.ae674 : consock.oe674 (.const:.string)
                  c2439f67    000001e2     stk6_ppp_pppoe.ae674 : bind6.oe674 (.const:.string)
                  c243a149    00000001     --HOLE-- [fill = 0]
                  c243a14a    00000002     Local_pe674.oe674 (.const:ti_sysbios_heaps_HeapMem_Module__id__C)
                  c243a14c    000001a8     DDR2.obj (.const:.string)
                  c243a2f4    0000018c     console_min.ae674 : contftp.oe674 (.const:.string)
                  c243a480    00000184     lv_mem.obj (.const:.string)
                  c243a604    00000164     SystemInfo.obj (.const:.string)
                  c243a768    0000015c     stk6_ppp_pppoe.ae674 : route6.oe674 (.const:.string)
                  c243a8c4    00000159                          : nimuppp.oe674 (.const:.string)
                  c243aa1d    0000014f     os.ae674 : mem.oe674 (.const:.string)
                  c243ab6c    00000144     ti.drv.omapl138.ae674 : ethdriver.oe674 (.const:.string)
                  c243acb0    00000110     Flash.obj (.const:.string)
                  c243adc0    00000107     stk6_ppp_pppoe.ae674 : vlan.oe674 (.const:.string)
                  c243aec7    00000001     --HOLE-- [fill = 0]
                  c243aec8    00000101     rts6740_elf.lib : ctype.c.obj (.const:.string:_ctypes_)
                  c243afc9    00000006     nettool.ae674 : tftp.oe674 (.const:.string)
                  c243afcf    00000001     --HOLE-- [fill = 0]
                  c243afd0    00000100     lv_draw_sw_letter.obj (.const:.string:_lv_bpp8_opa_table)
                  c243b0d0    000000fd     stk6_ppp_pppoe.ae674 : icmpv6out.oe674 (.const:.string)
                  c243b1cd    000000f2                          : icmpv6_ndisc.oe674 (.const:.string)
                  c243b2bf    00000001     --HOLE-- [fill = 0]
                  c243b2c0    000000f0     EEPROM.obj (.const:.string)
                  c243b3b0    000000f0     Local_pe674.oe674 (.const:xdc_runtime_Text_nodeTab__A)
                  c243b4a0    000000ec     lv_chart.obj (.const:.string)
                  c243b58c    000000ec     lv_table.obj (.const:.string)
                  c243b678    000000ec     lv_textarea.obj (.const:.string)
                  c243b764    000000e8     lv_img_decoder.obj (.const:.string)
                  c243b84c    000000e8     lv_keyboard.obj (.const:.string)
                  c243b934    000000e4     lv_draw_mask.obj (.const:.string)
                  c243ba18    000000dc     lv_hal_disp.obj (.const:.string)
                  c243baf4    000000d8     EMAC.obj (.const:.string)
                  c243bbcc    000000d8     SYSCFG.obj (.const:.string)
                  c243bca4    000000d8     stk6_ppp_pppoe.ae674 : node.oe674 (.const:.string)
                  c243bd7c    000000d7     nettool.ae674 : httpstr.oe674 (.const:.string)
                  c243be53    00000001     --HOLE-- [fill = 0]
                  c243be54    000000d4     ti.drv.omapl138.ae674 : nimu_eth.oe674 (.const:.string)
                  c243bf28    000000d0     lv_label.obj (.const:.string)
                  c243bff8    000000cf     stk6_ppp_pppoe.ae674 : rtc.oe674 (.const:.string)
                  c243c0c7    00000001     --HOLE-- [fill = 0]
                  c243c0c8    000000cc     lv_obj.obj (.const:.string)
                  c243c194    000000c8     lv_dropdown.obj (.const:.string)
                  c243c25c    00000004     lv_draw_sw_gradient.obj (.const:$P$T2$4)
                  c243c260    000000c0     LEDMatrix.obj (.const:.string:PRU_Data)
                  c243c320    000000c0     SourceHanSansCN_Normal_32.obj (.const:glyph_dsc)
                  c243c3e0    000000bf     stk6_ppp_pppoe.ae674 : lliout.oe674 (.const:.string)
                  c243c49f    00000001     --HOLE-- [fill = 0]
                  c243c4a0    000000be     lv_color.obj (.const:colors$2)
                  c243c55e    00000002     Local_pe674.oe674 (.const:ti_sysbios_knl_Clock_Module__id__C)
                  c243c560    000000bc     Home.obj (.const:.string)
                  c243c61c    000000bc     servers_min.ae674 : newservers.oe674 (.const:.string)
                  c243c6d8    000000b6     lv_math.obj (.const:sin0_90_table)
                  c243c78e    00000002     Local_pe674.oe674 (.const:ti_sysbios_knl_Clock_Module__loggerDefined__C)
                  c243c790    000000b4     Calendar.obj (.const:.string)
                  c243c844    000000b4     Network.obj (.const:.string)
                  c243c8f8    000000b1     nettool.ae674 : dnsclnt.oe674 (.const:.string)
                  c243c9a9    00000001     --HOLE-- [fill = 0]
                  c243c9aa    00000002     Local_pe674.oe674 (.const:ti_sysbios_knl_Semaphore_Module__id__C)
                  c243c9ac    000000b0     Calculator.obj (.const:.string)
                  c243ca5c    000000b0     lv_hal_indev.obj (.const:.string)
                  c243cb0c    00000004     lv_obj_pos.obj (.const:$P$T9$3)
                  c243cb10    000000b0     lv_keyboard.obj (.const:default_kb_map_lc)
                  c243cbc0    000000b0     lv_keyboard.obj (.const:default_kb_map_spec)
                  c243cc70    000000b0     lv_keyboard.obj (.const:default_kb_map_uc)
                  c243cd20    000000a9     stk6_ppp_pppoe.ae674 : lli6.oe674 (.const:.string)
                  c243cdc9    000000a7     nettool.ae674 : ipaddr.oe674 (.const:.string)
                  c243ce70    000000a7     stk6_ppp_pppoe.ae674 : nimu.oe674 (.const:.string)
                  c243cf17    00000001     --HOLE-- [fill = 0]
                  c243cf18    000000a4     LVGLTask.obj (.const:.string)
                  c243cfbc    000000a2     stk6_ppp_pppoe.ae674 : nimupppoe.oe674 (.const:.string)
                  c243d05e    00000002     Local_pe674.oe674 (.const:ti_sysbios_knl_Semaphore_Module__loggerDefined__C)
                  c243d060    000000a0     lv_btnmatrix.obj (.const:.string)
                  c243d100    0000009e     lv_font_montserrat_28.obj (.const:.string:kern_left_class_mapping)
                  c243d19e    00000002     Local_pe674.oe674 (.const:ti_sysbios_knl_Swi_Module__id__C)
                  c243d1a0    0000009e     lv_font_montserrat_48.obj (.const:.string:kern_left_class_mapping)
                  c243d23e    00000002     Local_pe674.oe674 (.const:ti_sysbios_knl_Swi_Module__loggerDefined__C)
                  c243d240    0000009e     lv_font_montserrat_28.obj (.const:.string:kern_right_class_mapping)
                  c243d2de    00000002     Local_pe674.oe674 (.const:ti_sysbios_knl_Task_Module__id__C)
                  c243d2e0    0000009e     lv_font_montserrat_48.obj (.const:.string:kern_right_class_mapping)
                  c243d37e    00000002     Local_pe674.oe674 (.const:ti_sysbios_knl_Task_Module__loggerDefined__C)
                  c243d380    00000098     lv_refr.obj (.const:.string)
                  c243d418    00000098     lv_color.obj (.const:colors$3)
                  c243d4b0    00000091     stk6_ppp_pppoe.ae674 : tcp6time.oe674 (.const:.string)
                  c243d541    00000001     --HOLE-- [fill = 0]
                  c243d542    00000002     Local_pe674.oe674 (.const:ti_sysbios_knl_Task_initStackFlag__C)
                  c243d544    00000090     lv_calendar.obj (.const:.string)
                  c243d5d4    0000008d     stk6_ppp_pppoe.ae674 : tcptime.oe674 (.const:.string)
                  c243d661    00000001     --HOLE-- [fill = 0]
                  c243d662    00000002     Local_pe674.oe674 (.const:ti_sysbios_timers_timer64_Timer_Module__id__C)
                  c243d664    0000008c     lv_fs.obj (.const:.string)
                  c243d6f0    0000008c     lv_roller.obj (.const:.string)
                  c243d77c    00000084     lv_bmp.obj (.const:.string)
                  c243d800    00000080     Fan.obj (.const:.string)
                  c243d880    00000080     lv_draw_sw_gradient.obj (.const:.string)
                  c243d900    00000080     lv_style.obj (.const:.string)
                  c243d980    00000080     tjpgd.obj (.const:Ipsf)
                  c243da00    00000080     rts6740_elf.lib : strtod.c.obj (.const:digits)
                  c243da80    0000007c     UARTConsole.obj (.const:.string)
                  c243dafc    0000007c     main.obj (.const:.string)
                  c243db78    0000007c     lv_font_montserrat_28.obj (.const:unicode_list_1)
                  c243dbf4    00000004     SysMinProvide.obj (.const:.string)
                  c243dbf8    0000007c     lv_font_montserrat_48.obj (.const:unicode_list_1)
                  c243dc74    00000078     lv_meter.obj (.const:.string)
                  c243dcec    00000004     lv_draw_label.obj (.const:.string)
                  c243dcf0    00000078     lodepng.obj (.const:DISTANCEBASE)
                  c243dd68    00000078     lodepng.obj (.const:DISTANCEEXTRA)
                  c243dde0    00000077     stk6_ppp_pppoe.ae674 : sock6.oe674 (.const:.string)
                  c243de57    00000076                          : mld.oe674 (.const:.string)
                  c243decd    00000001     --HOLE-- [fill = 0]
                  c243dece    00000002     Local_pe674.oe674 (.const:ti_sysbios_timers_timer64_Timer_startupNeeded__C)
                  c243ded0    00000074     lv_font.obj (.const:.string)
                  c243df44    00000004     lv_menu.obj (.const:.string)
                  c243df48    00000074     lodepng.obj (.const:LENGTHBASE)
                  c243dfbc    00000004     lv_png.obj (.const:.string)
                  c243dfc0    00000074     lodepng.obj (.const:LENGTHEXTRA)
                  c243e034    00000070     lv_obj_style.obj (.const:.string)
                  c243e0a4    00000004     lv_spinbox.obj (.const:.string)
                  c243e0a8    00000070     SourceHanSansCN_Normal_16.obj (.const:unicode_list_83)
                  c243e118    0000006c     lv_event.obj (.const:.string)
                  c243e184    0000006c     rts6740_elf.lib : asctime.c.obj (.const:.string)
                  c243e1f0    00000068     lv_calendar_header_arrow.obj (.const:.string)
                  c243e258    00000068     lv_flex.obj (.const:.string)
                  c243e2c0    00000068     lv_group.obj (.const:.string)
                  c243e328    00000064     lv_obj_pos.obj (.const:.string)
                  c243e38c    00000064     Local_pe674.oe674 (.const:ti_sysbios_timers_timer64_Timer_Object__PARAMS__C)
                  c243e3f0    00000060     lv_txt.obj (.const:.string)
                  c243e450    00000060     stk6_ppp_pppoe.ae674 : sb.oe674 (.const:.string)
                  c243e4b0    0000005c     lv_anim.obj (.const:.string)
                  c243e50c    0000005c     lv_img.obj (.const:.string)
                  c243e568    0000005c     lv_timer.obj (.const:.string)
                  c243e5c4    00000058     ti.targets.rts6000.ae674 : Error.oe674 (.const:.string)
                  c243e61c    00000056     os.ae674 : semaphore.oe674 (.const:.string)
                  c243e672    00000006     nettool.ae674 : tftp6.oe674 (.const:.string)
                  c243e678    00000054     stk6_ppp_pppoe.ae674 : sockprot.oe674 (.const:Code2Err)
                  c243e6cc    00000004     lv_tabview.obj (.const:.string)
                  c243e6d0    00000054     lv_keyboard.obj (.const:default_kb_map_num)
                  c243e724    00000051     nettool.ae674 : dhcpmain.oe674 (.const:.string)
                  c243e775    00000050     stk6_ppp_pppoe.ae674 : bind.oe674 (.const:.string)
                  c243e7c5    00000001     --HOLE-- [fill = 0]
                  c243e7c6    00000002     Local_pe674.oe674 (.const:ti_sysbios_utils_Load_Module__id__C)
                  c243e7c8    00000050     lv_keyboard.obj (.const:default_kb_ctrl_lc_map)
                  c243e818    00000050     lv_keyboard.obj (.const:default_kb_ctrl_spec_map)
                  c243e868    00000050     lv_keyboard.obj (.const:default_kb_ctrl_uc_map)
                  c243e8b8    0000004e     stk6_ppp_pppoe.ae674 : rtable.oe674 (.const:.string)
                  c243e906    00000002     Local_pe674.oe674 (.const:ti_sysbios_utils_Load_Module__loggerDefined__C)
                  c243e908    0000004c     Clock.obj (.const:.string)
                  c243e954    0000004c     lv_log.obj (.const:.string)
                  c243e9a0    0000004c     lodepng.obj (.const:CLCL_ORDER)
                  c243e9ec    00000048     LCDBrightness.obj (.const:.string)
                  c243ea34    00000048     Local_pe674.oe674 (.const:.string)
                  c243ea7c    00000048     ti.targets.rts6000.ae674 : Log.oe674 (.const:.string)
                  c243eac4    00000004     lv_theme_default.obj (.const:.string)
                  c243eac8    00000048     rts6740_elf.lib : strtod.c.obj (.const:powerof10)
                  c243eb10    00000048     Local_pe674.oe674 (.const:ti_sysbios_knl_Task_hooks__A)
                  c243eb58    00000044     netctrl.ae674 : netctrl.oe674 (.const:.string)
                  c243eb9c    00000041     nettool.ae674 : httpclie.oe674 (.const:.string)
                  c243ebdd    00000041     stk6_ppp_pppoe.ae674 : sb6.oe674 (.const:.string)
                  c243ec1e    00000002     Local_pe674.oe674 (.const:ti_sysbios_utils_Load_autoAddTasks__C)
                  c243ec20    00000040     Game.obj (.const:.string)
                  c243ec60    00000040     tjpgd.obj (.const:.string:Zig)
                  c243eca0    00000040     lv_draw_sw_dither.obj (.const:.string:dither_ordered_threshold_matrix)
                  c243ece0    00000040     ti.targets.rts6000.ae674 : Text.oe674 (.const:.string)
                  c243ed20    0000003e     stk6_ppp_pppoe.ae674 : ipv6.oe674 (.const:.string)
                  c243ed5e    0000003c                          : ipv6_exthdrs.oe674 (.const:.string)
                  c243ed9a    00000002     Local_pe674.oe674 (.const:ti_sysbios_utils_Load_hwiEnabled__C)
                  c243ed9c    0000003c     Local_pe674.oe674 (.const:ti_sysbios_knl_Task_Object__PARAMS__C)
                  c243edd8    00000038     SATATest.obj (.const:.string)
                  c243ee10    00000038     stk6_ppp_pppoe.ae674 : icmpv6in.oe674 (.const:.string)
                  c243ee48    00000038                          : sock.oe674 (.const:.string)
                  c243ee80    00000034     cgi.ae674 : cgiparsem.oe674 (.const:.string)
                  c243eeb4    00000034     Local_pe674.oe674 (.const:xdc_runtime_LoggerSys_Module__FXNS__C)
                  c243eee8    00000034     Local_pe674.oe674 (.const:xdc_runtime_Startup_sfxnTab__A)
                  c243ef1c    00000031     stk6_ppp_pppoe.ae674 : pbm.oe674 (.const:.string)
                  c243ef4d    00000001     --HOLE-- [fill = 0]
                  c243ef4e    00000002     Local_pe674.oe674 (.const:ti_sysbios_utils_Load_updateInIdle__C)
                  c243ef50    00000030     rts6740_elf.lib : asctime.c.obj (.const:mon)
                  c243ef80    00000030     Local_pe674.oe674 (.const:ti_sysbios_family_c64p_Hwi_Object__PARAMS__C)
                  c243efb0    0000002c     ti.drv.omapl138.ae674 : csl_mdio.oe674 (.const:.string)
                  c243efdc    0000002c     ti.targets.rts6000.ae674 : Startup.oe674 (.const:.string)
                  c243f008    0000002c     Local_pe674.oe674 (.const:ti_sysbios_hal_Hwi_Object__PARAMS__C)
                  c243f034    00000004     nettool.ae674 : telnetd.oe674 (.const:.string)
                  c243f038    0000002c     lv_theme_default.obj (.const:trans_props$1)
                  c243f064    00000004     ti.targets.rts6000.ae674 : Assert.oe674 (.const:.string)
                  c243f068    00000028     lv_font_montserrat_28.obj (.const:cmaps)
                  c243f090    00000028     lv_font_montserrat_48.obj (.const:cmaps)
                  c243f0b8    00000028     Local_pe674.oe674 (.const:ti_sysbios_heaps_HeapMem_Module__FXNS__C)
                  c243f0e0    00000028     Local_pe674.oe674 (.const:ti_sysbios_knl_Swi_Object__PARAMS__C)
                  c243f108    00000026     lv_event.obj (.const:.string:$P$T2$4)
                  c243f12e    00000002     Local_pe674.oe674 (.const:xdc_runtime_Core_Module__id__C)
                  c243f130    00000026     lv_color.obj (.const:colors$1)
                  c243f156    00000002     Local_pe674.oe674 (.const:xdc_runtime_Error_Module__loggerDefined__C)
                  c243f158    00000024     rts6740_elf.lib : _printfi.c.obj (.const:.string)
                  c243f17c    00000024     Local_pe674.oe674 (.const:ti_sysbios_gates_GateHwi_Module__FXNS__C)
                  c243f1a0    00000024     Local_pe674.oe674 (.const:ti_sysbios_gates_GateMutex_Module__FXNS__C)
                  c243f1c4    00000024     Local_pe674.oe674 (.const:ti_sysbios_heaps_HeapMem_Object__PARAMS__C)
                  c243f1e8    00000024     Local_pe674.oe674 (.const:ti_sysbios_knl_Clock_Object__PARAMS__C)
                  c243f20c    00000024     Local_pe674.oe674 (.const:ti_sysbios_knl_Semaphore_Object__PARAMS__C)
                  c243f230    00000022     lv_calendar.obj (.const:.string:$P$T0$1)
                  c243f252    00000006     stk6_ppp_pppoe.ae674 : auth.oe674 (.const:.string)
                  c243f258    00000022     lv_keyboard.obj (.const:default_kb_ctrl_num_map)
                  c243f27a    00000002     Local_pe674.oe674 (.const:xdc_runtime_Error_maxDepth__C)
                  c243f27c    00000004     Local_pe674.oe674 (.const:ti_sysbios_BIOS_Module__diagsEnabled__C)
                  c243f280    00000021     lv_textarea.obj (.const:.string:$P$T5$6)
                  c243f2a1    00000001     --HOLE-- [fill = 0]
                  c243f2a2    00000002     Local_pe674.oe674 (.const:xdc_runtime_Memory_Module__id__C)
                  c243f2a4    00000004     Local_pe674.oe674 (.const:ti_sysbios_BIOS_Module__diagsIncluded__C)
                  c243f2a8    00000021     lv_draw_sw_line.obj (.const:.string:wcorr$1)
                  c243f2c9    00000001     --HOLE-- [fill = 0]
                  c243f2ca    00000002     Local_pe674.oe674 (.const:xdc_runtime_SysMin_flushAtExit__C)
                  c243f2cc    00000004     Local_pe674.oe674 (.const:ti_sysbios_BIOS_Module__diagsMask__C)
                  c243f2d0    00000020     lv_btnmatrix.obj (.const:.string:$P$T0$1)
                  c243f2f0    00000020     lv_obj_style.obj (.const:.string:$P$T2$1)
                  c243f310    00000020     Local_pe674.oe674 (.const:ti_sysbios_family_c64p_Hwi_Object__DESC__C)
                  c243f330    00000020     Local_pe674.oe674 (.const:ti_sysbios_gates_GateHwi_Object__DESC__C)
                  c243f350    00000020     Local_pe674.oe674 (.const:ti_sysbios_gates_GateMutex_Object__DESC__C)
                  c243f370    00000020     Local_pe674.oe674 (.const:ti_sysbios_hal_Hwi_Object__DESC__C)
                  c243f390    00000020     Local_pe674.oe674 (.const:ti_sysbios_heaps_HeapMem_Object__DESC__C)
                  c243f3b0    00000020     Local_pe674.oe674 (.const:ti_sysbios_knl_Clock_Object__DESC__C)
                  c243f3d0    00000020     Local_pe674.oe674 (.const:ti_sysbios_knl_Queue_Object__DESC__C)
                  c243f3f0    00000020     Local_pe674.oe674 (.const:ti_sysbios_knl_Semaphore_Object__DESC__C)
                  c243f410    00000020     Local_pe674.oe674 (.const:ti_sysbios_knl_Swi_Object__DESC__C)
                  c243f430    00000020     Local_pe674.oe674 (.const:ti_sysbios_knl_Task_Object__DESC__C)
                  c243f450    00000020     Local_pe674.oe674 (.const:ti_sysbios_timers_timer64_Timer_Object__DESC__C)
                  c243f470    00000020     Local_pe674.oe674 (.const:xdc_runtime_LoggerSys_Object__DESC__C)
                  c243f490    0000001f     lv_dropdown.obj (.const:.string:$P$T1$2)
                  c243f4af    00000001     --HOLE-- [fill = 0]
                  c243f4b0    0000001e     lv_textarea.obj (.const:.string:$P$T6$7)
                  c243f4ce    0000001e     nettool.ae674 : daemon.oe674 (.const:.string)
                  c243f4ec    00000004     Local_pe674.oe674 (.const:ti_sysbios_BIOS_installedErrorHook__C)
                  c243f4f0    0000001d     lv_chart.obj (.const:.string:$P$T2$3)
                  c243f50d    00000001     --HOLE-- [fill = 0]
                  c243f50e    00000002     Local_pe674.oe674 (.const:xdc_runtime_Text_charCnt__C)
                  c243f510    0000001d     lv_img_decoder.obj (.const:.string:$P$T4$4)
                  c243f52d    0000001d     stk6_ppp_pppoe.ae674 : lli.oe674 (.const:.string)
                  c243f54a    00000002     Local_pe674.oe674 (.const:xdc_runtime_Text_isLoaded__C)
                  c243f54c    0000001c     lv_draw_sw_rect.obj (.const:$P$T0$1)
                  c243f568    0000001c     lv_table.obj (.const:.string:$P$T1$2)
                  c243f584    00000004     Local_pe674.oe674 (.const:ti_sysbios_family_c62_TaskSupport_stackAlignment__C)
                  c243f588    0000001c     lodepng.obj (.const:ADAM7_DX)
                  c243f5a4    00000004     Local_pe674.oe674 (.const:ti_sysbios_family_c64p_Cache_EMIFA_BASE__C)
                  c243f5a8    0000001c     lodepng.obj (.const:ADAM7_DY)
                  c243f5c4    00000004     Local_pe674.oe674 (.const:ti_sysbios_family_c64p_Cache_EMIFA_CFG__C)
                  c243f5c8    0000001c     lodepng.obj (.const:ADAM7_IX)
                  c243f5e4    00000004     Local_pe674.oe674 (.const:ti_sysbios_family_c64p_Cache_EMIFA_LENGTH__C)
                  c243f5e8    0000001c     lodepng.obj (.const:ADAM7_IY)
                  c243f604    0000001c     SourceHanSansCN_Normal_16.obj (.const:SourceHanSansCN_Normal_16)
                  c243f620    0000001c     SourceHanSansCN_Normal_32.obj (.const:SourceHanSansCN_Normal_32)
                  c243f63c    00000004     Local_pe674.oe674 (.const:ti_sysbios_family_c64p_Cache_EMIFB_BASE__C)
                  c243f640    0000001c     rts6740_elf.lib : asctime.c.obj (.const:day)
                  c243f65c    0000001c     lv_arc.obj (.const:lv_arc_class)
                  c243f678    0000001c     lv_bar.obj (.const:lv_bar_class)
                  c243f694    0000001c     lv_btn.obj (.const:lv_btn_class)
                  c243f6b0    0000001c     lv_btnmatrix.obj (.const:lv_btnmatrix_class)
                  c243f6cc    0000001c     lv_calendar.obj (.const:lv_calendar_class)
                  c243f6e8    0000001c     lv_calendar_header_arrow.obj (.const:lv_calendar_header_arrow_class)
                  c243f704    0000001c     lv_calendar_header_dropdown.obj (.const:lv_calendar_header_dropdown_class)
                  c243f720    0000001c     lv_chart.obj (.const:lv_chart_class)
                  c243f73c    0000001c     lv_checkbox.obj (.const:lv_checkbox_class)
                  c243f758    0000001c     lv_colorwheel.obj (.const:lv_colorwheel_class)
                  c243f774    0000001c     lv_dropdown.obj (.const:lv_dropdown_class)
                  c243f790    0000001c     lv_dropdown.obj (.const:lv_dropdownlist_class)
                  c243f7ac    0000001c     lv_font_montserrat_28.obj (.const:lv_font_montserrat_28)
                  c243f7c8    0000001c     lv_font_montserrat_48.obj (.const:lv_font_montserrat_48)
                  c243f7e4    0000001c     lv_gif.obj (.const:lv_gif_class)
                  c243f800    0000001c     lv_img.obj (.const:lv_img_class)
                  c243f81c    0000001c     lv_imgbtn.obj (.const:lv_imgbtn_class)
                  c243f838    0000001c     lv_keyboard.obj (.const:lv_keyboard_class)
                  c243f854    0000001c     lv_label.obj (.const:lv_label_class)
                  c243f870    0000001c     lv_led.obj (.const:lv_led_class)
                  c243f88c    0000001c     lv_line.obj (.const:lv_line_class)
                  c243f8a8    0000001c     lv_list.obj (.const:lv_list_btn_class)
                  c243f8c4    0000001c     lv_list.obj (.const:lv_list_class)
                  c243f8e0    0000001c     lv_list.obj (.const:lv_list_text_class)
                  c243f8fc    0000001c     lv_menu.obj (.const:lv_menu_class)
                  c243f918    0000001c     lv_menu.obj (.const:lv_menu_cont_class)
                  c243f934    0000001c     lv_menu.obj (.const:lv_menu_main_cont_class)
                  c243f950    0000001c     lv_menu.obj (.const:lv_menu_main_header_cont_class)
                  c243f96c    0000001c     lv_menu.obj (.const:lv_menu_page_class)
                  c243f988    0000001c     lv_menu.obj (.const:lv_menu_section_class)
                  c243f9a4    0000001c     lv_menu.obj (.const:lv_menu_separator_class)
                  c243f9c0    0000001c     lv_menu.obj (.const:lv_menu_sidebar_cont_class)
                  c243f9dc    0000001c     lv_menu.obj (.const:lv_menu_sidebar_header_cont_class)
                  c243f9f8    0000001c     lv_meter.obj (.const:lv_meter_class)
                  c243fa14    0000001c     lv_msgbox.obj (.const:lv_msgbox_backdrop_class)
                  c243fa30    0000001c     lv_msgbox.obj (.const:lv_msgbox_class)
                  c243fa4c    0000001c     lv_obj.obj (.const:lv_obj_class)
                  c243fa68    0000001c     lv_roller.obj (.const:lv_roller_class)
                  c243fa84    0000001c     lv_roller.obj (.const:lv_roller_label_class)
                  c243faa0    0000001c     lv_slider.obj (.const:lv_slider_class)
                  c243fabc    0000001c     lv_spinbox.obj (.const:lv_spinbox_class)
                  c243fad8    0000001c     lv_spinner.obj (.const:lv_spinner_class)
                  c243faf4    0000001c     lv_switch.obj (.const:lv_switch_class)
                  c243fb10    0000001c     lv_table.obj (.const:lv_table_class)
                  c243fb2c    0000001c     lv_tabview.obj (.const:lv_tabview_class)
                  c243fb48    0000001c     lv_textarea.obj (.const:lv_textarea_class)
                  c243fb64    0000001c     lv_tileview.obj (.const:lv_tileview_class)
                  c243fb80    0000001c     lv_tileview.obj (.const:lv_tileview_tile_class)
                  c243fb9c    0000001c     lv_win.obj (.const:lv_win_class)
                  c243fbb8    0000001b     lv_chart.obj (.const:.string:$P$T1$2)
                  c243fbd3    00000001     --HOLE-- [fill = 0]
                  c243fbd4    00000004     Local_pe674.oe674 (.const:ti_sysbios_family_c64p_Cache_EMIFB_CFG__C)
                  c243fbd8    0000001b     lv_draw_sw_gradient.obj (.const:.string:$P$T1$2)
                  c243fbf3    00000001     --HOLE-- [fill = 0]
                  c243fbf4    00000004     Local_pe674.oe674 (.const:ti_sysbios_family_c64p_Cache_EMIFB_LENGTH__C)
                  c243fbf8    0000001b     lv_label.obj (.const:.string:$P$T5$5)
                  c243fc13    00000001     --HOLE-- [fill = 0]
                  c243fc14    00000004     Local_pe674.oe674 (.const:ti_sysbios_family_c64p_Cache_EMIFC_BASE__C)
                  c243fc18    0000001b     lv_chart.obj (.const:.string:$P$T7$8)
                  c243fc33    00000001     --HOLE-- [fill = 0]
                  c243fc34    00000004     Local_pe674.oe674 (.const:ti_sysbios_family_c64p_Cache_EMIFC_CFG__C)
                  c243fc38    0000001a     lv_obj.obj (.const:.string:$P$T1$2)
                  c243fc52    00000002     Local_pe674.oe674 (.const:xdc_runtime_Text_registryModsLastId__C)
                  c243fc54    00000004     Local_pe674.oe674 (.const:ti_sysbios_family_c64p_Cache_EMIFC_LENGTH__C)
                  c243fc58    0000001a     lv_chart.obj (.const:.string:$P$T12$11)
                  c243fc72    00000002     Local_pe674.oe674 (.const:xdc_runtime_Text_unnamedModsLastId__C)
                  c243fc74    00000004     Local_pe674.oe674 (.const:ti_sysbios_family_c64p_Cache_MAR0_31__C)
                  c243fc78    0000001a     lv_chart.obj (.const:.string:$P$T13$12)
                  c243fc92    00000002     --HOLE-- [fill = 0]
                  c243fc94    00000004     Local_pe674.oe674 (.const:ti_sysbios_family_c64p_Cache_MAR128_159__C)
                  c243fc98    0000001a     lv_chart.obj (.const:.string:$P$T18$17)
                  c243fcb2    00000002     --HOLE-- [fill = 0]
                  c243fcb4    00000004     Local_pe674.oe674 (.const:ti_sysbios_family_c64p_Cache_MAR160_191__C)
                  c243fcb8    0000001a     lv_chart.obj (.const:.string:$P$T6$7)
                  c243fcd2    00000002     --HOLE-- [fill = 0]
                  c243fcd4    00000004     Local_pe674.oe674 (.const:ti_sysbios_family_c64p_Cache_MAR192_223__C)
                  c243fcd8    0000001a     Local_pe674.oe674 (.const:xdc_runtime_Startup_sfxnRts__A)
                  c243fcf2    00000002     --HOLE-- [fill = 0]
                  c243fcf4    00000004     Local_pe674.oe674 (.const:ti_sysbios_family_c64p_Cache_MAR224_255__C)
                  c243fcf8    00000019     lv_font.obj (.const:.string:$P$T0$1)
                  c243fd11    00000003     --HOLE-- [fill = 0]
                  c243fd14    00000004     Local_pe674.oe674 (.const:ti_sysbios_family_c64p_Cache_MAR32_63__C)
                  c243fd18    00000019     lv_draw_mask.obj (.const:.string:$P$T1$2)
                  c243fd31    00000003     --HOLE-- [fill = 0]
                  c243fd34    00000004     Local_pe674.oe674 (.const:ti_sysbios_family_c64p_Cache_MAR64_95__C)
                  c243fd38    00000019     lv_meter.obj (.const:.string:$P$T1$2)
                  c243fd51    00000003     --HOLE-- [fill = 0]
                  c243fd54    00000004     Local_pe674.oe674 (.const:ti_sysbios_family_c64p_Cache_MAR96_127__C)
                  c243fd58    00000019     lv_chart.obj (.const:.string:$P$T16$15)
                  c243fd71    00000003     --HOLE-- [fill = 0]
                  c243fd74    00000004     Local_pe674.oe674 (.const:ti_sysbios_family_c64p_EventCombiner_E_unpluggedEvent__C)
                  c243fd78    00000019     lv_chart.obj (.const:.string:$P$T17$16)
                  c243fd91    00000003     --HOLE-- [fill = 0]
                  c243fd94    00000004     Local_pe674.oe674 (.const:ti_sysbios_family_c64p_Exception_E_exceptionMax__C)
                  c243fd98    00000019     lv_chart.obj (.const:.string:$P$T19$18)
                  c243fdb1    00000003     --HOLE-- [fill = 0]
                  c243fdb4    00000004     Local_pe674.oe674 (.const:ti_sysbios_family_c64p_Exception_exceptionHook__C)
                  c243fdb8    00000019     lv_chart.obj (.const:.string:$P$T20$19)
                  c243fdd1    00000003     --HOLE-- [fill = 0]
                  c243fdd4    00000004     Local_pe674.oe674 (.const:ti_sysbios_family_c64p_Exception_externalHook__C)
                  c243fdd8    00000019     lv_meter.obj (.const:.string:$P$T4$5)
                  c243fdf1    00000003     --HOLE-- [fill = 0]
                  c243fdf4    00000004     Local_pe674.oe674 (.const:ti_sysbios_family_c64p_Exception_internalHook__C)
                  c243fdf8    00000019     lv_table.obj (.const:.string:$P$T5$6)
                  c243fe11    00000003     --HOLE-- [fill = 0]
                  c243fe14    00000004     Local_pe674.oe674 (.const:ti_sysbios_family_c64p_Exception_nmiHook__C)
                  c243fe18    00000018     lv_draw_mask.obj (.const:.string:$P$T0$1)
                  c243fe30    00000018     lv_dropdown.obj (.const:.string:$P$T0$1)
                  c243fe48    00000018     lv_hal_disp.obj (.const:.string:$P$T0$1)
                  c243fe60    00000018     lv_table.obj (.const:.string:$P$T0$1)
                  c243fe78    00000018     lv_chart.obj (.const:.string:$P$T11$10)
                  c243fe90    00000018     lv_chart.obj (.const:.string:$P$T15$14)
                  c243fea8    00000018     lv_label.obj (.const:.string:$P$T2$3)
                  c243fec0    00000018     lv_meter.obj (.const:.string:$P$T2$3)
                  c243fed8    00000018     lv_font.obj (.const:.string:$P$T3$3)
                  c243fef0    00000018     lv_event.obj (.const:.string:$P$T3$5)
                  c243ff08    00000018     nettool.ae674 : config.oe674 (.const:.string)
                  c243ff20    00000018     stk6_ppp_pppoe.ae674 : exec.oe674 (.const:.string)
                  c243ff38    00000018     SourceHanSansCN_Normal_16.obj (.const:font_dsc)
                  c243ff50    00000018     SourceHanSansCN_Normal_32.obj (.const:font_dsc)
                  c243ff68    00000018     lv_font_montserrat_28.obj (.const:font_dsc)
                  c243ff80    00000018     lv_font_montserrat_48.obj (.const:font_dsc)
                  c243ff98    00000018     Local_pe674.oe674 (.const:ti_sysbios_gates_GateHwi_Object__PARAMS__C)
                  c243ffb0    00000018     Local_pe674.oe674 (.const:ti_sysbios_gates_GateMutex_Object__PARAMS__C)
                  c243ffc8    00000018     Local_pe674.oe674 (.const:ti_sysbios_knl_Queue_Object__PARAMS__C)
                  c243ffe0    00000018     Local_pe674.oe674 (.const:ti_sysbios_knl_Swi_hooks__A)
                  c243fff8    00000018     Local_pe674.oe674 (.const:xdc_runtime_LoggerSys_Object__PARAMS__C)
                  c2440010    00000017     lv_event.obj (.const:.string:$P$T1$3)
                  c2440027    00000001     --HOLE-- [fill = 0]
                  c2440028    00000017     lv_chart.obj (.const:.string:$P$T14$13)
                  c244003f    00000001     --HOLE-- [fill = 0]
                  c2440040    00000017     lv_dropdown.obj (.const:.string:$P$T2$3)
                  c2440057    00000001     --HOLE-- [fill = 0]
                  c2440058    00000017     lv_label.obj (.const:.string:$P$T3$4)
                  c244006f    00000001     --HOLE-- [fill = 0]
                  c2440070    00000017     lv_chart.obj (.const:.string:$P$T4$5)
                  c2440087    00000001     --HOLE-- [fill = 0]
                  c2440088    00000017     lv_table.obj (.const:.string:$P$T4$5)
                  c244009f    00000017     stk6_ppp_pppoe.ae674 : ipout.oe674 (.const:.string)
                  c24400b6    00000002     --HOLE-- [fill = 0]
                  c24400b8    00000016     lv_hal_indev.obj (.const:.string:$P$T0$1)
                  c24400ce    00000002     --HOLE-- [fill = 0]
                  c24400d0    00000016     lv_roller.obj (.const:.string:$P$T0$1)
                  c24400e6    00000002     --HOLE-- [fill = 0]
                  c24400e8    00000016     lv_txt.obj (.const:.string:$P$T0$1)
                  c24400fe    00000002     --HOLE-- [fill = 0]
                  c2440100    00000016     lv_label.obj (.const:.string:$P$T1$2)
                  c2440116    00000002     --HOLE-- [fill = 0]
                  c2440118    00000016     lv_font.obj (.const:.string:$P$T2$2)
                  c244012e    00000002     --HOLE-- [fill = 0]
                  c2440130    00000016     lv_img_decoder.obj (.const:.string:$P$T3$3)
                  c2440146    00000002     --HOLE-- [fill = 0]
                  c2440148    00000016     lv_tlsf.obj (.const:.string:$P$T6$6)
                  c244015e    00000016     stk6_ppp_pppoe.ae674 : ipv6out.oe674 (.const:.string)
                  c2440174    00000004     Local_pe674.oe674 (.const:ti_sysbios_family_c64p_Hwi_E_alreadyDefined__C)
                  c2440178    00000016     SourceHanSansCN_Normal_32.obj (.const:unicode_list_0)
                  c244018e    00000002     --HOLE-- [fill = 0]
                  c2440190    00000015     lv_textarea.obj (.const:.string:$P$T0$1)
                  c24401a5    00000003     --HOLE-- [fill = 0]
                  c24401a8    00000015     lv_img_decoder.obj (.const:.string:$P$T1$1)
                  c24401bd    00000003     --HOLE-- [fill = 0]
                  c24401c0    00000015     lv_textarea.obj (.const:.string:$P$T1$2)
                  c24401d5    00000003     --HOLE-- [fill = 0]
                  c24401d8    00000015     lv_style.obj (.const:.string:$P$T2$3)
                  c24401ed    00000003     --HOLE-- [fill = 0]
                  c24401f0    00000015     lv_table.obj (.const:.string:$P$T2$3)
                  c2440205    00000003     --HOLE-- [fill = 0]
                  c2440208    00000015     lv_textarea.obj (.const:.string:$P$T2$3)
                  c244021d    00000003     --HOLE-- [fill = 0]
                  c2440220    00000015     lv_hal_disp.obj (.const:.string:$P$T2$8)
                  c2440235    00000003     --HOLE-- [fill = 0]
                  c2440238    00000015     lv_chart.obj (.const:.string:$P$T21$20)
                  c244024d    00000003     --HOLE-- [fill = 0]
                  c2440250    00000015     lv_chart.obj (.const:.string:$P$T22$21)
                  c2440265    00000003     --HOLE-- [fill = 0]
                  c2440268    00000015     lv_table.obj (.const:.string:$P$T3$4)
                  c244027d    00000003     --HOLE-- [fill = 0]
                  c2440280    00000015     lv_textarea.obj (.const:.string:$P$T4$5)
                  c2440295    00000003     --HOLE-- [fill = 0]
                  c2440298    00000015     lv_chart.obj (.const:.string:$P$T5$6)
                  c24402ad    00000003     --HOLE-- [fill = 0]
                  c24402b0    00000015     lv_label.obj (.const:.string:$P$T7$7)
                  c24402c5    00000003     --HOLE-- [fill = 0]
                  c24402c8    00000014     lv_event.obj (.const:.string:$P$T0$2)
                  c24402dc    00000004     Local_pe674.oe674 (.const:ti_sysbios_family_c64p_Hwi_E_handleNotFound__C)
                  c24402e0    00000014     lv_hal_indev.obj (.const:.string:$P$T1$2)
                  c24402f4    00000004     Local_pe674.oe674 (.const:ti_sysbios_family_c64p_Hwi_LD_end__C)
                  c24402f8    00000014     lv_chart.obj (.const:.string:$P$T10$9)
                  c244030c    00000004     Local_pe674.oe674 (.const:ti_sysbios_family_c64p_Hwi_LM_begin__C)
                  c2440310    00000014     lv_img_decoder.obj (.const:.string:$P$T2$2)
                  c2440324    00000004     Local_pe674.oe674 (.const:ti_sysbios_family_c64p_Hwi_Module__diagsEnabled__C)
                  c2440328    00000014     lv_tlsf.obj (.const:.string:$P$T23$22)
                  c244033c    00000004     Local_pe674.oe674 (.const:ti_sysbios_family_c64p_Hwi_Module__diagsIncluded__C)
                  c2440340    00000014     lv_chart.obj (.const:.string:$P$T3$4)
                  c2440354    00000014     gifdec.obj (.const:.string)
                  c2440368    00000014     lv_sjpg.obj (.const:.string)
                  c244037c    00000004     Local_pe674.oe674 (.const:ti_sysbios_family_c64p_Hwi_Module__diagsMask__C)
                  c2440380    00000014     SourceHanSansCN_Normal_32.obj (.const:cmaps)
                  c2440394    00000004     Local_pe674.oe674 (.const:ti_sysbios_family_c64p_Hwi_Module__loggerFxn1__C)
                  c2440398    00000014     Local_pe674.oe674 (.const:ti_sysbios_family_c64p_Hwi_hooks__A)
                  c24403ac    00000004     Local_pe674.oe674 (.const:ti_sysbios_family_c64p_Hwi_Module__loggerFxn8__C)
                  c24403b0    00000013     lv_meter.obj (.const:.string:$P$T0$1)
                  c24403c3    00000001     --HOLE-- [fill = 0]
                  c24403c4    00000004     Local_pe674.oe674 (.const:ti_sysbios_family_c64p_Hwi_Module__loggerObj__C)
                  c24403c8    00000013     lv_obj_pos.obj (.const:.string:$P$T0$2)
                  c24403db    00000001     --HOLE-- [fill = 0]
                  c24403dc    00000004     Local_pe674.oe674 (.const:ti_sysbios_family_c64p_Hwi_Object__heap__C)
                  c24403e0    00000013     lv_tlsf.obj (.const:.string:$P$T17$16)
                  c24403f3    00000001     --HOLE-- [fill = 0]
                  c24403f4    00000004     Local_pe674.oe674 (.const:ti_sysbios_gates_GateMutex_A_badContext__C)
                  c24403f8    00000013     lv_fs.obj (.const:.string:$P$T3$3)
                  c244040b    00000001     --HOLE-- [fill = 0]
                  c244040c    00000004     Local_pe674.oe674 (.const:ti_sysbios_gates_GateMutex_Instance_State_sem__O)
                  c2440410    00000013     lv_mem.obj (.const:.string:$P$T4$5)
                  c2440423    00000013     stk6_ppp_pppoe.ae674 : fileuser.oe674 (.const:.string)
                  c2440436    00000002     --HOLE-- [fill = 0]
                  c2440438    00000012     lv_chart.obj (.const:.string:$P$T0$1)
                  c244044a    00000002     --HOLE-- [fill = 0]
                  c244044c    00000004     Local_pe674.oe674 (.const:ti_sysbios_gates_GateMutex_Module__diagsEnabled__C)
                  c2440450    00000012     lv_label.obj (.const:.string:$P$T0$1)
                  c2440462    00000002     --HOLE-- [fill = 0]
                  c2440464    00000004     Local_pe674.oe674 (.const:ti_sysbios_gates_GateMutex_Module__diagsIncluded__C)
                  c2440468    00000012     lv_tlsf.obj (.const:.string:$P$T16$15)
                  c244047a    00000002     --HOLE-- [fill = 0]
                  c244047c    00000004     Local_pe674.oe674 (.const:ti_sysbios_gates_GateMutex_Module__diagsMask__C)
                  c2440480    00000012     lv_fs.obj (.const:.string:$P$T2$2)
                  c2440492    00000002     --HOLE-- [fill = 0]
                  c2440494    00000004     Local_pe674.oe674 (.const:ti_sysbios_hal_Hwi_E_stackOverflow__C)
                  c2440498    00000012     lv_refr.obj (.const:.string:$P$T2$2)
                  c24404aa    00000002     --HOLE-- [fill = 0]
                  c24404ac    00000004     Local_pe674.oe674 (.const:ti_sysbios_heaps_HeapMem_A_align__C)
                  c24404b0    00000012     lv_style.obj (.const:.string:$P$T3$4)
                  c24404c2    00000002     --HOLE-- [fill = 0]
                  c24404c4    00000004     Local_pe674.oe674 (.const:ti_sysbios_heaps_HeapMem_A_heapSize__C)
                  c24404c8    00000012     lv_label.obj (.const:.string:$P$T6$6)
                  c24404da    00000002     --HOLE-- [fill = 0]
                  c24404dc    00000004     Local_pe674.oe674 (.const:ti_sysbios_heaps_HeapMem_A_invalidFree__C)
                  c24404e0    00000012     lv_tlsf.obj (.const:.string:$P$T7$7)
                  c24404f2    00000002     --HOLE-- [fill = 0]
                  c24404f4    00000004     Local_pe674.oe674 (.const:ti_sysbios_heaps_HeapMem_A_zeroBlock__C)
                  c24404f8    00000012     lv_tlsf.obj (.const:.string:$P$T8$8)
                  c244050a    00000002     --HOLE-- [fill = 0]
                  c244050c    00000004     Local_pe674.oe674 (.const:ti_sysbios_heaps_HeapMem_E_memory__C)
                  c2440510    00000011     lv_group.obj (.const:.string:$P$T1$2)
                  c2440521    00000003     --HOLE-- [fill = 0]
                  c2440524    00000004     Local_pe674.oe674 (.const:ti_sysbios_heaps_HeapMem_Module__diagsEnabled__C)
                  c2440528    00000011     lv_tlsf.obj (.const:.string:$P$T12$11)
                  c2440539    00000003     --HOLE-- [fill = 0]
                  c244053c    00000004     Local_pe674.oe674 (.const:ti_sysbios_heaps_HeapMem_Module__diagsIncluded__C)
                  c2440540    00000011     lv_tlsf.obj (.const:.string:$P$T13$12)
                  c2440551    00000003     --HOLE-- [fill = 0]
                  c2440554    00000004     Local_pe674.oe674 (.const:ti_sysbios_heaps_HeapMem_Module__diagsMask__C)
                  c2440558    00000011     lv_tlsf.obj (.const:.string:$P$T18$17)
                  c2440569    00000003     --HOLE-- [fill = 0]
                  c244056c    00000004     Local_pe674.oe674 (.const:ti_sysbios_heaps_HeapMem_Module__gateObj__C)
                  c2440570    00000011     lv_tlsf.obj (.const:.string:$P$T22$21)
                  c2440581    00000003     --HOLE-- [fill = 0]
                  c2440584    00000004     Local_pe674.oe674 (.const:ti_sysbios_heaps_HeapMem_Object__count__C)
                  c2440588    00000011     lv_chart.obj (.const:.string:$P$T23$22)
                  c2440599    00000003     --HOLE-- [fill = 0]
                  c244059c    00000004     Local_pe674.oe674 (.const:ti_sysbios_heaps_HeapMem_Object__table__C)
                  c24405a0    00000011     lv_tlsf.obj (.const:.string:$P$T27$24)
                  c24405b1    00000003     --HOLE-- [fill = 0]
                  c24405b4    00000004     Local_pe674.oe674 (.const:ti_sysbios_heaps_HeapMem_reqAlign__C)
                  c24405b8    00000011     lv_meter.obj (.const:.string:$P$T3$4)
                  c24405c9    00000011     stk6_ppp_pppoe.ae674 : tcp6prot.oe674 (.const:.string)
                  c24405da    00000011                          : tcpprot.oe674 (.const:.string)
                  c24405eb    00000001     --HOLE-- [fill = 0]
                  c24405ec    00000004     Local_pe674.oe674 (.const:ti_sysbios_knl_Clock_A_badThreadType__C)
                  c24405f0    00000011     ti.targets.rts6000.ae674 : System.oe674 (.const:digtohex)
                  c2440601    00000003     --HOLE-- [fill = 0]
                  c2440604    00000004     Local_pe674.oe674 (.const:ti_sysbios_knl_Clock_A_clockDisabled__C)
                  c2440608    00000010     lv_group.obj (.const:.string:$P$T0$1)
                  c2440618    00000010     lv_refr.obj (.const:.string:$P$T1$1)
                  c2440628    00000010     lv_timer.obj (.const:.string:$P$T1$5)
                  c2440638    00000010     lv_tlsf.obj (.const:.string:$P$T14$13)
                  c2440648    00000010     lv_tlsf.obj (.const:.string:$P$T15$14)
                  c2440658    00000010     lv_img_buf.obj (.const:.string:$P$T2$2)
                  c2440668    00000010     lv_hal_indev.obj (.const:.string:$P$T2$3)
                  c2440678    00000010     lv_obj_style.obj (.const:.string:$P$T3$2)
                  c2440688    00000010     lv_tlsf.obj (.const:.string:$P$T30$26)
                  c2440698    00000010     lv_img_decoder.obj (.const:.string:$P$T7$7)
                  c24406a8    00000010     lv_draw_sw_letter.obj (.const:.string:_lv_bpp4_opa_table)
                  c24406b8    00000010     rts6740_elf.lib : _scanfi.c.obj (.const:.string)
                  c24406c8    00000010     lv_font_montserrat_28.obj (.const:kern_classes)
                  c24406d8    00000010     lv_font_montserrat_48.obj (.const:kern_classes)
                  c24406e8    00000010     Local_pe674.oe674 (.const:ti_sysbios_family_c64p_EventCombiner_EVTMASK__C)
                  c24406f8    0000000f     lv_flex.obj (.const:.string:$P$T0$1)
                  c2440707    00000001     --HOLE-- [fill = 0]
                  c2440708    0000000f     lv_img.obj (.const:.string:$P$T0$1)
                  c2440717    00000001     --HOLE-- [fill = 0]
                  c2440718    0000000f     lv_style.obj (.const:.string:$P$T1$1)
                  c2440727    00000001     --HOLE-- [fill = 0]
                  c2440728    0000000f     lv_mem.obj (.const:.string:$P$T1$3)
                  c2440737    00000001     --HOLE-- [fill = 0]
                  c2440738    0000000f     lv_tlsf.obj (.const:.string:$P$T20$19)
                  c2440747    00000001     --HOLE-- [fill = 0]
                  c2440748    0000000f     lv_tlsf.obj (.const:.string:$P$T24$23)
                  c2440757    00000001     --HOLE-- [fill = 0]
                  c2440758    0000000f     lv_mem.obj (.const:.string:$P$T3$4)
                  c2440767    00000001     --HOLE-- [fill = 0]
                  c2440768    0000000e     lv_anim.obj (.const:.string:$P$T0$1)
                  c2440776    00000002     --HOLE-- [fill = 0]
                  c2440778    0000000e     lv_draw_sw_gradient.obj (.const:.string:$P$T0$1)
                  c2440786    00000002     --HOLE-- [fill = 0]
                  c2440788    0000000e     lv_tlsf.obj (.const:.string:$P$T19$18)
                  c2440796    00000002     --HOLE-- [fill = 0]
                  c2440798    0000000e     lv_draw_mask.obj (.const:.string:$P$T2$3)
                  c24407a6    0000000e     stk6_ppp_pppoe.ae674 : timer.oe674 (.const:.string)
                  c24407b4    00000004     Local_pe674.oe674 (.const:ti_sysbios_knl_Clock_LM_begin__C)
                  c24407b8    0000000d     lv_bmp.obj (.const:.string:$P$T0$1)
                  c24407c5    00000003     --HOLE-- [fill = 0]
                  c24407c8    0000000d     lv_mem.obj (.const:.string:$P$T0$2)
                  c24407d5    00000003     --HOLE-- [fill = 0]
                  c24407d8    0000000d     lv_tlsf.obj (.const:.string:$P$T11$10)
                  c24407e5    00000003     --HOLE-- [fill = 0]
                  c24407e8    0000000d     lv_tlsf.obj (.const:.string:$P$T29$25)
                  c24407f5    0000000d     os.ae674 : ossys.oe674 (.const:.string)
                  c2440802    00000002     --HOLE-- [fill = 0]
                  c2440804    00000004     Local_pe674.oe674 (.const:ti_sysbios_knl_Clock_LM_tick__C)
                  c2440808    0000000c     lv_tlsf.obj (.const:.string:$P$T10$9)
                  c2440814    0000000c     lv_checkbox.obj (.const:.string)
                  c2440820    0000000c     os.ae674 : efs.oe674 (.const:.string)
                  c244082c    0000000c     imgBackground.obj (.const:imgBackground)
                  c2440838    0000000c     imgBrightness.obj (.const:imgBrightness)
                  c2440844    0000000c     imgCalculator.obj (.const:imgCalculator)
                  c2440850    0000000c     imgCalendar.obj (.const:imgCalendar)
                  c244085c    0000000c     imgClock.obj (.const:imgClock)
                  c2440868    0000000c     imgFan.obj (.const:imgFan)
                  c2440874    0000000c     imgFanGif.obj (.const:imgFanGif)
                  c2440880    0000000c     imgFile.obj (.const:imgFile)
                  c244088c    0000000c     imgGame.obj (.const:imgGame)
                  c2440898    0000000c     imgHandHour.obj (.const:imgHandHour)
                  c24408a4    0000000c     imgHandMin.obj (.const:imgHandMin)
                  c24408b0    0000000c     imgHandSec.obj (.const:imgHandSec)
                  c24408bc    0000000c     imgLAN.obj (.const:imgLAN)
                  c24408c8    0000000c     imgRoate.obj (.const:imgRoate)
                  c24408d4    0000000c     imgSnake.obj (.const:imgSnake)
                  c24408e0    0000000c     imgSystemInfo.obj (.const:imgSystemInfo)
                  c24408ec    0000000c     imgTetris.obj (.const:imgTetris)
                  c24408f8    0000000c     imgTouch.obj (.const:imgTouch)
                  c2440904    0000000c     imgWLAN.obj (.const:imgWLAN)
                  c2440910    0000000c     SourceHanSansCN_Normal_16.obj (.const:kern_pairs)
                  c244091c    0000000c     Local_pe674.oe674 (.const:ti_sysbios_family_c64p_Cache_initSize__C)
                  c2440928    0000000c     Local_pe674.oe674 (.const:ti_sysbios_knl_Idle_coreList__A)
                  c2440934    00000004     Local_pe674.oe674 (.const:ti_sysbios_knl_Clock_LW_delayed__C)
                  c2440938    0000000c     Local_pe674.oe674 (.const:ti_sysbios_knl_Idle_funcList__A)
                  c2440944    00000004     Local_pe674.oe674 (.const:ti_sysbios_knl_Clock_Module_State_clockQ__O)
                  c2440948    0000000b     lv_fs.obj (.const:.string:$P$T1$1)
                  c2440953    00000001     --HOLE-- [fill = 0]
                  c2440954    00000004     Local_pe674.oe674 (.const:ti_sysbios_knl_Clock_Module__diagsEnabled__C)
                  c2440958    0000000b     lv_tlsf.obj (.const:.string:$P$T1$1)
                  c2440963    00000001     --HOLE-- [fill = 0]
                  c2440964    00000004     Local_pe674.oe674 (.const:ti_sysbios_knl_Clock_Module__diagsIncluded__C)
                  c2440968    0000000b     lv_tlsf.obj (.const:.string:$P$T2$2)
                  c2440973    00000001     --HOLE-- [fill = 0]
                  c2440974    00000004     Local_pe674.oe674 (.const:ti_sysbios_knl_Clock_Module__diagsMask__C)
                  c2440978    0000000b     lv_tlsf.obj (.const:.string:$P$T4$4)
                  c2440983    0000000b     stk6_ppp_pppoe.ae674 : route.oe674 (.const:.string)
                  c244098e    00000002     --HOLE-- [fill = 0]
                  c2440990    0000000a     lv_sjpg.obj (.const:.string:$P$T1$1)
                  c244099a    00000002     --HOLE-- [fill = 0]
                  c244099c    00000004     Local_pe674.oe674 (.const:ti_sysbios_knl_Clock_Module__loggerFxn1__C)
                  c24409a0    0000000a     lv_tlsf.obj (.const:.string:$P$T5$5)
                  c24409aa    00000002     --HOLE-- [fill = 0]
                  c24409ac    00000004     Local_pe674.oe674 (.const:ti_sysbios_knl_Clock_Module__loggerFxn2__C)
                  c24409b0    00000009     Calculator.obj (.const:.string:$P$T0$1)
                  c24409b9    00000003     --HOLE-- [fill = 0]
                  c24409bc    00000004     Local_pe674.oe674 (.const:ti_sysbios_knl_Clock_Module__loggerObj__C)
                  c24409c0    00000009     Calendar.obj (.const:.string:$P$T0$1)
                  c24409c9    00000003     --HOLE-- [fill = 0]
                  c24409cc    00000004     Local_pe674.oe674 (.const:ti_sysbios_knl_Semaphore_A_badContext__C)
                  c24409d0    00000009     Fan.obj (.const:.string:$P$T0$1)
                  c24409d9    00000003     --HOLE-- [fill = 0]
                  c24409dc    00000004     Local_pe674.oe674 (.const:ti_sysbios_knl_Semaphore_A_noEvents__C)
                  c24409e0    00000009     LCDBrightness.obj (.const:.string:$P$T0$1)
                  c24409e9    00000003     --HOLE-- [fill = 0]
                  c24409ec    00000004     Local_pe674.oe674 (.const:ti_sysbios_knl_Semaphore_A_overflow__C)
                  c24409f0    00000009     Network.obj (.const:.string:$P$T0$1)
                  c24409f9    00000003     --HOLE-- [fill = 0]
                  c24409fc    00000004     Local_pe674.oe674 (.const:ti_sysbios_knl_Semaphore_A_pendTaskDisabled__C)
                  c2440a00    00000009     SystemInfo.obj (.const:.string:$P$T0$1)
                  c2440a09    00000003     --HOLE-- [fill = 0]
                  c2440a0c    00000004     Local_pe674.oe674 (.const:ti_sysbios_knl_Semaphore_Instance_State_pendQ__O)
                  c2440a10    00000009     Clock.obj (.const:.string:$P$T1$1)
                  c2440a19    00000003     --HOLE-- [fill = 0]
                  c2440a1c    00000004     Local_pe674.oe674 (.const:ti_sysbios_knl_Semaphore_LM_pend__C)
                  c2440a20    00000009     Game.obj (.const:.string:$P$T1$1)
                  c2440a29    00000003     --HOLE-- [fill = 0]
                  c2440a2c    00000004     Local_pe674.oe674 (.const:ti_sysbios_knl_Semaphore_LM_post__C)
                  c2440a30    00000009     lv_tlsf.obj (.const:.string:$P$T3$3)
                  c2440a39    00000001     --HOLE-- [fill = 0]
                  c2440a3a    00000008     lv_draw_sw_polygon.obj (.const:$P$T0$1)
                  c2440a42    00000002     --HOLE-- [fill = 0]
                  c2440a44    00000008     lv_tlsf.obj (.const:$P$T21$20)
                  c2440a4c    00000004     Local_pe674.oe674 (.const:ti_sysbios_knl_Semaphore_Module__diagsEnabled__C)
                  c2440a50    00000008     lv_obj.obj (.const:.string:$P$T0$1)
                  c2440a58    00000008     lv_png.obj (.const:.string:$P$T1$1)
                  c2440a60    00000008     lodepng.obj (.const:.string:$P$T25$3)
                  c2440a68    00000008     lv_draw_img.obj (.const:.string)
                  c2440a70    00000008     ti.targets.rts6000.ae674 : System.oe674 (.const:.string)
                  c2440a78    00000008     Local_pe674.oe674 (.const:ti_sysbios_family_c64p_Hwi_hooks__C)
                  c2440a80    00000008     Local_pe674.oe674 (.const:ti_sysbios_knl_Idle_coreList__C)
                  c2440a88    00000008     Local_pe674.oe674 (.const:ti_sysbios_knl_Idle_funcList__C)
                  c2440a90    00000008     Local_pe674.oe674 (.const:ti_sysbios_knl_Swi_hooks__C)
                  c2440a98    00000008     Local_pe674.oe674 (.const:ti_sysbios_knl_Task_hooks__C)
                  c2440aa0    00000008     Local_pe674.oe674 (.const:xdc_runtime_Startup_firstFxns__A)
                  c2440aa8    00000008     Local_pe674.oe674 (.const:xdc_runtime_Startup_firstFxns__C)
                  c2440ab0    00000008     Local_pe674.oe674 (.const:xdc_runtime_Startup_lastFxns__C)
                  c2440ab8    00000007     rts6740_elf.lib : _scanfi.c.obj (.const:.string:flit$1)
                  c2440abf    00000001     --HOLE-- [fill = 0]
                  c2440ac0    00000006                     : _scanfi.c.obj (.const:.string:barr$2)
                  c2440ac6    00000002     --HOLE-- [fill = 0]
                  c2440ac8    00000004     lv_img_buf.obj (.const:.string:$P$T1$1)
                  c2440acc    00000004     Local_pe674.oe674 (.const:ti_sysbios_knl_Semaphore_Module__diagsIncluded__C)
                  c2440ad0    00000004     lv_img_decoder.obj (.const:.string:$P$T6$6)
                  c2440ad4    00000004     Local_pe674.oe674 (.const:ti_sysbios_knl_Semaphore_Module__diagsMask__C)
                  c2440ad8    00000004     lv_draw_sw_letter.obj (.const:.string:_lv_bpp2_opa_table)
                  c2440adc    00000004     Local_pe674.oe674 (.const:ti_sysbios_knl_Semaphore_Module__loggerFxn2__C)
                  c2440ae0    00000004     Local_pe674.oe674 (.const:ti_sysbios_knl_Semaphore_Module__loggerFxn4__C)
                  c2440ae4    00000004     Local_pe674.oe674 (.const:ti_sysbios_knl_Semaphore_Module__loggerObj__C)
                  c2440ae8    00000004     Local_pe674.oe674 (.const:ti_sysbios_knl_Swi_A_badPriority__C)
                  c2440aec    00000004     Local_pe674.oe674 (.const:ti_sysbios_knl_Swi_A_swiDisabled__C)
                  c2440af0    00000004     Local_pe674.oe674 (.const:ti_sysbios_knl_Swi_LD_end__C)
                  c2440af4    00000004     Local_pe674.oe674 (.const:ti_sysbios_knl_Swi_LM_begin__C)
                  c2440af8    00000004     Local_pe674.oe674 (.const:ti_sysbios_knl_Swi_LM_post__C)
                  c2440afc    00000004     Local_pe674.oe674 (.const:ti_sysbios_knl_Swi_Module__diagsEnabled__C)
                  c2440b00    00000004     Local_pe674.oe674 (.const:ti_sysbios_knl_Swi_Module__diagsIncluded__C)
                  c2440b04    00000004     Local_pe674.oe674 (.const:ti_sysbios_knl_Swi_Module__diagsMask__C)
                  c2440b08    00000004     Local_pe674.oe674 (.const:ti_sysbios_knl_Swi_Module__loggerFxn1__C)
                  c2440b0c    00000004     Local_pe674.oe674 (.const:ti_sysbios_knl_Swi_Module__loggerFxn4__C)
                  c2440b10    00000004     Local_pe674.oe674 (.const:ti_sysbios_knl_Swi_Module__loggerObj__C)
                  c2440b14    00000004     Local_pe674.oe674 (.const:ti_sysbios_knl_Swi_Object__count__C)
                  c2440b18    00000004     Local_pe674.oe674 (.const:ti_sysbios_knl_Swi_Object__heap__C)
                  c2440b1c    00000004     Local_pe674.oe674 (.const:ti_sysbios_knl_Swi_Object__table__C)
                  c2440b20    00000004     Local_pe674.oe674 (.const:ti_sysbios_knl_Swi_numConstructedSwis__C)
                  c2440b24    00000004     Local_pe674.oe674 (.const:ti_sysbios_knl_Task_A_badPriority__C)
                  c2440b28    00000004     Local_pe674.oe674 (.const:ti_sysbios_knl_Task_A_badTaskState__C)
                  c2440b2c    00000004     Local_pe674.oe674 (.const:ti_sysbios_knl_Task_A_badThreadType__C)
                  c2440b30    00000004     Local_pe674.oe674 (.const:ti_sysbios_knl_Task_A_badTimeout__C)
                  c2440b34    00000004     Local_pe674.oe674 (.const:ti_sysbios_knl_Task_A_noPendElem__C)
                  c2440b38    00000004     Local_pe674.oe674 (.const:ti_sysbios_knl_Task_A_sleepTaskDisabled__C)
                  c2440b3c    00000004     Local_pe674.oe674 (.const:ti_sysbios_knl_Task_A_taskDisabled__C)
                  c2440b40    00000004     Local_pe674.oe674 (.const:ti_sysbios_knl_Task_E_deleteNotAllowed__C)
                  c2440b44    00000004     Local_pe674.oe674 (.const:ti_sysbios_knl_Task_E_spOutOfBounds__C)
                  c2440b48    00000004     Local_pe674.oe674 (.const:ti_sysbios_knl_Task_E_stackOverflow__C)
                  c2440b4c    00000004     Local_pe674.oe674 (.const:ti_sysbios_knl_Task_LD_block__C)
                  c2440b50    00000004     Local_pe674.oe674 (.const:ti_sysbios_knl_Task_LD_exit__C)
                  c2440b54    00000004     Local_pe674.oe674 (.const:ti_sysbios_knl_Task_LD_ready__C)
                  c2440b58    00000004     Local_pe674.oe674 (.const:ti_sysbios_knl_Task_LM_setPri__C)
                  c2440b5c    00000004     Local_pe674.oe674 (.const:ti_sysbios_knl_Task_LM_sleep__C)
                  c2440b60    00000004     Local_pe674.oe674 (.const:ti_sysbios_knl_Task_LM_switch__C)
                  c2440b64    00000004     Local_pe674.oe674 (.const:ti_sysbios_knl_Task_Module_State_inactiveQ__O)
                  c2440b68    00000004     Local_pe674.oe674 (.const:ti_sysbios_knl_Task_Module_State_terminatedQ__O)
                  c2440b6c    00000004     Local_pe674.oe674 (.const:ti_sysbios_knl_Task_Module__diagsEnabled__C)
                  c2440b70    00000004     Local_pe674.oe674 (.const:ti_sysbios_knl_Task_Module__diagsIncluded__C)
                  c2440b74    00000004     Local_pe674.oe674 (.const:ti_sysbios_knl_Task_Module__diagsMask__C)
                  c2440b78    00000004     Local_pe674.oe674 (.const:ti_sysbios_knl_Task_Module__loggerFxn2__C)
                  c2440b7c    00000004     Local_pe674.oe674 (.const:ti_sysbios_knl_Task_Module__loggerFxn4__C)
                  c2440b80    00000004     Local_pe674.oe674 (.const:ti_sysbios_knl_Task_Module__loggerObj__C)
                  c2440b84    00000004     Local_pe674.oe674 (.const:ti_sysbios_knl_Task_Object__count__C)
                  c2440b88    00000004     Local_pe674.oe674 (.const:ti_sysbios_knl_Task_Object__heap__C)
                  c2440b8c    00000004     Local_pe674.oe674 (.const:ti_sysbios_knl_Task_Object__table__C)
                  c2440b90    00000004     Local_pe674.oe674 (.const:ti_sysbios_knl_Task_allBlockedFunc__C)
                  c2440b94    00000004     Local_pe674.oe674 (.const:ti_sysbios_knl_Task_defaultStackHeap__C)
                  c2440b98    00000004     Local_pe674.oe674 (.const:ti_sysbios_knl_Task_defaultStackSize__C)
                  c2440b9c    00000004     Local_pe674.oe674 (.const:ti_sysbios_knl_Task_numConstructedTasks__C)
                  c2440ba0    00000004     Local_pe674.oe674 (.const:ti_sysbios_timers_timer64_Timer_A_notAvailable__C)
                  c2440ba4    00000004     Local_pe674.oe674 (.const:ti_sysbios_timers_timer64_Timer_E_cannotSupport__C)
                  c2440ba8    00000004     Local_pe674.oe674 (.const:ti_sysbios_timers_timer64_Timer_E_invalidTimer__C)
                  c2440bac    00000004     Local_pe674.oe674 (.const:ti_sysbios_timers_timer64_Timer_E_notAvailable__C)
                  c2440bb0    00000004     Local_pe674.oe674 (.const:ti_sysbios_timers_timer64_Timer_Module__diagsEnabled__C)
                  c2440bb4    00000004     Local_pe674.oe674 (.const:ti_sysbios_timers_timer64_Timer_Module__diagsIncluded__C)
                  c2440bb8    00000004     Local_pe674.oe674 (.const:ti_sysbios_timers_timer64_Timer_Module__diagsMask__C)
                  c2440bbc    00000004     Local_pe674.oe674 (.const:ti_sysbios_timers_timer64_Timer_anyMask__C)
                  c2440bc0    00000004     Local_pe674.oe674 (.const:ti_sysbios_timers_timer64_Timer_defaultHalf__C)
                  c2440bc4    00000004     Local_pe674.oe674 (.const:ti_sysbios_timers_timer64_Timer_freqDivisor__C)
                  c2440bc8    00000004     Local_pe674.oe674 (.const:ti_sysbios_timers_timer64_Timer_numLocalTimers__C)
                  c2440bcc    00000004     Local_pe674.oe674 (.const:ti_sysbios_timers_timer64_Timer_numTimerDevices__C)
                  c2440bd0    00000004     Local_pe674.oe674 (.const:ti_sysbios_utils_Load_LS_cpuLoad__C)
                  c2440bd4    00000004     Local_pe674.oe674 (.const:ti_sysbios_utils_Load_LS_hwiLoad__C)
                  c2440bd8    00000004     Local_pe674.oe674 (.const:ti_sysbios_utils_Load_LS_swiLoad__C)
                  c2440bdc    00000004     Local_pe674.oe674 (.const:ti_sysbios_utils_Load_LS_taskLoad__C)
                  c2440be0    00000004     Local_pe674.oe674 (.const:ti_sysbios_utils_Load_Module_State_taskList__O)
                  c2440be4    00000004     Local_pe674.oe674 (.const:ti_sysbios_utils_Load_Module__diagsEnabled__C)
                  c2440be8    00000004     Local_pe674.oe674 (.const:ti_sysbios_utils_Load_Module__diagsIncluded__C)
                  c2440bec    00000004     Local_pe674.oe674 (.const:ti_sysbios_utils_Load_Module__diagsMask__C)
                  c2440bf0    00000004     Local_pe674.oe674 (.const:ti_sysbios_utils_Load_Module__loggerFxn1__C)
                  c2440bf4    00000004     Local_pe674.oe674 (.const:ti_sysbios_utils_Load_Module__loggerFxn2__C)
                  c2440bf8    00000004     Local_pe674.oe674 (.const:ti_sysbios_utils_Load_Module__loggerFxn4__C)
                  c2440bfc    00000004     Local_pe674.oe674 (.const:ti_sysbios_utils_Load_Module__loggerObj__C)
                  c2440c00    00000004     Local_pe674.oe674 (.const:ti_sysbios_utils_Load_postUpdate__C)
                  c2440c04    00000004     Local_pe674.oe674 (.const:ti_sysbios_utils_Load_windowInMs__C)
                  c2440c08    00000004     Local_pe674.oe674 (.const:xdc_runtime_Assert_E_assertFailed__C)
                  c2440c0c    00000004     Local_pe674.oe674 (.const:xdc_runtime_Core_A_initializedParams__C)
                  c2440c10    00000004     Local_pe674.oe674 (.const:xdc_runtime_Core_Module__diagsEnabled__C)
                  c2440c14    00000004     Local_pe674.oe674 (.const:xdc_runtime_Core_Module__diagsIncluded__C)
                  c2440c18    00000004     Local_pe674.oe674 (.const:xdc_runtime_Core_Module__diagsMask__C)
                  c2440c1c    00000004     Local_pe674.oe674 (.const:xdc_runtime_Error_E_memory__C)
                  c2440c20    00000004     Local_pe674.oe674 (.const:xdc_runtime_Error_Module__diagsEnabled__C)
                  c2440c24    00000004     Local_pe674.oe674 (.const:xdc_runtime_Error_Module__diagsIncluded__C)
                  c2440c28    00000004     Local_pe674.oe674 (.const:xdc_runtime_Error_Module__diagsMask__C)
                  c2440c2c    00000004     Local_pe674.oe674 (.const:xdc_runtime_Error_Module__loggerFxn8__C)
                  c2440c30    00000004     Local_pe674.oe674 (.const:xdc_runtime_Error_Module__loggerObj__C)
                  c2440c34    00000004     Local_pe674.oe674 (.const:xdc_runtime_Error_policy__C)
                  c2440c38    00000004     Local_pe674.oe674 (.const:xdc_runtime_Error_raiseHook__C)
                  c2440c3c    00000004     Local_pe674.oe674 (.const:xdc_runtime_IGateProvider_Interface__BASE__C)
                  c2440c40    00000004     Local_pe674.oe674 (.const:xdc_runtime_IHeap_Interface__BASE__C)
                  c2440c44    00000004     Local_pe674.oe674 (.const:xdc_runtime_ILogger_Interface__BASE__C)
                  c2440c48    00000004     Local_pe674.oe674 (.const:xdc_runtime_IModule_Interface__BASE__C)
                  c2440c4c    00000004     Local_pe674.oe674 (.const:xdc_runtime_Log_L_error__C)
                  c2440c50    00000004     Local_pe674.oe674 (.const:xdc_runtime_Memory_defaultHeapInstance__C)
                  c2440c54    00000004     Local_pe674.oe674 (.const:xdc_runtime_Startup_execImpl__C)
                  c2440c58    00000004     Local_pe674.oe674 (.const:xdc_runtime_Startup_lastFxns__A)
                  c2440c5c    00000004     Local_pe674.oe674 (.const:xdc_runtime_Startup_maxPasses__C)
                  c2440c60    00000004     Local_pe674.oe674 (.const:xdc_runtime_Startup_sfxnRts__C)
                  c2440c64    00000004     Local_pe674.oe674 (.const:xdc_runtime_Startup_sfxnTab__C)
                  c2440c68    00000004     Local_pe674.oe674 (.const:xdc_runtime_Startup_startModsFxn__C)
                  c2440c6c    00000004     Local_pe674.oe674 (.const:xdc_runtime_SysMin_bufSize__C)
                  c2440c70    00000004     Local_pe674.oe674 (.const:xdc_runtime_SysMin_outputFunc__C)
                  c2440c74    00000004     Local_pe674.oe674 (.const:xdc_runtime_System_Module__gateObj__C)
                  c2440c78    00000004     Local_pe674.oe674 (.const:xdc_runtime_System_extendFxn__C)
                  c2440c7c    00000004     Local_pe674.oe674 (.const:xdc_runtime_System_maxAtexitHandlers__C)
                  c2440c80    00000004     Local_pe674.oe674 (.const:xdc_runtime_Text_charTab__C)
                  c2440c84    00000004     Local_pe674.oe674 (.const:xdc_runtime_Text_nameEmpty__C)
                  c2440c88    00000004     Local_pe674.oe674 (.const:xdc_runtime_Text_nameStatic__C)
                  c2440c8c    00000004     Local_pe674.oe674 (.const:xdc_runtime_Text_nameUnknown__C)
[...]
c290e7e0  xdc_runtime_System_sprintf_va__F                                    
c290e7e0  xdc_runtime_System_vsprintf__F                                      
c290e800  xdc_runtime_Text_cordText__E                                        
c290e820  xdc_runtime_Text_putLab__E                                          
c290e840  xdc_runtime_Text_putSite__E                                         
c290e860  xdc_runtime_Text_ropeText__E                                        
c290e880  xdc_runtime_Timestamp_SupportProxy_get32__E                         
c290e880  xdc_runtime_Timestamp_get32__F                                      
c290e8a0  xdc_runtime_Timestamp_SupportProxy_getFreq__E                       
c290e8a0  xdc_runtime_Timestamp_getFreq__F                                    
c290e8c0  xdc_runtime_Timestamp_get32__E                                      
c290e8e0  xdc_runtime_Timestamp_getFreq__E                                    
c290ec00  CmdLists                                                            
c290f400  ti_sysbios_family_c64p_EventCombiner_Module__state__V               
c290f800  _ftable                                                             
c290f9e0  icon                                                                
c290faf8  g_sCmdTable                                                         
c290fbc4  _ipcfg                                                              
c290fc78  _stream                                                             
c290fd18  ti_sysbios_knl_Task_Object__table__V                                
c290fd68  TSK_idle                                                            
c290fdb8  ti_sysbios_utils_Load_Module__state__V                              
c290fe50  ti_sysbios_family_c64p_Hwi_Object__table__V                         
c290fedc  _lock                                                               
c290fee0  ti_sysbios_knl_Swi_Module_State_0_readyQ__A                         
c290ff60  ti_sysbios_knl_Task_Module_State_0_readyQ__A                        
c290ffe0  _device                                                             
c2910058  ti_sysbios_family_c64p_Hwi_Module__state__V                         
c29100c0  ti_sysbios_timers_timer64_Timer_Module_State_0_device__A            
c2910120  BootModeStr                                                         
c2910170  DNSErrorStrings                                                     
c2910210  ti_sysbios_gates_GateMutex_Object__table__V                         
c2910260  ti_sysbios_timers_timer64_Timer_Object__table__V                    
c29102b0  ulDataPatternTable                                                  
c2910350  ti_sysbios_knl_Task_Module__state__V                                
c2910394  _unlock                                                             
c2910498  ti_sysbios_utils_Load_Module_State_0_taskEnv__A                     
c2910504  __TI_ft_end                                                         
c2910540  ti_sysbios_knl_Swi_Object__table__V                                 
c2910574  __errno                                                             
c2910574  errno                                                               
c29105a8  ti_sysbios_family_c64p_Exception_Module__state__V                   
c2910634  ti_sysbios_knl_Clock_Module__state__V                               
c291065c  ti_sysbios_family_c64p_Cache_Module__state__V                       
c2910684  ti_sysbios_family_c64p_primus_TimerSupport_Module__state__V         
c29106ac  _oscfg                                                              
c29106d0  PS2KEYMASK                                                          
c2910710  palette_32b                                                         
c2910730  pstrMsgName                                                         
c2910750  ti_sysbios_BIOS_Module__state__V                                    
c2910770  ti_sysbios_timers_timer64_Timer_Module_State_0_gctrl__A             
c2910790  ti_sysbios_timers_timer64_Timer_Module_State_0_handles__A           
c29107b0  ti_sysbios_timers_timer64_Timer_Module_State_0_intFreqs__A          
c29107d0  xdc_runtime_System_Module_State_0_atexitHandlers__A                 
c29107f0  WeekDayStr                                                          
c291080c  xdc_runtime_Memory_Module__state__V                                 
c291084c  xdc_runtime_Error_Module__state__V                                  
c2910870  ti_ndk_config_Global_Id2Size                                        
c2910890  ti_sysbios_heaps_HeapMem_Object__table__V                           
c29108ac  ti_sysbios_knl_Swi_Module__state__V                                 
c29108e0  TaskName                                                            
c29108f8  LinkStr                                                             
c2910910  ReportStr                                                           
c2910928  StatusStr                                                           
c2910984  ti_sysbios_timers_timer64_Timer_Module__state__V                    
c2910998  GatewayIP                                                           
c29109a8  LocalIPMask                                                         
c29109b8  SEGVal                                                              
c29109c8  StaticIPAddr                                                        
c29109e8  __TI_cleanup_ptr                                                    
c29109ec  __TI_dtors_ptr                                                      
c29109f0  __TI_enable_exit_profile_output                                     
c29109f8  ti_sysbios_hal_Hwi_Object__table__V                                 
c2910a08  ti_sysbios_hal_Timer_Object__table__V                               
c2910a18  xdc_runtime_LoggerSys_Object__table__V                              
c2910a24  xdc_runtime_SysMin_Module__state__V                                 
c2910a30  xdc_runtime_System_Module__state__V                                 
c2910a60  Data                                                                
c2910a70  NIMUDeviceTable                                                     
c2910a78  ti_sysbios_family_c64p_Hwi_Module__root__V                          
c2910a80  ti_sysbios_family_c64p_primus_TimerSupport_Module_State_0_suspSrc__A
c2910a88  ti_sysbios_gates_GateHwi_Module__root__V                            
c2910a90  ti_sysbios_gates_GateHwi_Object__table__V                           
c2910a98  ti_sysbios_gates_GateMutex_Module__root__V                          
c2910aa0  ti_sysbios_hal_Hwi_Module__root__V                                  
c2910aa8  ti_sysbios_heaps_HeapMem_Module__root__V                            
c2910ab0  ti_sysbios_knl_Clock_Module__root__V                                
c2910ab8  ti_sysbios_knl_Queue_Module__root__V                                
c2910ac0  ti_sysbios_knl_Semaphore_Module__root__V                            
c2910ac8  ti_sysbios_knl_Swi_Module__root__V                                  
c2910ad0  ti_sysbios_knl_Task_Module__root__V                                 
c2910ad8  ti_sysbios_timers_timer64_Timer_Module__root__V                     
c2910ae0  xdc_runtime_LoggerSys_Module__root__V                               
c2910ae8  xdc_runtime_Registry_Module__state__V                               
c2910af0  xdc_runtime_Startup_Module__state__V                                
c2910b10  ti_sysbios_knl_Task_Module_State_0_idleTask__A                      
c2910b18  ti_sysbios_utils_Load_Module_State_0_runningTask__A                 
c2910b20  ti_sysbios_utils_Load_Module_State_0_taskStartTime__A               
c2910b28  CMD                                                                 
c2910b30  DHCP_OPTIONS                                                        
c2911568  __TI_STATIC_BASE                                                    
c2911580  _IGMPInDiscard                                                      
c2911584  _IGMPInQuery                                                        
c2911588  _IGMPInQueryGroup                                                   
c291158c  _IGMPInResponse                                                     
c2911590  _IGMPOutResponse                                                    
c291164c  BootMode                                                            
c2911650  DHCPSw                                                              
c2911654  KEY4SwiHandle                                                       
c2911658  KEY6SwiHandle                                                       
c291165c  LV_LAYOUT_FLEX                                                      
c2911660  LV_LAYOUT_GRID                                                      
c2911664  LV_STYLE_FLEX_CROSS_PLACE                                           
c2911668  LV_STYLE_FLEX_FLOW                                                  
c291166c  LV_STYLE_FLEX_GROW                                                  
c2911670  LV_STYLE_FLEX_MAIN_PLACE                                            
c2911674  LV_STYLE_FLEX_TRACK_PLACE                                           
c2911678  LV_STYLE_GRID_CELL_COLUMN_POS                                       
c291167c  LV_STYLE_GRID_CELL_COLUMN_SPAN                                      
c2911680  LV_STYLE_GRID_CELL_ROW_POS                                          
c2911684  LV_STYLE_GRID_CELL_ROW_SPAN                                         
c2911688  LV_STYLE_GRID_CELL_X_ALIGN                                          
c291168c  LV_STYLE_GRID_CELL_Y_ALIGN                                          
c2911690  LV_STYLE_GRID_COLUMN_ALIGN                                          
c2911694  LV_STYLE_GRID_COLUMN_DSC_ARRAY                                      
c2911698  LV_STYLE_GRID_ROW_ALIGN                                             
c291169c  LV_STYLE_GRID_ROW_DSC_ARRAY                                         
c29116a0  UARTConsoleSemHandle                                                
c29116a4  UARTConsoleTaskHandle                                               
c29116a8  _lv_grad_cache_mem                                                  
c29116ac  _lv_layout_list                                                     
c29116b0  _lv_theme_basic_styles                                              
c29116b4  _lv_theme_default_styles                                            
c29116b8  _lv_timer_act                                                       
c29116bc  indev_touchpad                                                      
c29116c0  p_rx                                                                
c29116c4  p_tx                                                                
c29116c8  rh                                                                  
c29116cc  rx_len                                                              
c29116d0  t                                                                   
c29116d4  temp_label                                                          
c29116d8  time_label                                                          
c29116dc  timelabel                                                           
c29116e0  timer                                                               
c29116e4  tx_len                                                              
c29116ee  NDKFlag                                                             
c29116f0  CONTENT_TYPE_APPLET                                                 
c29116f4  CONTENT_TYPE_AU                                                     
c29116f8  CONTENT_TYPE_CSS                                                    
c29116fc  CONTENT_TYPE_DOC                                                    
c2911700  CONTENT_TYPE_GIF                                                    
c2911704  CONTENT_TYPE_HTML                                                   
c2911708  CONTENT_TYPE_JPG                                                    
c291170c  CONTENT_TYPE_MPEG                                                   
c2911710  CONTENT_TYPE_PDF                                                    
c2911714  CONTENT_TYPE_WAV                                                    
c2911718  CONTENT_TYPE_ZIP                                                    
c291171c  CONTENT_TYPE                                                        
c2911720  CONTENT_LENGTH                                                      
c2911724  CRLF                                                                
c2911728  DEFAULT_NAME                                                        
c291172c  HTTP_VER                                                            
c2911730  SPACE                                                               
c2911748  VerStr                                                              
c291174c  DHCPMode                                                            
c2911750  HostName                                                            
c2911754  LocalIPAddr                                                         
c2911758  DomainName                                                          
c291175c  DNSServer                                                           
c2911760  PITCount                                                            
c2911764  PITUsed                                                             
c2911768  PITHigh                                                             
c29117a4  _lv_txt_encoded_size                                                
c29117a8  _lv_txt_unicode_to_encoded                                          
c29117ac  _lv_txt_encoded_conv_wc                                             
c29117b0  _lv_txt_encoded_next                                                
c29117b4  _lv_txt_encoded_prev                                                
c29117b8  _lv_txt_encoded_get_byte_id                                         
c29117bc  _lv_txt_encoded_get_char_id                                         
c29117c0  _lv_txt_get_encoded_length                                          
c2911870  _IGMPForceVersion1                                                  
c2911888  TxChanEnable_all                                                    
c291188c  RxChanEnable_all                                                    
c2911899  CmdHistorySaveNo                                                    
c291189a  CmdHistorySaveIndex                                                 
c291189b  CmdHistoryDisplayIndex                                              
c29118a4  sataRegs                                                            
c29118a8  temp                                                                
c29118e4  _ICMPInErrors                                                       
c29118e8  _ICMPOutErrors                                                      
c29118ec  _IPExecuting                                                        
c29118fc  gFragQList                                                          
c291191c  tcp_iss                                                             
c2911920  ptTimeFirst                                                         
c2911924  pt6TimeFirst                                                        
c2911928  tcp6_iss                                                            
c291193c  spi_flag                                                            
c2911944  SoftPWM                                                             
c2911948  OSCINFreq                                                           
c2911960  LODEPNG_VERSION_STRING                                              
c2911980  httpErrorResponseHook                                               
c2911994  _IPReasmPtr                                                         
c29119a0  gMLDNodeList                                                        
c29119ba  roate                                                               
c29119bb  SECLED                                                              
c29119be  LED_OP                                                              
c29119c8  IPV6_MAX_MULTICAST_SOLICIT                                          
c29119cc  IPV6_MAX_UNICAST_SOLICIT                                            
c29119d0  IPV6_RETRANS_TIME                                                   
c29119d4  IPV6_DELAY_FIRST_PROBE_TIME                                         
c29119d8  IPV6_REACHABLE_TIME                                                 
c29119dc  IPV6_MAX_RTR_SOLICITATION_DELAY                                     
c29119e0  IPV6_RTR_SOLICITATION_INTERVAL                                      
c29119e4  IPV6_MAX_RTR_SOLICITATIONS                                          
c29119e8  INFINITE_LT                                                         
c29119ec  ti_ndk_config_Global_rawPageSize                                    
c29119f0  ti_ndk_config_Global_rawPageCount                                   
c29119f4  ti_ndk_config_Global_smallest                                       
c29119f8  ti_ndk_config_Global_largest                                        
c29119fc  ti_ndk_config_Global_numFrameBuf                                    
c2911a00  ti_ndk_config_Global_sizeFrameBuf                                   
c2911a08  __CIOBUF_                                                           
c2911c00  ti_sysbios_family_c64p_Hwi0                                         
c2911c00  ti_sysbios_family_c64p_Hwi_int0                                     
c2911c20  ti_sysbios_family_c64p_Hwi_int1                                     
c2911c40  ti_sysbios_family_c64p_Hwi_int2                                     
c2911c60  ti_sysbios_family_c64p_Hwi_int3                                     
c2911c80  ti_sysbios_family_c64p_Hwi_int4                                     
c2911ca0  ti_sysbios_family_c64p_Hwi_int5                                     
c2911cc0  ti_sysbios_family_c64p_Hwi_int6                                     
c2911ce0  ti_sysbios_family_c64p_Hwi_int7                                     
c2911d00  ti_sysbios_family_c64p_Hwi_int8                                     
c2911d20  ti_sysbios_family_c64p_Hwi_int9                                     
c2911d40  ti_sysbios_family_c64p_Hwi_int10                                    
c2911d60  ti_sysbios_family_c64p_Hwi_int11                                    
c2911d80  ti_sysbios_family_c64p_Hwi_int12                                    
c2911da0  ti_sysbios_family_c64p_Hwi_int13                                    
c2911dc0  ti_sysbios_family_c64p_Hwi_int14                                    
c2911de0  ti_sysbios_family_c64p_Hwi_int15                                    
c29133c8  __TI_Handler_Table_Base                                             
c29133d0  __TI_CINIT_Base                                                     
c29133d0  __TI_Handler_Table_Limit                                            
c2913408  __TI_CINIT_Limit                                                    
c3000000  _c_int00                                                            
ffffffff  __TI_pprof_out_hndl                                                 
ffffffff  __TI_prof_data_size                                                 
ffffffff  __TI_prof_data_start                                                
ffffffff  __binit__                                                           
ffffffff  __c_args__                                                          
ffffffff  binit                                                               
UNDEFED   __TI_INITARRAY_Base                                                 
UNDEFED   __TI_INITARRAY_Limit                                                

[3449 symbols]
