******************************************************************************
               TMS320C6x Linker PC v8.3.12                     
******************************************************************************
>> Linked Mon Mar 28 17:21:07 2022

OUTPUT FILE NAME:   <Board_C674x.out>
ENTRY POINT SYMBOL: "_c_int00"  address: c0a56d40


MEMORY CONFIGURATION

         name            origin    length      used     unused   attr    fill
----------------------  --------  ---------  --------  --------  ----  --------
  DSPL2RAM              00800000   00040000  00004000  0003c000  RW  
  SHRAM                 80000000   00020000  00000000  00020000  RW X
  DDR2                  c0000000   08000000  00a66299  07599d67  RW X


SEGMENT ALLOCATION MAP

run origin  load origin   length   init length attrs members
----------  ----------- ---------- ----------- ----- -------
00800000    00800000    00004000   00000000    rw-
  00800000    00800000    00004000   00000000    rw- .stack
c0000000    c0000000    0093cbcc   00000000    rw-
  c0000000    c0000000    00800000   00000000    rw- SystemHeap
  c0800000    c0800000    0013cbcc   00000000    rw- .far
c093cbd0    c093cbd0    000c2590   000c2590    r--
  c093cbd0    c093cbd0    000c2579   000c2579    r-- .const
  c09ff14c    c09ff14c    00000014   00000014    r-- .switch.1
c09ff160    c09ff160    00063e9c   00063e9c    r-x
  c09ff160    c09ff160    00063ce0   00063ce0    r-x .text
  c0a62e40    c0a62e40    000001bc   000001bc    r-- .switch.2
c0a63000    c0a63000    00001a9c   00000000    rw-
  c0a63000    c0a63000    00001a9c   00000000    rw- .fardata
c0a64a9c    c0a64a9c    000001d8   000001d8    r--
  c0a64a9c    c0a64a9c    000001d8   000001d8    r-- .switch.3
c0a64c74    c0a64c74    00000228   00000000    rw-
  c0a64c74    c0a64c74    00000098   00000000    rw- .bss
  c0a64d0c    c0a64d0c    00000190   00000000    rw- .neardata
c0a64e9c    c0a64e9c    00000040   00000000    r--
  c0a64e9c    c0a64e9c    00000040   00000000    r-- .rodata
c0a64ee0    c0a64ee0    00000120   00000000    rw-
  c0a64ee0    c0a64ee0    00000120   00000000    rw- .cio
c0a65000    c0a65000    000012a8   000012a8    r-x
  c0a65000    c0a65000    00000200   00000200    r-x .vecs
  c0a65200    c0a65200    000010a8   000010a8    r-- .cinit


SECTION ALLOCATION MAP

 output                                  attributes/
section   page    origin      length       input sections
--------  ----  ----------  ----------   ----------------
.stack     0    00800000    00004000     UNINITIALIZED
                  00800000    00000008     boot.ae674 : boot.oe674 (.stack)
                  00800008    00003ff8     --HOLE--

.bss       0    c0a64c74    00000098     UNINITIALIZED
                  c0a64c74    00000018     hal_timer_bios.ae674 : lltimer.oe674 (.bss)
                  c0a64c8c    00000014     stk6.ae674 : igmp.oe674 (.bss)
                  c0a64ca0    00000012     grlib.lib : string.obj (.bss)
                  c0a64cb2    00000002               : offscr16bpp.obj (.bss)
                  c0a64cb4    0000000c     ti.uia.sysbios.ae674 : TransportNdk.oe674 (.bss)
                  c0a64cc0    00000008     netctrl_min.ae674 : netctrl.oe674 (.bss)
                  c0a64cc8    00000008     nettool.ae674 : daemon.oe674 (.bss)
                  c0a64cd0    00000008     stk6.ae674 : ip.oe674 (.bss)
                  c0a64cd8    00000004     nettool.ae674 : ipaddr.oe674 (.bss)
                  c0a64cdc    00000004     stk6.ae674 : ipv6_frag.oe674 (.bss)
                  c0a64ce0    00000004                : lli6.oe674 (.bss)
                  c0a64ce4    00000004                : rtable.oe674 (.bss)
                  c0a64ce8    00000004     (.common:BootMode)
                  c0a64cec    00000004     (.common:KEY4SwiHandle)
                  c0a64cf0    00000004     (.common:KEY6SwiHandle)
                  c0a64cf4    00000004     (.common:UARTConsoleSemHandle)
                  c0a64cf8    00000004     (.common:UARTConsoleTaskHandle)
                  c0a64cfc    00000004     (.common:p_rx)
                  c0a64d00    00000004     (.common:p_tx)
                  c0a64d04    00000004     (.common:rx_len)
                  c0a64d08    00000004     (.common:tx_len)

.neardata 
*          0    c0a64d0c    00000190     UNINITIALIZED
                  c0a64d0c    00000024     os.ae674 : mem.oe674 (.neardata)
                  c0a64d30    0000001c     netctrl_min.ae674 : netctrl.oe674 (.neardata)
                  c0a64d4c    00000018     os.ae674 : task.oe674 (.neardata)
                  c0a64d64    00000014     stk6.ae674 : rtable.oe674 (.neardata)
                  c0a64d78    00000014     ti.drv.omapl138.ae674 : ethdriver.oe674 (.neardata)
                  c0a64d8c    00000010     nettool.ae674 : daemon.oe674 (.neardata)
                  c0a64d9c    00000010     stk6.ae674 : bind6.oe674 (.neardata)
                  c0a64dac    00000010                : igmp.oe674 (.neardata)
                  c0a64dbc    0000000c                : route6.oe674 (.neardata)
                  c0a64dc8    0000000c     ti.drv.omapl138.ae674 : csl_emac.oe674 (.neardata)
                  c0a64dd4    0000000c     ti.uia.sysbios.ae674 : TransportNdk.oe674 (.neardata)
                  c0a64de0    00000008     SATA.obj (.neardata)
                  c0a64de8    00000008     UART1.obj (.neardata)
                  c0a64df0    00000008     netctrl_min.ae674 : netsrv.oe674 (.neardata)
                  c0a64df8    00000008     stk6.ae674 : exec.oe674 (.neardata)
                  c0a64e00    00000008                : icmp.oe674 (.neardata)
                  c0a64e08    00000008                : ip.oe674 (.neardata)
                  c0a64e10    00000008                : ipin.oe674 (.neardata)
                  c0a64e18    00000008                : ipv6_frag.oe674 (.neardata)
                  c0a64e20    00000008                : lli.oe674 (.neardata)
                  c0a64e28    00000008                : rtc.oe674 (.neardata)
                  c0a64e30    00000008                : tcp.oe674 (.neardata)
                  c0a64e38    00000008                : tcp6.oe674 (.neardata)
                  c0a64e40    00000008                : timer.oe674 (.neardata)
                  c0a64e48    00000008     ti.uia.runtime.ae674 : QueueDescriptor.oe674 (.neardata)
                  c0a64e50    00000004     Flash.obj (.neardata)
                  c0a64e54    00000004     LED.obj (.neardata)
                  c0a64e58    00000004     Local_pe674.oe674 (.neardata)
                  c0a64e5c    00000004     PLL.obj (.neardata)
                  c0a64e60    00000004     UDP.obj (.neardata)
                  c0a64e64    00000004     hal_timer_bios.ae674 : lltimer.oe674 (.neardata)
                  c0a64e68    00000004     nettool.ae674 : config.oe674 (.neardata)
                  c0a64e6c    00000004     stk6.ae674 : bind.oe674 (.neardata)
                  c0a64e70    00000004                : ipfrag.oe674 (.neardata)
                  c0a64e74    00000004                : lli6.oe674 (.neardata)
                  c0a64e78    00000004                : lliin.oe674 (.neardata)
                  c0a64e7c    00000004                : mld.oe674 (.neardata)
                  c0a64e80    00000004                : node.oe674 (.neardata)
                  c0a64e84    00000004                : pbm.oe674 (.neardata)
                  c0a64e88    00000004                : sock6pcb.oe674 (.neardata)
                  c0a64e8c    00000004                : sockpcb.oe674 (.neardata)
                  c0a64e90    00000004     ti.drv.omapl138.ae674 : csl_mdio.oe674 (.neardata)
                  c0a64e94    00000004     ti.uia.runtime.ae674 : LogSync.oe674 (.neardata)
                  c0a64e98    00000003     UARTConsole.obj (.neardata)
                  c0a64e9b    00000001     Timer.obj (.neardata)

.rodata    0    c0a64e9c    00000040     UNINITIALIZED
                  c0a64e9c    00000024     stk6.ae674 : ipv6.oe674 (.rodata)
                  c0a64ec0    0000001c     Local_pe674.oe674 (.rodata)

.cinit     0    c0a65200    000010a8     
                  c0a65200    00000fb5     (.cinit..fardata.load) [load image, compression = rle]
                  c0a661b5    00000051     (.cinit..neardata.load) [load image, compression = rle]
                  c0a66206    00000043     (.cinit..rodata.load) [load image, compression = rle]
                  c0a66249    0000000d     (.cinit..far.load) [load image, compression = rle]
                  c0a66256    0000000d     (.cinit.SystemHeap.load) [load image, compression = rle]
                  c0a66263    00000009     (.cinit..bss.load) [load image, compression = rle]
                  c0a6626c    00000008     (__TI_handler_table)
                  c0a66274    00000004     --HOLE-- [fill = 0]
                  c0a66278    00000030     (__TI_cinit_table)

.init_array 
*          0    c0000000    00000000     UNINITIALIZED

SystemHeap 
*          0    c0000000    00800000     UNINITIALIZED
                  c0000000    00800000     Local_pe674.oe674 (SystemHeap)

.far       0    c0800000    0013cbcc     UNINITIALIZED
                  c0800000    000bb824     (.common:g_pucBuffer)
                  c08bb824    00000004     (.common:swCtrlFeatures)
                  c08bb828    00000040     (.common:g_cCmdBuf)
                  c08bb868    00000018     netctrl_min.ae674 : netctrl.oe674 (.far)
                  c08bb880    0004cb00     Local_pe674.oe674 (.far:NDK_PACKETMEM)
                  c0908380    00010000     (.common:buff)
                  c0918380    0000c1c0     Local_pe674.oe674 (.far:NDK_MMBUFFER)
                  c0924540    00008080     (.common:ti_uia_runtime_LoggerCircBuf_Instance_State_1_bufferArray__A)
                  c092c5c0    00008080     (.common:ti_uia_runtime_LoggerCircBuf_Instance_State_2_bufferArray__A)
                  c0934640    00003800     Local_pe674.oe674 (.far:taskStackSection)
                  c0937e40    00001618     ti.drv.omapl138.ae674 : ethdriver.oe674 (.far)
                  c0939458    00000b90     (.common:ti_uia_sysbios_Adaptor_eventBuf__A)
                  c0939fe8    00000800     (.common:CmdHistory)
                  c093a7e8    00000660     nettool.ae674 : daemon.oe674 (.far)
                  c093ae48    00000480     (.common:ti_uia_runtime_LoggerCircBuf_Instance_State_0_bufferArray__A)
                  c093b2c8    00000474     ti.drv.omapl138.ae674 : csl_emac.oe674 (.far)
                  c093b73c    00000004     stk6.ae674 : rawethsock_pcb.oe674 (.far)
                  c093b740    00000400     (.common:xdc_runtime_SysMin_Module_State_0_outbuf__A)
                  c093bb40    00000220     (.common:ti_uia_sysbios_Adaptor_msgBuf__A)
                  c093bd60    00000140     (.common:__TI_tmpnams)
                  c093bea0    00000110                : igmp.oe674 (.far)
                  c093bfb0    00000104     (.common:rx_data)
                  c093c0b4    00000004     --HOLE--
                  c093c0b8    00000104     (.common:tx_data)
                  c093c1bc    00000004     --HOLE--
                  c093c1c0    00000104     (.common:vrf_data)
                  c093c2c4    000000d8     netctrl_min.ae674 : netsrv.oe674 (.far)
                  c093c39c    000000c8     stk6.ae674 : ipv6.oe674 (.far)
                  c093c464    000000c4                : tcp.oe674 (.far)
                  c093c528    000000b8                : tcp6in.oe674 (.far)
                  c093c5e0    00000020     grlib.lib : image.obj (.far)
                  c093c600    000000a0     (.common:RcvFis)
                  c093c6a0    0000009c     stk6.ae674 : icmp.oe674 (.far)
                  c093c73c    00000004     --HOLE--
                  c093c740    00000080     UARTConsole.obj (.far:UARTWriteBuffer)
                  c093c7c0    0000007c     os.ae674 : mem.oe674 (.far)
                  c093c83c    00000068     stk6.ae674 : ip.oe674 (.far)
                  c093c8a4    00000064                : nimu.oe674 (.far)
                  c093c908    00000030     (.common:pllcfg)
                  c093c938    00000030                : udp.oe674 (.far)
                  c093c968    0000002a     (.common:TouchInfo)
                  c093c992    00000002     --HOLE--
                  c093c994    00000028     (.common:g_s800x480x16Display)
                  c093c9bc    00000028                : vlan.oe674 (.far)
                  c093c9e4    00000024     (.common:RTCTime)
                  c093ca08    00000024     cmdline.obj (.far:argv$1)
                  c093ca2c    00000024     stk6.ae674 : udp6.oe674 (.far)
                  c093ca50    00000020     ti.uia.sysbios.ae674 : TransportNdk.oe674 (.far)
                  c093ca70    0000001c     (.common:g_sContext)
                  c093ca8c    00000004     --HOLE--
                  c093ca90    0000001a     rts6740_elf.lib : asctime.c.obj (.far:time_buf)
                  c093caaa    00000002     --HOLE--
                  c093caac    00000018     stk6.ae674 : icmpv6.oe674 (.far)
                  c093cac4    00000018     ti.drv.omapl138.ae674 : csl_mdio.oe674 (.far)
                  c093cadc    00000004     --HOLE--
                  c093cae0    00000014     stk6.ae674 : rtc.oe674 (.far)
                  c093caf4    00000004     --HOLE--
                  c093caf8    00000010     (.common:StrIP)
                  c093cb08    00000010                : raw.oe674 (.far)
                  c093cb18    00000010                : raw6.oe674 (.far)
                  c093cb28    00000010                : raweth.oe674 (.far)
                  c093cb38    0000000c     (.common:ti_sysbios_knl_Task_Instance_State_0_hookEnv__A)
                  c093cb44    00000004     --HOLE--
                  c093cb48    0000000c     (.common:ti_sysbios_knl_Task_Instance_State_1_hookEnv__A)
                  c093cb54    00000004     --HOLE--
                  c093cb58    0000000c     (.common:ti_sysbios_knl_Task_Instance_State_2_hookEnv__A)
                  c093cb64    00000004     --HOLE--
                  c093cb68    0000000c     (.common:ti_sysbios_knl_Task_Instance_State_3_hookEnv__A)
                  c093cb74    0000000c                : pbm.oe674 (.far)
                  c093cb80    0000000a     (.common:I2CData)
                  c093cb8a    00000006     --HOLE--
                  c093cb90    00000008     (.common:MacAddr)
                  c093cb98    00000008     (.common:parmbuf)
                  c093cba0    00000004     (.common:ti_sysbios_family_c64p_Hwi_Instance_State_0_hookEnv__A)
                  c093cba4    00000004     --HOLE--
                  c093cba8    00000004     (.common:ti_sysbios_family_c64p_Hwi_Instance_State_1_hookEnv__A)
                  c093cbac    00000004     --HOLE--
                  c093cbb0    00000004     (.common:ti_sysbios_family_c64p_Hwi_Instance_State_2_hookEnv__A)
                  c093cbb4    00000004     --HOLE--
                  c093cbb8    00000004     (.common:ti_sysbios_family_c64p_Hwi_Instance_State_3_hookEnv__A)
                  c093cbbc    00000004     --HOLE--
                  c093cbc0    00000004     (.common:ti_sysbios_family_c64p_Hwi_Instance_State_4_hookEnv__A)
                  c093cbc4    00000004     --HOLE--
                  c093cbc8    00000004     (.common:ti_sysbios_knl_Swi_Instance_State_0_hookEnv__A)

.const     0    c093cbd0    000c2579     
                  c093cbd0    000bb805     LCD.obj (.const:.string:image)
                  c09f83d5    00000001     --HOLE-- [fill = 0]
                  c09f83d6    00000002     Local_pe674.oe674 (.const:ti_sysbios_BIOS_Module__id__C)
                  c09f83d8    000024dd     Local_pe674.oe674 (.const:xdc_runtime_Text_charTab__A)
                  c09fa8b5    00000001     --HOLE-- [fill = 0]
                  c09fa8b6    00000002     Local_pe674.oe674 (.const:ti_sysbios_family_c64p_EventCombiner_Module__id__C)
                  c09fa8b8    0000091e     grlib.lib : fontcmss22b.obj (.const:.string:g_pucCmss22bData)
                  c09fb1d6    00000002     Local_pe674.oe674 (.const:ti_sysbios_family_c64p_Exception_Module__id__C)
                  c09fb1d8    00000588     sysbios.ae674 : BIOS.obj (.const:.string)
                  c09fb760    00000368     Exception.obj (.const:.string)
                  c09fbac8    0000032c     Command.obj (.const:.string)
                  c09fbdf4    0000021a     os.ae674 : task.oe674 (.const:.string)
                  c09fc00e    000001e2     stk6.ae674 : bind6.oe674 (.const:.string)
                  c09fc1f0    000001a8     DDR2.obj (.const:.string)
                  c09fc398    0000015c     stk6.ae674 : route6.oe674 (.const:.string)
                  c09fc4f4    00000004     SysMinProvide.obj (.const:.string)
                  c09fc4f8    00000154     Local_pe674.oe674 (.const:xdc_runtime_Text_nodeTab__A)
                  c09fc64c    00000150     Local_pe674.oe674 (.const:.string)
                  c09fc79c    0000014f     os.ae674 : mem.oe674 (.const:.string)
                  c09fc8eb    00000001     --HOLE-- [fill = 0]
                  c09fc8ec    00000144     ti.drv.omapl138.ae674 : ethdriver.oe674 (.const:.string)
                  c09fca30    00000134     LCD.obj (.const:.string)
                  c09fcb64    00000110     Flash.obj (.const:.string)
                  c09fcc74    00000107     stk6.ae674 : vlan.oe674 (.const:.string)
                  c09fcd7b    00000001     --HOLE-- [fill = 0]
                  c09fcd7c    00000004     ti.targets.rts6000.ae674 : Assert.oe674 (.const:.string)
                  c09fcd80    00000101     rts6740_elf.lib : ctype.c.obj (.const:.string:_ctypes_)
                  c09fce81    000000fd     stk6.ae674 : icmpv6out.oe674 (.const:.string)
                  c09fcf7e    000000f2                : icmpv6_ndisc.oe674 (.const:.string)
                  c09fd070    000000f0     EEPROM.obj (.const:.string)
                  c09fd160    000000d8     EMAC.obj (.const:.string)
                  c09fd238    000000d8     SYSCFG.obj (.const:.string)
                  c09fd310    000000d8     stk6.ae674 : node.oe674 (.const:.string)
                  c09fd3e8    000000d4     ti.drv.omapl138.ae674 : nimu_eth.oe674 (.const:.string)
                  c09fd4bc    000000cf     stk6.ae674 : rtc.oe674 (.const:.string)
                  c09fd58b    00000001     --HOLE-- [fill = 0]
                  c09fd58c    000000c8     grlib.lib : fontcmss22b.obj (.const)
                  c09fd654    000000bf     stk6.ae674 : lliout.oe674 (.const:.string)
                  c09fd713    000000a9                : lli6.oe674 (.const:.string)
                  c09fd7bc    000000a7     nettool.ae674 : ipaddr.oe674 (.const:.string)
                  c09fd863    000000a7     stk6.ae674 : nimu.oe674 (.const:.string)
                  c09fd90a    00000002     Local_pe674.oe674 (.const:ti_sysbios_family_c64p_Exception_useInternalBuffer__C)
                  c09fd90c    00000094     Touch.obj (.const:.string)
                  c09fd9a0    00000091     stk6.ae674 : tcp6time.oe674 (.const:.string)
                  c09fda31    0000008d                : tcptime.oe674 (.const:.string)
                  c09fdabe    00000002     Local_pe674.oe674 (.const:ti_sysbios_family_c64p_Hwi_Module__id__C)
                  c09fdac0    00000080     rts6740_elf.lib : strtod.c.obj (.const:digits)
                  c09fdb40    0000007c     UARTConsole.obj (.const:.string)
                  c09fdbbc    00000078     main.obj (.const:.string)
                  c09fdc34    00000077     stk6.ae674 : sock6.oe674 (.const:.string)
                  c09fdcab    00000076                : mld.oe674 (.const:.string)
                  c09fdd21    00000001     --HOLE-- [fill = 0]
                  c09fdd22    00000002     Local_pe674.oe674 (.const:ti_sysbios_family_c64p_Hwi_Module__loggerDefined__C)
                  c09fdd24    00000070     SATATest.obj (.const:.string)
                  c09fdd94    00000070     ti.uia.sysbios.ae674 : TransportNdk.oe674 (.const:.string)
                  c09fde04    0000006c     rts6740_elf.lib : asctime.c.obj (.const:.string)
                  c09fde70    00000064     Local_pe674.oe674 (.const:ti_sysbios_timers_timer64_Timer_Object__PARAMS__C)
                  c09fded4    00000060     stk6.ae674 : sb.oe674 (.const:.string)
                  c09fdf34    00000060     Local_pe674.oe674 (.const:ti_uia_runtime_LoggerCircBuf_Module__FXNS__C)
                  c09fdf94    00000004     Local_pe674.oe674 (.const:ti_sysbios_BIOS_Module__diagsEnabled__C)
                  c09fdf98    0000005c     PruLED.obj (.const:PRU0_Code)
                  c09fdff4    00000058     ti.targets.rts6000.ae674 : Error.oe674 (.const:.string)
                  c09fe04c    00000056     os.ae674 : semaphore.oe674 (.const:.string)
                  c09fe0a2    00000002     Local_pe674.oe674 (.const:ti_sysbios_gates_GateMutex_Module__id__C)
                  c09fe0a4    00000054     UDP.obj (.const:.string)
                  c09fe0f8    00000054     stk6.ae674 : sockprot.oe674 (.const:Code2Err)
                  c09fe14c    00000051     nettool.ae674 : dhcpmain.oe674 (.const:.string)
                  c09fe19d    00000050     stk6.ae674 : bind.oe674 (.const:.string)
                  c09fe1ed    0000004e                : rtable.oe674 (.const:.string)
                  c09fe23b    00000001     --HOLE-- [fill = 0]
                  c09fe23c    0000004c     PruLED.obj (.const:.string)
                  c09fe288    00000048     ti.targets.rts6000.ae674 : Log.oe674 (.const:.string)
                  c09fe2d0    00000048     rts6740_elf.lib : strtod.c.obj (.const:powerof10)
                  c09fe318    00000048     Local_pe674.oe674 (.const:ti_sysbios_knl_Task_hooks__A)
                  c09fe360    00000044     netctrl_min.ae674 : netctrl.oe674 (.const:.string)
                  c09fe3a4    00000041     stk6.ae674 : sb6.oe674 (.const:.string)
                  c09fe3e5    00000001     --HOLE-- [fill = 0]
                  c09fe3e6    00000002     Local_pe674.oe674 (.const:ti_sysbios_hal_Hwi_Module__id__C)
                  c09fe3e8    00000040     ti.targets.rts6000.ae674 : Text.oe674 (.const:.string)
                  c09fe428    00000040     Local_pe674.oe674 (.const:xdc_runtime_Startup_sfxnTab__A)
                  c09fe468    0000003e     stk6.ae674 : ipv6.oe674 (.const:.string)
                  c09fe4a6    0000003c                : ipv6_exthdrs.oe674 (.const:.string)
                  c09fe4e2    00000002     Local_pe674.oe674 (.const:ti_sysbios_heaps_HeapMem_Module__id__C)
                  c09fe4e4    0000003c     Local_pe674.oe674 (.const:ti_sysbios_knl_Task_Object__PARAMS__C)
                  c09fe520    00000038     stk6.ae674 : icmpv6in.oe674 (.const:.string)
                  c09fe558    00000038                : sock.oe674 (.const:.string)
                  c09fe590    00000034     Local_pe674.oe674 (.const:ti_uia_runtime_LoggerCircBuf_Object__PARAMS__C)
                  c09fe5c4    00000034     Local_pe674.oe674 (.const:xdc_runtime_LoggerSys_Module__FXNS__C)
                  c09fe5f8    00000031     stk6.ae674 : pbm.oe674 (.const:.string)
                  c09fe629    00000001     --HOLE-- [fill = 0]
                  c09fe62a    00000002     Local_pe674.oe674 (.const:ti_sysbios_knl_Clock_Module__id__C)
                  c09fe62c    00000004     Local_pe674.oe674 (.const:ti_sysbios_BIOS_Module__diagsIncluded__C)
                  c09fe630    00000030     rts6740_elf.lib : asctime.c.obj (.const:mon)
                  c09fe660    00000030     Local_pe674.oe674 (.const:ti_sysbios_family_c64p_Hwi_Object__PARAMS__C)
                  c09fe690    0000002c     ti.drv.omapl138.ae674 : csl_mdio.oe674 (.const:.string)
                  c09fe6bc    0000002c     ti.targets.rts6000.ae674 : Startup.oe674 (.const:.string)
                  c09fe6e8    0000002c     Local_pe674.oe674 (.const:ti_sysbios_hal_Hwi_Object__PARAMS__C)
                  c09fe714    00000028     Local_pe674.oe674 (.const:ti_sysbios_heaps_HeapMem_Module__FXNS__C)
                  c09fe73c    00000028     Local_pe674.oe674 (.const:ti_sysbios_knl_Swi_Object__PARAMS__C)
                  c09fe764    00000024     rts6740_elf.lib : _printfi.c.obj (.const:.string)
                  c09fe788    00000024     Local_pe674.oe674 (.const:ti_sysbios_gates_GateHwi_Module__FXNS__C)
                  c09fe7ac    00000024     Local_pe674.oe674 (.const:ti_sysbios_gates_GateMutex_Module__FXNS__C)
                  c09fe7d0    00000024     Local_pe674.oe674 (.const:ti_sysbios_heaps_HeapMem_Object__PARAMS__C)
                  c09fe7f4    00000024     Local_pe674.oe674 (.const:ti_sysbios_knl_Clock_Object__PARAMS__C)
                  c09fe818    00000024     Local_pe674.oe674 (.const:ti_sysbios_knl_Semaphore_Object__PARAMS__C)
                  c09fe83c    00000024     Local_pe674.oe674 (.const:ti_sysbios_syncs_SyncEvent_Module__FXNS__C)
                  c09fe860    00000020     Local_pe674.oe674 (.const:ti_sysbios_family_c64p_Hwi_Object__DESC__C)
                  c09fe880    00000020     Local_pe674.oe674 (.const:ti_sysbios_gates_GateHwi_Object__DESC__C)
                  c09fe8a0    00000020     Local_pe674.oe674 (.const:ti_sysbios_gates_GateMutex_Object__DESC__C)
                  c09fe8c0    00000020     Local_pe674.oe674 (.const:ti_sysbios_hal_Hwi_Object__DESC__C)
                  c09fe8e0    00000020     Local_pe674.oe674 (.const:ti_sysbios_heaps_HeapMem_Object__DESC__C)
                  c09fe900    00000020     Local_pe674.oe674 (.const:ti_sysbios_knl_Clock_Object__DESC__C)
                  c09fe920    00000020     Local_pe674.oe674 (.const:ti_sysbios_knl_Queue_Object__DESC__C)
                  c09fe940    00000020     Local_pe674.oe674 (.const:ti_sysbios_knl_Semaphore_Object__DESC__C)
                  c09fe960    00000020     Local_pe674.oe674 (.const:ti_sysbios_knl_Swi_Object__DESC__C)
                  c09fe980    00000020     Local_pe674.oe674 (.const:ti_sysbios_knl_Task_Object__DESC__C)
                  c09fe9a0    00000020     Local_pe674.oe674 (.const:ti_sysbios_syncs_SyncEvent_Object__DESC__C)
                  c09fe9c0    00000020     Local_pe674.oe674 (.const:ti_sysbios_syncs_SyncEvent_Object__PARAMS__C)
                  c09fe9e0    00000020     Local_pe674.oe674 (.const:ti_sysbios_timers_timer64_Timer_Object__DESC__C)
                  c09fea00    00000020     Local_pe674.oe674 (.const:ti_uia_runtime_LoggerCircBuf_Object__DESC__C)
                  c09fea20    00000020     Local_pe674.oe674 (.const:xdc_runtime_LoggerSys_Object__DESC__C)
                  c09fea40    00000020     Local_pe674.oe674 (.const:xdc_runtime_Startup_sfxnRts__A)
                  c09fea60    0000001e     nettool.ae674 : daemon.oe674 (.const:.string)
                  c09fea7e    0000001d     stk6.ae674 : lli.oe674 (.const:.string)
                  c09fea9b    00000001     --HOLE-- [fill = 0]
                  c09fea9c    00000004     Local_pe674.oe674 (.const:ti_sysbios_BIOS_Module__diagsMask__C)
                  c09feaa0    0000001c     rts6740_elf.lib : asctime.c.obj (.const:day)
                  c09feabc    00000018     nettool.ae674 : config.oe674 (.const:.string)
                  c09fead4    00000018     stk6.ae674 : exec.oe674 (.const:.string)
                  c09feaec    00000018     Local_pe674.oe674 (.const:ti_sysbios_gates_GateHwi_Object__PARAMS__C)
                  c09feb04    00000018     Local_pe674.oe674 (.const:ti_sysbios_gates_GateMutex_Object__PARAMS__C)
                  c09feb1c    00000018     Local_pe674.oe674 (.const:ti_sysbios_knl_Queue_Object__PARAMS__C)
                  c09feb34    00000004     Local_pe674.oe674 (.const:ti_sysbios_BIOS_installedErrorHook__C)
                  c09feb38    00000018     Local_pe674.oe674 (.const:ti_sysbios_knl_Swi_hooks__A)
                  c09feb50    00000018     Local_pe674.oe674 (.const:ti_uia_runtime_ServiceMgr_transportFxns__C)
                  c09feb68    00000018     Local_pe674.oe674 (.const:xdc_runtime_LoggerSys_Object__PARAMS__C)
                  c09feb80    00000017     stk6.ae674 : ipout.oe674 (.const:.string)
                  c09feb97    00000016                : ipv6out.oe674 (.const:.string)
                  c09febad    00000001     --HOLE-- [fill = 0]
                  c09febae    00000002     Local_pe674.oe674 (.const:ti_sysbios_knl_Clock_Module__loggerDefined__C)
                  c09febb0    00000014     Local_pe674.oe674 (.const:ti_sysbios_family_c64p_Hwi_hooks__A)
                  c09febc4    00000013     stk6.ae674 : fileuser.oe674 (.const:.string)
                  c09febd7    00000011                : tcp6prot.oe674 (.const:.string)
                  c09febe8    00000011                : tcpprot.oe674 (.const:.string)
                  c09febf9    00000001     --HOLE-- [fill = 0]
                  c09febfa    00000002     Local_pe674.oe674 (.const:ti_sysbios_knl_Event_Module__id__C)
                  c09febfc    00000004     Local_pe674.oe674 (.const:ti_sysbios_family_c62_TaskSupport_stackAlignment__C)
                  c09fec00    00000011     ti.targets.rts6000.ae674 : System.oe674 (.const:digtohex)
                  c09fec11    00000001     --HOLE-- [fill = 0]
                  c09fec12    00000002     Local_pe674.oe674 (.const:ti_sysbios_knl_Event_Module__loggerDefined__C)
                  c09fec14    00000010     rts6740_elf.lib : _scanfi.c.obj (.const:.string)
                  c09fec24    00000004     Local_pe674.oe674 (.const:ti_sysbios_family_c64p_Cache_EMIFA_BASE__C)
                  c09fec28    00000010     Local_pe674.oe674 (.const:ti_sysbios_family_c64p_EventCombiner_EVTMASK__C)
                  c09fec38    00000010     Local_pe674.oe674 (.const:ti_uia_runtime_ServiceMgr_processCallbackFxn__A)
                  c09fec48    00000010     Local_pe674.oe674 (.const:ti_uia_sysbios_Adaptor_period__A)
                  c09fec58    00000010     Local_pe674.oe674 (.const:ti_uia_sysbios_Adaptor_scheduled__A)
                  c09fec68    0000000f     UDP.obj (.const:.string:$P$T0$1)
                  c09fec77    0000000e     stk6.ae674 : timer.oe674 (.const:.string)
                  c09fec85    0000000d     os.ae674 : ossys.oe674 (.const:.string)
                  c09fec92    00000002     Local_pe674.oe674 (.const:ti_sysbios_knl_Semaphore_Module__id__C)
                  c09fec94    0000000c     Local_pe674.oe674 (.const:ti_sysbios_family_c64p_Cache_initSize__C)
                  c09feca0    0000000c     Local_pe674.oe674 (.const:ti_sysbios_knl_Idle_coreList__A)
                  c09fecac    00000004     Local_pe674.oe674 (.const:ti_sysbios_family_c64p_Cache_EMIFA_CFG__C)
                  c09fecb0    0000000c     Local_pe674.oe674 (.const:ti_sysbios_knl_Idle_funcList__A)
                  c09fecbc    0000000b     stk6.ae674 : route.oe674 (.const:.string)
                  c09fecc7    00000001     --HOLE-- [fill = 0]
                  c09fecc8    00000008     ti.targets.rts6000.ae674 : System.oe674 (.const:.string)
                  c09fecd0    00000008     Local_pe674.oe674 (.const:ti_sysbios_family_c64p_Hwi_hooks__C)
                  c09fecd8    00000008     Local_pe674.oe674 (.const:ti_sysbios_knl_Idle_coreList__C)
                  c09fece0    00000008     Local_pe674.oe674 (.const:ti_sysbios_knl_Idle_funcList__C)
                  c09fece8    00000008     Local_pe674.oe674 (.const:ti_sysbios_knl_Swi_hooks__C)
                  c09fecf0    00000008     Local_pe674.oe674 (.const:ti_sysbios_knl_Task_hooks__C)
                  c09fecf8    00000008     Local_pe674.oe674 (.const:ti_uia_sysbios_Adaptor_reqEnergy__A)
                  c09fed00    00000008     Local_pe674.oe674 (.const:xdc_runtime_Startup_firstFxns__A)
                  c09fed08    00000008     Local_pe674.oe674 (.const:xdc_runtime_Startup_firstFxns__C)
                  c09fed10    00000008     Local_pe674.oe674 (.const:xdc_runtime_Startup_lastFxns__C)
                  c09fed18    00000007     rts6740_elf.lib : _scanfi.c.obj (.const:.string:flit$1)
                  c09fed1f    00000001     --HOLE-- [fill = 0]
                  c09fed20    00000006                     : _scanfi.c.obj (.const:.string:barr$2)
                  c09fed26    00000002     Local_pe674.oe674 (.const:ti_sysbios_knl_Semaphore_Module__loggerDefined__C)
                  c09fed28    00000004     Local_pe674.oe674 (.const:ti_sysbios_family_c64p_Cache_EMIFA_LENGTH__C)
                  c09fed2c    00000004     Local_pe674.oe674 (.const:ti_sysbios_family_c64p_Cache_EMIFB_BASE__C)
                  c09fed30    00000004     Local_pe674.oe674 (.const:ti_sysbios_family_c64p_Cache_EMIFB_CFG__C)
                  c09fed34    00000004     Local_pe674.oe674 (.const:ti_sysbios_family_c64p_Cache_EMIFB_LENGTH__C)
                  c09fed38    00000004     Local_pe674.oe674 (.const:ti_sysbios_family_c64p_Cache_EMIFC_BASE__C)
                  c09fed3c    00000004     Local_pe674.oe674 (.const:ti_sysbios_family_c64p_Cache_EMIFC_CFG__C)
                  c09fed40    00000004     Local_pe674.oe674 (.const:ti_sysbios_family_c64p_Cache_EMIFC_LENGTH__C)
                  c09fed44    00000004     Local_pe674.oe674 (.const:ti_sysbios_family_c64p_Cache_MAR0_31__C)
                  c09fed48    00000004     Local_pe674.oe674 (.const:ti_sysbios_family_c64p_Cache_MAR128_159__C)
                  c09fed4c    00000004     Local_pe674.oe674 (.const:ti_sysbios_family_c64p_Cache_MAR160_191__C)
                  c09fed50    00000004     Local_pe674.oe674 (.const:ti_sysbios_family_c64p_Cache_MAR192_223__C)
                  c09fed54    00000004     Local_pe674.oe674 (.const:ti_sysbios_family_c64p_Cache_MAR224_255__C)
                  c09fed58    00000004     Local_pe674.oe674 (.const:ti_sysbios_family_c64p_Cache_MAR32_63__C)
                  c09fed5c    00000004     Local_pe674.oe674 (.const:ti_sysbios_family_c64p_Cache_MAR64_95__C)
                  c09fed60    00000004     Local_pe674.oe674 (.const:ti_sysbios_family_c64p_Cache_MAR96_127__C)
                  c09fed64    00000004     Local_pe674.oe674 (.const:ti_sysbios_family_c64p_EventCombiner_E_unpluggedEvent__C)
                  c09fed68    00000004     Local_pe674.oe674 (.const:ti_sysbios_family_c64p_Exception_E_exceptionMax__C)
                  c09fed6c    00000004     Local_pe674.oe674 (.const:ti_sysbios_family_c64p_Exception_exceptionHook__C)
                  c09fed70    00000004     Local_pe674.oe674 (.const:ti_sysbios_family_c64p_Exception_externalHook__C)
                  c09fed74    00000004     Local_pe674.oe674 (.const:ti_sysbios_family_c64p_Exception_internalHook__C)
                  c09fed78    00000004     Local_pe674.oe674 (.const:ti_sysbios_family_c64p_Exception_nmiHook__C)
                  c09fed7c    00000004     Local_pe674.oe674 (.const:ti_sysbios_family_c64p_Hwi_E_alreadyDefined__C)
                  c09fed80    00000004     Local_pe674.oe674 (.const:ti_sysbios_family_c64p_Hwi_E_handleNotFound__C)
                  c09fed84    00000004     Local_pe674.oe674 (.const:ti_sysbios_family_c64p_Hwi_LD_end__C)
                  c09fed88    00000004     Local_pe674.oe674 (.const:ti_sysbios_family_c64p_Hwi_LM_begin__C)
                  c09fed8c    00000004     Local_pe674.oe674 (.const:ti_sysbios_family_c64p_Hwi_Module__diagsEnabled__C)
                  c09fed90    00000004     Local_pe674.oe674 (.const:ti_sysbios_family_c64p_Hwi_Module__diagsIncluded__C)
                  c09fed94    00000004     Local_pe674.oe674 (.const:ti_sysbios_family_c64p_Hwi_Module__diagsMask__C)
                  c09fed98    00000004     Local_pe674.oe674 (.const:ti_sysbios_family_c64p_Hwi_Module__loggerFxn1__C)
                  c09fed9c    00000004     Local_pe674.oe674 (.const:ti_sysbios_family_c64p_Hwi_Module__loggerFxn8__C)
                  c09feda0    00000004     Local_pe674.oe674 (.const:ti_sysbios_family_c64p_Hwi_Module__loggerObj__C)
                  c09feda4    00000004     Local_pe674.oe674 (.const:ti_sysbios_family_c64p_Hwi_Object__heap__C)
                  c09feda8    00000004     Local_pe674.oe674 (.const:ti_sysbios_gates_GateMutex_A_badContext__C)
                  c09fedac    00000004     Local_pe674.oe674 (.const:ti_sysbios_gates_GateMutex_Instance_State_sem__O)
                  c09fedb0    00000004     Local_pe674.oe674 (.const:ti_sysbios_gates_GateMutex_Module__diagsEnabled__C)
                  c09fedb4    00000004     Local_pe674.oe674 (.const:ti_sysbios_gates_GateMutex_Module__diagsIncluded__C)
                  c09fedb8    00000004     Local_pe674.oe674 (.const:ti_sysbios_gates_GateMutex_Module__diagsMask__C)
                  c09fedbc    00000004     Local_pe674.oe674 (.const:ti_sysbios_hal_Hwi_E_stackOverflow__C)
                  c09fedc0    00000004     Local_pe674.oe674 (.const:ti_sysbios_heaps_HeapMem_A_align__C)
                  c09fedc4    00000004     Local_pe674.oe674 (.const:ti_sysbios_heaps_HeapMem_A_heapSize__C)
                  c09fedc8    00000004     Local_pe674.oe674 (.const:ti_sysbios_heaps_HeapMem_A_invalidFree__C)
                  c09fedcc    00000004     Local_pe674.oe674 (.const:ti_sysbios_heaps_HeapMem_A_zeroBlock__C)
                  c09fedd0    00000004     Local_pe674.oe674 (.const:ti_sysbios_heaps_HeapMem_E_memory__C)
                  c09fedd4    00000004     Local_pe674.oe674 (.const:ti_sysbios_heaps_HeapMem_Module__diagsEnabled__C)
                  c09fedd8    00000004     Local_pe674.oe674 (.const:ti_sysbios_heaps_HeapMem_Module__diagsIncluded__C)
                  c09feddc    00000004     Local_pe674.oe674 (.const:ti_sysbios_heaps_HeapMem_Module__diagsMask__C)
                  c09fede0    00000004     Local_pe674.oe674 (.const:ti_sysbios_heaps_HeapMem_Module__gateObj__C)
                  c09fede4    00000004     Local_pe674.oe674 (.const:ti_sysbios_heaps_HeapMem_Object__count__C)
                  c09fede8    00000004     Local_pe674.oe674 (.const:ti_sysbios_heaps_HeapMem_Object__table__C)
                  c09fedec    00000004     Local_pe674.oe674 (.const:ti_sysbios_heaps_HeapMem_reqAlign__C)
                  c09fedf0    00000004     Local_pe674.oe674 (.const:ti_sysbios_knl_Clock_A_badThreadType__C)
                  c09fedf4    00000004     Local_pe674.oe674 (.const:ti_sysbios_knl_Clock_A_clockDisabled__C)
                  c09fedf8    00000004     Local_pe674.oe674 (.const:ti_sysbios_knl_Clock_LM_begin__C)
                  c09fedfc    00000004     Local_pe674.oe674 (.const:ti_sysbios_knl_Clock_LM_tick__C)
                  c09fee00    00000004     Local_pe674.oe674 (.const:ti_sysbios_knl_Clock_LW_delayed__C)
                  c09fee04    00000004     Local_pe674.oe674 (.const:ti_sysbios_knl_Clock_Module_State_clockQ__O)
                  c09fee08    00000004     Local_pe674.oe674 (.const:ti_sysbios_knl_Clock_Module__diagsEnabled__C)
                  c09fee0c    00000004     Local_pe674.oe674 (.const:ti_sysbios_knl_Clock_Module__diagsIncluded__C)
                  c09fee10    00000004     Local_pe674.oe674 (.const:ti_sysbios_knl_Clock_Module__diagsMask__C)
                  c09fee14    00000004     Local_pe674.oe674 (.const:ti_sysbios_knl_Clock_Module__loggerFxn1__C)
                  c09fee18    00000004     Local_pe674.oe674 (.const:ti_sysbios_knl_Clock_Module__loggerFxn2__C)
                  c09fee1c    00000004     Local_pe674.oe674 (.const:ti_sysbios_knl_Clock_Module__loggerObj__C)
                  c09fee20    00000004     Local_pe674.oe674 (.const:ti_sysbios_knl_Clock_tickPeriod__C)
                  c09fee24    00000004     Local_pe674.oe674 (.const:ti_sysbios_knl_Event_A_badContext__C)
                  c09fee28    00000004     Local_pe674.oe674 (.const:ti_sysbios_knl_Event_A_eventInUse__C)
                  c09fee2c    00000004     Local_pe674.oe674 (.const:ti_sysbios_knl_Event_A_nullEventId__C)
                  c09fee30    00000004     Local_pe674.oe674 (.const:ti_sysbios_knl_Event_A_nullEventMasks__C)
                  c09fee34    00000004     Local_pe674.oe674 (.const:ti_sysbios_knl_Event_A_pendTaskDisabled__C)
                  c09fee38    00000004     Local_pe674.oe674 (.const:ti_sysbios_knl_Event_Instance_State_pendQ__O)
                  c09fee3c    00000004     Local_pe674.oe674 (.const:ti_sysbios_knl_Event_LM_pend__C)
                  c09fee40    00000004     Local_pe674.oe674 (.const:ti_sysbios_knl_Event_LM_post__C)
                  c09fee44    00000004     Local_pe674.oe674 (.const:ti_sysbios_knl_Event_Module__diagsEnabled__C)
                  c09fee48    00000004     Local_pe674.oe674 (.const:ti_sysbios_knl_Event_Module__diagsIncluded__C)
                  c09fee4c    00000004     Local_pe674.oe674 (.const:ti_sysbios_knl_Event_Module__diagsMask__C)
                  c09fee50    00000004     Local_pe674.oe674 (.const:ti_sysbios_knl_Event_Module__loggerFxn4__C)
                  c09fee54    00000004     Local_pe674.oe674 (.const:ti_sysbios_knl_Event_Module__loggerFxn8__C)
                  c09fee58    00000004     Local_pe674.oe674 (.const:ti_sysbios_knl_Event_Module__loggerObj__C)
                  c09fee5c    00000004     Local_pe674.oe674 (.const:ti_sysbios_knl_Queue_Object__table__C)
                  c09fee60    00000004     Local_pe674.oe674 (.const:ti_sysbios_knl_Semaphore_A_badContext__C)
                  c09fee64    00000004     Local_pe674.oe674 (.const:ti_sysbios_knl_Semaphore_A_noEvents__C)
                  c09fee68    00000004     Local_pe674.oe674 (.const:ti_sysbios_knl_Semaphore_A_overflow__C)
                  c09fee6c    00000004     Local_pe674.oe674 (.const:ti_sysbios_knl_Semaphore_A_pendTaskDisabled__C)
                  c09fee70    00000004     Local_pe674.oe674 (.const:ti_sysbios_knl_Semaphore_Instance_State_pendQ__O)
                  c09fee74    00000004     Local_pe674.oe674 (.const:ti_sysbios_knl_Semaphore_LM_pend__C)
                  c09fee78    00000004     Local_pe674.oe674 (.const:ti_sysbios_knl_Semaphore_LM_post__C)
                  c09fee7c    00000004     Local_pe674.oe674 (.const:ti_sysbios_knl_Semaphore_Module__diagsEnabled__C)
                  c09fee80    00000004     Local_pe674.oe674 (.const:ti_sysbios_knl_Semaphore_Module__diagsIncluded__C)
                  c09fee84    00000004     Local_pe674.oe674 (.const:ti_sysbios_knl_Semaphore_Module__diagsMask__C)
                  c09fee88    00000004     Local_pe674.oe674 (.const:ti_sysbios_knl_Semaphore_Module__loggerFxn2__C)
                  c09fee8c    00000004     Local_pe674.oe674 (.const:ti_sysbios_knl_Semaphore_Module__loggerFxn4__C)
                  c09fee90    00000004     Local_pe674.oe674 (.const:ti_sysbios_knl_Semaphore_Module__loggerObj__C)
                  c09fee94    00000004     Local_pe674.oe674 (.const:ti_sysbios_knl_Swi_A_badPriority__C)
                  c09fee98    00000004     Local_pe674.oe674 (.const:ti_sysbios_knl_Swi_A_swiDisabled__C)
                  c09fee9c    00000004     Local_pe674.oe674 (.const:ti_sysbios_knl_Swi_LD_end__C)
                  c09feea0    00000004     Local_pe674.oe674 (.const:ti_sysbios_knl_Swi_LM_begin__C)
                  c09feea4    00000004     Local_pe674.oe674 (.const:ti_sysbios_knl_Swi_LM_post__C)
                  c09feea8    00000004     Local_pe674.oe674 (.const:ti_sysbios_knl_Swi_Module__diagsEnabled__C)
                  c09feeac    00000004     Local_pe674.oe674 (.const:ti_sysbios_knl_Swi_Module__diagsIncluded__C)
                  c09feeb0    00000004     Local_pe674.oe674 (.const:ti_sysbios_knl_Swi_Module__diagsMask__C)
                  c09feeb4    00000004     Local_pe674.oe674 (.const:ti_sysbios_knl_Swi_Module__loggerFxn1__C)
                  c09feeb8    00000004     Local_pe674.oe674 (.const:ti_sysbios_knl_Swi_Module__loggerFxn4__C)
                  c09feebc    00000004     Local_pe674.oe674 (.const:ti_sysbios_knl_Swi_Module__loggerObj__C)
                  c09feec0    00000004     Local_pe674.oe674 (.const:ti_sysbios_knl_Swi_Object__count__C)
                  c09feec4    00000004     Local_pe674.oe674 (.const:ti_sysbios_knl_Swi_Object__heap__C)
                  c09feec8    00000004     Local_pe674.oe674 (.const:ti_sysbios_knl_Swi_Object__table__C)
                  c09feecc    00000004     Local_pe674.oe674 (.const:ti_sysbios_knl_Swi_numConstructedSwis__C)
                  c09feed0    00000004     Local_pe674.oe674 (.const:ti_sysbios_knl_Task_A_badPriority__C)
                  c09feed4    00000004     Local_pe674.oe674 (.const:ti_sysbios_knl_Task_A_badTaskState__C)
                  c09feed8    00000004     Local_pe674.oe674 (.const:ti_sysbios_knl_Task_A_badThreadType__C)
                  c09feedc    00000004     Local_pe674.oe674 (.const:ti_sysbios_knl_Task_A_badTimeout__C)
                  c09feee0    00000004     Local_pe674.oe674 (.const:ti_sysbios_knl_Task_A_noPendElem__C)
                  c09feee4    00000004     Local_pe674.oe674 (.const:ti_sysbios_knl_Task_A_sleepTaskDisabled__C)
                  c09feee8    00000004     Local_pe674.oe674 (.const:ti_sysbios_knl_Task_A_taskDisabled__C)
                  c09feeec    00000004     Local_pe674.oe674 (.const:ti_sysbios_knl_Task_E_deleteNotAllowed__C)
                  c09feef0    00000004     Local_pe674.oe674 (.const:ti_sysbios_knl_Task_E_spOutOfBounds__C)
                  c09feef4    00000004     Local_pe674.oe674 (.const:ti_sysbios_knl_Task_E_stackOverflow__C)
                  c09feef8    00000004     Local_pe674.oe674 (.const:ti_sysbios_knl_Task_LD_block__C)
                  c09feefc    00000004     Local_pe674.oe674 (.const:ti_sysbios_knl_Task_LD_exit__C)
                  c09fef00    00000004     Local_pe674.oe674 (.const:ti_sysbios_knl_Task_LD_ready__C)
                  c09fef04    00000004     Local_pe674.oe674 (.const:ti_sysbios_knl_Task_LM_setPri__C)
                  c09fef08    00000004     Local_pe674.oe674 (.const:ti_sysbios_knl_Task_LM_sleep__C)
                  c09fef0c    00000004     Local_pe674.oe674 (.const:ti_sysbios_knl_Task_LM_switch__C)
                  c09fef10    00000004     Local_pe674.oe674 (.const:ti_sysbios_knl_Task_LM_yield__C)
                  c09fef14    00000004     Local_pe674.oe674 (.const:ti_sysbios_knl_Task_Module_State_inactiveQ__O)
                  c09fef18    00000004     Local_pe674.oe674 (.const:ti_sysbios_knl_Task_Module_State_terminatedQ__O)
                  c09fef1c    00000004     Local_pe674.oe674 (.const:ti_sysbios_knl_Task_Module__diagsEnabled__C)
                  c09fef20    00000004     Local_pe674.oe674 (.const:ti_sysbios_knl_Task_Module__diagsIncluded__C)
                  c09fef24    00000004     Local_pe674.oe674 (.const:ti_sysbios_knl_Task_Module__diagsMask__C)
                  c09fef28    00000004     Local_pe674.oe674 (.const:ti_sysbios_knl_Task_Module__loggerFxn2__C)
                  c09fef2c    00000004     Local_pe674.oe674 (.const:ti_sysbios_knl_Task_Module__loggerFxn4__C)
                  c09fef30    00000004     Local_pe674.oe674 (.const:ti_sysbios_knl_Task_Module__loggerObj__C)
                  c09fef34    00000004     Local_pe674.oe674 (.const:ti_sysbios_knl_Task_Object__count__C)
                  c09fef38    00000004     Local_pe674.oe674 (.const:ti_sysbios_knl_Task_Object__heap__C)
                  c09fef3c    00000004     Local_pe674.oe674 (.const:ti_sysbios_knl_Task_Object__table__C)
                  c09fef40    00000004     Local_pe674.oe674 (.const:ti_sysbios_knl_Task_allBlockedFunc__C)
                  c09fef44    00000004     Local_pe674.oe674 (.const:ti_sysbios_knl_Task_defaultStackHeap__C)
                  c09fef48    00000004     Local_pe674.oe674 (.const:ti_sysbios_knl_Task_defaultStackSize__C)
                  c09fef4c    00000004     Local_pe674.oe674 (.const:ti_sysbios_knl_Task_numConstructedTasks__C)
                  c09fef50    00000004     Local_pe674.oe674 (.const:ti_sysbios_syncs_SyncEvent_A_nullHandle__C)
                  c09fef54    00000004     Local_pe674.oe674 (.const:ti_sysbios_syncs_SyncEvent_Module__diagsEnabled__C)
                  c09fef58    00000004     Local_pe674.oe674 (.const:ti_sysbios_syncs_SyncEvent_Module__diagsIncluded__C)
                  c09fef5c    00000004     Local_pe674.oe674 (.const:ti_sysbios_syncs_SyncEvent_Module__diagsMask__C)
                  c09fef60    00000004     Local_pe674.oe674 (.const:ti_sysbios_timers_timer64_Timer_A_notAvailable__C)
                  c09fef64    00000004     Local_pe674.oe674 (.const:ti_sysbios_timers_timer64_Timer_E_cannotSupport__C)
                  c09fef68    00000004     Local_pe674.oe674 (.const:ti_sysbios_timers_timer64_Timer_E_invalidTimer__C)
                  c09fef6c    00000004     Local_pe674.oe674 (.const:ti_sysbios_timers_timer64_Timer_E_notAvailable__C)
                  c09fef70    00000004     Local_pe674.oe674 (.const:ti_sysbios_timers_timer64_Timer_Module__diagsEnabled__C)
                  c09fef74    00000004     Local_pe674.oe674 (.const:ti_sysbios_timers_timer64_Timer_Module__diagsIncluded__C)
                  c09fef78    00000004     Local_pe674.oe674 (.const:ti_sysbios_timers_timer64_Timer_Module__diagsMask__C)
                  c09fef7c    00000004     Local_pe674.oe674 (.const:ti_sysbios_timers_timer64_Timer_anyMask__C)
                  c09fef80    00000004     Local_pe674.oe674 (.const:ti_sysbios_timers_timer64_Timer_defaultHalf__C)
                  c09fef84    00000004     Local_pe674.oe674 (.const:ti_sysbios_timers_timer64_Timer_freqDivisor__C)
                  c09fef88    00000004     Local_pe674.oe674 (.const:ti_sysbios_timers_timer64_Timer_numLocalTimers__C)
                  c09fef8c    00000004     Local_pe674.oe674 (.const:ti_sysbios_timers_timer64_Timer_numTimerDevices__C)
                  c09fef90    00000004     Local_pe674.oe674 (.const:ti_sysbios_utils_Load_LS_cpuLoad__C)
                  c09fef94    00000004     Local_pe674.oe674 (.const:ti_sysbios_utils_Load_LS_hwiLoad__C)
                  c09fef98    00000004     Local_pe674.oe674 (.const:ti_sysbios_utils_Load_LS_swiLoad__C)
                  c09fef9c    00000004     Local_pe674.oe674 (.const:ti_sysbios_utils_Load_LS_taskLoad__C)
                  c09fefa0    00000004     Local_pe674.oe674 (.const:ti_sysbios_utils_Load_Module_State_taskList__O)
                  c09fefa4    00000004     Local_pe674.oe674 (.const:ti_sysbios_utils_Load_Module__diagsEnabled__C)
                  c09fefa8    00000004     Local_pe674.oe674 (.const:ti_sysbios_utils_Load_Module__diagsIncluded__C)
                  c09fefac    00000004     Local_pe674.oe674 (.const:ti_sysbios_utils_Load_Module__diagsMask__C)
                  c09fefb0    00000004     Local_pe674.oe674 (.const:ti_sysbios_utils_Load_Module__loggerFxn1__C)
                  c09fefb4    00000004     Local_pe674.oe674 (.const:ti_sysbios_utils_Load_Module__loggerFxn2__C)
                  c09fefb8    00000004     Local_pe674.oe674 (.const:ti_sysbios_utils_Load_Module__loggerFxn4__C)
                  c09fefbc    00000004     Local_pe674.oe674 (.const:ti_sysbios_utils_Load_Module__loggerObj__C)
                  c09fefc0    00000004     Local_pe674.oe674 (.const:ti_sysbios_utils_Load_postUpdate__C)
                  c09fefc4    00000004     Local_pe674.oe674 (.const:ti_sysbios_utils_Load_windowInMs__C)
                  c09fefc8    00000004     Local_pe674.oe674 (.const:ti_uia_events_UIASync_globalTimerFreq__C)
                  c09fefcc    00000004     Local_pe674.oe674 (.const:ti_uia_events_UIASync_syncPointAfterHalt__C)
                  c09fefd0    00000004     Local_pe674.oe674 (.const:ti_uia_events_UIASync_syncPoint__C)
                  c09fefd4    00000004     Local_pe674.oe674 (.const:ti_uia_runtime_ILoggerSnapshot_Interface__BASE__C)
                  c09fefd8    00000004     Local_pe674.oe674 (.const:ti_uia_runtime_IUIATransfer_Interface__BASE__C)
                  c09fefdc    00000004     Local_pe674.oe674 (.const:ti_uia_runtime_LogSync_Module__loggerObj__C)
                  c09fefe0    00000004     Local_pe674.oe674 (.const:ti_uia_runtime_LogSync_cpuTimestampCyclesPerTick__C)
                  c09fefe4    00000004     Local_pe674.oe674 (.const:ti_uia_runtime_LogSync_globalTimestampCpuCyclesPerTick__C)
                  c09fefe8    00000004     Local_pe674.oe674 (.const:ti_uia_runtime_LogSync_injectIntoTraceFxn__C)
                  c09fefec    00000004     Local_pe674.oe674 (.const:ti_uia_runtime_LoggerCircBuf_E_badLevel__C)
                  c09feff0    00000004     Local_pe674.oe674 (.const:ti_uia_runtime_LoggerCircBuf_Object__count__C)
                  c09feff4    00000004     Local_pe674.oe674 (.const:ti_uia_runtime_LoggerCircBuf_Object__table__C)
                  c09feff8    00000004     Local_pe674.oe674 (.const:ti_uia_runtime_LoggerCircBuf_overflowLogger__C)
                  c09feffc    00000004     Local_pe674.oe674 (.const:ti_uia_runtime_LoggerCircBuf_statusLogger__C)
                  c09ff000    00000004     Local_pe674.oe674 (.const:ti_uia_runtime_ServiceMgr_A_invalidProcessCallbackFxn__C)
                  c09ff004    00000004     Local_pe674.oe674 (.const:ti_uia_runtime_ServiceMgr_A_invalidServiceId__C)
                  c09ff008    00000004     Local_pe674.oe674 (.const:ti_uia_runtime_ServiceMgr_Module__diagsEnabled__C)
                  c09ff00c    00000004     Local_pe674.oe674 (.const:ti_uia_runtime_ServiceMgr_Module__diagsIncluded__C)
                  c09ff010    00000004     Local_pe674.oe674 (.const:ti_uia_runtime_ServiceMgr_Module__diagsMask__C)
                  c09ff014    00000004     Local_pe674.oe674 (.const:ti_uia_runtime_ServiceMgr_maxCtrlPacketSize__C)
                  c09ff018    00000004     Local_pe674.oe674 (.const:ti_uia_runtime_ServiceMgr_maxEventPacketSize__C)
                  c09ff01c    00000004     Local_pe674.oe674 (.const:ti_uia_runtime_ServiceMgr_numEventPacketBufs__C)
                  c09ff020    00000004     Local_pe674.oe674 (.const:ti_uia_runtime_ServiceMgr_numIncomingCtrlPacketBufs__C)
                  c09ff024    00000004     Local_pe674.oe674 (.const:ti_uia_runtime_ServiceMgr_numOutgoingCtrlPacketBufs__C)
                  c09ff028    00000004     Local_pe674.oe674 (.const:ti_uia_runtime_ServiceMgr_periodInMs__C)
                  c09ff02c    00000004     Local_pe674.oe674 (.const:ti_uia_runtime_ServiceMgr_processCallbackFxn__C)
                  c09ff030    00000004     Local_pe674.oe674 (.const:ti_uia_services_Rta_LD_cmdRcvd__C)
                  c09ff034    00000004     Local_pe674.oe674 (.const:ti_uia_services_Rta_LD_recordsSent__C)
                  c09ff038    00000004     Local_pe674.oe674 (.const:ti_uia_services_Rta_LD_writeMask__C)
                  c09ff03c    00000004     Local_pe674.oe674 (.const:ti_uia_services_Rta_Module__diagsEnabled__C)
                  c09ff040    00000004     Local_pe674.oe674 (.const:ti_uia_services_Rta_Module__diagsIncluded__C)
                  c09ff044    00000004     Local_pe674.oe674 (.const:ti_uia_services_Rta_Module__diagsMask__C)
                  c09ff048    00000004     Local_pe674.oe674 (.const:ti_uia_services_Rta_Module__loggerFxn2__C)
                  c09ff04c    00000004     Local_pe674.oe674 (.const:ti_uia_services_Rta_Module__loggerFxn4__C)
                  c09ff050    00000004     Local_pe674.oe674 (.const:ti_uia_services_Rta_Module__loggerObj__C)
                  c09ff054    00000004     Local_pe674.oe674 (.const:ti_uia_services_Rta_periodInMs__C)
                  c09ff058    00000004     Local_pe674.oe674 (.const:ti_uia_sysbios_Adaptor_eventBuf__C)
                  c09ff05c    00000004     Local_pe674.oe674 (.const:ti_uia_sysbios_Adaptor_msgBuf__C)
                  c09ff060    00000004     Local_pe674.oe674 (.const:ti_uia_sysbios_Adaptor_period__C)
                  c09ff064    00000004     Local_pe674.oe674 (.const:ti_uia_sysbios_Adaptor_reqEnergy__C)
                  c09ff068    00000004     Local_pe674.oe674 (.const:ti_uia_sysbios_Adaptor_scheduled__C)
                  c09ff06c    00000004     Local_pe674.oe674 (.const:xdc_runtime_Assert_E_assertFailed__C)
                  c09ff070    00000004     Local_pe674.oe674 (.const:xdc_runtime_Core_A_initializedParams__C)
                  c09ff074    00000004     Local_pe674.oe674 (.const:xdc_runtime_Core_Module__diagsEnabled__C)
                  c09ff078    00000004     Local_pe674.oe674 (.const:xdc_runtime_Core_Module__diagsIncluded__C)
                  c09ff07c    00000004     Local_pe674.oe674 (.const:xdc_runtime_Core_Module__diagsMask__C)
                  c09ff080    00000004     Local_pe674.oe674 (.const:xdc_runtime_Error_E_memory__C)
                  c09ff084    00000004     Local_pe674.oe674 (.const:xdc_runtime_Error_Module__diagsEnabled__C)
                  c09ff088    00000004     Local_pe674.oe674 (.const:xdc_runtime_Error_Module__diagsIncluded__C)
                  c09ff08c    00000004     Local_pe674.oe674 (.const:xdc_runtime_Error_Module__diagsMask__C)
                  c09ff090    00000004     Local_pe674.oe674 (.const:xdc_runtime_Error_Module__loggerFxn8__C)
                  c09ff094    00000004     Local_pe674.oe674 (.const:xdc_runtime_Error_Module__loggerObj__C)
                  c09ff098    00000004     Local_pe674.oe674 (.const:xdc_runtime_Error_policy__C)
                  c09ff09c    00000004     Local_pe674.oe674 (.const:xdc_runtime_Error_raiseHook__C)
                  c09ff0a0    00000004     Local_pe674.oe674 (.const:xdc_runtime_IFilterLogger_Interface__BASE__C)
                  c09ff0a4    00000004     Local_pe674.oe674 (.const:xdc_runtime_IGateProvider_Interface__BASE__C)
                  c09ff0a8    00000004     Local_pe674.oe674 (.const:xdc_runtime_IHeap_Interface__BASE__C)
                  c09ff0ac    00000004     Local_pe674.oe674 (.const:xdc_runtime_ILogger_Interface__BASE__C)
                  c09ff0b0    00000004     Local_pe674.oe674 (.const:xdc_runtime_IModule_Interface__BASE__C)
                  c09ff0b4    00000004     Local_pe674.oe674 (.const:xdc_runtime_Log_L_error__C)
                  c09ff0b8    00000004     Local_pe674.oe674 (.const:xdc_runtime_Memory_defaultHeapInstance__C)
                  c09ff0bc    00000004     Local_pe674.oe674 (.const:xdc_runtime_Startup_execImpl__C)
                  c09ff0c0    00000004     Local_pe674.oe674 (.const:xdc_runtime_Startup_lastFxns__A)
                  c09ff0c4    00000004     Local_pe674.oe674 (.const:xdc_runtime_Startup_maxPasses__C)
                  c09ff0c8    00000004     Local_pe674.oe674 (.const:xdc_runtime_Startup_sfxnRts__C)
                  c09ff0cc    00000004     Local_pe674.oe674 (.const:xdc_runtime_Startup_sfxnTab__C)
                  c09ff0d0    00000004     Local_pe674.oe674 (.const:xdc_runtime_Startup_startModsFxn__C)
                  c09ff0d4    00000004     Local_pe674.oe674 (.const:xdc_runtime_SysMin_bufSize__C)
                  c09ff0d8    00000004     Local_pe674.oe674 (.const:xdc_runtime_SysMin_outputFunc__C)
                  c09ff0dc    00000004     Local_pe674.oe674 (.const:xdc_runtime_System_Module__gateObj__C)
                  c09ff0e0    00000004     Local_pe674.oe674 (.const:xdc_runtime_System_extendFxn__C)
                  c09ff0e4    00000004     Local_pe674.oe674 (.const:xdc_runtime_System_maxAtexitHandlers__C)
                  c09ff0e8    00000004     Local_pe674.oe674 (.const:xdc_runtime_Text_charTab__C)
                  c09ff0ec    00000004     Local_pe674.oe674 (.const:xdc_runtime_Text_nameEmpty__C)
                  c09ff0f0    00000004     Local_pe674.oe674 (.const:xdc_runtime_Text_nameStatic__C)
                  c09ff0f4    00000004     Local_pe674.oe674 (.const:xdc_runtime_Text_nameUnknown__C)
                  c09ff0f8    00000004     Local_pe674.oe674 (.const:xdc_runtime_Text_nodeTab__C)
                  c09ff0fc    00000004     Local_pe674.oe674 (.const:xdc_runtime_Text_visitRopeFxn__C)
                  c09ff100    00000004     Local_pe674.oe674 (.const:xdc_runtime_knl_ISync_Interface__BASE__C)
                  c09ff104    00000002     Local_pe674.oe674 (.const:ti_sysbios_knl_Swi_Module__id__C)
                  c09ff106    00000002     Local_pe674.oe674 (.const:ti_sysbios_knl_Swi_Module__loggerDefined__C)
                  c09ff108    00000003     LCD.obj (.const:.string:$P$T0$1)
                  c09ff10b    00000001     --HOLE-- [fill = 0]
                  c09ff10c    00000002     Local_pe674.oe674 (.const:ti_sysbios_knl_Task_Module__id__C)
                  c09ff10e    00000002     Local_pe674.oe674 (.const:ti_sysbios_knl_Task_Module__loggerDefined__C)
                  c09ff110    00000002     Local_pe674.oe674 (.const:ti_sysbios_knl_Task_initStackFlag__C)
                  c09ff112    00000002     Local_pe674.oe674 (.const:ti_sysbios_syncs_SyncEvent_Module__id__C)
                  c09ff114    00000002     Local_pe674.oe674 (.const:ti_sysbios_timers_timer64_Timer_Module__id__C)
                  c09ff116    00000002     Local_pe674.oe674 (.const:ti_sysbios_timers_timer64_Timer_startupNeeded__C)
                  c09ff118    00000002     Local_pe674.oe674 (.const:ti_sysbios_utils_Load_Module__id__C)
                  c09ff11a    00000002     Local_pe674.oe674 (.const:ti_sysbios_utils_Load_Module__loggerDefined__C)
                  c09ff11c    00000002     Local_pe674.oe674 (.const:ti_sysbios_utils_Load_autoAddTasks__C)
                  c09ff11e    00000002     Local_pe674.oe674 (.const:ti_sysbios_utils_Load_hwiEnabled__C)
                  c09ff120    00000002     Local_pe674.oe674 (.const:ti_sysbios_utils_Load_updateInIdle__C)
                  c09ff122    00000002     Local_pe674.oe674 (.const:ti_uia_runtime_LogSync_Module__id__C)
                  c09ff124    00000002     Local_pe674.oe674 (.const:ti_uia_runtime_LogSync_Module__loggerDefined__C)
                  c09ff126    00000002     Local_pe674.oe674 (.const:ti_uia_runtime_LoggerCircBuf_Module__id__C)
                  c09ff128    00000002     Local_pe674.oe674 (.const:ti_uia_runtime_LoggerCircBuf_filterByLevel__C)
                  c09ff12a    00000002     Local_pe674.oe674 (.const:ti_uia_runtime_LoggerCircBuf_isTimestampEnabled__C)
                  c09ff12c    00000002     Local_pe674.oe674 (.const:ti_uia_runtime_ServiceMgr_Module__id__C)
                  c09ff12e    00000002     Local_pe674.oe674 (.const:ti_uia_runtime_ServiceMgr_supportControl__C)
                  c09ff130    00000002     Local_pe674.oe674 (.const:ti_uia_services_Rta_Module__id__C)
                  c09ff132    00000002     Local_pe674.oe674 (.const:ti_uia_services_Rta_Module__loggerDefined__C)
                  c09ff134    00000002     Local_pe674.oe674 (.const:ti_uia_services_Rta_SERVICEID__C)
                  c09ff136    00000002     Local_pe674.oe674 (.const:xdc_runtime_Core_Module__id__C)
                  c09ff138    00000002     Local_pe674.oe674 (.const:xdc_runtime_Error_Module__loggerDefined__C)
                  c09ff13a    00000002     Local_pe674.oe674 (.const:xdc_runtime_Error_maxDepth__C)
                  c09ff13c    00000002     Local_pe674.oe674 (.const:xdc_runtime_Memory_Module__id__C)
                  c09ff13e    00000002     Local_pe674.oe674 (.const:xdc_runtime_SysMin_flushAtExit__C)
                  c09ff140    00000002     Local_pe674.oe674 (.const:xdc_runtime_Text_charCnt__C)
                  c09ff142    00000002     Local_pe674.oe674 (.const:xdc_runtime_Text_isLoaded__C)
                  c09ff144    00000002     Local_pe674.oe674 (.const:xdc_runtime_Text_registryModsLastId__C)
                  c09ff146    00000002     Local_pe674.oe674 (.const:xdc_runtime_Text_unnamedModsLastId__C)
                  c09ff148    00000001     Local_pe674.oe674 (.const:.string:$P$T0$1)

.switch.1 
*          0    c09ff14c    00000014     
                  c09ff14c    00000014     stk6.ae674 : icmpv6in.oe674 (.switch:ICMPv6RecvDstUnreachable)

.switch.2 
*          0    c0a62e40    000001bc     
                  c0a62e40    0000007c     SYSCFG.obj (.switch:BootModeGet)
                  c0a62ebc    0000005c     rts6740_elf.lib : _scanfi.c.obj (.switch:__TI_scanfi)
                  c0a62f18    0000003c     stk6.ae674 : sock.oe674 (.switch:SockSet)
                  c0a62f54    00000038                : icmpin.oe674 (.switch:ICMPInput)
                  c0a62f8c    00000038                : icmpv6in.oe674 (.switch:ICMPv6RxPacket)
                  c0a62fc4    00000038     rts6740_elf.lib : _printfi.c.obj (.switch:__TI_printfi)

.vecs      0    c0a65000    00000200     
                  c0a65000    00000200     Local_pe674.oe674 (.vecs)

xdc.meta   0    c0000000    000000f0     COPY SECTION
                  c0000000    000000f0     Local_pe674.oe674 (xdc.meta)

.text      0    c09ff160    00063ce0     
                  c09ff160    000020c0     rts6740_elf.lib : _printfi.c.obj (.text:__TI_printfi)
                  c0a01220    00002080                     : _scanfi.c.obj (.text:__TI_scanfi)
                  c0a032a0    000019e0     stk6.ae674 : tcp6in.oe674 (.text:TCP6Input)
                  c0a04c80    000019e0                : tcpin.oe674 (.text:TcpInput)
                  c0a06660    000017a0     drivers.lib : rtc.obj (.text)
                  c0a07e00    00001220     stk6.ae674 : tcpout.oe674 (.text:TcpOutput)
                  c0a09020    00001180                : tcp6out.oe674 (.text:TCP6Output)
                  c0a0a1a0    00000f00     ti.drv.omapl138.ae674 : csl_emac.oe674 (.text:EMAC_open)
                  c0a0b0a0    00000e60     grlib.lib : string.obj (.text)
                  c0a0bf00    00000e40     LCD.obj (.text)
                  c0a0cd40    00000e00     drivers.lib : raster.obj (.text)
                  c0a0db40    00000dc0                 : ehrpwm.obj (.text)
                  c0a0e900    00000b80     stk6.ae674 : ipin.oe674 (.text:IPRxPacket)
                  c0a0f480    00000a20     Flash.obj (.text)
                  c0a0fea0    000009c0     stk6.ae674 : ipout.oe674 (.text:IPTxPacket)
                  c0a10860    000009c0     UARTConsole.obj (.text)
                  c0a11220    000009a0     ti.drv.omapl138.ae674 : csl_mdio.oe674 (.text:MDIO_timerTick)
                  c0a11bc0    00000920     rts6740_elf.lib : strtod.c.obj (.text:strtod)
                  c0a124e0    00000900     grlib.lib : offscr16bpp.obj (.text)
                  c0a12de0    000008c0     Command.obj (.text)
                  c0a136a0    000008a0     ti.targets.rts6000.ae674 : System.oe674 (.text:xdc_runtime_System_doPrint__I)
                  c0a13f40    000007c0     stk6.ae674 : sock.oe674 (.text:SockSet)
                  c0a14700    000007a0                : fileuser.oe674 (.text:fdPoll)
                  c0a14ea0    00000780     sysbios.ae674 : BIOS.obj (.text:ti_sysbios_family_c64p_Exception_handler__I)
                  c0a15620    00000780                   : BIOS.obj (.text:ti_sysbios_knl_Event_pend__E)
                  c0a15da0    00000720                   : BIOS.obj (.text:ti_sysbios_heaps_HeapMem_free__E)
                  c0a164c0    000006c0     stk6.ae674 : sock6.oe674 (.text:Sock6Set)
                  c0a16b80    000006c0     grlib.lib : image.obj (.text)
                  c0a17240    000006c0               : line.obj (.text)
                  c0a17900    000006a0     I2C.obj (.text)
                  c0a17fa0    000006a0     stk6.ae674 : icmpv6_ndisc.oe674 (.text:ICMPv6RecvRA)
                  c0a18640    000006a0     SATA.obj (.text)
                  c0a18ce0    000006a0     sysbios.ae674 : BIOS.obj (.text:ti_sysbios_knl_Semaphore_pend__E)
                  c0a19380    000006a0                   : BIOS.obj (.text:ti_sysbios_knl_Task_Instance_finalize__F)
                  c0a19a20    00000660     stk6.ae674 : route6.oe674 (.text:Rt6Create)
                  c0a1a080    00000660     Touch.obj (.text)
                  c0a1a6e0    00000660     rts6740_elf.lib : _printfi.c.obj (.text:_pconv_a)
                  c0a1ad40    00000620     sysbios.ae674 : BIOS.obj (.text:ti_sysbios_heaps_HeapMem_alloc__E)
                  c0a1b360    00000600     rts6740_elf.lib : divd.c.obj (.text:__c6xabi_divd)
                  c0a1b960    00000600     sysbios.ae674 : BIOS.obj (.text:ti_sysbios_knl_Task_Instance_init__F)
                  c0a1bf60    000005c0     DDR2.obj (.text)
                  c0a1c520    000005c0     stk6.ae674 : ipfrag.oe674 (.text:IPReasm)
                  c0a1cae0    000005a0                : icmpin.oe674 (.text:ICMPInput)
                  c0a1d080    000005a0     drivers.lib : spi.obj (.text)
                  c0a1d620    00000580                 : gpio.obj (.text)
                  c0a1dba0    00000580                 : uart.obj (.text)
                  c0a1e120    00000560     stk6.ae674 : bind6.oe674 (.text:Bind6New)
                  c0a1e680    00000560                : ipv6.oe674 (.text:IPv6IPAddressToString)
                  c0a1ebe0    00000540                : sock6.oe674 (.text:Sock6Connect)
                  c0a1f120    00000520                : lliin.oe674 (.text:LLIRxPacket)
                  c0a1f640    00000520     ti.drv.omapl138.ae674 : csl_mdio.oe674 (.text:MDIO_initContinue)
                  c0a1fb60    00000520     stk6.ae674 : sock.oe674 (.text:SockNew)
                  c0a20080    000004e0     LEDNixie.obj (.text)
                  c0a20560    000004e0     stk6.ae674 : udp.oe674 (.text:UdpInput)
                  c0a20a40    000004e0     sysbios.ae674 : BIOS.obj (.text:ti_sysbios_timers_timer64_Timer_Module_startup__F)
                  c0a20f20    000004c0     RTC.obj (.text)
                  c0a213e0    000004c0     drivers.lib : i2c.obj (.text)
                  c0a218a0    000004c0     rts6740_elf.lib : strtoll.c.obj (.text:strtoll)
                  c0a21d60    000004a0     stk6.ae674 : sock6.oe674 (.text:Sock6Recv)
                  c0a22200    000004a0                : sock.oe674 (.text:SockRecv)
                  c0a226a0    00000440                : sock6.oe674 (.text:Sock6New)
                  c0a22ae0    00000440     rts6740_elf.lib : strtoull.c.obj (.text:strtoull)
                  c0a22f20    00000420     EMAC.obj (.text)
                  c0a23340    00000420     nettool.ae674 : daemon.oe674 (.text:daemon)
                  c0a23760    00000420     sysbios.ae674 : BIOS.obj (.text:ti_sysbios_knl_Task_sleep__E)
                  c0a23b80    00000400     EEPROM.obj (.text)
                  c0a23f80    00000400     LED.obj (.text)
                  c0a24380    00000400     stk6.ae674 : sock6.oe674 (.text:Sock6Send)
                  c0a24780    00000400     rts6740_elf.lib : _printfi.c.obj (.text:_pconv_g)
                  c0a24b80    00000400     sysbios.ae674 : BIOS.obj (.text:ti_sysbios_knl_Task_setPri__E)
                  c0a24f80    000003e0     stk6.ae674 : ipv6_frag.oe674 (.text:IPv6TxFragPacket)
                  c0a25360    000003e0     KEY.obj (.text)
                  c0a25740    000003e0     PLL.obj (.text)
                  c0a25b20    000003c0     stk6.ae674 : ipv6out.oe674 (.text:IPv6TxPacket)
                  c0a25ee0    000003c0                : lli6.oe674 (.text:LLI6TimerCheck)
                  c0a262a0    000003c0                : sock.oe674 (.text:SockSend)
                  c0a26660    000003c0                : tcp6.oe674 (.text:TCP6TimeoutCheck)
                  c0a26a20    000003c0                : tcp.oe674 (.text:TcpTimeoutCheck)
                  c0a26de0    000003c0     UDP.obj (.text)
                  c0a271a0    000003c0     sysbios.ae674 : BIOS.obj (.text:ti_sysbios_family_c64p_Hwi_dispatchCore__I)
                  c0a27560    000003c0                   : BIOS.obj (.text:ti_sysbios_heaps_HeapMem_Instance_init__F)
                  c0a27920    000003c0                   : BIOS.obj (.text:ti_sysbios_timers_timer64_Timer_Instance_init__F)
                  c0a27ce0    000003a0     ti.drv.omapl138.ae674 : csl_emac.oe674 (.text:EMAC_close)
                  c0a28080    000003a0     stk6.ae674 : icmpv6in.oe674 (.text:ICMPv6RxPacket)
                  c0a28420    000003a0                : nimu.oe674 (.text:NIMUIoctl)
                  c0a287c0    000003a0                : route.oe674 (.text:RtCreate)
                  c0a28b60    000003a0                : sb.oe674 (.text:SBRead)
                  c0a28f00    000003a0     rts6740_elf.lib : strtol.c.obj (.text:strtol)
                  c0a292a0    000003a0     sysbios.ae674 : BIOS.obj (.text:ti_sysbios_knl_Swi_run__I)
                  c0a29640    00000380     netctrl_min.ae674 : netctrl.oe674 (.text:NetScheduler)
                  c0a299c0    00000380     stk6.ae674 : sock.oe674 (.text:SockConnect)
                  c0a29d40    00000380     nettool.ae674 : dhcppkt.oe674 (.text:dhcpPacketProcess)
                  c0a2a0c0    00000360     stk6.ae674 : icmpv6_ndisc.oe674 (.text:ICMPv6RecvRedirect)
                  c0a2a420    00000360                : icmpv6out.oe674 (.text:ICMPv6SendDstUnreachable)
                  c0a2a780    00000360                : igmp.oe674 (.text:IGMPInput)
                  c0a2aae0    00000360                : ipv6_frag.oe674 (.text:IPv6FragReasm)
                  c0a2ae40    00000360                : sock6int.oe674 (.text:Sock6Notify)
                  c0a2b1a0    00000360                : sockint.oe674 (.text:SockNotify)
                  c0a2b500    00000360     sysbios.ae674 : BIOS.obj (.text:ti_sysbios_knl_Clock_Instance_init__F)
                  c0a2b860    00000360                   : BIOS.obj (.text:ti_sysbios_knl_Swi_Instance_init__F)
                  c0a2bbc0    00000360                   : BIOS.obj (.text:ti_sysbios_timers_timer64_Timer_deviceConfig__I)
                  c0a2bf20    00000340     stk6.ae674 : icmpv6_ndisc.oe674 (.text:ICMPv6RecvNS)
                  c0a2c260    00000340                : icmpv6out.oe674 (.text:ICMPv6SendParameterProblem)
                  c0a2c5a0    00000340                : icmpv6out.oe674 (.text:ICMPv6SendTimeExceeded)
                  c0a2c8e0    00000340                : lliout.oe674 (.text:LLITxIpPacket)
                  c0a2cc20    00000340     os.ae674 : mem.oe674 (.text:mmAlloc)
                  c0a2cf60    00000340     Local_pe674.oe674 (.text:xdc_runtime_System_printfExtend__I)
                  c0a2d2a0    00000320     nettool.ae674 : config.oe674 (.text:CfgAddEntry)
                  c0a2d5c0    00000320     stk6.ae674 : udp6.oe674 (.text:Udp6Input)
                  c0a2d8e0    00000320     sysbios.ae674 : BIOS.obj (.text:ti_sysbios_knl_Event_post__E)
                  c0a2dc00    00000320                   : BIOS.obj (.text:ti_sysbios_timers_timer64_Timer_initObj__I)
                  c0a2df20    00000300     EHRPWM.obj (.text)
                  c0a2e220    00000300     ti.drv.omapl138.ae674 : nimu_eth.oe674 (.text:Emacioctl)
                  c0a2e520    00000300     stk6.ae674 : sock6pcb.oe674 (.text:Sock6PcbBind)
                  c0a2e820    00000300     rts6740_elf.lib : strtoul.c.obj (.text:strtoul)
                  c0a2eb20    00000300     sysbios.ae674 : BIOS.obj (.text:ti_sysbios_knl_Semaphore_post__E)
                  c0a2ee20    00000300                   : BIOS.obj (.text:ti_sysbios_utils_Load_logLoads__I)
                  c0a2f120    00000300     ti.uia.services.ae674 : Rta.oe674 (.text:ti_uia_services_Rta_processMsg__I)
                  c0a2f420    000002e0     stk6.ae674 : ipv6_exthdrs.oe674 (.text:IPv6ParseExtnHeaders)
                  c0a2f700    000002e0                : route6.oe674 (.text:Rt6Find)
                  c0a2f9e0    000002e0                : sock6pcb.oe674 (.text:Sock6PcbFind)
                  c0a2fcc0    000002e0                : sock6pcb.oe674 (.text:Sock6PcbResolve)
                  c0a2ffa0    000002e0                : udp.oe674 (.text:UdpOutput)
                  c0a30280    000002e0     rts6740_elf.lib : fputs.c.obj (.text:fputs)
                  c0a30560    000002e0     ti.uia.services.ae674 : Rta.oe674 (.text:ti_uia_services_Rta_flushLogger__I)
                  c0a30840    000002c0     stk6.ae674 : bind.oe674 (.text:BindNew)
                  c0a30b00    000002c0     ti.drv.omapl138.ae674 : ethdriver.oe674 (.text:HwPktOpen)
                  c0a30dc0    000002c0     stk6.ae674 : ipv6_frag.oe674 (.text:IPv6FragQEnqueueFrag)
                  c0a31080    000002c0                : node.oe674 (.text:NodeAdd)
                  c0a31340    000002c0                : rtable.oe674 (.text:RtFind)
                  c0a31600    000002c0                : sb6.oe674 (.text:SB6Read)
                  c0a318c0    000002c0     TempSensor.obj (.text)
                  c0a31b80    000002c0     UART1.obj (.text)
                  c0a31e40    000002a0     nettool.ae674 : dhcpmain.oe674 (.text:DHCPOpen)
                  c0a320e0    000002a0     SATATest.obj (.text)
                  c0a32380    000002a0     stk6.ae674 : sock6.oe674 (.text:Sock6Close)
                  c0a32620    000002a0                : sock.oe674 (.text:SockClose)
                  c0a328c0    000002a0                : sockpcb.oe674 (.text:SockPcbResolve)
                  c0a32b60    000002a0                : tcp6prot.oe674 (.text:TCP6PrSetOption)
                  c0a32e00    000002a0                : tcpprot.oe674 (.text:TcpPrSetOption)
                  c0a330a0    000002a0     rts6740_elf.lib : _printfi.c.obj (.text:_pconv_e)
                  c0a33340    000002a0                     : _printfi.c.obj (.text:fcvt)
                  c0a335e0    000002a0     sysbios.ae674 : BIOS.obj (.text:ti_sysbios_knl_Clock_workFunc__E)
                  c0a33880    000002a0     ti.uia.runtime.ae674 : LoggerCircBuf.oe674 (.text:ti_uia_runtime_LoggerCircBuf_write8__E)
                  c0a33b20    00000280     ti.drv.omapl138.ae674 : csl_emac.oe674 (.text:EMAC_setReceiveFilter)
                  c0a33da0    00000280     stk6.ae674 : icmp.oe674 (.text:ICMPGenPacket)
                  c0a34020    00000280                : lli6.oe674 (.text:LLI6NeighUnreachStateMachine)
                  c0a342a0    00000280                : lli6.oe674 (.text:LLI6TxIPPacket)
                  c0a34520    00000280                : route6.oe674 (.text:Rt6Free)
                  c0a347a0    00000280                : sock.oe674 (.text:SockRecvNC)
                  c0a34a20    00000280                : udp6.oe674 (.text:Udp6Output)
                  c0a34ca0    00000280     sysbios.ae674 : BIOS.obj (.text:ti_sysbios_knl_Task_schedule__I)
                  c0a34f20    00000280                   : BIOS.obj (.text:ti_sysbios_knl_Task_startCore__E)
                  c0a351a0    00000280                   : BIOS.obj (.text:ti_sysbios_utils_Load_updateThreadContexts__E)
                  c0a35420    00000280     ti.targets.rts6000.ae674 : Error.oe674 (.text:xdc_runtime_Error_raiseX__F)
                  c0a356a0    00000260     ti.drv.omapl138.ae674 : csl_emac.oe674 (.text:EMAC_sendPacket)
                  c0a35900    00000260     stk6.ae674 : icmpv6in.oe674 (.text:ICMPv6RecvEchoRequest)
                  c0a35b60    00000260                : icmpv6_ndisc.oe674 (.text:ICMPv6SendNS)
                  c0a35dc0    00000260                : ipv6in.oe674 (.text:IPv6RxPacket)
                  c0a36020    00000260                : rawethsock.oe674 (.text:RawEthSockSet)
                  c0a36280    00000260                : sb6.oe674 (.text:SB6Write)
                  c0a364e0    00000260                : sb.oe674 (.text:SBWrite)
                  c0a36740    00000260                : sockpcb.oe674 (.text:SockPcbBind)
                  c0a369a0    00000260                : tcp6out.oe674 (.text:TCP6GenPacket)
                  c0a36c00    00000260     rts6740_elf.lib : imath64.c.obj (.text:__c6xabi_divull)
                  c0a36e60    00000260     drivers.lib : pru.obj (.text)
                  c0a370c0    00000260     sysbios.ae674 : BIOS.obj (.text:ti_sysbios_timers_timer64_Timer_start__E)
[...]
c0a62720  xdc_runtime_LoggerSys_Instance_init__F                              
c0a62740  xdc_runtime_LoggerSys_TimestampProxy_get64__E                       
c0a62760  xdc_runtime_LoggerSys_disable__E                                    
c0a62780  xdc_runtime_LoggerSys_disable__F                                    
c0a627a0  xdc_runtime_LoggerSys_enable__E                                     
c0a627c0  xdc_runtime_LoggerSys_enable__F                                     
c0a627e0  xdc_runtime_Memory_HeapProxy_alloc__E                               
c0a62800  xdc_runtime_Memory_HeapProxy_free__E                                
c0a62820  xdc_runtime_Memory_alloc__E                                         
c0a62840  xdc_runtime_Memory_calloc__E                                        
c0a62860  xdc_runtime_Memory_free__E                                          
c0a62880  xdc_runtime_Registry_findById__E                                    
c0a628a0  xdc_runtime_Startup_exec__E                                         
c0a628c0  xdc_runtime_Startup_reset__I                                        
c0a628e0  xdc_runtime_SysMin_Module_startup__E                                
c0a62900  xdc_runtime_SysMin_abort__E                                         
c0a62920  xdc_runtime_SysMin_exit__E                                          
c0a62940  xdc_runtime_SysMin_flush__E                                         
c0a62960  xdc_runtime_SysMin_output__I                                        
c0a62980  xdc_runtime_SysMin_putch__E                                         
c0a629a0  xdc_runtime_SysMin_ready__E                                         
c0a629c0  xdc_runtime_SysMin_ready__F                                         
c0a629e0  xdc_runtime_System_Module_GateProxy_enter__E                        
c0a62a00  xdc_runtime_System_Module_GateProxy_leave__E                        
c0a62a20  xdc_runtime_System_Module_startup__E                                
c0a62a40  xdc_runtime_System_Module_startup__F                                
c0a62a60  xdc_runtime_System_SupportProxy_abort__E                            
c0a62a80  xdc_runtime_System_SupportProxy_exit__E                             
c0a62aa0  xdc_runtime_System_SupportProxy_flush__E                            
c0a62aa0  xdc_runtime_System_flush__F                                         
c0a62ac0  xdc_runtime_System_SupportProxy_putch__E                            
c0a62ae0  xdc_runtime_System_SupportProxy_ready__E                            
c0a62b00  xdc_runtime_System_abort__E                                         
c0a62b20  xdc_runtime_System_atexit__E                                        
c0a62b40  xdc_runtime_System_exit__E                                          
c0a62b60  xdc_runtime_System_exit__F                                          
c0a62b80  xdc_runtime_System_flush__E                                         
c0a62ba0  xdc_runtime_System_lastFxn__I                                       
c0a62bc0  xdc_runtime_System_putch__E                                         
c0a62be0  xdc_runtime_System_vprintf__E                                       
c0a62c00  xdc_runtime_System_vsnprintf__E                                     
c0a62c20  xdc_runtime_System_snprintf_va__F                                   
c0a62c20  xdc_runtime_System_vsnprintf__F                                     
c0a62c40  NDK_vsprintf                                                        
c0a62c40  xdc_runtime_System_vsprintf__E                                      
c0a62c60  xdc_runtime_System_sprintf_va__F                                    
c0a62c60  xdc_runtime_System_vsprintf__F                                      
c0a62c80  xdc_runtime_Text_cordText__E                                        
c0a62ca0  xdc_runtime_Text_putLab__E                                          
c0a62cc0  xdc_runtime_Text_putSite__E                                         
c0a62ce0  xdc_runtime_Text_ropeText__E                                        
c0a62d00  xdc_runtime_TimestampNull_Module__startupDone__S                    
c0a62d20  xdc_runtime_TimestampNull_get64__E                                  
c0a62d40  xdc_runtime_TimestampNull_get64__F                                  
c0a62d60  xdc_runtime_TimestampNull_getFreq__E                                
c0a62d80  xdc_runtime_TimestampNull_getFreq__F                                
c0a62da0  xdc_runtime_Timestamp_Module__startupDone__S                        
c0a62dc0  xdc_runtime_Timestamp_SupportProxy_get32__E                         
c0a62dc0  xdc_runtime_Timestamp_get32__F                                      
c0a62de0  xdc_runtime_Timestamp_SupportProxy_getFreq__E                       
c0a62de0  xdc_runtime_Timestamp_getFreq__F                                    
c0a62e00  xdc_runtime_Timestamp_get32__E                                      
c0a62e20  xdc_runtime_Timestamp_getFreq__E                                    
c0a63000  CmdLists                                                            
c0a63400  ti_sysbios_family_c64p_EventCombiner_Module__state__V               
c0a63800  _ftable                                                             
c0a639e0  ti_sysbios_knl_Task_Object__table__V                                
c0a63a30  TSK_idle                                                            
c0a63b20  ti_uia_runtime_LoggerCircBuf_Object__table__V                       
c0a63c40  _ipcfg                                                              
c0a63cf4  _lock                                                               
c0a63cf8  g_sCmdTable                                                         
c0a63da0  _stream                                                             
c0a63e40  ti_sysbios_utils_Load_Module__state__V                              
c0a63ed8  ti_sysbios_family_c64p_Hwi_Object__table__V                         
c0a63f64  _unlock                                                             
c0a63f68  ti_sysbios_knl_Swi_Module_State_0_readyQ__A                         
c0a63fe8  ti_sysbios_knl_Task_Module_State_0_readyQ__A                        
c0a64068  _device                                                             
c0a640e0  ti_sysbios_utils_Load_Module_State_0_taskEnv__A                     
c0a64150  ti_sysbios_family_c64p_Hwi_Module__state__V                         
c0a641b8  ti_sysbios_timers_timer64_Timer_Module_State_0_device__A            
c0a64218  ti_sysbios_knl_Semaphore_Object__table__V                           
c0a6426c  __TI_ft_end                                                         
c0a64270  BootModeStr                                                         
c0a64310  ti_sysbios_gates_GateMutex_Object__table__V                         
c0a64360  ti_sysbios_timers_timer64_Timer_Object__table__V                    
c0a643b0  ulDataPatternTable                                                  
c0a6444e  ti_sysbios_utils_Load_Module__root__V                               
c0a64450  ti_sysbios_knl_Task_Module__state__V                                
c0a64494  ti_uia_sysbios_Adaptor_Module__state__V                             
c0a645c4  __errno                                                             
c0a645c4  errno                                                               
c0a645c8  ti_sysbios_knl_Swi_Object__table__V                                 
c0a645fc  ti_sysbios_family_c64p_Exception_Module__state__V                   
c0a6462c  ti_sysbios_knl_Clock_Module__state__V                               
c0a64654  _oscfg                                                              
c0a64678  ti_sysbios_knl_Clock_Object__table__V                               
c0a6469c  ti_sysbios_family_c64p_Cache_Module__state__V                       
c0a646a0  palette_32b                                                         
c0a646c0  pstrMsgName                                                         
c0a646e0  ti_sysbios_BIOS_Module__state__V                                    
c0a64700  ti_sysbios_knl_Queue_Object__table__V                               
c0a64720  ti_sysbios_timers_timer64_Timer_Module_State_0_gctrl__A             
c0a64740  ti_sysbios_timers_timer64_Timer_Module_State_0_handles__A           
c0a64760  ti_sysbios_timers_timer64_Timer_Module_State_0_intFreqs__A          
c0a64780  xdc_runtime_System_Module_State_0_atexitHandlers__A                 
c0a647a0  ti_ndk_config_Global_Id2Size                                        
c0a647bc  ti_sysbios_family_c64p_primus_TimerSupport_Module__state__V         
c0a647c0  ti_sysbios_heaps_HeapMem_Object__table__V                           
c0a647dc  ti_sysbios_knl_Swi_Module__state__V                                 
c0a64828  ti_uia_services_Rta_Module__state__V                                
c0a64840  LinkStr                                                             
c0a64854  xdc_runtime_Memory_Module__state__V                                 
c0a6486c  xdc_runtime_Error_Module__state__V                                  
c0a648b4  ti_sysbios_timers_timer64_Timer_Module__state__V                    
c0a648c8  txArray                                                             
c0a648e0  SEGVal                                                              
c0a648f0  ti_sysbios_knl_Event_Object__table__V                               
c0a64900  ti_sysbios_syncs_SyncEvent_Object__table__V                         
c0a64910  __TI_cleanup_ptr                                                    
c0a64914  __TI_dtors_ptr                                                      
c0a64918  __TI_enable_exit_profile_output                                     
c0a6491c  ti_sysbios_family_c64p_Hwi_Module__root__V                          
c0a64928  ti_sysbios_hal_Hwi_Module__root__V                                  
c0a64938  ti_sysbios_hal_Hwi_Object__table__V                                 
c0a64948  ti_sysbios_hal_Timer_Object__table__V                               
c0a64954  ti_sysbios_knl_Clock_Module__root__V                                
c0a64960  ti_sysbios_knl_Event_Module__root__V                                
c0a6496c  ti_sysbios_knl_Semaphore_Module__root__V                            
c0a64978  ti_sysbios_knl_Swi_Module__root__V                                  
c0a64984  ti_sysbios_knl_Task_Module__root__V                                 
c0a64990  ti_uia_runtime_LogSync_Module__state__V                             
c0a6499c  ti_uia_runtime_QueueDescriptor_Module__state__V                     
c0a649a8  ti_uia_services_Rta_Module_State_0_loggers__A                       
c0a649b8  xdc_runtime_LoggerSys_Object__table__V                              
c0a649c4  xdc_runtime_SysMin_Module__state__V                                 
c0a649d0  xdc_runtime_System_Module__state__V                                 
c0a64a00  NIMUDeviceTable                                                     
c0a64a08  ti_sysbios_family_c64p_primus_TimerSupport_Module_State_0_suspSrc__A
c0a64a10  ti_sysbios_gates_GateHwi_Module__root__V                            
c0a64a18  ti_sysbios_gates_GateHwi_Object__table__V                           
c0a64a20  ti_sysbios_gates_GateMutex_Module__root__V                          
c0a64a28  ti_sysbios_heaps_HeapMem_Module__root__V                            
c0a64a30  ti_sysbios_knl_Queue_Module__root__V                                
c0a64a38  ti_sysbios_syncs_SyncEvent_Module__root__V                          
c0a64a40  ti_sysbios_timers_timer64_Timer_Module__root__V                     
c0a64a48  ti_uia_runtime_LoggerCircBuf_Module__root__V                        
c0a64a50  ti_uia_runtime_LoggerCircBuf_Module__state__V                       
c0a64a58  ti_uia_runtime_ServiceMgr_Module__state__V                          
c0a64a60  xdc_runtime_LoggerSys_Module__root__V                               
c0a64a68  xdc_runtime_Registry_Module__state__V                               
c0a64a70  xdc_runtime_Startup_Module__state__V                                
c0a64a80  LEDNixieVal                                                         
c0a64a88  ti_sysbios_knl_Task_Module_State_0_idleTask__A                      
c0a64a90  ti_sysbios_utils_Load_Module_State_0_runningTask__A                 
c0a64a98  ti_sysbios_utils_Load_Module_State_0_taskStartTime__A               
c0a64c74  __TI_STATIC_BASE                                                    
c0a64c8c  _IGMPInDiscard                                                      
c0a64c90  _IGMPInQuery                                                        
c0a64c94  _IGMPInQueryGroup                                                   
c0a64c98  _IGMPInResponse                                                     
c0a64c9c  _IGMPOutResponse                                                    
c0a64cb2  offset                                                              
c0a64ce8  BootMode                                                            
c0a64cec  KEY4SwiHandle                                                       
c0a64cf0  KEY6SwiHandle                                                       
c0a64cf4  UARTConsoleSemHandle                                                
c0a64cf8  UARTConsoleTaskHandle                                               
c0a64cfc  p_rx                                                                
c0a64d00  p_tx                                                                
c0a64d04  rx_len                                                              
c0a64d08  tx_len                                                              
c0a64d0c  PITCount                                                            
c0a64d10  PITUsed                                                             
c0a64d14  PITHigh                                                             
c0a64db4  _IGMPForceVersion1                                                  
c0a64dcc  TxChanEnable_all                                                    
c0a64dd0  RxChanEnable_all                                                    
c0a64dd4  TransportNdk_tcpPort                                                
c0a64dd6  TransportNdk_udpPort                                                
c0a64dd8  TransportNdk_failedUDPPacket                                        
c0a64ddc  TransportNdk_failedTCPPacket                                        
c0a64de0  sataRegs                                                            
c0a64de4  temp                                                                
c0a64e00  _ICMPInErrors                                                       
c0a64e04  _ICMPOutErrors                                                      
c0a64e08  _IPExecuting                                                        
c0a64e18  gFragQList                                                          
c0a64e30  tcp_iss                                                             
c0a64e34  ptTimeFirst                                                         
c0a64e38  pt6TimeFirst                                                        
c0a64e3c  tcp6_iss                                                            
c0a64e48  ti_uia_runtime_QueueDescriptor_gPtrToFirstDescriptor                
c0a64e4c  ti_uia_runtime_QueueDescriptor_gUpdateCount                         
c0a64e50  spi_flag                                                            
c0a64e54  SoftPWM                                                             
c0a64e58  ti_ndk_config_Global_HostName                                       
c0a64e5c  OSCINFreq                                                           
c0a64e70  _IPReasmPtr                                                         
c0a64e7c  gMLDNodeList                                                        
c0a64e94  ti_uia_runtime_LogSync_gNumTimesHalted                              
c0a64e98  CmdHistorySaveNo                                                    
c0a64e99  CmdHistorySaveIndex                                                 
c0a64e9a  CmdHistoryDisplayIndex                                              
c0a64e9b  LED_OP                                                              
c0a64e9c  IPV6_MAX_MULTICAST_SOLICIT                                          
c0a64ea0  IPV6_MAX_UNICAST_SOLICIT                                            
c0a64ea4  IPV6_RETRANS_TIME                                                   
c0a64ea8  IPV6_DELAY_FIRST_PROBE_TIME                                         
c0a64eac  IPV6_REACHABLE_TIME                                                 
c0a64eb0  IPV6_MAX_RTR_SOLICITATION_DELAY                                     
c0a64eb4  IPV6_RTR_SOLICITATION_INTERVAL                                      
c0a64eb8  IPV6_MAX_RTR_SOLICITATIONS                                          
c0a64ebc  INFINITE_LT                                                         
c0a64ec0  ti_ndk_config_Global_rawPageSize                                    
c0a64ec4  ti_ndk_config_Global_rawPageCount                                   
c0a64ec8  ti_ndk_config_Global_smallest                                       
c0a64ecc  ti_ndk_config_Global_largest                                        
c0a64ed0  ti_ndk_config_Global_numFrameBuf                                    
c0a64ed4  ti_ndk_config_Global_sizeFrameBuf                                   
c0a64ed8  SystemHeap                                                          
c0a64ee0  __CIOBUF_                                                           
c0a65000  ti_sysbios_family_c64p_Hwi0                                         
c0a65000  ti_sysbios_family_c64p_Hwi_int0                                     
c0a65020  ti_sysbios_family_c64p_Hwi_int1                                     
c0a65040  ti_sysbios_family_c64p_Hwi_int2                                     
c0a65060  ti_sysbios_family_c64p_Hwi_int3                                     
c0a65080  ti_sysbios_family_c64p_Hwi_int4                                     
c0a650a0  ti_sysbios_family_c64p_Hwi_int5                                     
c0a650c0  ti_sysbios_family_c64p_Hwi_int6                                     
c0a650e0  ti_sysbios_family_c64p_Hwi_int7                                     
c0a65100  ti_sysbios_family_c64p_Hwi_int8                                     
c0a65120  ti_sysbios_family_c64p_Hwi_int9                                     
c0a65140  ti_sysbios_family_c64p_Hwi_int10                                    
c0a65160  ti_sysbios_family_c64p_Hwi_int11                                    
c0a65180  ti_sysbios_family_c64p_Hwi_int12                                    
c0a651a0  ti_sysbios_family_c64p_Hwi_int13                                    
c0a651c0  ti_sysbios_family_c64p_Hwi_int14                                    
c0a651e0  ti_sysbios_family_c64p_Hwi_int15                                    
c0a6626c  __TI_Handler_Table_Base                                             
c0a66274  __TI_Handler_Table_Limit                                            
c0a66278  __TI_CINIT_Base                                                     
c0a662a8  __TI_CINIT_Limit                                                    
ffffffff  __TI_pprof_out_hndl                                                 
ffffffff  __TI_prof_data_size                                                 
ffffffff  __TI_prof_data_start                                                
ffffffff  __binit__                                                           
ffffffff  __c_args__                                                          
ffffffff  binit                                                               
UNDEFED   __TI_INITARRAY_Base                                                 
UNDEFED   __TI_INITARRAY_Limit                                                

[2186 symbols]
