******************************************************************************
               TMS320C6x Linker PC v8.3.12                     
******************************************************************************
>> Linked Sat Apr 30 22:17:24 2022

OUTPUT FILE NAME:   <Board_C674x.out>
ENTRY POINT SYMBOL: "_c_int00"  address: c227cac0


MEMORY CONFIGURATION

         name            origin    length      used     unused   attr    fill
----------------------  --------  ---------  --------  --------  ----  --------
  DSPL2RAM              00800000   00040000  00004000  0003c000  RW  
  SHRAM                 80000000   00020000  00000004  0001fffc  RW X
  DDR2                  c0000000   08000000  022bc158  05d43ea8  RW X


SEGMENT ALLOCATION MAP

run origin  load origin   length   init length attrs members
----------  ----------- ---------- ----------- ----- -------
00800000    00800000    00004000   00000000    rw-
  00800000    00800000    00004000   00000000    rw- .stack
80000000    80000000    00000004   00000000    rw-
  80000000    80000000    00000004   00000000    rw- .LEDNixieVal
c0000000    c0000000    021d743c   00000000    rw-
  c0000000    c0000000    02000000   00000000    rw- SystemHeap
  c2000000    c2000000    001d743c   00000000    rw- .far
c21d7440    c21d7440    000e23c0   000e23c0    r-x
  c21d7440    c21d7440    000ac040   000ac040    r-x .text
  c2283480    c2283480    00036162   00036162    r-- .const
  c22b95e4    c22b95e4    0000021c   0000021c    r-- .switch.1
c22b9800    c22b9800    00001434   00000000    rw-
  c22b9800    c22b9800    00001434   00000000    rw- .fardata
c22bac34    c22bac34    000004c0   000004c0    r--
  c22bac34    c22bac34    000004c0   000004c0    r-- .switch.2
c22bb0f4    c22bb0f4    000001aa   00000000    rw-
  c22bb0f4    c22bb0f4    000000f2   00000000    rw- .bss
  c22bb1e8    c22bb1e8    000000b6   00000000    rw- .neardata
c22bb2a0    c22bb2a0    00000120   00000000    rw-
  c22bb2a0    c22bb2a0    00000120   00000000    rw- .cio
c22bb400    c22bb400    00000da0   00000da0    r-x
  c22bb400    c22bb400    00000200   00000200    r-x .vecs
  c22bb600    c22bb600    00000ba0   00000ba0    r-- .cinit


SECTION ALLOCATION MAP

 output                                  attributes/
section   page    origin      length       input sections
--------  ----  ----------  ----------   ----------------
.LEDNixieVal 
*          0    80000000    00000004     UNINITIALIZED
                  80000000    00000004     LEDNixie.obj (.LEDNixieVal)

.stack     0    00800000    00004000     UNINITIALIZED
                  00800000    00000008     boot.ae674 : boot.oe674 (.stack)
                  00800008    00003ff8     --HOLE--

.bss       0    c22bb0f4    000000f2     UNINITIALIZED
                  c22bb0f4    00000018     hal_timer_bios.ae674 : lltimer.oe674 (.bss)
                  c22bb10c    0000000c     lv_anim.obj (.bss)
                  c22bb118    0000000c     lv_tileview.obj (.bss)
                  c22bb124    00000008     lv_refr.obj (.bss)
                  c22bb12c    00000008     lv_spinner.obj (.bss)
                  c22bb134    00000008     lv_theme_default.obj (.bss)
                  c22bb13c    00000004     chinese_ime.obj (.bss)
                  c22bb140    00000004     lv_event.obj (.bss)
                  c22bb144    00000004     lv_group.obj (.bss)
                  c22bb148    00000004     lv_hal_disp.obj (.bss)
                  c22bb14c    00000004     lv_indev.obj (.bss)
                  c22bb150    00000004     lv_log.obj (.bss)
                  c22bb154    00000004     lv_mem.obj (.bss)
                  c22bb158    00000004     lv_obj_pos.obj (.bss)
                  c22bb15c    00000004     lv_tabview.obj (.bss)
                  c22bb160    00000004     lv_textarea.obj (.bss)
                  c22bb164    00000004     (.common:KEY4SwiHandle)
                  c22bb168    00000004     (.common:KEY6SwiHandle)
                  c22bb16c    00000004     (.common:LV_LAYOUT_FLEX)
                  c22bb170    00000004     (.common:LV_LAYOUT_GRID)
                  c22bb174    00000004     (.common:LV_STYLE_FLEX_CROSS_PLACE)
                  c22bb178    00000004     (.common:LV_STYLE_FLEX_FLOW)
                  c22bb17c    00000004     (.common:LV_STYLE_FLEX_GROW)
                  c22bb180    00000004     (.common:LV_STYLE_FLEX_MAIN_PLACE)
                  c22bb184    00000004     (.common:LV_STYLE_FLEX_TRACK_PLACE)
                  c22bb188    00000004     (.common:LV_STYLE_GRID_CELL_COLUMN_POS)
                  c22bb18c    00000004     (.common:LV_STYLE_GRID_CELL_COLUMN_SPAN)
                  c22bb190    00000004     (.common:LV_STYLE_GRID_CELL_ROW_POS)
                  c22bb194    00000004     (.common:LV_STYLE_GRID_CELL_ROW_SPAN)
                  c22bb198    00000004     (.common:LV_STYLE_GRID_CELL_X_ALIGN)
                  c22bb19c    00000004     (.common:LV_STYLE_GRID_CELL_Y_ALIGN)
                  c22bb1a0    00000004     (.common:LV_STYLE_GRID_COLUMN_ALIGN)
                  c22bb1a4    00000004     (.common:LV_STYLE_GRID_COLUMN_DSC_ARRAY)
                  c22bb1a8    00000004     (.common:LV_STYLE_GRID_ROW_ALIGN)
                  c22bb1ac    00000004     (.common:LV_STYLE_GRID_ROW_DSC_ARRAY)
                  c22bb1b0    00000004     (.common:UARTConsoleSemHandle)
                  c22bb1b4    00000004     (.common:UARTConsoleTaskHandle)
                  c22bb1b8    00000004     (.common:_lv_grad_cache_mem)
                  c22bb1bc    00000004     (.common:_lv_layout_list)
                  c22bb1c0    00000004     (.common:_lv_theme_basic_styles)
                  c22bb1c4    00000004     (.common:_lv_theme_default_styles)
                  c22bb1c8    00000004     (.common:_lv_timer_act)
                  c22bb1cc    00000004     (.common:indev_touchpad)
                  c22bb1d0    00000004     (.common:p_rx)
                  c22bb1d4    00000004     (.common:p_tx)
                  c22bb1d8    00000004     (.common:rx_len)
                  c22bb1dc    00000004     (.common:tx_len)
                  c22bb1e0    00000002     lv_timer.obj (.bss)
                  c22bb1e2    00000002     lv_win.obj (.bss)
                  c22bb1e4    00000001     lv_colorwheel.obj (.bss)
                  c22bb1e5    00000001     lv_hal_tick.obj (.bss)

.neardata 
*          0    c22bb1e8    000000b6     UNINITIALIZED
                  c22bb1e8    00000020     lv_txt.obj (.neardata)
                  c22bb208    00000018     os.ae674 : task.oe674 (.neardata)
                  c22bb220    00000010     lv_timer.obj (.neardata)
                  c22bb230    00000009     lv_draw_sw_gradient.obj (.neardata)
                  c22bb239    00000003     UARTConsole.obj (.neardata)
                  c22bb23c    00000008     SATA.obj (.neardata)
                  c22bb244    00000008     lv_calendar_header_dropdown.obj (.neardata)
                  c22bb24c    00000008     lv_draw_sw_letter.obj (.neardata)
                  c22bb254    00000008     lv_indev.obj (.neardata)
                  c22bb25c    00000008     lv_obj.obj (.neardata)
                  c22bb264    00000005     lv_colorwheel.obj (.neardata)
                  c22bb269    00000003     lv_hal_disp.obj (.neardata)
                  c22bb26c    00000004     Flash.obj (.neardata)
                  c22bb270    00000004     LED.obj (.neardata)
                  c22bb274    00000004     PLL.obj (.neardata)
                  c22bb278    00000004     hal_timer_bios.ae674 : lltimer.oe674 (.neardata)
                  c22bb27c    00000004     lv_event.obj (.neardata)
                  c22bb280    00000004     lv_hal_tick.obj (.neardata)
                  c22bb284    00000004     lv_log.obj (.neardata)
                  c22bb288    00000004     lv_math.obj (.neardata)
                  c22bb28c    00000004     lv_mem.obj (.neardata)
                  c22bb290    00000004     lv_port_indev_c674x.obj (.neardata)
                  c22bb294    00000004     zh_cn_pinyin_dict.obj (.neardata)
                  c22bb298    00000002     lv_style.obj (.neardata)
                  c22bb29a    00000001     Timer.obj (.neardata)
                  c22bb29b    00000001     lv_obj_pos.obj (.neardata)
                  c22bb29c    00000001     lv_obj_style.obj (.neardata)
                  c22bb29d    00000001     lv_theme_default.obj (.neardata)

.rodata    0    c22bb29e    00000000     UNINITIALIZED

.cinit     0    c22bb600    00000ba0     
                  c22bb600    00000ac8     (.cinit..fardata.load) [load image, compression = rle]
                  c22bc0c8    0000006a     (.cinit..neardata.load) [load image, compression = rle]
                  c22bc132    00000016     (.cinit.SystemHeap.load) [load image, compression = rle]
                  c22bc148    0000000d     (.cinit..far.load) [load image, compression = rle]
                  c22bc155    00000009     (.cinit..LEDNixieVal.load) [load image, compression = rle]
                  c22bc15e    00000009     (.cinit..bss.load) [load image, compression = rle]
                  c22bc167    00000001     --HOLE-- [fill = 0]
                  c22bc168    00000008     (__TI_handler_table)
                  c22bc170    00000030     (__TI_cinit_table)

.init_array 
*          0    c0000000    00000000     UNINITIALIZED

SystemHeap 
*          0    c0000000    02000000     UNINITIALIZED
                  c0000000    02000000     Local_pe674.oe674 (SystemHeap)

.vecs      0    c22bb400    00000200     
                  c22bb400    00000200     Local_pe674.oe674 (.vecs)

xdc.meta   0    c0000000    000000f8     COPY SECTION
                  c0000000    000000f8     Local_pe674.oe674 (xdc.meta)

.far       0    c2000000    001d743c     UNINITIALIZED
                  c2000000    00100000     lv_mem.obj (.far:work_mem_int$1)
                  c2100000    000bb824     (.common:g_pucBuffer)
                  c21bb824    00000004     (.common:swCtrlFeatures)
                  c21bb828    00010000     (.common:buff)
                  c21cb828    00003e80     lv_port_disp_c674x.obj (.far:buf_1$2)
                  c21cf6a8    00003e80     lv_port_disp_c674x.obj (.far:buf_2$3)
                  c21d3528    00002800     Local_pe674.oe674 (.far:taskStackSection)
                  c21d5d28    00000800     (.common:CmdHistory)
                  c21d6528    00000400     (.common:xdc_runtime_SysMin_Module_State_0_outbuf__A)
                  c21d6928    00000140     (.common:__TI_tmpnams)
                  c21d6a68    00000104     (.common:rx_data)
                  c21d6b6c    00000002     lv_theme_default.obj (.far:color_card)
                  c21d6b6e    00000002     lv_theme_default.obj (.far:color_grey)
                  c21d6b70    00000104     (.common:tx_data)
                  c21d6c74    00000002     lv_theme_default.obj (.far:color_scr)
                  c21d6c76    00000002     lv_theme_default.obj (.far:color_text)
                  c21d6c78    00000104     (.common:vrf_data)
                  c21d6d7c    00000004     --HOLE--
                  c21d6d80    00000100     lv_draw_sw_letter.obj (.far:opa_table$1)
                  c21d6e80    00000080     (.common:_lv_draw_mask_list)
                  c21d6f00    000000a0     (.common:RcvFis)
                  c21d6fa0    00000080     (.common:lv_mem_buf)
                  c21d7020    00000080     UARTConsole.obj (.far:UARTWriteBuffer)
                  c21d70a0    00000070     (.common:_lv_circle_cache)
                  c21d7110    0000004c     lv_port_disp_c674x.obj (.far:disp_drv$4)
                  c21d715c    00000004     --HOLE--
                  c21d7160    00000040     (.common:g_cCmdBuf)
                  c21d71a0    00000030     (.common:pllcfg)
                  c21d71d0    0000002c     (.common:_lv_img_cache_single)
                  c21d71fc    0000002a     (.common:TouchInfo)
                  c21d7226    00000002     --HOLE--
                  c21d7228    00000024     (.common:RTCTime)
                  c21d724c    00000004     --HOLE--
                  c21d7250    00000024     cmdline.obj (.far:argv$1)
                  c21d7274    00000024     lv_theme_default.obj (.far:theme)
                  c21d7298    00000020     lv_port_indev_c674x.obj (.far:indev_drv$1)
                  c21d72b8    0000001c     lv_port_disp_c674x.obj (.far:draw_buf_dsc$1)
                  c21d72d4    00000004     --HOLE--
                  c21d72d8    0000001a     rts6740_elf.lib : asctime.c.obj (.far:time_buf)
                  c21d72f2    00000002     --HOLE--
                  c21d72f4    00000018     lv_refr.obj (.far:perf_monitor)
                  c21d730c    00000014     lv_theme_default.obj (.far:trans_delayed$2)
                  c21d7320    00000014     lv_theme_default.obj (.far:trans_normal$3)
                  c21d7334    00000004     --HOLE--
                  c21d7338    0000000f     cJSON.obj (.far:version$1)
                  c21d7347    00000001     --HOLE--
                  c21d7348    0000000c     (.common:_lv_anim_ll)
                  c21d7354    0000000c     (.common:_lv_disp_ll)
                  c21d7360    0000000c     (.common:_lv_fsdrv_ll)
                  c21d736c    0000000c     (.common:_lv_group_ll)
                  c21d7378    0000000c     (.common:_lv_img_decoder_ll)
                  c21d7384    0000000c     (.common:_lv_indev_ll)
                  c21d7390    0000000c     (.common:_lv_obj_style_trans_ll)
                  c21d739c    0000000c     (.common:_lv_timer_ll)
                  c21d73a8    0000000c     (.common:ti_sysbios_knl_Task_Instance_State_0_hookEnv__A)
                  c21d73b4    00000004     --HOLE--
                  c21d73b8    0000000c     (.common:ti_sysbios_knl_Task_Instance_State_1_hookEnv__A)
                  c21d73c4    00000004     --HOLE--
                  c21d73c8    0000000a     (.common:I2CData)
                  c21d73d2    00000006     --HOLE--
                  c21d73d8    00000008     (.common:parmbuf)
                  c21d73e0    00000008     lv_font_montserrat_14.obj (.far:cache)
                  c21d73e8    00000008     lv_font_source_han_sans_bold_14.obj (.far:cache)
                  c21d73f0    00000008     lv_theme_default.obj (.far:dark_filter$4)
                  c21d73f8    00000008     lv_theme_default.obj (.far:grey_filter$5)
                  c21d7400    00000008     lv_refr.obj (.far:mem_monitor)
                  c21d7408    00000008     chinese_ime.obj (.far:panel_style$1)
                  c21d7410    00000004     (.common:ti_sysbios_family_c64p_Hwi_Instance_State_0_hookEnv__A)
                  c21d7414    00000004     --HOLE--
                  c21d7418    00000004     (.common:ti_sysbios_family_c64p_Hwi_Instance_State_1_hookEnv__A)
                  c21d741c    00000004     --HOLE--
                  c21d7420    00000004     (.common:ti_sysbios_family_c64p_Hwi_Instance_State_2_hookEnv__A)
                  c21d7424    00000004     --HOLE--
                  c21d7428    00000004     (.common:ti_sysbios_family_c64p_Hwi_Instance_State_3_hookEnv__A)
                  c21d742c    00000004     --HOLE--
                  c21d7430    00000004     (.common:ti_sysbios_family_c64p_Hwi_Instance_State_4_hookEnv__A)
                  c21d7434    00000004     --HOLE--
                  c21d7438    00000004     (.common:ti_sysbios_knl_Swi_Instance_State_0_hookEnv__A)

.text      0    c21d7440    000ac040     
                  c21d7440    00006200     cJSON.obj (.text)
                  c21dd640    00006120     lv_chart.obj (.text)
                  c21e3760    00005380     lv_theme_default.obj (.text)
                  c21e8ae0    000050a0     lv_draw_mask.obj (.text)
                  c21edb80    00004460     lv_draw_sw_rect.obj (.text)
                  c21f1fe0    00003a60     lv_obj_pos.obj (.text)
                  c21f5a40    000036a0     lv_textarea.obj (.text)
                  c21f90e0    00003420     lv_btnmatrix.obj (.text)
                  c21fc500    000030a0     lv_label.obj (.text)
                  c21ff5a0    000030a0     lv_table.obj (.text)
                  c2202640    00003000     lv_obj_scroll.obj (.text)
                  c2205640    00002fa0     lv_tlsf.obj (.text)
                  c22085e0    00002e60     lv_img_buf.obj (.text)
                  c220b440    00002e40     lv_obj_style.obj (.text)
                  c220e280    00002de0     lv_indev.obj (.text)
                  c2211060    00002d00     lv_dropdown.obj (.text)
                  c2213d60    000028e0     lv_refr.obj (.text)
                  c2216640    00002720     lv_obj.obj (.text)
                  c2218d60    000025a0     lv_arc.obj (.text)
                  c221b300    00002420     lv_img.obj (.text)
                  c221d720    00002340     lv_grid.obj (.text)
                  c221fa60    00002300     lv_meter.obj (.text)
                  c2221d60    000022a0     lv_draw_sw_blend.obj (.text)
                  c2224000    000020c0     rts6740_elf.lib : _printfi.c.obj (.text:__TI_printfi)
                  c22260c0    000020a0     lv_flex.obj (.text)
                  c2228160    00002080     rts6740_elf.lib : _scanfi.c.obj (.text:__TI_scanfi)
                  c222a1e0    00001e40     lv_img_decoder.obj (.text)
                  c222c020    00001e20     lv_colorwheel.obj (.text)
                  c222de40    00001e20     lv_draw_sw_arc.obj (.text)
                  c222fc60    00001e00     lv_indev_scroll.obj (.text)
                  c2231a60    00001d60     lv_hal_disp.obj (.text)
                  c22337c0    00001d40     lv_roller.obj (.text)
                  c2235500    00001c80     lv_obj_style_gen.obj (.text)
                  c2237180    00001ba0     lv_style_gen.obj (.text)
                  c2238d20    00001b00     lv_bar.obj (.text)
                  c223a820    00001920     lv_txt.obj (.text)
                  c223c140    000018c0     lv_slider.obj (.text)
                  c223da00    00001840     lv_event.obj (.text)
                  c223f240    000017e0     lv_obj_draw.obj (.text)
                  c2240a20    000017a0     drivers.lib : rtc.obj (.text)
                  c22421c0    000015c0     lv_mem.obj (.text)
                  c2243780    000015a0     lv_menu.obj (.text)
                  c2244d20    00001500     lv_fs.obj (.text)
                  c2246220    000014e0     lv_printf.obj (.text)
                  c2247700    000014a0     lv_area.obj (.text)
                  c2248ba0    000013e0     lv_group.obj (.text)
                  c2249f80    00001320     lv_draw_sw_line.obj (.text)
                  c224b2a0    00001180     lv_spinbox.obj (.text)
                  c224c420    000010c0     lv_anim.obj (.text)
                  c224d4e0    00001040     lv_obj_tree.obj (.text)
                  c224e520    00001020     lv_calendar.obj (.text)
                  c224f540    00001000     lv_draw_label.obj (.text)
                  c2250540    00000fa0     lv_disp.obj (.text)
                  c22514e0    00000e00     drivers.lib : raster.obj (.text)
                  c22522e0    00000dc0                 : ehrpwm.obj (.text)
                  c22530a0    00000d60     lv_draw_sw_gradient.obj (.text)
                  c2253e00    00000cc0     lv_style.obj (.text)
                  c2254ac0    00000c80     lv_draw_sw_img.obj (.text)
                  c2255740    00000c60     lv_color.obj (.text)
                  c22563a0    00000bc0     lv_draw_arc.obj (.text)
                  c2256f60    00000ba0     lv_tabview.obj (.text)
                  c2257b00    00000b00     lv_keyboard.obj (.text)
                  c2258600    00000ac0     lv_font_fmt_txt.obj (.text)
                  c22590c0    00000aa0     lv_checkbox.obj (.text)
                  c2259b60    00000a60     lv_draw_img.obj (.text)
                  c225a5c0    00000a40     lv_switch.obj (.text)
                  c225b000    00000a20     Flash.obj (.text)
                  c225ba20    000009a0     UARTConsole.obj (.text)
                  c225c3c0    000009a0     lv_draw_sw_letter.obj (.text)
                  c225cd60    00000980     Command.obj (.text)
                  c225d6e0    00000920     rts6740_elf.lib : strtod.c.obj (.text:strtod)
                  c225e000    00000900     lv_ll.obj (.text)
                  c225e900    000008a0     ti.targets.rts6000.ae674 : System.oe674 (.text:xdc_runtime_System_doPrint__I)
                  c225f1a0    00000860     lv_draw_sw_polygon.obj (.text)
                  c225fa00    00000820     lv_led.obj (.text)
                  c2260220    00000820     lv_timer.obj (.text)
                  c2260a40    000007a0     lv_math.obj (.text)
                  c22611e0    00000780     sysbios.ae674 : BIOS.obj (.text:ti_sysbios_family_c64p_Exception_handler__I)
                  c2261960    00000740     chinese_ime.obj (.text)
                  c22620a0    00000720     sysbios.ae674 : BIOS.obj (.text:ti_sysbios_heaps_HeapMem_free__E)
                  c22627c0    000006e0     lv_line.obj (.text)
                  c2262ea0    000006a0     SATA.obj (.text)
                  c2263540    000006a0     sysbios.ae674 : BIOS.obj (.text:ti_sysbios_knl_Semaphore_pend__E)
                  c2263be0    000006a0                   : BIOS.obj (.text:ti_sysbios_knl_Task_Instance_finalize__F)
                  c2264280    00000680     I2C.obj (.text)
                  c2264900    00000660     Touch.obj (.text)
                  c2264f60    00000660     rts6740_elf.lib : _printfi.c.obj (.text:_pconv_a)
                  c22655c0    00000620     lv_obj_class.obj (.text)
                  c2265be0    00000620     sysbios.ae674 : BIOS.obj (.text:ti_sysbios_heaps_HeapMem_alloc__E)
                  c2266200    00000600     rts6740_elf.lib : divd.c.obj (.text:__c6xabi_divd)
                  c2266800    00000600     lv_hal_indev.obj (.text)
                  c2266e00    00000600     lv_tileview.obj (.text)
                  c2267400    00000600     sysbios.ae674 : BIOS.obj (.text:ti_sysbios_knl_Task_Instance_init__F)
                  c2267a00    000005c0     DDR2.obj (.text)
                  c2267fc0    000005a0     drivers.lib : spi.obj (.text)
                  c2268560    00000580                 : gpio.obj (.text)
                  c2268ae0    00000580                 : uart.obj (.text)
                  c2269060    00000560     lv_port_disp_c674x.obj (.text)
                  c22695c0    000004e0     LCD.obj (.text)
                  c2269aa0    000004e0     RTC.obj (.text)
                  c2269f80    000004e0     sysbios.ae674 : BIOS.obj (.text:ti_sysbios_timers_timer64_Timer_Module_startup__F)
                  c226a460    000004c0     drivers.lib : i2c.obj (.text)
                  c226a920    000004c0     rts6740_elf.lib : strtoll.c.obj (.text:strtoll)
                  c226ade0    00000440                     : strtoull.c.obj (.text:strtoull)
                  c226b220    00000420     sysbios.ae674 : BIOS.obj (.text:ti_sysbios_knl_Task_sleep__E)
                  c226b640    00000400     EEPROM.obj (.text)
                  c226ba40    00000400     LED.obj (.text)
                  c226be40    00000400     rts6740_elf.lib : _printfi.c.obj (.text:_pconv_g)
                  c226c240    000003e0     KEY.obj (.text)
                  c226c620    000003e0     PLL.obj (.text)
                  c226ca00    000003e0     lv_calendar_header_arrow.obj (.text)
                  c226cde0    000003c0     sysbios.ae674 : BIOS.obj (.text:ti_sysbios_family_c64p_Hwi_dispatchCore__I)
                  c226d1a0    000003c0                   : BIOS.obj (.text:ti_sysbios_heaps_HeapMem_Instance_init__F)
                  c226d560    000003c0                   : BIOS.obj (.text:ti_sysbios_timers_timer64_Timer_Instance_init__F)
                  c226d920    000003a0     rts6740_elf.lib : strtol.c.obj (.text:strtol)
                  c226dcc0    000003a0     sysbios.ae674 : BIOS.obj (.text:ti_sysbios_knl_Swi_run__I)
                  c226e060    00000380     UART1.obj (.text)
                  c226e3e0    00000380     lv_theme.obj (.text)
                  c226e760    00000360     sysbios.ae674 : BIOS.obj (.text:ti_sysbios_knl_Clock_Instance_init__F)
                  c226eac0    00000360                   : BIOS.obj (.text:ti_sysbios_knl_Swi_Instance_init__F)
                  c226ee20    00000360                   : BIOS.obj (.text:ti_sysbios_timers_timer64_Timer_deviceConfig__I)
                  c226f180    00000340     Local_pe674.oe674 (.text:xdc_runtime_System_printfExtend__I)
                  c226f4c0    00000320     sysbios.ae674 : BIOS.obj (.text:ti_sysbios_timers_timer64_Timer_initObj__I)
                  c226f7e0    00000300     EHRPWM.obj (.text)
                  c226fae0    00000300     lv_calendar_header_dropdown.obj (.text)
                  c226fde0    00000300     rts6740_elf.lib : strtoul.c.obj (.text:strtoul)
                  c22700e0    00000300     sysbios.ae674 : BIOS.obj (.text:ti_sysbios_knl_Semaphore_post__E)
                  c22703e0    00000300                   : BIOS.obj (.text:ti_sysbios_utils_Load_logLoads__I)
                  c22706e0    000002e0     rts6740_elf.lib : fputs.c.obj (.text:fputs)
                  c22709c0    000002e0     lv_spinner.obj (.text)
                  c2270ca0    000002c0     TempSensor.obj (.text)
                  c2270f60    000002c0     lv_win.obj (.text)
                  c2271220    000002a0     SATATest.obj (.text)
                  c22714c0    000002a0     rts6740_elf.lib : _printfi.c.obj (.text:_pconv_e)
                  c2271760    000002a0                     : _printfi.c.obj (.text:fcvt)
                  c2271a00    000002a0     sysbios.ae674 : BIOS.obj (.text:ti_sysbios_knl_Clock_workFunc__E)
                  c2271ca0    00000280     lv_font.obj (.text)
                  c2271f20    00000280     sysbios.ae674 : BIOS.obj (.text:ti_sysbios_knl_Task_schedule__I)
                  c22721a0    00000280                   : BIOS.obj (.text:ti_sysbios_knl_Task_startCore__E)
                  c2272420    00000280                   : BIOS.obj (.text:ti_sysbios_utils_Load_updateThreadContexts__E)
                  c22726a0    00000280     ti.targets.rts6000.ae674 : Error.oe674 (.text:xdc_runtime_Error_raiseX__F)
                  c2272920    00000260     rts6740_elf.lib : imath64.c.obj (.text:__c6xabi_divull)
                  c2272b80    00000260     lv_draw_rect.obj (.text)
                  c2272de0    00000260     sysbios.ae674 : BIOS.obj (.text:ti_sysbios_timers_timer64_Timer_start__E)
                  c2273040    00000260     ti.targets.rts6000.ae674 : Startup.oe674 (.text:xdc_runtime_Startup_startMods__I)
                  c22732a0    00000240     Exception.obj (.text)
                  c22734e0    00000240     lv_log.obj (.text)
                  c2273720    00000220     sysbios.ae674 : BIOS.obj (.text:ti_sysbios_timers_timer64_Timer_setPeriodMicroSecs__E)
                  c2273940    00000220                   : BIOS.obj (.text:ti_sysbios_utils_Load_updateLoads__E)
                  c2273b60    00000220     ti.targets.rts6000.ae674 : Core-mem.oe674 (.text:xdc_runtime_Core_createObject__I)
                  c2273d80    00000200     rts6740_elf.lib : _printfi.c.obj (.text:_ltostr)
                  c2273f80    00000200     sysbios.ae674 : c64p_Hwi_disp_always.obj (.text:_ti_sysbios_family_c64p_Hwi_dispatchAlways)
                  c2274180    00000200                   : BIOS.obj (.text:ti_sysbios_knl_Swi_post__E)
                  c2274380    00000200                   : BIOS.obj (.text:ti_sysbios_knl_Task_exit__E)
                  c2274580    00000200     ti.targets.rts6000.ae674 : Log.oe674 (.text:xdc_runtime_Log_doPrint__F)
                  c2274780    000001e0     Loader.lib : PRULoader.obj (.text)
                  c2274960    000001e0     sysbios.ae674 : BIOS.obj (.text:ti_sysbios_knl_Task_postInit__I)
                  c2274b40    000001e0                   : BIOS.obj (.text:ti_sysbios_knl_Task_unblockI__E)
                  c2274d20    000001c0     rts6740_elf.lib : imath40.c.obj (.text:__c6xabi_divul)
                  c2274ee0    000001c0                     : fputc.c.obj (.text:fputc)
                  c22750a0    000001c0                     : frexp.c.obj (.text:frexp)
                  c2275260    000001c0                     : ldexp.c.obj (.text:ldexp)
                  c2275420    000001c0     main.obj (.text)
                  c22755e0    000001c0     rts6740_elf.lib : setvbuf.c.obj (.text:setvbuf)
                  c22757a0    000001c0     sysbios.ae674 : BIOS.obj (.text:ti_sysbios_family_c64p_Hwi_Instance_finalize__F)
                  c2275960    000001c0                   : BIOS.obj (.text:ti_sysbios_family_c64p_Hwi_Module_startup__F)
                  c2275b20    000001c0                   : BIOS.obj (.text:ti_sysbios_family_c64p_Hwi_reconfig__E)
                  c2275ce0    000001c0                   : BIOS.obj (.text:ti_sysbios_knl_Semaphore_Instance_init__F)
                  c2275ea0    000001c0                   : BIOS.obj (.text:ti_sysbios_knl_Swi_Instance_finalize__F)
                  c2276060    000001c0                   : BIOS.obj (.text:ti_sysbios_utils_Load_idleFxn__E)
                  c2276220    000001c0     ti.targets.rts6000.ae674 : Text.oe674 (.text:xdc_runtime_Text_putSite__F)
                  c22763e0    000001a0     rts6740_elf.lib : hostrename.c.obj (.text:HOSTrename)
                  c2276580    000001a0     lv_port_indev_c674x.obj (.text)
                  c2276720    000001a0     sysbios.ae674 : BIOS.obj (.text:ti_sysbios_gates_GateMutex_enter__E)
                  c22768c0    000001a0                   : BIOS.obj (.text:ti_sysbios_timers_timer64_Timer_getFreq__E)
                  c2276a60    000001a0                   : BIOS.obj (.text:ti_sysbios_utils_Load_updateCurrentThreadTime__E)
                  c2276c00    00000180                   : BIOS.obj (.text:Timer_getNextAvailableTimerId)
                  c2276d80    00000180     lv_draw_line.obj (.text)
                  c2276f00    00000180     sysbios.ae674 : c64p_Exception_asm.obj (.text)
                  c2277080    00000180                   : BIOS.obj (.text:ti_sysbios_family_c64p_Exception_internalHandler__I)
                  c2277200    00000180                   : BIOS.obj (.text:ti_sysbios_knl_Task_blockI__E)
                  c2277380    00000180                   : BIOS.obj (.text:ti_sysbios_knl_Task_checkStacks__E)
                  c2277500    00000160     rts6740_elf.lib : sscanf.c.obj (.text:_chkmbc)
                  c2277660    00000160     cmdline.obj (.text)
                  c22777c0    00000160     lv_draw_sw.obj (.text)
                  c2277920    00000160     Exception.obj (.text:retain)
                  c2277a80    00000160     sysbios.ae674 : BIOS.obj (.text:ti_sysbios_knl_Swi_Module_startup__F)
                  c2277be0    00000160                   : BIOS.obj (.text:ti_sysbios_knl_Task_Module_startup__F)
                  c2277d40    00000160                   : BIOS.obj (.text:ti_sysbios_timers_timer64_Timer_initDevice__I)
                  c2277ea0    00000140     BUZZER.obj (.text)
                  c2277fe0    00000140     boot.ae674 : autoinit.oe674 (.text:_auto_init_elf)
                  c2278120    00000140     rts6740_elf.lib : _scanfi.c.obj (.text:_sproc_str)
                  c2278260    00000140                     : _scanfi.c.obj (.text:_sproc_wstr)
                  c22783a0    00000140     drivers.lib : psc.obj (.text)
                  c22784e0    00000140     lv_gc.obj (.text)
                  c2278620    00000140     lv_img_cache.obj (.text)
                  c2278760    00000140     sysbios.ae674 : BIOS.obj (.text:ti_sysbios_family_c64p_Exception_externalHandler__I)
                  c22788a0    00000140                   : BIOS.obj (.text:ti_sysbios_family_c64p_Hwi_Instance_init__F)
                  c22789e0    00000140     Local_pe674.oe674 (.text:ti_sysbios_utils_Load_hwiBeginHook__E)
                  c2278b20    00000140     ti.targets.rts6000.ae674 : Text.oe674 (.text:xdc_runtime_Text_putLab__F)
                  c2278c60    00000120     rts6740_elf.lib : _printfi.c.obj (.text:_pconv_f)
                  c2278d80    00000120                     : getdevice.c.obj (.text:getdevice)
                  c2278ea0    00000120     lv_async.obj (.text)
                  c2278fc0    00000120     sysbios.ae674 : BIOS.obj (.text:ti_sysbios_family_c64p_Cache_block__I)
                  c22790e0    00000120                   : BIOS.obj (.text:ti_sysbios_family_c64p_Exception_decodeMpfsr__I)
                  c2279200    00000120     ti.targets.rts6000.ae674 : Text.oe674 (.text:xdc_runtime_Text_putMod__F)
                  c2279320    00000100     Timer.obj (.text)
                  c2279420    00000100     rts6740_elf.lib : fclose.c.obj (.text:__TI_closefile)
                  c2279520    00000100                     : copy_decompress_rle.c.obj (.text:__TI_decompress_rle_core)
                  c2279620    00000100                     : _printfi.c.obj (.text:_mcpy)
                  c2279720    00000100                     : atoi.c.obj (.text:atoi)
                  c2279820    00000100                     : fseek.c.obj (.text:fseek)
                  c2279920    00000100     lv_hal_tick.obj (.text)
                  c2279a20    00000100     lv_utils.obj (.text)
                  c2279b20    00000100     sysbios.ae674 : BIOS.obj (.text:ti_sysbios_BIOS_rtsUnlock__I)
                  c2279c20    00000100                   : BIOS.obj (.text:ti_sysbios_family_c64p_EventCombiner_dispatch__F)
                  c2279d20    00000100                   : BIOS.obj (.text:ti_sysbios_family_c64p_Exception_Module_startup__F)
                  c2279e20    00000100                   : BIOS.obj (.text:ti_sysbios_knl_Clock_start__E)
                  c2279f20    00000100                   : BIOS.obj (.text:ti_sysbios_knl_Swi_restoreHwi__E)
                  c227a020    00000100     Local_pe674.oe674 (.text:ti_sysbios_timers_timer64_Timer_Object__create__S)
                  c227a120    00000100     sysbios.ae674 : BIOS.obj (.text:ti_sysbios_utils_Load_swiBeginHook__E)
                  c227a220    00000100                   : BIOS.obj (.text:ti_sysbios_utils_Load_taskCreateHook__E)
                  c227a320    00000100                   : BIOS.obj (.text:ti_sysbios_utils_Load_taskSwitchHook__E)
                  c227a420    00000100     ti.targets.rts6000.ae674 : Core-mem.oe674 (.text:xdc_runtime_Core_deleteObject__I)
                  c227a520    00000100                              : Startup.oe674 (.text:xdc_runtime_Startup_exec__F)
                  c227a620    00000100                              : Text.oe674 (.text:xdc_runtime_Text_visitRope2__I)
                  c227a720    000000e0     rts6740_elf.lib : hostlseek.c.obj (.text:HOSTlseek)
                  c227a800    000000e0                     : hostopen.c.obj (.text:HOSTopen)
                  c227a8e0    000000e0                     : hostwrite.c.obj (.text:HOSTwrite)
                  c227a9c0    000000e0                     : _ltoa.c.obj (.text:__TI_ltoa)
                  c227aaa0    000000e0                     : _io_perm.c.obj (.text:__TI_wrt_ok)
                  c227ab80    000000e0                     : divi.asm.obj (.text:__divi)
                  c227ac60    000000e0                     : close.c.obj (.text:close)
                  c227ad40    000000e0                     : exit.c.obj (.text:exit)
                  c227ae20    000000e0                     : memset.c.obj (.text:memset)
                  c227af00    000000e0                     : printf.c.obj (.text:printf)
                  c227afe0    000000e0     sysbios.ae674 : BIOS.obj (.text:ti_sysbios_family_c64p_Cache_Module_startup__F)
                  c227b0c0    000000e0     Local_pe674.oe674 (.text:ti_sysbios_family_c64p_Hwi_Object__create__S)
                  c227b1a0    000000e0     sysbios.ae674 : BIOS.obj (.text:ti_sysbios_family_c64p_Hwi_postInit__I)
                  c227b280    000000e0     Local_pe674.oe674 (.text:ti_sysbios_hal_Hwi_Object__create__S)
                  c227b360    000000e0     sysbios.ae674 : BIOS.obj (.text:ti_sysbios_heaps_HeapMem_getStats__E)
                  c227b440    000000e0                   : BIOS.obj (.text:ti_sysbios_knl_Clock_logTick__E)
                  c227b520    000000e0     Local_pe674.oe674 (.text:ti_sysbios_knl_Swi_Object__create__S)
                  c227b600    000000e0     sysbios.ae674 : BIOS.obj (.text:ti_sysbios_knl_Swi_postInit__I)
                  c227b6e0    000000e0                   : BIOS.obj (.text:ti_sysbios_knl_Swi_runLoop__I)
                  c227b7c0    000000e0                   : BIOS.obj (.text:ti_sysbios_knl_Swi_schedule__I)
                  c227b8a0    000000e0     Local_pe674.oe674 (.text:ti_sysbios_knl_Task_Object__create__S)
                  c227b980    000000e0     sysbios.ae674 : BIOS.obj (.text:ti_sysbios_timers_timer64_Timer_stop__E)
                  c227ba60    000000e0     ti.targets.rts6000.ae674 : Error.oe674 (.text:xdc_runtime_Error_print__F)
                  c227bb40    000000e0                              : LoggerSys.oe674 (.text:xdc_runtime_LoggerSys_write8__F)
                  c227bc20    000000e0                              : Memory.oe674 (.text:xdc_runtime_Memory_alloc__F)
                  c227bd00    000000c0     rts6740_elf.lib : hostread.c.obj (.text:HOSTread)
                  c227bdc0    000000c0                     : hostunlink.c.obj (.text:HOSTunlink)
                  c227be80    000000c0                     : dtor_list.c.obj (.text:_Z23__finalize_destructionsPP20a_needed_destructionPv)
                  c227bf40    000000c0                     : dtor_list.c.obj (.text:_ZN33_INTERNAL_11_dtor_list_c_14e673d611__TI_atexitEPFYvPvES0_S0_)
                  c227c000    000000c0                     : divu.asm.obj (.text:__divu)
                  c227c0c0    000000c0                     : remi.asm.obj (.text:__remi)
                  c227c180    000000c0     sysbios.ae674 : BIOS.obj (.text:getEmifCtrlAddr$6)
                  c227c240    000000c0                   : BIOS.obj (.text:ti_sysbios_family_c64p_Hwi_eventMap__E)
                  c227c300    000000c0                   : BIOS.obj (.text:ti_sysbios_family_c64p_Hwi_getStackInfo__E)
                  c227c3c0    000000c0                   : BIOS.obj (.text:ti_sysbios_knl_Task_allBlockedFunction__I)
                  c227c480    000000c0                   : BIOS.obj (.text:ti_sysbios_timers_timer64_Timer_Instance_finalize__F)
                  c227c540    000000c0                   : BIOS.obj (.text:ti_sysbios_utils_Load_addTask__E)
                  c227c600    000000c0                   : BIOS.obj (.text:ti_sysbios_utils_Load_hwiEndHook__E)
                  c227c6c0    000000c0                   : BIOS.obj (.text:ti_sysbios_utils_Load_logCPULoad__I)
                  c227c780    000000c0     ti.targets.rts6000.ae674 : System.oe674 (.text:xdc_runtime_System_formatNum__I)
                  c227c840    000000a0     rts6740_elf.lib : hostclose.c.obj (.text:HOSTclose)
                  c227c8e0    000000a0                     : fopen.c.obj (.text:__TI_cleanup)
                  c227c980    000000a0                     : fflush.c.obj (.text:__TI_doflush)
                  c227ca20    000000a0                     : remu.asm.obj (.text:__remu)
                  c227cac0    000000a0     boot.ae674 : boot.oe674 (.text:_c_int00)
                  c227cb60    000000a0     rts6740_elf.lib : _printfi.c.obj (.text:_ecpy)
                  c227cc00    000000a0     sysbios.ae674 : c64p_Hwi_asm.obj (.text:_ti_sysbios_family_c64p_Hwi_plug__E)
                  c227cca0    000000a0     rts6740_elf.lib : asctime.c.obj (.text:asctime)
                  c227cd40    000000a0                     : getdevice.c.obj (.text:finddevice)
                  c227cde0    000000a0     hal_timer_bios.ae674 : lltimer.oe674 (.text:llTimerTick)
                  c227ce80    000000a0     lv_btn.obj (.text)
                  c227cf20    000000a0     rts6740_elf.lib : memcpy64.asm.obj (.text:memcpy)
                  c227cfc0    000000a0     Local_pe674.oe674 (.text:realloc)
                  c227d060    000000a0     sysbios.ae674 : BIOS.obj (.text:ti_sysbios_family_c62_TaskSupport_start__E)
                  c227d100    000000a0                   : BIOS.obj (.text:ti_sysbios_family_c64p_Cache_all__I)
                  c227d1a0    000000a0                   : BIOS.obj (.text:ti_sysbios_family_c64p_Cache_marInit__I)
                  c227d240    000000a0                   : BIOS.obj (.text:ti_sysbios_family_c64p_Cache_setMar__E)
                  c227d2e0    000000a0                   : BIOS.obj (.text:ti_sysbios_family_c64p_primus_TimerSupport_enable__E)
                  c227d380    000000a0                   : BIOS.obj (.text:ti_sysbios_heaps_HeapMem_init__I)
                  c227d420    000000a0     Local_pe674.oe674 (.text:ti_sysbios_knl_Clock_Object__create__S)
                  c227d4c0    000000a0     sysbios.ae674 : BIOS.obj (.text:ti_sysbios_knl_Idle_run__E)
                  c227d560    000000a0     Local_pe674.oe674 (.text:ti_sysbios_knl_Semaphore_Object__create__S)
                  c227d600    000000a0     sysbios.ae674 : BIOS.obj (.text:ti_sysbios_timers_timer64_Timer_getPeriod__E)
                  c227d6a0    000000a0                   : BIOS.obj (.text:ti_sysbios_timers_timer64_Timer_startup__E)
                  c227d740    000000a0                   : BIOS.obj (.text:ti_sysbios_utils_Load_swiEndHook__E)
                  c227d7e0    000000a0                   : BIOS.obj (.text:ti_sysbios_utils_Load_taskDeleteHook__E)
                  c227d880    000000a0     ti.targets.rts6000.ae674 : Assert.oe674 (.text:xdc_runtime_Assert_raise__I)
                  c227d920    000000a0                              : SysMin.oe674 (.text:xdc_runtime_SysMin_abort__F)
                  c227d9c0    000000a0                              : SysMin.oe674 (.text:xdc_runtime_SysMin_flush__F)
                  c227da60    000000a0                              : SysMin.oe674 (.text:xdc_runtime_SysMin_putch__F)
                  c227db00    000000a0                              : Text.oe674 (.text:xdc_runtime_Text_xprintf__I)
                  c227dba0    00000080     SysMinProvide.obj (.text)
                  c227dc20    00000080     rts6740_elf.lib : trgmsg.c.obj (.text:__TI_readmsg)
                  c227dca0    00000080                     : llshift.c.obj (.text:__c6xabi_llshl)
                  c227dd20    00000080                     : snprintf.c.obj (.text:_outs)
                  c227dda0    00000080     sysbios.ae674 : c62_TaskSupport_asm.obj (.text:_ti_sysbios_family_c62_TaskSupport_swap__E)
                  c227de20    00000080     rts6740_elf.lib : snprintf.c.obj (.text:snprintf)
                  c227dea0    00000080                     : strcat.c.obj (.text:strcat)
                  c227df20    00000080     sysbios.ae674 : BIOS.obj (.text:ti_sysbios_family_c64p_Cache_setSize__E)
                  c227dfa0    00000080                   : BIOS.obj (.text:ti_sysbios_family_c64p_Cache_wait__E)
                  c227e020    00000080                   : BIOS.obj (.text:ti_sysbios_family_c64p_EventCombiner_Module_startup__F)
                  c227e0a0    00000080                   : BIOS.obj (.text:ti_sysbios_family_c64p_EventCombiner_disableEvent__F)
                  c227e120    00000080                   : BIOS.obj (.text:ti_sysbios_family_c64p_EventCombiner_enableEvent__F)
                  c227e1a0    00000080                   : BIOS.obj (.text:ti_sysbios_family_c64p_Exception_getLastStatus__E)
                  c227e220    00000080                   : BIOS.obj (.text:ti_sysbios_family_c64p_Hwi_getEventId__E)
                  c227e2a0    00000080     Local_pe674.oe674 (.text:ti_sysbios_gates_GateHwi_Object__create__S)
                  c227e320    00000080     Local_pe674.oe674 (.text:ti_sysbios_gates_GateMutex_Object__create__S)
                  c227e3a0    00000080     Local_pe674.oe674 (.text:ti_sysbios_heaps_HeapMem_Object__create__S)
                  c227e420    00000080     Local_pe674.oe674 (.text:ti_sysbios_knl_Queue_Object__create__S)
                  c227e4a0    00000080     sysbios.ae674 : BIOS.obj (.text:ti_sysbios_knl_Semaphore_pendTimeout__I)
                  c227e520    00000080                   : BIOS.obj (.text:ti_sysbios_knl_Swi_restore__E)
                  c227e5a0    00000080                   : BIOS.obj (.text:ti_sysbios_knl_Task_deleteTerminatedTasksFunc__I)
                  c227e620    00000080                   : BIOS.obj (.text:ti_sysbios_utils_Load_getGlobalHwiLoad__E)
                  c227e6a0    00000080                   : BIOS.obj (.text:ti_sysbios_utils_Load_getTaskLoad__E)
                  c227e720    00000080                   : BIOS.obj (.text:ti_sysbios_utils_Load_removeTask__E)
                  c227e7a0    00000080     rts6740_elf.lib : unlink.c.obj (.text:unlink)
                  c227e820    00000080     ti.targets.rts6000.ae674 : Core-label.oe674 (.text:xdc_runtime_Core_assignLabel__I)
                  c227e8a0    00000080                              : Core-params.oe674 (.text:xdc_runtime_Core_assignParams__I)
                  c227e920    00000080     Local_pe674.oe674 (.text:xdc_runtime_LoggerSys_Object__create__S)
                  c227e9a0    00000080     Local_pe674.oe674 (.text:xdc_runtime_LoggerSys_write8__E)
                  c227ea20    00000080     ti.targets.rts6000.ae674 : System.oe674 (.text:xdc_runtime_System_atexit__F)
                  c227eaa0    00000080                              : System.oe674 (.text:xdc_runtime_System_putchar__I)
                  c227eb20    00000080                              : System.oe674 (.text:xdc_runtime_System_rtsExit__I)
                  c227eba0    00000080                              : Text.oe674 (.text:xdc_runtime_Text_printVisFxn__I)
                  c227ec20    00000060     LEDNixie.obj (.text)
                  c227ec80    00000060     os.ae674 : task.oe674 (.text:NDK_hookCreate)
                  c227ece0    00000060     rts6740_elf.lib : trgmsg.c.obj (.text:__TI_writemsg)
                  c227ed40    00000060                     : llshift.c.obj (.text:__c6xabi_llshru)
                  c227eda0    00000060                     : imath64.c.obj (.text:__c6xabi_remull)
                  c227ee00    00000060                     : imath64.c.obj (.text:_subcull)
                  c227ee60    00000060     sysbios.ae674 : c64p_Hwi_asm_switch.obj (.text:_ti_sysbios_family_c64p_Hwi_switchAndDispatch__I)
                  c227eec0    00000060                   : c64p_Hwi_asm_switch.obj (.text:_ti_sysbios_family_xxx_Hwi_switchAndRunFunc)
                  c227ef20    00000060     rts6740_elf.lib : lseek.c.obj (.text:lseek)
                  c227ef80    00000060     Local_pe674.oe674 (.text:malloc)
                  c227efe0    00000060     rts6740_elf.lib : memccpy.c.obj (.text:memccpy)
                  c227f040    00000060                     : sprintf.c.obj (.text:sprintf)
                  c227f0a0    00000060                     : sscanf.c.obj (.text:sscanf)
                  c227f100    00000060                     : strcmp.c.obj (.text:strcmp)
                  c227f160    00000060                     : strcpy.c.obj (.text:strcpy)
                  c227f1c0    00000060                     : strncmp.c.obj (.text:strncmp)
                  c227f220    00000060                     : _scanfi.c.obj (.text:strrchr)
                  c227f280    00000060     Local_pe674.oe674 (.text:ti_ndk_config_Global_stackThread)
                  c227f2e0    00000060     sysbios.ae674 : BIOS.obj (.text:ti_sysbios_BIOS_errorRaiseHook__I)
                  c227f340    00000060     Local_pe674.oe674 (.text:ti_sysbios_BIOS_exitFunc__I)
                  c227f3a0    00000060     sysbios.ae674 : BIOS.obj (.text:ti_sysbios_BIOS_rtsLock__I)
                  c227f400    00000060                   : BIOS.obj (.text:ti_sysbios_family_c64p_EventCombiner_dispatchPlug__F)
                  c227f460    00000060                   : BIOS.obj (.text:ti_sysbios_family_c64p_EventCombiner_unused__F)
                  c227f4c0    00000060                   : BIOS.obj (.text:ti_sysbios_family_c64p_Exception_evtExpMaskEnable__E)
                  c227f520    00000060                   : BIOS.obj (.text:ti_sysbios_family_c64p_Exception_nmiHandler__I)
                  c227f580    00000060                   : BIOS.obj (.text:ti_sysbios_family_c64p_Hwi_disableIER__E)
                  c227f5e0    00000060                   : BIOS.obj (.text:ti_sysbios_family_c64p_Hwi_enableIER__E)
                  c227f640    00000060     Local_pe674.oe674 (.text:ti_sysbios_gates_GateHwi_Handle__label__S)
                  c227f6a0    00000060     Local_pe674.oe674 (.text:ti_sysbios_gates_GateMutex_Handle__label__S)
                  c227f700    00000060     sysbios.ae674 : BIOS.obj (.text:ti_sysbios_hal_Hwi_Instance_init__F)
                  c227f760    00000060                   : BIOS.obj (.text:ti_sysbios_hal_Hwi_checkStack:ti_sysbios_hal_Hwi_checkStack)
                  c227f7c0    00000060                   : BIOS.obj (.text:ti_sysbios_hal_Hwi_initStack:ti_sysbios_hal_Hwi_initStack)
                  c227f820    00000060     Local_pe674.oe674 (.text:ti_sysbios_heaps_HeapMem_Handle__label__S)
                  c227f880    00000060     Local_pe674.oe674 (.text:ti_sysbios_heaps_HeapMem_Object__get__S)
                  c227f8e0    00000060     sysbios.ae674 : BIOS.obj (.text:ti_sysbios_knl_Clock_addI__E)
                  c227f940    00000060     Local_pe674.oe674 (.text:ti_sysbios_knl_Clock_doTick__I)
                  c227f9a0    00000060     sysbios.ae674 : BIOS.obj (.text:ti_sysbios_knl_Queue_put__E)
                  c227fa00    00000060     Local_pe674.oe674 (.text:ti_sysbios_knl_Swi_Object__get__S)
                  c227fa60    00000060     sysbios.ae674 : BIOS.obj (.text:ti_sysbios_knl_Task_getMode__E)
                  c227fac0    00000060                   : BIOS.obj (.text:ti_sysbios_knl_Task_processVitalTaskFlag__I)
                  c227fb20    00000060                   : BIOS.obj (.text:ti_sysbios_knl_Task_restore__E)
                  c227fb80    00000060                   : BIOS.obj (.text:ti_sysbios_knl_Task_sleepTimeout__I)
                  c227fbe0    00000060                   : BIOS.obj (.text:ti_sysbios_utils_Load_getGlobalSwiLoad__E)
                  c227fc40    00000060     rts6740_elf.lib : write.c.obj (.text:write)
                  c227fca0    00000060     Local_pe674.oe674 (.text:xdc_runtime_Error_raiseX__E)
                  c227fd00    00000060     Local_pe674.oe674 (.text:xdc_runtime_LoggerSys_Handle__label__S)
                  c227fd60    00000060     ti.targets.rts6000.ae674 : LoggerSys.oe674 (.text:xdc_runtime_LoggerSys_write0__F)
                  c227fdc0    00000060                              : LoggerSys.oe674 (.text:xdc_runtime_LoggerSys_write1__F)
                  c227fe20    00000060     Local_pe674.oe674 (.text:xdc_runtime_LoggerSys_write4__E)
                  c227fe80    00000060     ti.targets.rts6000.ae674 : Memory.oe674 (.text:xdc_runtime_Memory_calloc__F)
                  c227fee0    00000060                              : SysMin.oe674 (.text:xdc_runtime_SysMin_Module_startup__F)
                  c227ff40    00000060                              : SysMin.oe674 (.text:xdc_runtime_SysMin_exit__F)
                  c227ffa0    00000060                              : System.oe674 (.text:xdc_runtime_System_avprintf__F)
                  c2280000    00000060                              : System.oe674 (.text:xdc_runtime_System_vprintf__F)
                  c2280060    00000060                              : Text.oe674 (.text:xdc_runtime_Text_cordText__F)
                  c22800c0    00000040     main.obj (.text:FunctionHook)
                  c2280100    00000040     os.ae674 : task.oe674 (.text:NDK_hookExit)
                  c2280140    00000040     rts6740_elf.lib : frcmpyd_div.c.obj (.text:__TI_frcmpyd_div)
                  c2280180    00000040                     : isinf.c.obj (.text:__c6xabi_isinf)
                  c22801c0    00000040                     : _printfi.c.obj (.text:__c6xabi_isnan)
                  c2280200    00000040                     : isnan.c.obj (.text:__c6xabi_isnan)
                  c2280240    00000040                     : args_main.c.obj (.text:_args_main)
                  c2280280    00000040                     : snprintf.c.obj (.text:_outc)
                  c22802c0    00000040                     : sprintf.c.obj (.text:_outs)
                  c2280300    00000040                     : vsprintf.c.obj (.text:_outs)
                  c2280340    00000040     sysbios.ae674 : c62_TaskSupport_asm.obj (.text:_ti_sysbios_family_c62_TaskSupport_buildTaskStack)
                  c2280380    00000040                   : c64p_Hwi_asm_switch.obj (.text:_ti_sysbios_family_xxx_Hwi_switchToIsrStack)
                  c22803c0    00000040                   : BIOS.obj (.text:emifRange$6)
                  c2280400    00000040     Local_pe674.oe674 (.text:free)
                  c2280440    00000040     lv_draw.obj (.text)
                  c2280480    00000040     lv_extra.obj (.text)
                  c22804c0    00000040     rts6740_elf.lib : strlen.c.obj (.text:strlen)
                  c2280500    00000040     sysbios.ae674 : BIOS.obj (.text:ti_sysbios_BIOS_exit__E)
                  c2280540    00000040                   : BIOS.obj (.text:ti_sysbios_BIOS_getCpuFreq__E)
                  c2280580    00000040                   : BIOS.obj (.text:ti_sysbios_BIOS_registerRTSLock__I)
                  c22805c0    00000040                   : BIOS.obj (.text:ti_sysbios_BIOS_removeRTSLock__I)
                  c2280600    00000040                   : BIOS.obj (.text:ti_sysbios_BIOS_setThreadType__E)
                  c2280640    00000040     Local_pe674.oe674 (.text:ti_sysbios_BIOS_startFunc__I)
                  c2280680    00000040     sysbios.ae674 : BIOS.obj (.text:ti_sysbios_family_c62_TaskSupport_checkStack__E)
                  c22806c0    00000040                   : BIOS.obj (.text:ti_sysbios_family_c64p_Cache_wbInv__E)
                  c2280700    00000040     Local_pe674.oe674 (.text:ti_sysbios_family_c64p_EventCombiner_dispatchPlug__E)
                  c2280740    00000040     sysbios.ae674 : BIOS.obj (.text:ti_sysbios_family_c64p_Exception_evtEvtClear__E)
                  c2280780    00000040     Local_pe674.oe674 (.text:ti_sysbios_family_c64p_Hwi_Module__startupDone__F)
                  c22807c0    00000040     Local_pe674.oe674 (.text:ti_sysbios_family_c64p_Hwi_Object__delete__S)
                  c2280800    00000040     Local_pe674.oe674 (.text:ti_sysbios_family_c64p_Hwi_Params__init__S)
                  c2280840    00000040     sysbios.ae674 : BIOS.obj (.text:ti_sysbios_family_c64p_Hwi_clearInterrupt__E)
                  c2280880    00000040                   : BIOS.obj (.text:ti_sysbios_family_c64p_Hwi_disableInterrupt__E)
                  c22808c0    00000040                   : BIOS.obj (.text:ti_sysbios_family_c64p_Hwi_dispatchC__I)
                  c2280900    00000040                   : BIOS.obj (.text:ti_sysbios_family_c64p_Hwi_enableInterrupt__E)
                  c2280940    00000040                   : BIOS.obj (.text:ti_sysbios_family_c64p_Hwi_getIsrStackAddress__I)
                  c2280980    00000040                   : BIOS.obj (.text:ti_sysbios_family_c64p_TimestampProvider_get64__E)
                  c22809c0    00000040     Local_pe674.oe674 (.text:ti_sysbios_gates_GateHwi_Object__delete__S)
                  c2280a00    00000040     sysbios.ae674 : BIOS.obj (.text:ti_sysbios_gates_GateHwi_enter__E)
                  c2280a40    00000040                   : BIOS.obj (.text:ti_sysbios_gates_GateMutex_Instance_State_sem$28)
                  c2280a80    00000040                   : BIOS.obj (.text:ti_sysbios_gates_GateMutex_Instance_finalize__F)
                  c2280ac0    00000040                   : BIOS.obj (.text:ti_sysbios_gates_GateMutex_Instance_init__F)
                  c2280b00    00000040     Local_pe674.oe674 (.text:ti_sysbios_gates_GateMutex_Object__delete__S)
                  c2280b40    00000040     sysbios.ae674 : BIOS.obj (.text:ti_sysbios_gates_GateMutex_leave__E)
                  c2280b80    00000040     Local_pe674.oe674 (.text:ti_sysbios_hal_Hwi_HwiProxy_Object__create__S)
                  c2280bc0    00000040     sysbios.ae674 : BIOS.obj (.text:ti_sysbios_hal_Hwi_HwiProxy_create$7)
                  c2280c00    00000040     Local_pe674.oe674 (.text:ti_sysbios_hal_Hwi_HwiProxy_getStackInfo__E)
                  c2280c40    00000040     sysbios.ae674 : BIOS.obj (.text:ti_sysbios_hal_Hwi_Instance_finalize__F)
                  c2280c80    00000040     Local_pe674.oe674 (.text:ti_sysbios_hal_Hwi_Object__delete__S)
                  c2280cc0    00000040     Local_pe674.oe674 (.text:ti_sysbios_hal_Hwi_Params__init__S)
                  c2280d00    00000040     sysbios.ae674 : BIOS.obj (.text:ti_sysbios_hal_Hwi_Params_copy$26)
                  c2280d40    00000040                   : BIOS.obj (.text:ti_sysbios_hal_Hwi_create$26)
                  c2280d80    00000040                   : BIOS.obj (.text:ti_sysbios_hal_Hwi_getStackInfo__E)
                  c2280dc0    00000040     Local_pe674.oe674 (.text:ti_sysbios_hal_Timer_Module__startupDone__F)
                  c2280e00    00000040     Local_pe674.oe674 (.text:ti_sysbios_heaps_HeapMem_Object__delete__S)
                  c2280e40    00000040     sysbios.ae674 : BIOS.obj (.text:ti_sysbios_heaps_HeapMem_restore__E)
                  c2280e80    00000040                   : BIOS.obj (.text:ti_sysbios_knl_Clock_Module_State_clockQ$14)
                  c2280ec0    00000040     Local_pe674.oe674 (.text:ti_sysbios_knl_Clock_Module_State_clockQ)
                  c2280f00    00000040     sysbios.ae674 : BIOS.obj (.text:ti_sysbios_knl_Clock_Module_startup__F)
                  c2280f40    00000040     Local_pe674.oe674 (.text:ti_sysbios_knl_Clock_Params__init__S)
                  c2280f80    00000040     Local_pe674.oe674 (.text:ti_sysbios_knl_Clock_create)
                  c2280fc0    00000040     sysbios.ae674 : BIOS.obj (.text:ti_sysbios_knl_Clock_startI__E)
                  c2281000    00000040     Local_pe674.oe674 (.text:ti_sysbios_knl_Queue_Object__destruct__S)
                  c2281040    00000040     Local_pe674.oe674 (.text:ti_sysbios_knl_Queue_Object__get__S)
                  c2281080    00000040     sysbios.ae674 : BIOS.obj (.text:ti_sysbios_knl_Queue_construct$19)
                  c22810c0    00000040                   : BIOS.obj (.text:ti_sysbios_knl_Queue_dequeue__E)
                  c2281100    00000040                   : BIOS.obj (.text:ti_sysbios_knl_Queue_empty__E)
                  c2281140    00000040                   : BIOS.obj (.text:ti_sysbios_knl_Queue_enqueue__E)
                  c2281180    00000040                   : BIOS.obj (.text:ti_sysbios_knl_Queue_remove__E)
                  c22811c0    00000040                   : BIOS.obj (.text:ti_sysbios_knl_Semaphore_Instance_State_pendQ$19)
                  c2281200    00000040                   : BIOS.obj (.text:ti_sysbios_knl_Semaphore_Instance_finalize__F)
                  c2281240    00000040     Local_pe674.oe674 (.text:ti_sysbios_knl_Semaphore_Object__destruct__S)
                  c2281280    00000040     Local_pe674.oe674 (.text:ti_sysbios_knl_Semaphore_Params__init__S)
                  c22812c0    00000040     sysbios.ae674 : BIOS.obj (.text:ti_sysbios_knl_Semaphore_construct$28)
                  c2281300    00000040     Local_pe674.oe674 (.text:ti_sysbios_knl_Swi_Params__init__S)
                  c2281340    00000040     sysbios.ae674 : BIOS.obj (.text:ti_sysbios_knl_Swi_disable__E)
                  c2281380    00000040                   : BIOS.obj (.text:ti_sysbios_knl_Task_Module_State_inactiveQ$22)
                  c22813c0    00000040                   : BIOS.obj (.text:ti_sysbios_knl_Task_Module_State_terminatedQ$22)
                  c2281400    00000040     Local_pe674.oe674 (.text:ti_sysbios_knl_Task_Object__delete__S)
                  c2281440    00000040     Local_pe674.oe674 (.text:ti_sysbios_knl_Task_Object__first__S)
                  c2281480    00000040     Local_pe674.oe674 (.text:ti_sysbios_knl_Task_Object__get__S)
                  c22814c0    00000040     Local_pe674.oe674 (.text:ti_sysbios_knl_Task_Object__next__S)
                  c2281500    00000040     Local_pe674.oe674 (.text:ti_sysbios_knl_Task_Params__init__S)
                  c2281540    00000040     sysbios.ae674 : BIOS.obj (.text:ti_sysbios_knl_Task_disable__E)
                  c2281580    00000040                   : BIOS.obj (.text:ti_sysbios_knl_Task_enabled__E)
                  c22815c0    00000040                   : BIOS.obj (.text:ti_sysbios_knl_Task_enter__I)
                  c2281600    00000040                   : BIOS.obj (.text:ti_sysbios_knl_Task_restoreHwi__E)
                  c2281640    00000040                   : BIOS.obj (.text:ti_sysbios_knl_Task_setHookContext__E)
                  c2281680    00000040                   : BIOS.obj (.text:ti_sysbios_knl_Task_unblock__E)
                  c22816c0    00000040     Local_pe674.oe674 (.text:ti_sysbios_timers_timer64_Timer_Module__startupDone__F)
                  c2281700    00000040     Local_pe674.oe674 (.text:ti_sysbios_timers_timer64_Timer_Params__init__S)
                  c2281740    00000040     sysbios.ae674 : BIOS.obj (.text:ti_sysbios_timers_timer64_Timer_checkOverflow__I)
                  c2281780    00000040                   : BIOS.obj (.text:ti_sysbios_timers_timer64_Timer_postInit__I)
                  c22817c0    00000040                   : BIOS.obj (.text:ti_sysbios_utils_Load_Module_State_taskList$24)
                  c2281800    00000040     rts6740_elf.lib : vsprintf.c.obj (.text:vsprintf)
                  c2281840    00000040                     : wcslen.c.obj (.text:wcslen)
                  c2281880    00000040     ti.targets.rts6000.ae674 : Error.oe674 (.text:xdc_runtime_Error_check__F)
                  c22818c0    00000040                              : Error.oe674 (.text:xdc_runtime_Error_init__F)
                  c2281900    00000040     Local_pe674.oe674 (.text:xdc_runtime_IHeap_alloc)
                  c2281940    00000040     Local_pe674.oe674 (.text:xdc_runtime_IHeap_free)
                  c2281980    00000040     Local_pe674.oe674 (.text:xdc_runtime_LoggerSys_Object__delete__S)
                  c22819c0    00000040     Local_pe674.oe674 (.text:xdc_runtime_LoggerSys_write0__E)
                  c2281a00    00000040     Local_pe674.oe674 (.text:xdc_runtime_LoggerSys_write1__E)
                  c2281a40    00000040     Local_pe674.oe674 (.text:xdc_runtime_LoggerSys_write2__E)
                  c2281a80    00000040     ti.targets.rts6000.ae674 : LoggerSys.oe674 (.text:xdc_runtime_LoggerSys_write2__F)
                  c2281ac0    00000040                              : LoggerSys.oe674 (.text:xdc_runtime_LoggerSys_write4__F)
                  c2281b00    00000040                              : Memory.oe674 (.text:xdc_runtime_Memory_free__F)
                  c2281b40    00000040                              : Registry.oe674 (.text:xdc_runtime_Registry_findById__F)
                  c2281b80    00000040     Local_pe674.oe674 (.text:xdc_runtime_Startup_exec__I)
                  c2281bc0    00000040     ti.targets.rts6000.ae674 : System.oe674 (.text:xdc_runtime_System_abort__F)
                  c2281c00    00000040     Local_pe674.oe674 (.text:xdc_runtime_System_aprintf__E)
                  c2281c40    00000040     Local_pe674.oe674 (.text:xdc_runtime_System_printf__E)
                  c2281c80    00000040     ti.targets.rts6000.ae674 : System.oe674 (.text:xdc_runtime_System_putch__F)
                  c2281cc0    00000040     Local_pe674.oe674 (.text:xdc_runtime_Text_putMod__E)
                  c2281d00    00000040     ti.targets.rts6000.ae674 : Text.oe674 (.text:xdc_runtime_Text_ropeText__F)
                  c2281d40    00000040     Local_pe674.oe674 (.text:xdc_runtime_Text_visitRope__I)
                  c2281d80    00000020     hal_userled_stub.ae674 : llled.oe674 (.text:LED_TOGGLE)
                  c2281da0    00000020     os.ae674 : task.oe674 (.text:NDK_hookInit)
                  c2281dc0    00000020              : semaphore.oe674 (.text:SemPost)
                  c2281de0    00000020     rts6740_elf.lib : errno.c.obj (.text:__c6xabi_errno_addr)
                  c2281e00    00000020                     : dtor_list.c.obj (.text:__cxa_ia64_exit)
                  c2281e20    00000020                     : push.asm.obj (.text:__pop_rts)
                  c2281e40    00000020                     : push.asm.obj (.text:__push_rts)
                  c2281e60    00000020                     : sscanf.c.obj (.text:_inpchar)
                  c2281e80    00000020                     : _lock.c.obj (.text:_nop)
                  c2281ea0    00000020                     : printf.c.obj (.text:_outc)
                  c2281ec0    00000020                     : sprintf.c.obj (.text:_outc)
                  c2281ee0    00000020                     : vsprintf.c.obj (.text:_outc)
                  c2281f00    00000020                     : printf.c.obj (.text:_outs)
                  c2281f20    00000020                     : _lock.c.obj (.text:_register_lock)
                  c2281f40    00000020                     : _lock.c.obj (.text:_register_unlock)
                  c2281f60    00000020                     : signbit.c.obj (.text:_signbit)
                  c2281f80    00000020     sysbios.ae674 : c62_TaskSupport_asm.obj (.text:_ti_sysbios_family_c62_TaskSupport_glue)
                  c2281fa0    00000020                   : c64p_Hwi_asm_switch.obj (.text:_ti_sysbios_family_xxx_Hwi_switchToTaskStack)
                  c2281fc0    00000020     rts6740_elf.lib : sscanf.c.obj (.text:_uninpchar)
                  c2281fe0    00000020                     : exit.c.obj (.text:abort)
                  c2282000    00000020                     : dtor_list.c.obj (.text:atexit)
                  c2282020    00000020                     : copy_decompress_none.c.obj (.text:decompress:none:__TI_decompress_none)
                  c2282040    00000020                     : copy_decompress_rle.c.obj (.text:decompress:rle24:__TI_decompress_rle24)
                  c2282060    00000020     Local_pe674.oe674 (.text:ti_ndk_config_global_taskCreateHook)
                  c2282080    00000020     Local_pe674.oe674 (.text:ti_ndk_config_global_taskExitHook)
                  c22820a0    00000020     Local_pe674.oe674 (.text:ti_sysbios_BIOS_RtsGateProxy_enter__E)
                  c22820c0    00000020     Local_pe674.oe674 (.text:ti_sysbios_BIOS_RtsGateProxy_leave__E)
                  c22820e0    00000020     sysbios.ae674 : BIOS.obj (.text:ti_sysbios_BIOS_getThreadType__E)
                  c2282100    00000020                   : BIOS.obj (.text:ti_sysbios_BIOS_nullFunc__I)
                  c2282120    00000020                   : BIOS.obj (.text:ti_sysbios_BIOS_start__E)
                  c2282140    00000020     Local_pe674.oe674 (.text:ti_sysbios_family_c62_TaskSupport_Module__startupDone__S)
                  c2282160    00000020     sysbios.ae674 : BIOS.obj (.text:ti_sysbios_family_c62_TaskSupport_getStackAlignment__E)
                  c2282180    00000020     Local_pe674.oe674 (.text:ti_sysbios_family_c64p_Cache_Module_startup__E)
                  c22821a0    00000020     sysbios.ae674 : BIOS.obj (.text:ti_sysbios_family_c64p_Cache_invL1pAll__E)
                  c22821c0    00000020                   : BIOS.obj (.text:ti_sysbios_family_c64p_Cache_wbInvAll__E)
                  c22821e0    00000020     Local_pe674.oe674 (.text:ti_sysbios_family_c64p_EventCombiner_Module_startup__E)
                  c2282200    00000020     Local_pe674.oe674 (.text:ti_sysbios_family_c64p_EventCombiner_disableEvent__E)
                  c2282220    00000020     Local_pe674.oe674 (.text:ti_sysbios_family_c64p_EventCombiner_dispatch__E)
                  c2282240    00000020     Local_pe674.oe674 (.text:ti_sysbios_family_c64p_EventCombiner_unused__E)
                  c2282260    00000020     Local_pe674.oe674 (.text:ti_sysbios_family_c64p_Exception_Module_startup__E)
                  c2282280    00000020     Local_pe674.oe674 (.text:ti_sysbios_family_c64p_Hwi_Module__startupDone__S)
                  c22822a0    00000020     Local_pe674.oe674 (.text:ti_sysbios_family_c64p_Hwi_Module_startup__E)
                  c22822c0    00000020     sysbios.ae674 : BIOS.obj (.text:ti_sysbios_family_c64p_Hwi_startup__E)
                  c22822e0    00000020                   : BIOS.obj (.text:ti_sysbios_family_c64p_Hwi_switchFromBootStack__E)
                  c2282300    00000020                   : BIOS.obj (.text:ti_sysbios_family_c64p_Hwi_unPluggedInterrupt__I)
                  c2282320    00000020     Local_pe674.oe674 (.text:ti_sysbios_family_c64p_TimestampProvider_Module_startup__E)
                  c2282340    00000020     sysbios.ae674 : BIOS.obj (.text:ti_sysbios_family_c64p_TimestampProvider_Module_startup__F)
                  c2282360    00000020                   : BIOS.obj (.text:ti_sysbios_family_c64p_TimestampProvider_get32__E)
                  c2282380    00000020                   : BIOS.obj (.text:ti_sysbios_family_c64p_TimestampProvider_getFreq__E)
                  c22823a0    00000020                   : BIOS.obj (.text:ti_sysbios_gates_GateHwi_Instance_init__F)
                  c22823c0    00000020                   : BIOS.obj (.text:ti_sysbios_gates_GateHwi_leave__E)
                  c22823e0    00000020     Local_pe674.oe674 (.text:ti_sysbios_gates_GateHwi_query__E)
                  c2282400    00000020     sysbios.ae674 : BIOS.obj (.text:ti_sysbios_gates_GateHwi_query__F)
                  c2282420    00000020     Local_pe674.oe674 (.text:ti_sysbios_gates_GateMutex_query__E)
                  c2282440    00000020     sysbios.ae674 : BIOS.obj (.text:ti_sysbios_gates_GateMutex_query__F)
                  c2282460    00000020     Local_pe674.oe674 (.text:ti_sysbios_hal_Hwi_HwiProxy_Module__startupDone__S)
                  c2282480    00000020     Local_pe674.oe674 (.text:ti_sysbios_hal_Hwi_HwiProxy_Object__delete__S)
                  c22824a0    00000020     Local_pe674.oe674 (.text:ti_sysbios_hal_Hwi_HwiProxy_clearInterrupt__E)
                  c22824c0    00000020     sysbios.ae674 : BIOS.obj (.text:ti_sysbios_hal_Hwi_HwiProxy_delete$7)
                  c22824e0    00000020     Local_pe674.oe674 (.text:ti_sysbios_hal_Hwi_HwiProxy_disableInterrupt__E)
                  c2282500    00000020     Local_pe674.oe674 (.text:ti_sysbios_hal_Hwi_HwiProxy_enableInterrupt__E)
                  c2282520    00000020     Local_pe674.oe674 (.text:ti_sysbios_hal_Hwi_HwiProxy_startup__E)
                  c2282540    00000020     Local_pe674.oe674 (.text:ti_sysbios_hal_Hwi_HwiProxy_switchFromBootStack__E)
                  c2282560    00000020     Local_pe674.oe674 (.text:ti_sysbios_hal_Hwi_Module_startup__E)
                  c2282580    00000020     sysbios.ae674 : BIOS.obj (.text:ti_sysbios_hal_Hwi_Module_startup__F)
                  c22825a0    00000020                   : BIOS.obj (.text:ti_sysbios_hal_Hwi_Params_init$26)
                  c22825c0    00000020                   : BIOS.obj (.text:ti_sysbios_hal_Hwi_clearInterrupt__E)
                  c22825e0    00000020                   : BIOS.obj (.text:ti_sysbios_hal_Hwi_delete$26)
                  c2282600    00000020                   : BIOS.obj (.text:ti_sysbios_hal_Hwi_disableInterrupt__E)
                  c2282620    00000020                   : BIOS.obj (.text:ti_sysbios_hal_Hwi_enableInterrupt__E)
                  c2282640    00000020                   : BIOS.obj (.text:ti_sysbios_hal_Hwi_startup__E)
                  c2282660    00000020                   : BIOS.obj (.text:ti_sysbios_hal_Hwi_switchFromBootStack__E)
                  c2282680    00000020     Local_pe674.oe674 (.text:ti_sysbios_hal_Timer_Module__startupDone__S)
                  c22826a0    00000020     Local_pe674.oe674 (.text:ti_sysbios_hal_Timer_Module_startup__E)
                  c22826c0    00000020     sysbios.ae674 : BIOS.obj (.text:ti_sysbios_hal_Timer_Module_startup__F)
                  c22826e0    00000020     Local_pe674.oe674 (.text:ti_sysbios_hal_Timer_TimerProxy_Module__startupDone__S)
                  c2282700    00000020     Local_pe674.oe674 (.text:ti_sysbios_hal_Timer_TimerProxy_getPeriod__E)
                  c2282720    00000020     Local_pe674.oe674 (.text:ti_sysbios_hal_Timer_TimerProxy_startup__E)
                  c2282740    00000020     sysbios.ae674 : BIOS.obj (.text:ti_sysbios_hal_Timer_getPeriod__E)
                  c2282760    00000020                   : BIOS.obj (.text:ti_sysbios_hal_Timer_startup__E)
                  c2282780    00000020     Local_pe674.oe674 (.text:ti_sysbios_heaps_HeapMem_Module_GateProxy_enter__E)
                  c22827a0    00000020     Local_pe674.oe674 (.text:ti_sysbios_heaps_HeapMem_Module_GateProxy_leave__E)
                  c22827c0    00000020     Local_pe674.oe674 (.text:ti_sysbios_heaps_HeapMem_Module_GateProxy_query__E)
                  c22827e0    00000020     sysbios.ae674 : BIOS.obj (.text:ti_sysbios_heaps_HeapMem_Object_get$23)
                  c2282800    00000020                   : BIOS.obj (.text:ti_sysbios_heaps_HeapMem_isBlocking__E)
                  c2282820    00000020     Local_pe674.oe674 (.text:ti_sysbios_knl_Clock_Module_startup__E)
                  c2282840    00000020     Local_pe674.oe674 (.text:ti_sysbios_knl_Clock_Params_init)
                  c2282860    00000020     sysbios.ae674 : BIOS.obj (.text:ti_sysbios_knl_Clock_getTicks__E)
                  c2282880    00000020                   : BIOS.obj (.text:ti_sysbios_knl_Clock_handle$19)
                  c22828a0    00000020                   : BIOS.obj (.text:ti_sysbios_knl_Clock_handle$22)
                  c22828c0    00000020                   : BIOS.obj (.text:ti_sysbios_knl_Clock_removeI__E)
                  c22828e0    00000020                   : BIOS.obj (.text:ti_sysbios_knl_Idle_loop__E)
                  c2282900    00000020                   : BIOS.obj (.text:ti_sysbios_knl_Queue_Instance_init__F)
                  c2282920    00000020                   : BIOS.obj (.text:ti_sysbios_knl_Queue_Object_get$20)
                  c2282940    00000020                   : BIOS.obj (.text:ti_sysbios_knl_Queue_Object_get$22)
                  c2282960    00000020                   : BIOS.obj (.text:ti_sysbios_knl_Queue_destruct$19)
                  c2282980    00000020                   : BIOS.obj (.text:ti_sysbios_knl_Queue_elemClear__E)
                  c22829a0    00000020                   : BIOS.obj (.text:ti_sysbios_knl_Queue_head__E)
                  c22829c0    00000020                   : BIOS.obj (.text:ti_sysbios_knl_Queue_insert__E)
                  c22829e0    00000020                   : BIOS.obj (.text:ti_sysbios_knl_Queue_next__E)
                  c2282a00    00000020                   : BIOS.obj (.text:ti_sysbios_knl_Queue_struct$19)
                  c2282a20    00000020                   : BIOS.obj (.text:ti_sysbios_knl_Semaphore_destruct$28)
                  c2282a40    00000020                   : BIOS.obj (.text:ti_sysbios_knl_Semaphore_struct$28)
                  c2282a60    00000020     Local_pe674.oe674 (.text:ti_sysbios_knl_Swi_Module_startup__E)
                  c2282a80    00000020     sysbios.ae674 : BIOS.obj (.text:ti_sysbios_knl_Swi_Object_get$20)
                  c2282aa0    00000020                   : BIOS.obj (.text:ti_sysbios_knl_Swi_enabled__E)
                  c2282ac0    00000020                   : BIOS.obj (.text:ti_sysbios_knl_Swi_startup__E)
                  c2282ae0    00000020     Local_pe674.oe674 (.text:ti_sysbios_knl_Task_Module_startup__E)
                  c2282b00    00000020     sysbios.ae674 : BIOS.obj (.text:ti_sysbios_knl_Task_Object_first$22)
                  c2282b20    00000020                   : BIOS.obj (.text:ti_sysbios_knl_Task_Object_get$22)
                  c2282b40    00000020                   : BIOS.obj (.text:ti_sysbios_knl_Task_Object_next$22)
                  c2282b60    00000020     Local_pe674.oe674 (.text:ti_sysbios_knl_Task_SupportProxy_Module__startupDone__S)
                  c2282b80    00000020     Local_pe674.oe674 (.text:ti_sysbios_knl_Task_SupportProxy_checkStack__E)
                  c2282ba0    00000020     Local_pe674.oe674 (.text:ti_sysbios_knl_Task_SupportProxy_getStackAlignment__E)
                  c2282bc0    00000020     Local_pe674.oe674 (.text:ti_sysbios_knl_Task_SupportProxy_start__E)
                  c2282be0    00000020     Local_pe674.oe674 (.text:ti_sysbios_knl_Task_SupportProxy_swap__E)
                  c2282c00    00000020     sysbios.ae674 : BIOS.obj (.text:ti_sysbios_knl_Task_delete$22)
                  c2282c20    00000020                   : BIOS.obj (.text:ti_sysbios_knl_Task_getHookContext__E)
                  c2282c40    00000020                   : BIOS.obj (.text:ti_sysbios_knl_Task_getIdleTask__E)
                  c2282c60    00000020                   : BIOS.obj (.text:ti_sysbios_knl_Task_getPri__E)
                  c2282c80    00000020                   : BIOS.obj (.text:ti_sysbios_knl_Task_handle$22)
                  c2282ca0    00000020                   : BIOS.obj (.text:ti_sysbios_knl_Task_self__E)
                  c2282cc0    00000020                   : BIOS.obj (.text:ti_sysbios_knl_Task_startup__E)
                  c2282ce0    00000020     Local_pe674.oe674 (.text:ti_sysbios_timers_timer64_Timer_Module__startupDone__S)
                  c2282d00    00000020     Local_pe674.oe674 (.text:ti_sysbios_timers_timer64_Timer_Module_startup__E)
                  c2282d20    00000020     Local_pe674.oe674 (.text:ti_sysbios_timers_timer64_Timer_TimerSupportProxy_enable__E)
                  c2282d40    00000020     sysbios.ae674 : BIOS.obj (.text:ti_sysbios_utils_Load_getCPULoad__E)
                  c2282d60    00000020                   : BIOS.obj (.text:ti_sysbios_utils_Load_taskRegHook__E)
                  c2282d80    00000020     Local_pe674.oe674 (.text:ti_sysbios_utils_Load_update__E)
                  c2282da0    00000020     rts6740_elf.lib : tolower.c.obj (.text:tolower)
                  c2282dc0    00000020     Local_pe674.oe674 (.text:xdc_iargToPtr)
                  c2282de0    00000020     Local_pe674.oe674 (.text:xdc_runtime_Error_check__E)
                  c2282e00    00000020     Local_pe674.oe674 (.text:xdc_runtime_Error_init__E)
                  c2282e20    00000020     Local_pe674.oe674 (.text:xdc_runtime_Error_print__E)
                  c2282e40    00000020     Local_pe674.oe674 (.text:xdc_runtime_Gate_enterSystem__E)
                  c2282e60    00000020     ti.targets.rts6000.ae674 : Gate.oe674 (.text:xdc_runtime_Gate_enterSystem__F)
                  c2282e80    00000020     Local_pe674.oe674 (.text:xdc_runtime_Gate_leaveSystem__E)
                  c2282ea0    00000020     ti.targets.rts6000.ae674 : Gate.oe674 (.text:xdc_runtime_Gate_leaveSystem__F)
                  c2282ec0    00000020     Local_pe674.oe674 (.text:xdc_runtime_Log_doPrint__E)
[...]
c22b9430  ti_sysbios_knl_Swi_LM_post__C                                       
c22b9434  ti_sysbios_knl_Swi_Module__diagsEnabled__C                          
c22b9438  ti_sysbios_knl_Swi_Module__diagsIncluded__C                         
c22b943c  ti_sysbios_knl_Swi_Module__diagsMask__C                             
c22b9440  ti_sysbios_knl_Swi_Module__loggerFxn1__C                            
c22b9444  ti_sysbios_knl_Swi_Module__loggerFxn4__C                            
c22b9448  ti_sysbios_knl_Swi_Module__loggerObj__C                             
c22b944c  ti_sysbios_knl_Swi_Object__count__C                                 
c22b9450  ti_sysbios_knl_Swi_Object__heap__C                                  
c22b9454  ti_sysbios_knl_Swi_Object__table__C                                 
c22b9458  ti_sysbios_knl_Swi_numConstructedSwis__C                            
c22b945c  ti_sysbios_knl_Task_A_badPriority__C                                
c22b9460  ti_sysbios_knl_Task_A_badTaskState__C                               
c22b9464  ti_sysbios_knl_Task_A_badThreadType__C                              
c22b9468  ti_sysbios_knl_Task_A_badTimeout__C                                 
c22b946c  ti_sysbios_knl_Task_A_noPendElem__C                                 
c22b9470  ti_sysbios_knl_Task_A_sleepTaskDisabled__C                          
c22b9474  ti_sysbios_knl_Task_A_taskDisabled__C                               
c22b9478  ti_sysbios_knl_Task_E_deleteNotAllowed__C                           
c22b947c  ti_sysbios_knl_Task_E_spOutOfBounds__C                              
c22b9480  ti_sysbios_knl_Task_E_stackOverflow__C                              
c22b9484  ti_sysbios_knl_Task_LD_block__C                                     
c22b9488  ti_sysbios_knl_Task_LD_exit__C                                      
c22b948c  ti_sysbios_knl_Task_LD_ready__C                                     
c22b9490  ti_sysbios_knl_Task_LM_sleep__C                                     
c22b9494  ti_sysbios_knl_Task_LM_switch__C                                    
c22b9498  ti_sysbios_knl_Task_Module_State_inactiveQ__O                       
c22b949c  ti_sysbios_knl_Task_Module_State_terminatedQ__O                     
c22b94a0  ti_sysbios_knl_Task_Module__diagsEnabled__C                         
c22b94a4  ti_sysbios_knl_Task_Module__diagsIncluded__C                        
c22b94a8  ti_sysbios_knl_Task_Module__diagsMask__C                            
c22b94ac  ti_sysbios_knl_Task_Module__loggerFxn2__C                           
c22b94b0  ti_sysbios_knl_Task_Module__loggerFxn4__C                           
c22b94b4  ti_sysbios_knl_Task_Module__loggerObj__C                            
c22b94b8  ti_sysbios_knl_Task_Object__count__C                                
c22b94bc  ti_sysbios_knl_Task_Object__heap__C                                 
c22b94c0  ti_sysbios_knl_Task_Object__table__C                                
c22b94c4  ti_sysbios_knl_Task_allBlockedFunc__C                               
c22b94c8  ti_sysbios_knl_Task_defaultStackHeap__C                             
c22b94cc  ti_sysbios_knl_Task_defaultStackSize__C                             
c22b94d0  ti_sysbios_knl_Task_numConstructedTasks__C                          
c22b94d4  ti_sysbios_timers_timer64_Timer_A_notAvailable__C                   
c22b94d8  ti_sysbios_timers_timer64_Timer_E_cannotSupport__C                  
c22b94dc  ti_sysbios_timers_timer64_Timer_E_invalidTimer__C                   
c22b94e0  ti_sysbios_timers_timer64_Timer_E_notAvailable__C                   
c22b94e4  ti_sysbios_timers_timer64_Timer_Module__diagsEnabled__C             
c22b94e8  ti_sysbios_timers_timer64_Timer_Module__diagsIncluded__C            
c22b94ec  ti_sysbios_timers_timer64_Timer_Module__diagsMask__C                
c22b94f0  ti_sysbios_timers_timer64_Timer_anyMask__C                          
c22b94f4  ti_sysbios_timers_timer64_Timer_defaultHalf__C                      
c22b94f8  ti_sysbios_timers_timer64_Timer_freqDivisor__C                      
c22b94fc  ti_sysbios_timers_timer64_Timer_numLocalTimers__C                   
c22b9500  ti_sysbios_timers_timer64_Timer_numTimerDevices__C                  
c22b9504  ti_sysbios_utils_Load_LS_cpuLoad__C                                 
c22b9508  ti_sysbios_utils_Load_LS_hwiLoad__C                                 
c22b950c  ti_sysbios_utils_Load_LS_swiLoad__C                                 
c22b9510  ti_sysbios_utils_Load_LS_taskLoad__C                                
c22b9514  ti_sysbios_utils_Load_Module_State_taskList__O                      
c22b9518  ti_sysbios_utils_Load_Module__diagsEnabled__C                       
c22b951c  ti_sysbios_utils_Load_Module__diagsIncluded__C                      
c22b9520  ti_sysbios_utils_Load_Module__diagsMask__C                          
c22b9524  ti_sysbios_utils_Load_Module__loggerFxn1__C                         
c22b9528  ti_sysbios_utils_Load_Module__loggerFxn2__C                         
c22b952c  ti_sysbios_utils_Load_Module__loggerFxn4__C                         
c22b9530  ti_sysbios_utils_Load_Module__loggerObj__C                          
c22b9534  ti_sysbios_utils_Load_postUpdate__C                                 
c22b9538  ti_sysbios_utils_Load_windowInMs__C                                 
c22b953c  xdc_runtime_Assert_E_assertFailed__C                                
c22b9540  xdc_runtime_Core_A_initializedParams__C                             
c22b9544  xdc_runtime_Core_Module__diagsEnabled__C                            
c22b9548  xdc_runtime_Core_Module__diagsIncluded__C                           
c22b954c  xdc_runtime_Core_Module__diagsMask__C                               
c22b9550  xdc_runtime_Error_E_memory__C                                       
c22b9554  xdc_runtime_Error_Module__diagsEnabled__C                           
c22b9558  xdc_runtime_Error_Module__diagsIncluded__C                          
c22b955c  xdc_runtime_Error_Module__diagsMask__C                              
c22b9560  xdc_runtime_Error_Module__loggerFxn8__C                             
c22b9564  xdc_runtime_Error_Module__loggerObj__C                              
c22b9568  xdc_runtime_Error_policy__C                                         
c22b956c  xdc_runtime_Error_raiseHook__C                                      
c22b9570  xdc_runtime_IGateProvider_Interface__BASE__C                        
c22b9574  xdc_runtime_IHeap_Interface__BASE__C                                
c22b9578  xdc_runtime_ILogger_Interface__BASE__C                              
c22b957c  xdc_runtime_IModule_Interface__BASE__C                              
c22b9580  xdc_runtime_Log_L_error__C                                          
c22b9584  xdc_runtime_Memory_defaultHeapInstance__C                           
c22b9588  xdc_runtime_Startup_execImpl__C                                     
c22b958c  xdc_runtime_Startup_maxPasses__C                                    
c22b9590  xdc_runtime_Startup_lastFxns__A                                     
c22b9594  xdc_runtime_Startup_sfxnRts__C                                      
c22b9598  xdc_runtime_Startup_sfxnTab__C                                      
c22b959c  xdc_runtime_Startup_startModsFxn__C                                 
c22b95a0  xdc_runtime_SysMin_bufSize__C                                       
c22b95a4  xdc_runtime_SysMin_outputFunc__C                                    
c22b95a8  xdc_runtime_System_Module__gateObj__C                               
c22b95ac  xdc_runtime_System_extendFxn__C                                     
c22b95b0  xdc_runtime_System_maxAtexitHandlers__C                             
c22b95b4  xdc_runtime_Text_charTab__C                                         
c22b95b8  xdc_runtime_Text_nameEmpty__C                                       
c22b95bc  xdc_runtime_Text_nameStatic__C                                      
c22b95c0  xdc_runtime_Text_nameUnknown__C                                     
c22b95c4  xdc_runtime_Text_nodeTab__C                                         
c22b95c8  xdc_runtime_Text_visitRopeFxn__C                                    
c22b95e0  _lv_bpp1_opa_table                                                  
c22b9800  CmdLists                                                            
c22b9c00  ti_sysbios_family_c64p_EventCombiner_Module__state__V               
c22ba000  _ftable                                                             
c22ba1e0  g_sCmdTable                                                         
c22ba2a0  _stream                                                             
c22ba340  ti_sysbios_knl_Task_Object__table__V                                
c22ba390  TSK_idle                                                            
c22ba3e0  ti_sysbios_utils_Load_Module__state__V                              
c22ba478  ti_sysbios_family_c64p_Hwi_Object__table__V                         
c22ba504  _lock                                                               
c22ba508  ti_sysbios_knl_Swi_Module_State_0_readyQ__A                         
c22ba588  ti_sysbios_knl_Task_Module_State_0_readyQ__A                        
c22ba608  _device                                                             
c22ba680  ti_sysbios_family_c64p_Hwi_Module__state__V                         
c22ba6e8  ti_sysbios_timers_timer64_Timer_Module_State_0_device__A            
c22ba748  ti_sysbios_gates_GateMutex_Object__table__V                         
c22ba798  ti_sysbios_timers_timer64_Timer_Object__table__V                    
c22ba7e8  ulDataPatternTable                                                  
c22ba838  ti_sysbios_knl_Task_Module__state__V                                
c22ba87c  _unlock                                                             
c22ba880  ti_sysbios_utils_Load_Module_State_0_taskEnv__A                     
c22ba8b8  ti_sysbios_knl_Swi_Object__table__V                                 
c22ba8ec  __TI_ft_end                                                         
c22ba920  ti_sysbios_family_c64p_Exception_Module__state__V                   
c22ba950  ti_sysbios_knl_Clock_Module__state__V                               
c22ba9c4  __errno                                                             
c22ba9c4  errno                                                               
c22ba9c8  palette_32b                                                         
c22ba9e8  ti_sysbios_BIOS_Module__state__V                                    
c22baa08  ti_sysbios_timers_timer64_Timer_Module_State_0_gctrl__A             
c22baa28  ti_sysbios_timers_timer64_Timer_Module_State_0_handles__A           
c22baa48  ti_sysbios_timers_timer64_Timer_Module_State_0_intFreqs__A          
c22baa68  xdc_runtime_System_Module_State_0_atexitHandlers__A                 
c22baaa4  ti_sysbios_family_c64p_Cache_Module__state__V                       
c22baac4  ti_sysbios_family_c64p_primus_TimerSupport_Module__state__V         
c22baac8  ti_sysbios_heaps_HeapMem_Object__table__V                           
c22baae4  ti_sysbios_knl_Swi_Module__state__V                                 
c22bab14  ti_sysbios_timers_timer64_Timer_Module__state__V                    
c22bab28  SEGVal                                                              
c22bab44  __TI_cleanup_ptr                                                    
c22bab48  __TI_dtors_ptr                                                      
c22bab4c  __TI_enable_exit_profile_output                                     
c22bab50  ti_sysbios_hal_Hwi_Object__table__V                                 
c22bab5c  xdc_runtime_Memory_Module__state__V                                 
c22bab60  ti_sysbios_hal_Timer_Object__table__V                               
c22bab70  xdc_runtime_LoggerSys_Object__table__V                              
c22bab7c  xdc_runtime_SysMin_Module__state__V                                 
c22bab88  xdc_runtime_System_Module__state__V                                 
c22bab9c  ti_sysbios_family_c64p_Hwi_Module__root__V                          
c22baba6  xdc_runtime_Error_Module__state__V                                  
c22baba8  ti_sysbios_family_c64p_primus_TimerSupport_Module_State_0_suspSrc__A
c22babb0  ti_sysbios_gates_GateHwi_Module__root__V                            
c22babb8  ti_sysbios_gates_GateHwi_Object__table__V                           
c22babc0  ti_sysbios_gates_GateMutex_Module__root__V                          
c22babc8  ti_sysbios_hal_Hwi_Module__root__V                                  
c22babd0  ti_sysbios_heaps_HeapMem_Module__root__V                            
c22babd8  ti_sysbios_knl_Clock_Module__root__V                                
c22babe0  ti_sysbios_knl_Queue_Module__root__V                                
c22babe8  ti_sysbios_knl_Semaphore_Module__root__V                            
c22babf0  ti_sysbios_knl_Swi_Module__root__V                                  
c22babf8  ti_sysbios_knl_Task_Module__root__V                                 
c22bac00  ti_sysbios_timers_timer64_Timer_Module__root__V                     
c22bac08  xdc_runtime_LoggerSys_Module__root__V                               
c22bac10  xdc_runtime_Registry_Module__state__V                               
c22bac18  xdc_runtime_Startup_Module__state__V                                
c22bac20  ti_sysbios_knl_Task_Module_State_0_idleTask__A                      
c22bac28  ti_sysbios_utils_Load_Module_State_0_runningTask__A                 
c22bac30  ti_sysbios_utils_Load_Module_State_0_taskStartTime__A               
c22bb0f4  __TI_STATIC_BASE                                                    
c22bb164  KEY4SwiHandle                                                       
c22bb168  KEY6SwiHandle                                                       
c22bb16c  LV_LAYOUT_FLEX                                                      
c22bb170  LV_LAYOUT_GRID                                                      
c22bb174  LV_STYLE_FLEX_CROSS_PLACE                                           
c22bb178  LV_STYLE_FLEX_FLOW                                                  
c22bb17c  LV_STYLE_FLEX_GROW                                                  
c22bb180  LV_STYLE_FLEX_MAIN_PLACE                                            
c22bb184  LV_STYLE_FLEX_TRACK_PLACE                                           
c22bb188  LV_STYLE_GRID_CELL_COLUMN_POS                                       
c22bb18c  LV_STYLE_GRID_CELL_COLUMN_SPAN                                      
c22bb190  LV_STYLE_GRID_CELL_ROW_POS                                          
c22bb194  LV_STYLE_GRID_CELL_ROW_SPAN                                         
c22bb198  LV_STYLE_GRID_CELL_X_ALIGN                                          
c22bb19c  LV_STYLE_GRID_CELL_Y_ALIGN                                          
c22bb1a0  LV_STYLE_GRID_COLUMN_ALIGN                                          
c22bb1a4  LV_STYLE_GRID_COLUMN_DSC_ARRAY                                      
c22bb1a8  LV_STYLE_GRID_ROW_ALIGN                                             
c22bb1ac  LV_STYLE_GRID_ROW_DSC_ARRAY                                         
c22bb1b0  UARTConsoleSemHandle                                                
c22bb1b4  UARTConsoleTaskHandle                                               
c22bb1b8  _lv_grad_cache_mem                                                  
c22bb1bc  _lv_layout_list                                                     
c22bb1c0  _lv_theme_basic_styles                                              
c22bb1c4  _lv_theme_default_styles                                            
c22bb1c8  _lv_timer_act                                                       
c22bb1cc  indev_touchpad                                                      
c22bb1d0  p_rx                                                                
c22bb1d4  p_tx                                                                
c22bb1d8  rx_len                                                              
c22bb1dc  tx_len                                                              
c22bb1e8  _lv_txt_encoded_size                                                
c22bb1ec  _lv_txt_unicode_to_encoded                                          
c22bb1f0  _lv_txt_encoded_conv_wc                                             
c22bb1f4  _lv_txt_encoded_next                                                
c22bb1f8  _lv_txt_encoded_prev                                                
c22bb1fc  _lv_txt_encoded_get_byte_id                                         
c22bb200  _lv_txt_encoded_get_char_id                                         
c22bb204  _lv_txt_get_encoded_length                                          
c22bb239  CmdHistorySaveNo                                                    
c22bb23a  CmdHistorySaveIndex                                                 
c22bb23b  CmdHistoryDisplayIndex                                              
c22bb23c  sataRegs                                                            
c22bb240  temp                                                                
c22bb26c  spi_flag                                                            
c22bb270  SoftPWM                                                             
c22bb274  OSCINFreq                                                           
c22bb294  zh_cn_pinyin_dict                                                   
c22bb29a  LED_OP                                                              
c22bb2a0  __CIOBUF_                                                           
c22bb400  ti_sysbios_family_c64p_Hwi0                                         
c22bb400  ti_sysbios_family_c64p_Hwi_int0                                     
c22bb420  ti_sysbios_family_c64p_Hwi_int1                                     
c22bb440  ti_sysbios_family_c64p_Hwi_int2                                     
c22bb460  ti_sysbios_family_c64p_Hwi_int3                                     
c22bb480  ti_sysbios_family_c64p_Hwi_int4                                     
c22bb4a0  ti_sysbios_family_c64p_Hwi_int5                                     
c22bb4c0  ti_sysbios_family_c64p_Hwi_int6                                     
c22bb4e0  ti_sysbios_family_c64p_Hwi_int7                                     
c22bb500  ti_sysbios_family_c64p_Hwi_int8                                     
c22bb520  ti_sysbios_family_c64p_Hwi_int9                                     
c22bb540  ti_sysbios_family_c64p_Hwi_int10                                    
c22bb560  ti_sysbios_family_c64p_Hwi_int11                                    
c22bb580  ti_sysbios_family_c64p_Hwi_int12                                    
c22bb5a0  ti_sysbios_family_c64p_Hwi_int13                                    
c22bb5c0  ti_sysbios_family_c64p_Hwi_int14                                    
c22bb5e0  ti_sysbios_family_c64p_Hwi_int15                                    
c22bc168  __TI_Handler_Table_Base                                             
c22bc170  __TI_CINIT_Base                                                     
c22bc170  __TI_Handler_Table_Limit                                            
c22bc1a0  __TI_CINIT_Limit                                                    
ffffffff  __TI_pprof_out_hndl                                                 
ffffffff  __TI_prof_data_size                                                 
ffffffff  __TI_prof_data_start                                                
ffffffff  __binit__                                                           
ffffffff  __c_args__                                                          
ffffffff  binit                                                               
UNDEFED   __TI_INITARRAY_Base                                                 
UNDEFED   __TI_INITARRAY_Limit                                                

[2566 symbols]
