******************************************************************************
               TMS320C6x Linker PC v8.3.12                     
******************************************************************************
>> Linked Sun May  1 09:01:19 2022

OUTPUT FILE NAME:   <Board_C674x.out>
ENTRY POINT SYMBOL: "_c_int00"  address: c2337520


MEMORY CONFIGURATION

         name            origin    length      used     unused   attr    fill
----------------------  --------  ---------  --------  --------  ----  --------
  DSPL2RAM              00800000   00040000  00004000  0003c000  RW  
  SHRAM                 80000000   00020000  00000004  0001fffc  RW X
  DDR2                  c0000000   08000000  02388ccc  05c77334  RW X


SEGMENT ALLOCATION MAP

run origin  load origin   length   init length attrs members
----------  ----------- ---------- ----------- ----- -------
00800000    00800000    00004000   00000000    rw-
  00800000    00800000    00004000   00000000    rw- .stack
80000000    80000000    00000004   00000000    rw-
  80000000    80000000    00000004   00000000    rw- .LEDNixieVal
c0000000    c0000000    0223894c   00000000    rw-
  c0000000    c0000000    02000000   00000000    rw- SystemHeap
  c2000000    c2000000    0023894c   00000000    rw- .far
c2238950    c2238950    00000010   00000010    r--
  c2238950    c2238950    00000010   00000010    r-- .const.1
c2238960    c2238960    0014ca94   0014ca94    r-x
  c2238960    c2238960    0010b000   0010b000    r-x .text
  c2343960    c2343960    00041722   00041722    r-- .const.2
  c2385084    c2385084    00000370   00000370    r-- .switch.1
c2385400    c2385400    0000194a   00000000    rw-
  c2385400    c2385400    0000194a   00000000    rw- .fardata
c2386d4c    c2386d4c    00000798   00000798    r--
  c2386d4c    c2386d4c    00000798   00000798    r-- .switch.2
c23874e4    c23874e4    000003fd   00000000    rw-
  c23874e4    c23874e4    00000137   00000000    rw- .bss
  c238761c    c238761c    000002c5   00000000    rw- .neardata
c23878e4    c23878e4    0000003c   00000000    r--
  c23878e4    c23878e4    0000003c   00000000    r-- .rodata
c2387920    c2387920    00000120   00000000    rw-
  c2387920    c2387920    00000120   00000000    rw- .cio
c2387c00    c2387c00    000012a0   000012a0    r-x
  c2387c00    c2387c00    00000200   00000200    r-x .vecs
  c2387e00    c2387e00    000010a0   000010a0    r-- .cinit


SECTION ALLOCATION MAP

 output                                  attributes/
section   page    origin      length       input sections
--------  ----  ----------  ----------   ----------------
.LEDNixieVal 
*          0    80000000    00000004     UNINITIALIZED
                  80000000    00000004     LEDNixie.obj (.LEDNixieVal)

.stack     0    00800000    00004000     UNINITIALIZED
                  00800000    00000008     boot.ae674 : boot.oe674 (.stack)
                  00800008    00003ff8     --HOLE--

.bss       0    c23874e4    00000137     UNINITIALIZED
                  c23874e4    00000018     hal_timer_bios.ae674 : lltimer.oe674 (.bss)
                  c23874fc    00000014     stk6_ppp_pppoe.ae674 : igmp.oe674 (.bss)
                  c2387510    0000000c     lv_anim.obj (.bss)
                  c238751c    0000000c     lv_tileview.obj (.bss)
                  c2387528    00000008     lv_refr.obj (.bss)
                  c2387530    00000008     lv_spinner.obj (.bss)
                  c2387538    00000008     lv_theme_default.obj (.bss)
                  c2387540    00000008     netctrl.ae674 : netctrl.oe674 (.bss)
                  c2387548    00000008     nettool.ae674 : daemon.oe674 (.bss)
                  c2387550    00000008     stk6_ppp_pppoe.ae674 : ip.oe674 (.bss)
                  c2387558    00000008                          : nimupppoe.oe674 (.bss)
                  c2387560    00000004     chinese_ime.obj (.bss)
                  c2387564    00000004     lv_event.obj (.bss)
                  c2387568    00000004     lv_group.obj (.bss)
                  c238756c    00000004     lv_hal_disp.obj (.bss)
                  c2387570    00000004     lv_indev.obj (.bss)
                  c2387574    00000004     lv_log.obj (.bss)
                  c2387578    00000004     lv_mem.obj (.bss)
                  c238757c    00000004     lv_obj_pos.obj (.bss)
                  c2387580    00000004     lv_tabview.obj (.bss)
                  c2387584    00000004     lv_textarea.obj (.bss)
                  c2387588    00000004     nettool.ae674 : ipaddr.oe674 (.bss)
                  c238758c    00000004     stk6_ppp_pppoe.ae674 : ipv6_frag.oe674 (.bss)
                  c2387590    00000004                          : lli6.oe674 (.bss)
                  c2387594    00000004                          : rtable.oe674 (.bss)
                  c2387598    00000004     (.common:KEY4SwiHandle)
                  c238759c    00000004     (.common:KEY6SwiHandle)
                  c23875a0    00000004     (.common:LV_LAYOUT_FLEX)
                  c23875a4    00000004     (.common:LV_LAYOUT_GRID)
                  c23875a8    00000004     (.common:LV_STYLE_FLEX_CROSS_PLACE)
                  c23875ac    00000004     (.common:LV_STYLE_FLEX_FLOW)
                  c23875b0    00000004     (.common:LV_STYLE_FLEX_GROW)
                  c23875b4    00000004     (.common:LV_STYLE_FLEX_MAIN_PLACE)
                  c23875b8    00000004     (.common:LV_STYLE_FLEX_TRACK_PLACE)
                  c23875bc    00000004     (.common:LV_STYLE_GRID_CELL_COLUMN_POS)
                  c23875c0    00000004     (.common:LV_STYLE_GRID_CELL_COLUMN_SPAN)
                  c23875c4    00000004     (.common:LV_STYLE_GRID_CELL_ROW_POS)
                  c23875c8    00000004     (.common:LV_STYLE_GRID_CELL_ROW_SPAN)
                  c23875cc    00000004     (.common:LV_STYLE_GRID_CELL_X_ALIGN)
                  c23875d0    00000004     (.common:LV_STYLE_GRID_CELL_Y_ALIGN)
                  c23875d4    00000004     (.common:LV_STYLE_GRID_COLUMN_ALIGN)
                  c23875d8    00000004     (.common:LV_STYLE_GRID_COLUMN_DSC_ARRAY)
                  c23875dc    00000004     (.common:LV_STYLE_GRID_ROW_ALIGN)
                  c23875e0    00000004     (.common:LV_STYLE_GRID_ROW_DSC_ARRAY)
                  c23875e4    00000004     (.common:UARTConsoleSemHandle)
                  c23875e8    00000004     (.common:UARTConsoleTaskHandle)
                  c23875ec    00000004     (.common:_lv_grad_cache_mem)
                  c23875f0    00000004     (.common:_lv_layout_list)
                  c23875f4    00000004     (.common:_lv_theme_basic_styles)
                  c23875f8    00000004     (.common:_lv_theme_default_styles)
                  c23875fc    00000004     (.common:_lv_timer_act)
                  c2387600    00000004     (.common:indev_touchpad)
                  c2387604    00000004     (.common:p_rx)
                  c2387608    00000004     (.common:p_tx)
                  c238760c    00000004     (.common:rx_len)
                  c2387610    00000004     (.common:tx_len)
                  c2387614    00000002     lv_timer.obj (.bss)
                  c2387616    00000002     lv_win.obj (.bss)
                  c2387618    00000001     lv_colorwheel.obj (.bss)
                  c2387619    00000001     lv_hal_tick.obj (.bss)
                  c238761a    00000001     (.common:NDKFlag)

.neardata 
*          0    c238761c    000002c5     UNINITIALIZED
                  c238761c    00000044     nettool.ae674 : httpstr.oe674 (.neardata)
                  c2387660    00000028     Net.obj (.neardata)
                  c2387688    00000024     os.ae674 : mem.oe674 (.neardata)
                  c23876ac    00000020     Web.obj (.neardata)
                  c23876cc    00000020     lv_txt.obj (.neardata)
                  c23876ec    0000001c     netctrl.ae674 : netctrl.oe674 (.neardata)
                  c2387708    00000018     console_min.ae674 : console.oe674 (.neardata)
                  c2387720    00000018     os.ae674 : task.oe674 (.neardata)
                  c2387738    00000014     stk6_ppp_pppoe.ae674 : rtable.oe674 (.neardata)
                  c238774c    00000014     ti.drv.omapl138.ae674 : ethdriver.oe674 (.neardata)
                  c2387760    00000010     lv_timer.obj (.neardata)
                  c2387770    00000010     nettool.ae674 : daemon.oe674 (.neardata)
                  c2387780    00000010     stk6_ppp_pppoe.ae674 : bind6.oe674 (.neardata)
                  c2387790    00000010                          : igmp.oe674 (.neardata)
                  c23877a0    0000000c                          : route6.oe674 (.neardata)
                  c23877ac    0000000c     ti.drv.omapl138.ae674 : csl_emac.oe674 (.neardata)
                  c23877b8    00000009     lv_draw_sw_gradient.obj (.neardata)
                  c23877c1    00000003     UARTConsole.obj (.neardata)
                  c23877c4    00000008     SATA.obj (.neardata)
                  c23877cc    00000008     console_min.ae674 : contest.oe674 (.neardata)
                  c23877d4    00000008     lv_calendar_header_dropdown.obj (.neardata)
                  c23877dc    00000008     lv_draw_sw_letter.obj (.neardata)
                  c23877e4    00000008     lv_indev.obj (.neardata)
                  c23877ec    00000008     lv_obj.obj (.neardata)
                  c23877f4    00000008     netctrl.ae674 : netsrv.oe674 (.neardata)
                  c23877fc    00000008     stk6_ppp_pppoe.ae674 : exec.oe674 (.neardata)
                  c2387804    00000008                          : icmp.oe674 (.neardata)
                  c238780c    00000008                          : ip.oe674 (.neardata)
                  c2387814    00000008                          : ipin.oe674 (.neardata)
                  c238781c    00000008                          : ipv6_frag.oe674 (.neardata)
                  c2387824    00000008                          : lli.oe674 (.neardata)
                  c238782c    00000008                          : nimupppoe.oe674 (.neardata)
                  c2387834    00000008                          : rtc.oe674 (.neardata)
                  c238783c    00000008                          : tcp.oe674 (.neardata)
                  c2387844    00000008                          : tcp6.oe674 (.neardata)
                  c238784c    00000008                          : timer.oe674 (.neardata)
                  c2387854    00000005     lv_colorwheel.obj (.neardata)
                  c2387859    00000003     lv_hal_disp.obj (.neardata)
                  c238785c    00000004     Flash.obj (.neardata)
                  c2387860    00000004     LED.obj (.neardata)
                  c2387864    00000004     PLL.obj (.neardata)
                  c2387868    00000004     cgi.ae674 : cgiparsem.oe674 (.neardata)
                  c238786c    00000004     console_min.ae674 : conacct.oe674 (.neardata)
                  c2387870    00000004                       : conlli.oe674 (.neardata)
                  c2387874    00000004                       : conroute.oe674 (.neardata)
                  c2387878    00000004     hal_timer_bios.ae674 : lltimer.oe674 (.neardata)
                  c238787c    00000004     lv_event.obj (.neardata)
                  c2387880    00000004     lv_hal_tick.obj (.neardata)
                  c2387884    00000004     lv_log.obj (.neardata)
                  c2387888    00000004     lv_math.obj (.neardata)
                  c238788c    00000004     lv_mem.obj (.neardata)
                  c2387890    00000004     lv_port_indev_c674x.obj (.neardata)
                  c2387894    00000004     nettool.ae674 : config.oe674 (.neardata)
                  c2387898    00000004                   : httpsend.oe674 (.neardata)
                  c238789c    00000004                   : tftp.oe674 (.neardata)
                  c23878a0    00000004                   : tftp6.oe674 (.neardata)
                  c23878a4    00000004     os.ae674 : efs.oe674 (.neardata)
                  c23878a8    00000004     stk6_ppp_pppoe.ae674 : bind.oe674 (.neardata)
                  c23878ac    00000004                          : ipfrag.oe674 (.neardata)
                  c23878b0    00000004                          : lli6.oe674 (.neardata)
                  c23878b4    00000004                          : lliin.oe674 (.neardata)
                  c23878b8    00000004                          : mld.oe674 (.neardata)
                  c23878bc    00000004                          : node.oe674 (.neardata)
                  c23878c0    00000004                          : pbm.oe674 (.neardata)
                  c23878c4    00000004                          : sock6pcb.oe674 (.neardata)
                  c23878c8    00000004                          : sockpcb.oe674 (.neardata)
                  c23878cc    00000004     ti.drv.omapl138.ae674 : csl_mdio.oe674 (.neardata)
                  c23878d0    00000004     zh_cn_pinyin_dict.obj (.neardata)
                  c23878d4    00000002     lv_style.obj (.neardata)
                  c23878d6    00000001     RTC.obj (.neardata)
                  c23878d7    00000001     Timer.obj (.neardata)
                  c23878d8    00000002     nettool.ae674 : dnscomn.oe674 (.neardata)
                  c23878da    00000001     lv_obj_pos.obj (.neardata)
                  c23878db    00000001     lv_obj_style.obj (.neardata)
                  c23878dc    00000001     lv_theme_default.obj (.neardata)
                  c23878dd    00000003     --HOLE--
                  c23878e0    00000001     nettool.ae674 : dnsclnt.oe674 (.neardata)

.rodata    0    c23878e4    0000003c     UNINITIALIZED
                  c23878e4    00000024     stk6_ppp_pppoe.ae674 : ipv6.oe674 (.rodata)
                  c2387908    00000010     os.ae674 : mem_data.oe674 (.rodata)
                  c2387918    00000008     stk6_ppp_pppoe.ae674 : pbm_data.oe674 (.rodata)

.cinit     0    c2387e00    000010a0     
                  c2387e00    00000eab     (.cinit..fardata.load) [load image, compression = rle]
                  c2388cab    0000013b     (.cinit..neardata.load) [load image, compression = rle]
                  c2388de6    00000040     (.cinit..rodata.load) [load image, compression = rle]
                  c2388e26    00000016     (.cinit.SystemHeap.load) [load image, compression = rle]
                  c2388e3c    0000000d     (.cinit..far.load) [load image, compression = rle]
                  c2388e49    0000000b     (.cinit..bss.load) [load image, compression = rle]
                  c2388e54    00000009     (.cinit..LEDNixieVal.load) [load image, compression = rle]
                  c2388e5d    00000003     --HOLE-- [fill = 0]
                  c2388e60    00000008     (__TI_handler_table)
                  c2388e68    00000038     (__TI_cinit_table)

.init_array 
*          0    c0000000    00000000     UNINITIALIZED

SystemHeap 
*          0    c0000000    02000000     UNINITIALIZED
                  c0000000    02000000     Local_pe674.oe674 (SystemHeap)

.vecs      0    c2387c00    00000200     
                  c2387c00    00000200     Local_pe674.oe674 (.vecs)

xdc.meta   0    c0000000    000000f8     COPY SECTION
                  c0000000    000000f8     Local_pe674.oe674 (xdc.meta)

.far       0    c2000000    0023894c     UNINITIALIZED
                  c2000000    00100000     lv_mem.obj (.far:work_mem_int$1)
                  c2100000    000bb824     (.common:g_pucBuffer)
                  c21bb824    0000004c     lv_port_disp_c674x.obj (.far:disp_drv$4)
                  c21bb870    00000010     (.common:IPAddress)
                  c21bb880    00052b00     stk6_ppp_pppoe.ae674 : pbm_data.oe674 (.far:NDK_PACKETMEM)
                  c220e380    00010000     (.common:buff)
                  c221e380    0000c1c0     os.ae674 : mem_data.oe674 (.far:NDK_MMBUFFER)
                  c222a540    00003e80     lv_port_disp_c674x.obj (.far:buf_1$2)
                  c222e3c0    00003e80     lv_port_disp_c674x.obj (.far:buf_2$3)
                  c2232240    00002800     Local_pe674.oe674 (.far:taskStackSection)
                  c2234a40    00001618     ti.drv.omapl138.ae674 : ethdriver.oe674 (.far)
                  c2236058    00000800     (.common:CmdHistory)
                  c2236858    00000660     nettool.ae674 : daemon.oe674 (.far)
                  c2236eb8    00000474     ti.drv.omapl138.ae674 : csl_emac.oe674 (.far)
                  c223732c    00000004     (.common:swCtrlFeatures)
                  c2237330    00000400     (.common:xdc_runtime_SysMin_Module_State_0_outbuf__A)
                  c2237730    00000140     (.common:__TI_tmpnams)
                  c2237870    00000110     stk6_ppp_pppoe.ae674 : igmp.oe674 (.far)
                  c2237980    00000104     (.common:rx_data)
                  c2237a84    00000004                          : rawethsock_pcb.oe674 (.far)
                  c2237a88    00000104     (.common:tx_data)
                  c2237b8c    00000002     lv_theme_default.obj (.far:color_card)
                  c2237b8e    00000002     lv_theme_default.obj (.far:color_grey)
                  c2237b90    00000104     (.common:vrf_data)
                  c2237c94    00000002     lv_theme_default.obj (.far:color_scr)
                  c2237c96    00000002     lv_theme_default.obj (.far:color_text)
                  c2237c98    00000100     lv_draw_sw_letter.obj (.far:opa_table$1)
                  c2237d98    000000d8     netctrl.ae674 : netsrv.oe674 (.far)
                  c2237e70    000000c8     stk6_ppp_pppoe.ae674 : ipv6.oe674 (.far)
                  c2237f38    000000c4                          : tcp.oe674 (.far)
                  c2237ffc    000000b8                          : tcp6in.oe674 (.far)
                  c22380b4    00000004     --HOLE--
                  c22380b8    00000040     (.common:g_cCmdBuf)
                  c22380f8    00000008     (.common:MacAddr)
                  c2238100    000000a0     (.common:RcvFis)
                  c22381a0    0000009c                          : icmp.oe674 (.far)
                  c223823c    00000004     --HOLE--
                  c2238240    00000080     (.common:_lv_draw_mask_list)
                  c22382c0    00000080     (.common:lv_mem_buf)
                  c2238340    00000080     UARTConsole.obj (.far:UARTWriteBuffer)
                  c22383c0    0000007c     os.ae674 : mem.oe674 (.far)
                  c223843c    00000004     --HOLE--
                  c2238440    00000070     (.common:_lv_circle_cache)
                  c22384b0    00000068     stk6_ppp_pppoe.ae674 : ip.oe674 (.far)
                  c2238518    00000064                          : nimu.oe674 (.far)
                  c223857c    00000030     (.common:pllcfg)
                  c22385ac    00000030                          : udp.oe674 (.far)
                  c22385dc    0000002c     (.common:_lv_img_cache_single)
                  c2238608    0000002a     (.common:TouchInfo)
                  c2238632    00000002     --HOLE--
                  c2238634    00000028                          : vlan.oe674 (.far)
                  c223865c    00000024     (.common:RTCTime)
                  c2238680    00000024     cmdline.obj (.far:argv$1)
                  c22386a4    00000024     stk6_ppp_pppoe.ae674 : udp6.oe674 (.far)
                  c22386c8    00000024     lv_theme_default.obj (.far:theme)
                  c22386ec    00000004     --HOLE--
                  c22386f0    00000020     console_min.ae674 : console.oe674 (.far)
                  c2238710    00000020     lv_port_indev_c674x.obj (.far:indev_drv$1)
                  c2238730    0000001c     lv_port_disp_c674x.obj (.far:draw_buf_dsc$1)
                  c223874c    00000004     --HOLE--
                  c2238750    0000001a     rts6740_elf.lib : asctime.c.obj (.far:time_buf)
                  c223876a    00000002     --HOLE--
                  c223876c    00000018     netctrl.ae674 : netctrl.oe674 (.far)
                  c2238784    00000018     lv_refr.obj (.far:perf_monitor)
                  c223879c    00000018     stk6_ppp_pppoe.ae674 : icmpv6.oe674 (.far)
                  c22387b4    00000018     ti.drv.omapl138.ae674 : csl_mdio.oe674 (.far)
                  c22387cc    00000004     --HOLE--
                  c22387d0    00000014     stk6_ppp_pppoe.ae674 : rtc.oe674 (.far)
                  c22387e4    00000014     lv_theme_default.obj (.far:trans_delayed$2)
                  c22387f8    00000014     lv_theme_default.obj (.far:trans_normal$3)
                  c223880c    00000010     stk6_ppp_pppoe.ae674 : raw.oe674 (.far)
                  c223881c    00000010                          : raw6.oe674 (.far)
                  c223882c    00000010                          : raweth.oe674 (.far)
                  c223883c    00000004     --HOLE--
                  c2238840    0000000f     cJSON.obj (.far:version$1)
                  c223884f    00000001     --HOLE--
                  c2238850    0000000c     (.common:_lv_anim_ll)
                  c223885c    0000000c     (.common:_lv_disp_ll)
                  c2238868    0000000c     (.common:_lv_fsdrv_ll)
                  c2238874    0000000c     (.common:_lv_group_ll)
                  c2238880    0000000c     (.common:_lv_img_decoder_ll)
                  c223888c    0000000c     (.common:_lv_indev_ll)
                  c2238898    0000000c     (.common:_lv_obj_style_trans_ll)
                  c22388a4    0000000c     (.common:_lv_timer_ll)
                  c22388b0    0000000c     (.common:ti_sysbios_knl_Task_Instance_State_0_hookEnv__A)
                  c22388bc    00000004     --HOLE--
                  c22388c0    0000000c     (.common:ti_sysbios_knl_Task_Instance_State_1_hookEnv__A)
                  c22388cc    0000000c     stk6_ppp_pppoe.ae674 : pbm.oe674 (.far)
                  c22388d8    0000000a     (.common:I2CData)
                  c22388e2    00000006     --HOLE--
                  c22388e8    00000008     (.common:parmbuf)
                  c22388f0    00000008     lv_font_montserrat_14.obj (.far:cache)
                  c22388f8    00000008     lv_font_source_han_sans_bold_14.obj (.far:cache)
                  c2238900    00000008     lv_theme_default.obj (.far:dark_filter$4)
                  c2238908    00000008     lv_theme_default.obj (.far:grey_filter$5)
                  c2238910    00000008     lv_refr.obj (.far:mem_monitor)
                  c2238918    00000008     chinese_ime.obj (.far:panel_style$1)
                  c2238920    00000004     (.common:ti_sysbios_family_c64p_Hwi_Instance_State_0_hookEnv__A)
                  c2238924    00000004     --HOLE--
                  c2238928    00000004     (.common:ti_sysbios_family_c64p_Hwi_Instance_State_1_hookEnv__A)
                  c223892c    00000004     --HOLE--
                  c2238930    00000004     (.common:ti_sysbios_family_c64p_Hwi_Instance_State_2_hookEnv__A)
                  c2238934    00000004     --HOLE--
                  c2238938    00000004     (.common:ti_sysbios_family_c64p_Hwi_Instance_State_3_hookEnv__A)
                  c223893c    00000004     --HOLE--
                  c2238940    00000004     (.common:ti_sysbios_family_c64p_Hwi_Instance_State_4_hookEnv__A)
                  c2238944    00000004     --HOLE--
                  c2238948    00000004     (.common:ti_sysbios_knl_Swi_Instance_State_0_hookEnv__A)

.const.1   0    c2238950    00000010     
                  c2238950    00000010     lv_group.obj (.const:.string:$P$T0$1)

.text      0    c2238960    0010b000     
                  c2238960    00006200     cJSON.obj (.text)
                  c223eb60    00006120     lv_chart.obj (.text)
                  c2244c80    00005380     lv_theme_default.obj (.text)
                  c224a000    000050a0     lv_draw_mask.obj (.text)
                  c224f0a0    00004460     lv_draw_sw_rect.obj (.text)
                  c2253500    00003a60     lv_obj_pos.obj (.text)
                  c2256f60    000036a0     lv_textarea.obj (.text)
                  c225a600    00003420     lv_btnmatrix.obj (.text)
                  c225da20    000030a0     lv_label.obj (.text)
                  c2260ac0    000030a0     lv_table.obj (.text)
                  c2263b60    00003000     lv_obj_scroll.obj (.text)
                  c2266b60    00002fa0     lv_tlsf.obj (.text)
                  c2269b00    00002e60     lv_img_buf.obj (.text)
                  c226c960    00002e40     lv_obj_style.obj (.text)
                  c226f7a0    00002de0     lv_indev.obj (.text)
                  c2272580    00002d00     lv_dropdown.obj (.text)
                  c2275280    000028e0     lv_refr.obj (.text)
                  c2277b60    00002720     lv_obj.obj (.text)
                  c227a280    000025a0     lv_arc.obj (.text)
                  c227c820    00002420     lv_img.obj (.text)
                  c227ec40    00002340     lv_grid.obj (.text)
                  c2280f80    00002300     lv_meter.obj (.text)
                  c2283280    000022a0     lv_draw_sw_blend.obj (.text)
                  c2285520    000020c0     rts6740_elf.lib : _printfi.c.obj (.text:__TI_printfi)
                  c22875e0    000020a0     lv_flex.obj (.text)
                  c2289680    00002080     rts6740_elf.lib : _scanfi.c.obj (.text:__TI_scanfi)
                  c228b700    00001e40     lv_img_decoder.obj (.text)
                  c228d540    00001e20     lv_colorwheel.obj (.text)
                  c228f360    00001e20     lv_draw_sw_arc.obj (.text)
                  c2291180    00001e00     lv_indev_scroll.obj (.text)
                  c2292f80    00001d60     lv_hal_disp.obj (.text)
                  c2294ce0    00001d40     lv_roller.obj (.text)
                  c2296a20    00001c80     lv_obj_style_gen.obj (.text)
                  c22986a0    00001ba0     lv_style_gen.obj (.text)
                  c229a240    00001b00     lv_bar.obj (.text)
                  c229bd40    000019e0     stk6_ppp_pppoe.ae674 : tcp6in.oe674 (.text:TCP6Input)
                  c229d720    000019e0                          : tcpin.oe674 (.text:TcpInput)
                  c229f100    00001920     lv_txt.obj (.text)
                  c22a0a20    000018c0     lv_slider.obj (.text)
                  c22a22e0    00001840     lv_event.obj (.text)
                  c22a3b20    000017e0     lv_obj_draw.obj (.text)
                  c22a5300    000017a0     drivers.lib : rtc.obj (.text)
                  c22a6aa0    000015c0     lv_mem.obj (.text)
                  c22a8060    000015a0     lv_menu.obj (.text)
                  c22a9600    00001500     lv_fs.obj (.text)
                  c22aab00    000014e0     lv_printf.obj (.text)
                  c22abfe0    000014a0     lv_area.obj (.text)
                  c22ad480    000013e0     lv_group.obj (.text)
                  c22ae860    00001320     lv_draw_sw_line.obj (.text)
                  c22afb80    00001220     stk6_ppp_pppoe.ae674 : tcpout.oe674 (.text:TcpOutput)
                  c22b0da0    00001180                          : tcp6out.oe674 (.text:TCP6Output)
                  c22b1f20    00001180     lv_spinbox.obj (.text)
                  c22b30a0    00001100     Web.obj (.text)
                  c22b41a0    000010c0     lv_anim.obj (.text)
                  c22b5260    00001040     lv_obj_tree.obj (.text)
                  c22b62a0    00001020     lv_calendar.obj (.text)
                  c22b72c0    00001000     lv_draw_label.obj (.text)
                  c22b82c0    00000fe0     console_min.ae674 : contest.oe674 (.text:ConCmdTest)
                  c22b92a0    00000fa0     lv_disp.obj (.text)
                  c22ba240    00000f00     ti.drv.omapl138.ae674 : csl_emac.oe674 (.text:EMAC_open)
                  c22bb140    00000e60     console_min.ae674 : conipv6.oe674 (.text:ConCmdIPv6)
                  c22bbfa0    00000e00                       : conipv6.oe674 (.text:V6StatusTest)
                  c22bcda0    00000e00     drivers.lib : raster.obj (.text)
                  c22bdba0    00000dc0                 : ehrpwm.obj (.text)
                  c22be960    00000d60     Net.obj (.text)
                  c22bf6c0    00000d60     lv_draw_sw_gradient.obj (.text)
                  c22c0420    00000cc0     lv_style.obj (.text)
                  c22c10e0    00000c80     console_min.ae674 : contest.oe674 (.text:StatusTest)
                  c22c1d60    00000c80     lv_draw_sw_img.obj (.text)
                  c22c29e0    00000c60     lv_color.obj (.text)
                  c22c3640    00000c40     Command.obj (.text)
                  c22c4280    00000c00     nettool.ae674 : httpclie.oe674 (.text:httpClientProcess)
                  c22c4e80    00000bc0     lv_draw_arc.obj (.text)
                  c22c5a40    00000ba0     lv_tabview.obj (.text)
                  c22c65e0    00000b80     stk6_ppp_pppoe.ae674 : ipin.oe674 (.text:IPRxPacket)
                  c22c7160    00000b20     console_min.ae674 : console.oe674 (.text:console)
                  c22c7c80    00000b00     lv_keyboard.obj (.text)
                  c22c8780    00000ac0     lv_font_fmt_txt.obj (.text)
                  c22c9240    00000aa0     stk6_ppp_pppoe.ae674 : md5.oe674 (.text:MD5Transform)
                  c22c9ce0    00000aa0     lv_checkbox.obj (.text)
                  c22ca780    00000a60     lv_draw_img.obj (.text)
                  c22cb1e0    00000a40     lv_switch.obj (.text)
                  c22cbc20    00000a20     Flash.obj (.text)
                  c22cc640    000009e0     nettool.ae674 : dnscomn.oe674 (.text:DNSResolveByName)
                  c22cd020    000009c0     stk6_ppp_pppoe.ae674 : ipout.oe674 (.text:IPTxPacket)
                  c22cd9e0    000009a0     ti.drv.omapl138.ae674 : csl_mdio.oe674 (.text:MDIO_timerTick)
                  c22ce380    000009a0     UARTConsole.obj (.text)
                  c22ced20    000009a0     stk6_ppp_pppoe.ae674 : lcp.oe674 (.text:lcpInput)
                  c22cf6c0    000009a0     lv_draw_sw_letter.obj (.text)
                  c22d0060    00000920     rts6740_elf.lib : strtod.c.obj (.text:strtod)
                  c22d0980    00000900     nettool.ae674 : httpsend.oe674 (.text:SetContentType)
                  c22d1280    00000900     lv_ll.obj (.text)
                  c22d1b80    000008a0     ti.targets.rts6000.ae674 : System.oe674 (.text:xdc_runtime_System_doPrint__I)
                  c22d2420    00000860     nettool.ae674 : dnscomn.oe674 (.text:DNSResolveByNS)
                  c22d2c80    00000860     lv_draw_sw_polygon.obj (.text)
                  c22d34e0    00000820     lv_led.obj (.text)
                  c22d3d00    00000820     lv_timer.obj (.text)
                  c22d4520    000007e0     stk6_ppp_pppoe.ae674 : ipcp.oe674 (.text:ipcpInput)
                  c22d4d00    000007c0                          : sock.oe674 (.text:SockSet)
                  c22d54c0    000007a0                          : fileuser.oe674 (.text:fdPoll)
                  c22d5c60    000007a0     lv_math.obj (.text)
                  c22d6400    00000780     sysbios.ae674 : BIOS.obj (.text:ti_sysbios_family_c64p_Exception_handler__I)
                  c22d6b80    00000740     chinese_ime.obj (.text)
                  c22d72c0    00000720     sysbios.ae674 : BIOS.obj (.text:ti_sysbios_heaps_HeapMem_free__E)
                  c22d79e0    000006e0     nettool.ae674 : dnscomn.oe674 (.text:DNSResolveByAddr)
                  c22d80c0    000006e0     lv_line.obj (.text)
                  c22d87a0    000006c0     stk6_ppp_pppoe.ae674 : sock6.oe674 (.text:Sock6Set)
                  c22d8e60    000006c0     nettool.ae674 : telnetd.oe674 (.text:telnet_netdata)
                  c22d9520    000006a0     stk6_ppp_pppoe.ae674 : icmpv6_ndisc.oe674 (.text:ICMPv6RecvRA)
                  c22d9bc0    000006a0     SATA.obj (.text)
                  c22da260    000006a0     sysbios.ae674 : BIOS.obj (.text:ti_sysbios_knl_Semaphore_pend__E)
                  c22da900    000006a0                   : BIOS.obj (.text:ti_sysbios_knl_Task_Instance_finalize__F)
                  c22dafa0    00000680     I2C.obj (.text)
                  c22db620    00000660     stk6_ppp_pppoe.ae674 : route6.oe674 (.text:Rt6Create)
                  c22dbc80    00000660                          : sock.oe674 (.text:SockGet)
                  c22dc2e0    00000660     Touch.obj (.text)
                  c22dc940    00000660     rts6740_elf.lib : _printfi.c.obj (.text:_pconv_a)
                  c22dcfa0    00000620     nettool.ae674 : dnsclnt.oe674 (.text:DNSResolve)
                  c22dd5c0    00000620     console_min.ae674 : conipv6.oe674 (.text:DumpIPv6TCPStats)
                  c22ddbe0    00000620                       : constat.oe674 (.text:DumpTCPStats)
                  c22de200    00000620     lv_obj_class.obj (.text)
                  c22de820    00000620     sysbios.ae674 : BIOS.obj (.text:ti_sysbios_heaps_HeapMem_alloc__E)
                  c22dee40    00000600     rts6740_elf.lib : divd.c.obj (.text:__c6xabi_divd)
                  c22df440    00000600     lv_hal_indev.obj (.text)
                  c22dfa40    00000600     lv_tileview.obj (.text)
                  c22e0040    00000600     sysbios.ae674 : BIOS.obj (.text:ti_sysbios_knl_Task_Instance_init__F)
                  c22e0640    000005c0     DDR2.obj (.text)
                  c22e0c00    000005c0     stk6_ppp_pppoe.ae674 : ipfrag.oe674 (.text:IPReasm)
                  c22e11c0    000005c0     console_min.ae674 : contest.oe674 (.text:MulticastTest)
                  c22e1780    000005a0     stk6_ppp_pppoe.ae674 : icmpin.oe674 (.text:ICMPInput)
                  c22e1d20    000005a0     drivers.lib : spi.obj (.text)
                  c22e22c0    00000580                 : gpio.obj (.text)
                  c22e2840    00000580                 : uart.obj (.text)
                  c22e2dc0    00000580     stk6_ppp_pppoe.ae674 : nimuppp.oe674 (.text:pppEvent)
                  c22e3340    00000560                          : bind6.oe674 (.text:Bind6New)
                  c22e38a0    00000560                          : ipv6.oe674 (.text:IPv6IPAddressToString)
                  c22e3e00    00000560     lv_port_disp_c674x.obj (.text)
                  c22e4360    00000540     console_min.ae674 : conlli.oe674 (.text:ConCmdLLI)
                  c22e48a0    00000540     stk6_ppp_pppoe.ae674 : sock6.oe674 (.text:Sock6Connect)
                  c22e4de0    00000520                          : lliin.oe674 (.text:LLIRxPacket)
                  c22e5300    00000520     ti.drv.omapl138.ae674 : csl_mdio.oe674 (.text:MDIO_initContinue)
                  c22e5820    00000520     stk6_ppp_pppoe.ae674 : sock.oe674 (.text:SockNew)
                  c22e5d40    00000520     console_min.ae674 : conipv6.oe674 (.text:V6TCPOOBTest)
                  c22e6260    00000520                       : conipv6.oe674 (.text:V6TCPShutdownTest1)
                  c22e6780    00000520                       : conipv6.oe674 (.text:V6TCPShutdownTest2)
                  c22e6ca0    00000520                       : conipv6.oe674 (.text:V6TCPShutdownWriteAPITest)
                  c22e71c0    00000520     nettool.ae674 : httpsend.oe674 (.text:httpSendStatusLine)
                  c22e76e0    00000500     console_min.ae674 : conping.oe674 (.text:CheckPing)
                  c22e7be0    00000500     RTC.obj (.text)
                  c22e80e0    000004e0     LCD.obj (.text)
                  c22e85c0    000004e0     stk6_ppp_pppoe.ae674 : udp.oe674 (.text:UdpInput)
                  c22e8aa0    000004e0     cgi.ae674 : cgiparsem.oe674 (.text:cgiParseMultiVars)
                  c22e8f80    000004e0     stk6_ppp_pppoe.ae674 : nimupppoe.oe674 (.text:pppoeInputS)
                  c22e9460    000004e0     sysbios.ae674 : BIOS.obj (.text:ti_sysbios_timers_timer64_Timer_Module_startup__F)
                  c22e9940    000004c0     console_min.ae674 : convlan.oe674 (.text:CmdVLANSend)
                  c22e9e00    000004c0                       : conipaddr.oe674 (.text:ConCmdIPAddr)
                  c22ea2c0    000004c0                       : conipv6.oe674 (.text:V6TCPRaceTest)
                  c22ea780    000004c0     drivers.lib : i2c.obj (.text)
                  c22eac40    000004c0     rts6740_elf.lib : strtoll.c.obj (.text:strtoll)
                  c22eb100    000004a0     console_min.ae674 : conacct.oe674 (.text:ConCmdAcct)
                  c22eb5a0    000004a0                       : contest.oe674 (.text:ConfigTest)
                  c22eba40    000004a0     stk6_ppp_pppoe.ae674 : sock6.oe674 (.text:Sock6Recv)
                  c22ebee0    000004a0                          : sock.oe674 (.text:SockRecv)
                  c22ec380    00000480     console_min.ae674 : conipv6.oe674 (.text:ConCmdPing6)
                  c22ec800    00000480                       : conroute.oe674 (.text:DumpRouteTable)
                  c22ecc80    00000480                       : conipv6.oe674 (.text:V6TestTCPEcho)
                  c22ed100    00000460                       : contest.oe674 (.text:ShutdownTest1)
                  c22ed560    00000460     stk6_ppp_pppoe.ae674 : nimuppp.oe674 (.text:pppNew)
                  c22ed9c0    00000440     console_min.ae674 : conecho.oe674 (.text:OobTest)
                  c22ede00    00000440                       : contest.oe674 (.text:ShutdownTest2)
                  c22ee240    00000440     stk6_ppp_pppoe.ae674 : sock6.oe674 (.text:Sock6New)
                  c22ee680    00000440                          : nimupppoe.oe674 (.text:pppoeInputC)
                  c22eeac0    00000440     rts6740_elf.lib : strtoull.c.obj (.text:strtoull)
                  c22eef00    00000420     console_min.ae674 : conping.oe674 (.text:Ping)
                  c22ef320    00000420                       : contest.oe674 (.text:ShutdownTest)
                  c22ef740    00000420     stk6_ppp_pppoe.ae674 : auth.oe674 (.text:chapInput)
                  c22efb60    00000420     nettool.ae674 : daemon.oe674 (.text:daemon)
                  c22eff80    00000420     stk6_ppp_pppoe.ae674 : fileuser.oe674 (.text:fdSelect)
                  c22f03a0    00000420     sysbios.ae674 : BIOS.obj (.text:ti_sysbios_knl_Task_sleep__E)
                  c22f07c0    00000400     EEPROM.obj (.text)
                  c22f0bc0    00000400     EMAC.obj (.text)
                  c22f0fc0    00000400     LED.obj (.text)
                  c22f13c0    00000400     console_min.ae674 : contest.oe674 (.text:RaceTest)
                  c22f17c0    00000400     stk6_ppp_pppoe.ae674 : sock6.oe674 (.text:Sock6Get)
                  c22f1bc0    00000400                          : sock6.oe674 (.text:Sock6Send)
                  c22f1fc0    00000400     rts6740_elf.lib : _printfi.c.obj (.text:_pconv_g)
                  c22f23c0    00000400     os.ae674 : efs.oe674 (.text:efs_filecheck)
                  c22f27c0    00000400     sysbios.ae674 : BIOS.obj (.text:ti_sysbios_knl_Task_setPri__E)
                  c22f2bc0    000003e0     stk6_ppp_pppoe.ae674 : ipv6_frag.oe674 (.text:IPv6TxFragPacket)
                  c22f2fa0    000003e0     KEY.obj (.text)
                  c22f3380    000003e0     PLL.obj (.text)
                  c22f3760    000003e0     console_min.ae674 : conipv6.oe674 (.text:V6TCPConnectAPITest2)
                  c22f3b40    000003e0                       : conipv6.oe674 (.text:V6TestIPv6ConversionAPI)
                  c22f3f20    000003e0     lv_calendar_header_arrow.obj (.text)
                  c22f4300    000003c0     console_min.ae674 : conecho.oe674 (.text:EchoUdp)
                  c22f46c0    000003c0     stk6_ppp_pppoe.ae674 : ipv6out.oe674 (.text:IPv6TxPacket)
                  c22f4a80    000003c0                          : lli6.oe674 (.text:LLI6TimerCheck)
                  c22f4e40    000003c0                          : sock.oe674 (.text:SockSend)
                  c22f5200    000003c0                          : tcp6.oe674 (.text:TCP6TimeoutCheck)
                  c22f55c0    000003c0                          : tcp.oe674 (.text:TcpTimeoutCheck)
                  c22f5980    000003c0     sysbios.ae674 : BIOS.obj (.text:ti_sysbios_family_c64p_Hwi_dispatchCore__I)
                  c22f5d40    000003c0                   : BIOS.obj (.text:ti_sysbios_heaps_HeapMem_Instance_init__F)
                  c22f6100    000003c0                   : BIOS.obj (.text:ti_sysbios_timers_timer64_Timer_Instance_init__F)
                  c22f64c0    000003a0     console_min.ae674 : conroute.oe674 (.text:ConCmdRoute)
                  c22f6860    000003a0     ti.drv.omapl138.ae674 : csl_emac.oe674 (.text:EMAC_close)
                  c22f6c00    000003a0     console_min.ae674 : conecho.oe674 (.text:EchoTcp)
                  c22f6fa0    000003a0                       : contest.oe674 (.text:EchoTest)
                  c22f7340    000003a0     stk6_ppp_pppoe.ae674 : icmpv6in.oe674 (.text:ICMPv6RxPacket)
                  c22f76e0    000003a0                          : nimu.oe674 (.text:NIMUIoctl)
                  c22f7a80    000003a0                          : route.oe674 (.text:RtCreate)
                  c22f7e20    000003a0                          : sb.oe674 (.text:SBRead)
                  c22f81c0    000003a0     os.ae674 : mem.oe674 (.text:_mmCheck)
                  c22f8560    000003a0     stk6_ppp_pppoe.ae674 : auth.oe674 (.text:papInput)
                  c22f8900    000003a0     rts6740_elf.lib : strtol.c.obj (.text:strtol)
                  c22f8ca0    000003a0     sysbios.ae674 : BIOS.obj (.text:ti_sysbios_knl_Swi_run__I)
                  c22f9040    00000380     console_min.ae674 : conecho.oe674 (.text:ConCmdEcho)
                  c22f93c0    00000380                       : constat.oe674 (.text:DumpIPStats)
                  c22f9740    00000380     netctrl.ae674 : netctrl.oe674 (.text:NetScheduler)
                  c22f9ac0    00000380     stk6_ppp_pppoe.ae674 : sock.oe674 (.text:SockConnect)
                  c22f9e40    00000380     UART1.obj (.text)
                  c22fa1c0    00000380     console_min.ae674 : conipv6.oe674 (.text:V6TCPConnectAPITest1)
                  c22fa540    00000380     nettool.ae674 : dhcppkt.oe674 (.text:dhcpPacketProcess)
                  c22fa8c0    00000380     lv_theme.obj (.text)
                  c22fac40    00000360     console_min.ae674 : condns.oe674 (.text:ConCmdLookupIPv6)
                  c22fafa0    00000360                       : conipaddr.oe674 (.text:ConDisplayNIMUObject)
                  c22fb300    00000360     stk6_ppp_pppoe.ae674 : icmpv6_ndisc.oe674 (.text:ICMPv6RecvRedirect)
                  c22fb660    00000360                          : icmpv6out.oe674 (.text:ICMPv6SendDstUnreachable)
                  c22fb9c0    00000360                          : igmp.oe674 (.text:IGMPInput)
                  c22fbd20    00000360                          : ipv6_frag.oe674 (.text:IPv6FragReasm)
                  c22fc080    00000360                          : sock6int.oe674 (.text:Sock6Notify)
                  c22fc3e0    00000360                          : sockint.oe674 (.text:SockNotify)
                  c22fc740    00000360     sysbios.ae674 : BIOS.obj (.text:ti_sysbios_knl_Clock_Instance_init__F)
                  c22fcaa0    00000360                   : BIOS.obj (.text:ti_sysbios_knl_Swi_Instance_init__F)
                  c22fce00    00000360                   : BIOS.obj (.text:ti_sysbios_timers_timer64_Timer_deviceConfig__I)
                  c22fd160    00000340     nettool.ae674 : dnsclnt.oe674 (.text:DNSGetHostByName)
                  c22fd4a0    00000340     stk6_ppp_pppoe.ae674 : icmpv6_ndisc.oe674 (.text:ICMPv6RecvNS)
                  c22fd7e0    00000340                          : icmpv6out.oe674 (.text:ICMPv6SendParameterProblem)
                  c22fdb20    00000340                          : icmpv6out.oe674 (.text:ICMPv6SendTimeExceeded)
                  c22fde60    00000340                          : lliout.oe674 (.text:LLITxIpPacket)
                  c22fe1a0    00000340     console_min.ae674 : conipv6.oe674 (.text:V6UDPShareRxTest)
                  c22fe4e0    00000340     os.ae674 : mem.oe674 (.text:mmAlloc)
                  c22fe820    00000340     stk6_ppp_pppoe.ae674 : nimupppoe.oe674 (.text:pppoeSI)
                  c22feb60    00000340     Local_pe674.oe674 (.text:xdc_runtime_System_printfExtend__I)
                  c22feea0    00000320     nettool.ae674 : config.oe674 (.text:CfgAddEntry)
                  c22ff1c0    00000320     console_min.ae674 : conipv6.oe674 (.text:CmdIPv6AddAddress)
                  c22ff4e0    00000320                       : conipv6.oe674 (.text:CmdIPv6DisplayNeighTable)
                  c22ff800    00000320     nettool.ae674 : dnspkt.oe674 (.text:DNSReadRecord)
                  c22ffb20    00000320     stk6_ppp_pppoe.ae674 : nimupppoe.oe674 (.text:SendServerMsg)
                  c22ffe40    00000320                          : udp6.oe674 (.text:Udp6Input)
                  c2300160    00000320     nettool.ae674 : inetaddr.oe674 (.text:inet_aton)
                  c2300480    00000320                   : telnetd.oe674 (.text:telnet_engine)
                  c23007a0    00000320     sysbios.ae674 : BIOS.obj (.text:ti_sysbios_timers_timer64_Timer_initObj__I)
                  c2300ac0    00000300     EHRPWM.obj (.text)
                  c2300dc0    00000300     ti.drv.omapl138.ae674 : nimu_eth.oe674 (.text:Emacioctl)
                  c23010c0    00000300     nettool.ae674 : ipaddr.oe674 (.text:NtGetPublicHost)
                  c23013c0    00000300     stk6_ppp_pppoe.ae674 : sock6pcb.oe674 (.text:Sock6PcbBind)
                  c23016c0    00000300     console_min.ae674 : conipv6.oe674 (.text:V6ShareTest)
                  c23019c0    00000300                       : conipv6.oe674 (.text:V6TimeoutTest)
                  c2301cc0    00000300     lv_calendar_header_dropdown.obj (.text)
                  c2301fc0    00000300     rts6740_elf.lib : strtoul.c.obj (.text:strtoul)
                  c23022c0    00000300     sysbios.ae674 : BIOS.obj (.text:ti_sysbios_knl_Semaphore_post__E)
                  c23025c0    00000300                   : BIOS.obj (.text:ti_sysbios_utils_Load_logLoads__I)
                  c23028c0    000002e0     console_min.ae674 : contest.oe674 (.text:ConnectTest2)
                  c2302ba0    000002e0     nettool.ae674 : dnspkt.oe674 (.text:DNSGetReply)
                  c2302e80    000002e0     stk6_ppp_pppoe.ae674 : ipv6_exthdrs.oe674 (.text:IPv6ParseExtnHeaders)
                  c2303160    000002e0                          : route6.oe674 (.text:Rt6Find)
                  c2303440    000002e0                          : nimupppoe.oe674 (.text:SendClientMsg)
                  c2303720    000002e0                          : sock6pcb.oe674 (.text:Sock6PcbFind)
                  c2303a00    000002e0                          : sock6pcb.oe674 (.text:Sock6PcbResolve)
                  c2303ce0    000002e0     console_min.ae674 : contest.oe674 (.text:TimeoutTest)
                  c2303fc0    000002e0     stk6_ppp_pppoe.ae674 : udp.oe674 (.text:UdpOutput)
                  c23042a0    000002e0                          : vlan.oe674 (.text:VLANAddDevice)
                  c2304580    000002e0     rts6740_elf.lib : fputs.c.obj (.text:fputs)
                  c2304860    000002e0     lv_spinner.obj (.text)
                  c2304b40    000002e0     stk6_ppp_pppoe.ae674 : nimuppp.oe674 (.text:pppInput)
                  c2304e20    000002c0                          : bind.oe674 (.text:BindNew)
                  c23050e0    000002c0     console_min.ae674 : condns.oe674 (.text:ConCmdLookup)
                  c23053a0    000002c0                       : contest.oe674 (.text:ConnectTest1)
                  c2305660    000002c0                       : conipv6.oe674 (.text:DumpIPv6CoreStats)
                  c2305920    000002c0     ti.drv.omapl138.ae674 : ethdriver.oe674 (.text:HwPktOpen)
                  c2305be0    000002c0     stk6_ppp_pppoe.ae674 : ipv6_frag.oe674 (.text:IPv6FragQEnqueueFrag)
                  c2305ea0    000002c0                          : node.oe674 (.text:NodeAdd)
                  c2306160    000002c0                          : rtable.oe674 (.text:RtFind)
                  c2306420    000002c0                          : sb6.oe674 (.text:SB6Read)
                  c23066e0    000002c0     console_min.ae674 : contest.oe674 (.text:SendTest)
                  c23069a0    000002c0     TempSensor.obj (.text)
                  c2306c60    000002c0     console_min.ae674 : conipv6.oe674 (.text:V6TCPConnectFlood)
                  c2306f20    000002c0     lv_win.obj (.text)
                  c23071e0    000002c0     console_min.ae674 : conipv6.oe674 (.text:v6TestTFTP)
                  c23074a0    000002a0     nettool.ae674 : dhcpmain.oe674 (.text:DHCPOpen)
                  c2307740    000002a0                   : dnscomn.oe674 (.text:DNSResolveExternal)
                  c23079e0    000002a0     SATATest.obj (.text)
                  c2307c80    000002a0     stk6_ppp_pppoe.ae674 : sock6.oe674 (.text:Sock6Close)
                  c2307f20    000002a0                          : sock.oe674 (.text:SockClose)
                  c23081c0    000002a0                          : sockpcb.oe674 (.text:SockPcbResolve)
                  c2308460    000002a0                          : tcp6prot.oe674 (.text:TCP6PrSetOption)
                  c2308700    000002a0                          : tcpprot.oe674 (.text:TcpPrSetOption)
                  c23089a0    000002a0     rts6740_elf.lib : _printfi.c.obj (.text:_pconv_e)
                  c2308c40    000002a0                     : _printfi.c.obj (.text:fcvt)
                  c2308ee0    000002a0     sysbios.ae674 : BIOS.obj (.text:ti_sysbios_knl_Clock_workFunc__E)
                  c2309180    00000280     console_min.ae674 : constat.oe674 (.text:ConCmdStat)
                  c2309400    00000280     ti.drv.omapl138.ae674 : csl_emac.oe674 (.text:EMAC_setReceiveFilter)
                  c2309680    00000280     stk6_ppp_pppoe.ae674 : icmp.oe674 (.text:ICMPGenPacket)
                  c2309900    00000280                          : lli6.oe674 (.text:LLI6NeighUnreachStateMachine)
                  c2309b80    00000280                          : lli6.oe674 (.text:LLI6TxIPPacket)
                  c2309e00    00000280                          : route6.oe674 (.text:Rt6Free)
                  c230a080    00000280     console_min.ae674 : contest.oe674 (.text:ShareRxTest)
                  c230a300    00000280     stk6_ppp_pppoe.ae674 : sock.oe674 (.text:SockRecvNC)
                  c230a580    00000280                          : udp6.oe674 (.text:Udp6Output)
                  c230a800    00000280     console_min.ae674 : conipv6.oe674 (.text:V6ReuseTest)
                  c230aa80    00000280     servers_min.ae674 : newservers.oe674 (.text:dtask_tcp_datasrv)
                  c230ad00    00000280     stk6_ppp_pppoe.ae674 : ipcp.oe674 (.text:ipcpSendCfg)
                  c230af80    00000280     lv_font.obj (.text)
                  c230b200    00000280     sysbios.ae674 : BIOS.obj (.text:ti_sysbios_knl_Task_schedule__I)
                  c230b480    00000280                   : BIOS.obj (.text:ti_sysbios_knl_Task_startCore__E)
                  c230b700    00000280                   : BIOS.obj (.text:ti_sysbios_utils_Load_updateThreadContexts__E)
                  c230b980    00000280     ti.targets.rts6000.ae674 : Error.oe674 (.text:xdc_runtime_Error_raiseX__F)
                  c230bc00    00000260     console_min.ae674 : conipaddr.oe674 (.text:ConRemoveIPAddress)
                  c230be60    00000260                       : constat.oe674 (.text:DumpICMPStats)
                  c230c0c0    00000260     ti.drv.omapl138.ae674 : csl_emac.oe674 (.text:EMAC_sendPacket)
                  c230c320    00000260     stk6_ppp_pppoe.ae674 : icmpv6in.oe674 (.text:ICMPv6RecvEchoRequest)
                  c230c580    00000260                          : icmpv6_ndisc.oe674 (.text:ICMPv6SendNS)
                  c230c7e0    00000260                          : ipv6in.oe674 (.text:IPv6RxPacket)
                  c230ca40    00000260                          : nimu.oe674 (.text:NIMUReceivePacket)
                  c230cca0    00000260                          : rawethsock.oe674 (.text:RawEthSockSet)
                  c230cf00    00000260                          : sb6.oe674 (.text:SB6Write)
                  c230d160    00000260                          : sb.oe674 (.text:SBWrite)
                  c230d3c0    00000260                          : sockpcb.oe674 (.text:SockPcbBind)
                  c230d620    00000260                          : tcp6out.oe674 (.text:TCP6GenPacket)
                  c230d880    00000260     console_min.ae674 : contest.oe674 (.text:TcpShareRX)
                  c230dae0    00000260                       : conipv6.oe674 (.text:V6TcpShareRX)
                  c230dd40    00000260     rts6740_elf.lib : imath64.c.obj (.text:__c6xabi_divull)
                  c230dfa0    00000260     nettool.ae674 : httppars.oe674 (.text:httpParseRecv)
                  c230e200    00000260                   : httpsend.oe674 (.text:httpSendErrorHTML)
                  c230e460    00000260     stk6_ppp_pppoe.ae674 : lcp.oe674 (.text:lcpSendCfg)
                  c230e6c0    00000260     lv_draw_rect.obj (.text)
                  c230e920    00000260     nettool.ae674 : tftp6.oe674 (.text:tftp6ProcessPacket)
                  c230eb80    00000260                   : tftp.oe674 (.text:tftpProcessPacket)
                  c230ede0    00000260     sysbios.ae674 : BIOS.obj (.text:ti_sysbios_timers_timer64_Timer_start__E)
                  c230f040    00000260     ti.targets.rts6000.ae674 : Startup.oe674 (.text:xdc_runtime_Startup_startMods__I)
                  c230f2a0    00000240     stk6_ppp_pppoe.ae674 : bind6.oe674 (.text:Bind6Free)
                  c230f4e0    00000240                          : bind6.oe674 (.text:Bind6RunDAD)
                  c230f720    00000240     console_min.ae674 : conipaddr.oe674 (.text:ConConfigureMAC)
                  c230f960    00000240     nettool.ae674 : dnspkt.oe674 (.text:DNSWriteRecord)
                  c230fba0    00000240                   : daemon.oe674 (.text:DaemonNew)
                  c230fde0    00000240     Exception.obj (.text)
                  c2310020    00000240     stk6_ppp_pppoe.ae674 : icmpv6_ndisc.oe674 (.text:ICMPv6RecvNA)
                  c2310260    00000240                          : icmpv6_ndisc.oe674 (.text:ICMPv6SendNA)
                  c23104a0    00000240                          : ipv6.oe674 (.text:IPv6InterfaceInit)
                  c23106e0    00000240                          : pipe.oe674 (.text:PipeRecv)
                  c2310920    00000240                          : raw.oe674 (.text:RawInput)
                  c2310b60    00000240                          : tcpout.oe674 (.text:TcpGenPacket)
                  c2310da0    00000240     console_min.ae674 : conipv6.oe674 (.text:V6DisplayStats)
                  c2310fe0    00000240     nettool.ae674 : dhcpsm.oe674 (.text:dhcpIPAdd)
                  c2311220    00000240                   : dhcpsm.oe674 (.text:dhcpState)
                  c2311460    00000240                   : dhcppkt.oe674 (.text:dhcpVerifyMessage)
                  c23116a0    00000240     ti.drv.omapl138.ae674 : csl_emac.oe674 (.text:emacDequeueRx)
                  c23118e0    00000240     stk6_ppp_pppoe.ae674 : fileuser.oe674 (.text:fdStatus)
                  c2311b20    00000240     lv_log.obj (.text)
                  c2311d60    00000220     console_min.ae674 : conipv6.oe674 (.text:CmdIPv6DisplayBindTable)
                  c2311f80    00000220                       : conipv6.oe674 (.text:CmdIPv6DisplayRouteTable)
                  c23121a0    00000220                       : conipv6.oe674 (.text:CmdIPv6DisplayTestHelp)
                  c23123c0    00000220                       : convlan.oe674 (.text:CmdVLANAdd)
                  c23125e0    00000220     nettool.ae674 : dnspkt.oe674 (.text:DNSWriteName)
                  c2312800    00000220     stk6_ppp_pppoe.ae674 : icmpv6_ndisc.oe674 (.text:ICMPv6SendRS)
                  c2312a20    00000220                          : igmp.oe674 (.text:IGMPJoinHostGroup)
                  c2312c40    00000220                          : ipv6_frag.oe674 (.text:IPv6ParseFragHdr)
                  c2312e60    00000220                          : raw6.oe674 (.text:Raw6Output)
                  c2313080    00000220                          : rawethsock.oe674 (.text:RawEthSockNew)
                  c23132a0    00000220     console_min.ae674 : contest.oe674 (.text:ShareTest)
                  c23134c0    00000220     stk6_ppp_pppoe.ae674 : sockpcb.oe674 (.text:SockPcbFind)
                  c23136e0    00000220     ti.drv.omapl138.ae674 : csl_emac.oe674 (.text:emacEnqueueTx)
                  c2313900    00000220     nettool.ae674 : httpclie.oe674 (.text:httpGetAuthParams)
                  c2313b20    00000220     sysbios.ae674 : BIOS.obj (.text:ti_sysbios_timers_timer64_Timer_setPeriodMicroSecs__E)
                  c2313d40    00000220                   : BIOS.obj (.text:ti_sysbios_utils_Load_updateLoads__E)
                  c2313f60    00000220     ti.targets.rts6000.ae674 : Core-mem.oe674 (.text:xdc_runtime_Core_createObject__I)
                  c2314180    00000200     ti.drv.omapl138.ae674 : csl_emac.oe674 (.text:EMAC_RxServiceCheck)
                  c2314380    00000200     stk6_ppp_pppoe.ae674 : ipv6_exthdrs.oe674 (.text:IPv6ParseHopOptions)
                  c2314580    00000200                          : lli6.oe674 (.text:LLI6New)
                  c2314780    00000200                          : socket.oe674 (.text:NDK_accept)
                  c2314980    00000200     nettool.ae674 : tftp6.oe674 (.text:Nt6TftpRecv)
                  c2314b80    00000200     stk6_ppp_pppoe.ae674 : pipe.oe674 (.text:PipeNew)
                  c2314d80    00000200                          : rtc.oe674 (.text:RTCReport)
                  c2314f80    00000200                          : rawethsock.oe674 (.text:RawEthSockGet)
                  c2315180    00000200                          : sock6.oe674 (.text:Sock6Status)
                  c2315380    00000200     console_min.ae674 : contftp.oe674 (.text:TestTFTP)
                  c2315580    00000200     rts6740_elf.lib : _printfi.c.obj (.text:_ltostr)
                  c2315780    00000200     sysbios.ae674 : c64p_Hwi_disp_always.obj (.text:_ti_sysbios_family_c64p_Hwi_dispatchAlways)
                  c2315980    00000200     nettool.ae674 : dhcpsock.oe674 (.text:dhcpSocketOpen)
                  c2315b80    00000200     sysbios.ae674 : BIOS.obj (.text:ti_sysbios_knl_Swi_post__E)
                  c2315d80    00000200                   : BIOS.obj (.text:ti_sysbios_knl_Task_exit__E)
                  c2315f80    00000200     ti.targets.rts6000.ae674 : Log.oe674 (.text:xdc_runtime_Log_doPrint__F)
                  c2316180    000001e0     console_min.ae674 : consock.oe674 (.text:ConCmdSocket)
                  c2316360    000001e0                       : convlan.oe674 (.text:ConCmdVLAN)
                  c2316540    000001e0                       : conipaddr.oe674 (.text:ConConfigureMTU)
                  c2316720    000001e0     nettool.ae674 : dnspkt.oe674 (.text:DNSReadName)
                  c2316900    000001e0     console_min.ae674 : conipv6.oe674 (.text:DumpIPv6UDPStats)
                  c2316ae0    000001e0                       : constat.oe674 (.text:DumpUDPStats)
                  c2316cc0    000001e0     stk6_ppp_pppoe.ae674 : igmp.oe674 (.text:IGMPSendReply)
                  c2316ea0    000001e0                          : ipv6.oe674 (.text:IPv6StringToIPAddress)
                  c2317080    000001e0     Loader.lib : PRULoader.obj (.text)
                  c2317260    000001e0     stk6_ppp_pppoe.ae674 : socket.oe674 (.text:NDK_recvnc)
                  c2317440    000001e0                          : socket.oe674 (.text:NDK_sendto)
                  c2317620    000001e0                          : route6.oe674 (.text:Rt6Modify)
                  c2317800    000001e0     netctrl.ae674 : netsrv.oe674 (.text:SPIpNet)
                  c23179e0    000001e0     stk6_ppp_pppoe.ae674 : sock6pcb.oe674 (.text:Sock6PcbFindRaw)
                  c2317bc0    000001e0                          : tcptime.oe674 (.text:TcpTimeoutRexmt)
                  c2317da0    000001e0                          : auth.oe674 (.text:chapSendMsg)
                  c2317f80    000001e0                          : nimupppoe.oe674 (.text:pppoeCtrlMsg)
                  c2318160    000001e0     sysbios.ae674 : BIOS.obj (.text:ti_sysbios_knl_Task_postInit__I)
                  c2318340    000001e0                   : BIOS.obj (.text:ti_sysbios_knl_Task_unblockI__E)
                  c2318520    000001c0     nettool.ae674 : config.oe674 (.text:CfgExecute)
                  c23186e0    000001c0     console_min.ae674 : conipaddr.oe674 (.text:ConConfigureNIMUObject)
                  c23188a0    000001c0                       : contest.oe674 (.text:ConnectFlood)
                  c2318a60    000001c0     nettool.ae674 : dnsclnt.oe674 (.text:DNSGetHostByAddr2)
                  c2318c20    000001c0     ti.drv.omapl138.ae674 : nimu_eth.oe674 (.text:EmacInit)
                  c2318de0    000001c0                           : ethdriver.oe674 (.text:HwPktSetRx)
                  c2318fa0    000001c0     stk6_ppp_pppoe.ae674 : ip.oe674 (.text:IPGetRoute)
                  c2319160    000001c0                          : lliout.oe674 (.text:LLIGenArpPacket)
                  c2319320    000001c0                          : socket.oe674 (.text:NDK_recvfrom)
                  c23194e0    000001c0                          : socket.oe674 (.text:NDK_recvncfrom)
                  c23196a0    000001c0     nettool.ae674 : tftp.oe674 (.text:NtTftpRecv)
                  c2319860    000001c0     stk6_ppp_pppoe.ae674 : raw6.oe674 (.text:Raw6Input)
                  c2319a20    000001c0                          : lli.oe674 (.text:_LLITimeoutCheck)
                  c2319be0    000001c0     rts6740_elf.lib : imath40.c.obj (.text:__c6xabi_divul)
                  c2319da0    000001c0     nettool.ae674 : dhcpbild.oe674 (.text:dhcpBuildHeader)
                  c2319f60    000001c0     stk6_ppp_pppoe.ae674 : fileuser.oe674 (.text:fdClose)
                  c231a120    000001c0     rts6740_elf.lib : fputc.c.obj (.text:fputc)
                  c231a2e0    000001c0                     : frexp.c.obj (.text:frexp)
                  c231a4a0    000001c0                     : ldexp.c.obj (.text:ldexp)
                  c231a660    000001c0     main.obj (.text)
                  c231a820    000001c0     stk6_ppp_pppoe.ae674 : udp6.oe674 (.text:processMulticast)
                  c231a9e0    000001c0     rts6740_elf.lib : setvbuf.c.obj (.text:setvbuf)
                  c231aba0    000001c0     sysbios.ae674 : BIOS.obj (.text:ti_sysbios_family_c64p_Hwi_Instance_finalize__F)
                  c231ad60    000001c0                   : BIOS.obj (.text:ti_sysbios_family_c64p_Hwi_Module_startup__F)
                  c231af20    000001c0                   : BIOS.obj (.text:ti_sysbios_family_c64p_Hwi_reconfig__E)
                  c231b0e0    000001c0                   : BIOS.obj (.text:ti_sysbios_knl_Semaphore_Instance_init__F)
                  c231b2a0    000001c0                   : BIOS.obj (.text:ti_sysbios_knl_Swi_Instance_finalize__F)
                  c231b460    000001c0                   : BIOS.obj (.text:ti_sysbios_utils_Load_idleFxn__E)
                  c231b620    000001c0     ti.targets.rts6000.ae674 : Text.oe674 (.text:xdc_runtime_Text_putSite__F)
                  c231b7e0    000001a0     stk6_ppp_pppoe.ae674 : bind6.oe674 (.text:Bind6Msg)
                  c231b980    000001a0     nettool.ae674 : config.oe674 (.text:CfgRemoveEntry)
                  c231bb20    000001a0     console_min.ae674 : conipv6.oe674 (.text:CmdIPv6DeinitializeStack)
                  c231bcc0    000001a0                       : conipv6.oe674 (.text:CmdIPv6InitializeStack)
                  c231be60    000001a0                       : console.oe674 (.text:ConGetString)
                  c231c000    000001a0     nettool.ae674 : dnsclnt.oe674 (.text:DNSGetHostByName2)
                  c231c1a0    000001a0                   : dnscomn.oe674 (.text:DNSResolveQuery)
                  c231c340    000001a0     ti.drv.omapl138.ae674 : csl_emac.oe674 (.text:EMAC_TxServiceCheck)
                  c231c4e0    000001a0     rts6740_elf.lib : hostrename.c.obj (.text:HOSTrename)
                  c231c680    000001a0     stk6_ppp_pppoe.ae674 : icmpin.oe674 (.text:ICMPRevSrcRoute)
                  c231c820    000001a0                          : ipv6_frag.oe674 (.text:IPv6FragMsg)
                  c231c9c0    000001a0                          : ipv6_exthdrs.oe674 (.text:IPv6ParseRoutingHdr)
                  c231cb60    000001a0                          : lli.oe674 (.text:LLIGetStaticARPTable)
                  c231cd00    000001a0     netctrl.ae674 : netctrl.oe674 (.text:NC_NetStart)
                  c231cea0    000001a0     stk6_ppp_pppoe.ae674 : socket.oe674 (.text:NDK_getpeername)
                  c231d040    000001a0                          : socket.oe674 (.text:NDK_getsockname)
                  c231d1e0    000001a0                          : node.oe674 (.text:NodeTreeFree)
                  c231d380    000001a0     console_min.ae674 : contest.oe674 (.text:ReuseTest)
                  c231d520    000001a0     stk6_ppp_pppoe.ae674 : route6.oe674 (.text:Route6LifetimeMgmt)
                  c231d6c0    000001a0                          : sockint.oe674 (.text:SockCreatePacket)
                  c231d860    000001a0                          : sock.oe674 (.text:SockStatus)
                  c231da00    000001a0     nettool.ae674 : dhcpsm.oe674 (.text:StateRenewRebind)
                  c231dba0    000001a0     stk6_ppp_pppoe.ae674 : tcp6time.oe674 (.text:TCP6TimeoutRexmt)
                  c231dd40    000001a0     ti.drv.omapl138.ae674 : ethdriver.oe674 (.text:_HwPktPoll)
                  c231dee0    000001a0     nettool.ae674 : dhcptags.oe674 (.text:dhcpBuildOptions)
                  c231e080    000001a0     lv_port_indev_c674x.obj (.text)
                  c231e220    000001a0     nettool.ae674 : telnetd.oe674 (.text:telnet_termdata)
                  c231e3c0    000001a0     sysbios.ae674 : BIOS.obj (.text:ti_sysbios_gates_GateMutex_enter__E)
                  c231e560    000001a0                   : BIOS.obj (.text:ti_sysbios_timers_timer64_Timer_getFreq__E)
                  c231e700    000001a0                   : BIOS.obj (.text:ti_sysbios_utils_Load_updateCurrentThreadTime__E)
                  c231e8a0    00000180     stk6_ppp_pppoe.ae674 : bind6.oe674 (.text:Bind6GetGlobalAddress)
                  c231ea20    00000180     console_min.ae674 : conipv6.oe674 (.text:CheckPing6)
                  c231eba0    00000180                       : conipv6.oe674 (.text:CmdIPv6DelAddress)
                  c231ed20    00000180                       : convlan.oe674 (.text:CmdVLANDel)
                  c231eea0    00000180                       : conping.oe674 (.text:ConCmdPing)
                  c231f020    00000180                       : console.oe674 (.text:ConGetCh)
                  c231f1a0    00000180                       : consock.oe674 (.text:DumpSockets)
                  c231f320    00000180     ti.drv.omapl138.ae674 : ethdriver.oe674 (.text:HwPktTxNext)
                  c231f4a0    00000180     stk6_ppp_pppoe.ae674 : igmp.oe674 (.text:IGMPMsg)
                  c231f620    00000180                          : ipv6.oe674 (.text:IPv6AddAddress)
                  c231f7a0    00000180                          : lli.oe674 (.text:LLIAddStaticEntry)
                  c231f920    00000180                          : socket.oe674 (.text:NDK_bind)
                  c231faa0    00000180                          : socket.oe674 (.text:NDK_connect)
                  c231fc20    00000180                          : nimu.oe674 (.text:NIMURegister)
                  c231fda0    00000180     netctrl.ae674 : netsrv.oe674 (.text:ServiceScan)
                  c231ff20    00000180                   : netsrv.oe674 (.text:ServiceSpawn)
                  c23200a0    00000180     stk6_ppp_pppoe.ae674 : sock6int.oe674 (.text:Sock6CreatePacket)
                  c2320220    00000180     nettool.ae674 : dhcpsm.oe674 (.text:StateBound)
                  c23203a0    00000180     sysbios.ae674 : BIOS.obj (.text:Timer_getNextAvailableTimerId)
                  c2320520    00000180     stk6_ppp_pppoe.ae674 : vlan.oe674 (.text:VLANAddHeader)
                  c23206a0    00000180     nettool.ae674 : dhcpbild.oe674 (.text:dhcpBuildRequest)
                  c2320820    00000180     ti.drv.omapl138.ae674 : csl_emac.oe674 (.text:emacEnqueueRx)
                  c23209a0    00000180     os.ae674 : task.oe674 (.text:llEnter)
                  c2320b20    00000180     lv_draw_line.obj (.text)
                  c2320ca0    00000180     stk6_ppp_pppoe.ae674 : auth.oe674 (.text:papSendCfg)
                  c2320e20    00000180                          : nimuppp.oe674 (.text:pppFree)
                  c2320fa0    00000180     sysbios.ae674 : c64p_Exception_asm.obj (.text)
                  c2321120    00000180                   : BIOS.obj (.text:ti_sysbios_family_c64p_Exception_internalHandler__I)
                  c23212a0    00000180                   : BIOS.obj (.text:ti_sysbios_knl_Task_blockI__E)
                  c2321420    00000180                   : BIOS.obj (.text:ti_sysbios_knl_Task_checkStacks__E)
                  c23215a0    00000160     console_min.ae674 : conping.oe674 (.text:BuildPing)
                  c2321700    00000160     nettool.ae674 : config.oe674 (.text:CfgGetEntry)
                  c2321860    00000160                   : config.oe674 (.text:CfgGetNextEntry)
                  c23219c0    00000160     console_min.ae674 : console.oe674 (.text:ConsoleOpen)
                  c2321b20    00000160     stk6_ppp_pppoe.ae674 : igmp.oe674 (.text:IGMPDoMCast)
                  c2321c80    00000160                          : igmp.oe674 (.text:IGMPJoin)
                  c2321de0    00000160                          : socket.oe674 (.text:NDK_getsockopt)
                  c2321f40    00000160                          : socket.oe674 (.text:NDK_setsockopt)
                  c23220a0    00000160                          : nimu.oe674 (.text:NIMUIoctlSpecialCmd)
                  c2322200    00000160                          : pipe.oe674 (.text:PipeSend)
                  c2322360    00000160                          : raw.oe674 (.text:RawOutput)
                  c23224c0    00000160                          : rtable.oe674 (.text:RtTimeoutCheck)
                  c2322620    00000160                          : rtable.oe674 (.text:RtWalkNext)
                  c2322780    00000160     netctrl.ae674 : netsrv.oe674 (.text:SPRoute)
                  c23228e0    00000160     stk6_ppp_pppoe.ae674 : sock6.oe674 (.text:Sock6Check)
                  c2322a40    00000160                          : sock6pcb.oe674 (.text:Sock6PcbConnect)
                  c2322ba0    00000160                          : sock.oe674 (.text:SockCheck)
                  c2322d00    00000160                          : sockpcb.oe674 (.text:SockGetPcb)
                  c2322e60    00000160                          : sockpcb.oe674 (.text:SockPcbConnect)
                  c2322fc0    00000160     nettool.ae674 : dhcpsm.oe674 (.text:StateRequesting)
                  c2323120    00000160     stk6_ppp_pppoe.ae674 : tcp6time.oe674 (.text:TCP6TimeoutKeep)
                  c2323280    00000160                          : tcptime.oe674 (.text:TcpTimeoutKeep)
                  c23233e0    00000160     rts6740_elf.lib : sscanf.c.obj (.text:_chkmbc)
                  c2323540    00000160     stk6_ppp_pppoe.ae674 : auth.oe674 (.text:authInit)
                  c23236a0    00000160     cmdline.obj (.text)
                  c2323800    00000160     ti.drv.omapl138.ae674 : csl_emac.oe674 (.text:emacDequeueTx)
                  c2323960    00000160     nettool.ae674 : httpclie.oe674 (.text:httpExtractTag)
                  c2323ac0    00000160     stk6_ppp_pppoe.ae674 : sock6.oe674 (.text:joinGroup)
                  c2323c20    00000160     lv_draw_sw.obj (.text)
                  c2323d80    00000160     Exception.obj (.text:retain)
                  c2323ee0    00000160     nettool.ae674 : telnetd.oe674 (.text:telnetClientProcess)
                  c2324040    00000160                   : tftp6.oe674 (.text:tftp6ReadPacket)
                  c23241a0    00000160                   : tftp6.oe674 (.text:tftp6SocketSetup)
                  c2324300    00000160     sysbios.ae674 : BIOS.obj (.text:ti_sysbios_knl_Swi_Module_startup__F)
                  c2324460    00000160                   : BIOS.obj (.text:ti_sysbios_knl_Task_Module_startup__F)
                  c23245c0    00000160                   : BIOS.obj (.text:ti_sysbios_timers_timer64_Timer_initDevice__I)
                  c2324720    00000140     BUZZER.obj (.text)
                  c2324860    00000140     stk6_ppp_pppoe.ae674 : exec.oe674 (.text:ExecOpen)
                  c23249a0    00000140                          : icmp.oe674 (.text:ICMPSendRtAdv)
                  c2324ae0    00000140                          : ipv6.oe674 (.text:IPv6DisplayIPAddress)
                  c2324c20    00000140                          : lli6.oe674 (.text:LLI6Find)
                  c2324d60    00000140                          : socket.oe674 (.text:NDK_recv)
                  c2324ea0    00000140                          : socket.oe674 (.text:NDK_send)
                  c2324fe0    00000140                          : socket.oe674 (.text:NDK_shutdown)
                  c2325120    00000140                          : node.oe674 (.text:NodeFind)
                  c2325260    00000140                          : node.oe674 (.text:NodeWalk)
                  c23253a0    00000140                          : pbm.oe674 (.text:PBM_alloc)
                  c23254e0    00000140                          : pbm.oe674 (.text:PBM_free)
                  c2325620    00000140                          : rtable.oe674 (.text:RtFlush)
                  c2325760    00000140     ti.drv.omapl138.ae674 : ethdriver.oe674 (.text:RxPacket)
                  c23258a0    00000140     stk6_ppp_pppoe.ae674 : sb6.oe674 (.text:SB6New)
                  c23259e0    00000140     netctrl.ae674 : netsrv.oe674 (.text:ServiceKill)
                  c2325b20    00000140     stk6_ppp_pppoe.ae674 : sock6.oe674 (.text:Sock6Accept)
                  c2325c60    00000140                          : sock6.oe674 (.text:Sock6Listen)
                  c2325da0    00000140                          : sock.oe674 (.text:SockAccept)
                  c2325ee0    00000140                          : sock.oe674 (.text:SockListen)
                  c2326020    00000140                          : sockpcb.oe674 (.text:SockPcbCtlError)
                  c2326160    00000140                          : tcp6prot.oe674 (.text:TCP6PrGetOption)
                  c23262a0    00000140                          : tcpprot.oe674 (.text:TcpPrGetOption)
                  c23263e0    00000140     console_min.ae674 : contest.oe674 (.text:TcpShareTX)
                  c2326520    00000140                       : conipv6.oe674 (.text:V6TcpShareTX)
                  c2326660    00000140     boot.ae674 : autoinit.oe674 (.text:_auto_init_elf)
                  c23267a0    00000140     rts6740_elf.lib : _scanfi.c.obj (.text:_sproc_str)
                  c23268e0    00000140                     : _scanfi.c.obj (.text:_sproc_wstr)
                  c2326a20    00000140     stk6_ppp_pppoe.ae674 : auth.oe674 (.text:authGetPassword)
                  c2326b60    00000140     nettool.ae674 : dhcptags.oe674 (.text:dhcpDecodeType)
                  c2326ca0    00000140     drivers.lib : psc.obj (.text)
                  c2326de0    00000140     nettool.ae674 : httpsend.oe674 (.text:httpAuthenticationReq)
                  c2326f20    00000140     lv_gc.obj (.text)
                  c2327060    00000140     lv_img_cache.obj (.text)
                  c23271a0    00000140     os.ae674 : mem.oe674 (.text:mmCopy)
                  c23272e0    00000140     stk6_ppp_pppoe.ae674 : nimuppp.oe674 (.text:pppAddClient)
                  c2327420    00000140     nettool.ae674 : tftp6.oe674 (.text:tftp6RRQBuild)
                  c2327560    00000140                   : tftp.oe674 (.text:tftpRRQBuild)
                  c23276a0    00000140     sysbios.ae674 : BIOS.obj (.text:ti_sysbios_family_c64p_Exception_externalHandler__I)
                  c23277e0    00000140                   : BIOS.obj (.text:ti_sysbios_family_c64p_Hwi_Instance_init__F)
                  c2327920    00000140     Local_pe674.oe674 (.text:ti_sysbios_utils_Load_hwiBeginHook__E)
                  c2327a60    00000140     ti.targets.rts6000.ae674 : Text.oe674 (.text:xdc_runtime_Text_putLab__F)
                  c2327ba0    00000120     console_min.ae674 : conacct.oe674 (.text:AcctDump)
                  c2327cc0    00000120     stk6_ppp_pppoe.ae674 : bind6.oe674 (.text:Bind6DADCheck)
                  c2327de0    00000120                          : bind6.oe674 (.text:Bind6LifetimeMgmt)
                  c2327f00    00000120                          : bind.oe674 (.text:BindFree)
                  c2328020    00000120     nettool.ae674 : config.oe674 (.text:CfgFree)
                  c2328140    00000120     console_min.ae674 : contftp.oe674 (.text:ConCmdTFTP)
                  c2328260    00000120                       : conipv6.oe674 (.text:CreatePing6Payload)
                  c2328380    00000120     nettool.ae674 : dnscomn.oe674 (.text:DNSReplyFree)
                  c23284a0    00000120                   : daemon.oe674 (.text:DaemonFree)
                  c23285c0    00000120     stk6_ppp_pppoe.ae674 : file.oe674 (.text:FdWaitEvent)
                  c23286e0    00000120                          : igmp.oe674 (.text:IGMPLeaveHostGroup)
                  c2328800    00000120                          : ip.oe674 (.text:IPMsg)
                  c2328920    00000120                          : ipin.oe674 (.text:IPRouteIP)
                  c2328a40    00000120                          : ipv6_frag.oe674 (.text:IPv6CreateFragQ)
                  c2328b60    00000120                          : ipv6.oe674 (.text:IPv6Init)
                  c2328c80    00000120                          : icmpv6out.oe674 (.text:IsICMPv6ErrorPkt)
                  c2328da0    00000120                          : lli.oe674 (.text:LLINew)
                  c2328ec0    00000120                          : md5.oe674 (.text:MD5Update)
                  c2328fe0    00000120                          : mld.oe674 (.text:MLDJoinGroup)
                  c2329100    00000120     netctrl.ae674 : netctrl.oe674 (.text:NC_SystemOpen)
                  c2329220    00000120     stk6_ppp_pppoe.ae674 : socket.oe674 (.text:NDK_socket)
                  c2329340    00000120                          : nimu.oe674 (.text:NIMUAddEthernetHeader)
                  c2329460    00000120                          : raweth.oe674 (.text:RawEthRxPacket)
                  c2329580    00000120                          : rawethsock.oe674 (.text:RawEthSockRecvNC)
[...]
c2385000  xdc_runtime_Error_Module__diagsMask__C                              
c2385004  xdc_runtime_Error_Module__loggerFxn8__C                             
c2385008  xdc_runtime_Error_Module__loggerObj__C                              
c238500c  xdc_runtime_Error_policy__C                                         
c2385010  xdc_runtime_Error_raiseHook__C                                      
c2385014  xdc_runtime_IGateProvider_Interface__BASE__C                        
c2385018  xdc_runtime_IHeap_Interface__BASE__C                                
c238501c  xdc_runtime_ILogger_Interface__BASE__C                              
c2385020  xdc_runtime_IModule_Interface__BASE__C                              
c2385024  xdc_runtime_Log_L_error__C                                          
c2385028  xdc_runtime_Memory_defaultHeapInstance__C                           
c238502c  xdc_runtime_Startup_execImpl__C                                     
c2385030  xdc_runtime_Startup_lastFxns__A                                     
c2385034  xdc_runtime_Startup_maxPasses__C                                    
c2385038  xdc_runtime_Startup_sfxnRts__C                                      
c238503c  xdc_runtime_Startup_sfxnTab__C                                      
c2385040  xdc_runtime_Startup_startModsFxn__C                                 
c2385044  xdc_runtime_SysMin_bufSize__C                                       
c2385048  xdc_runtime_SysMin_outputFunc__C                                    
c238504c  xdc_runtime_System_Module__gateObj__C                               
c2385050  xdc_runtime_System_extendFxn__C                                     
c2385054  xdc_runtime_System_maxAtexitHandlers__C                             
c2385058  xdc_runtime_Text_charTab__C                                         
c238505c  xdc_runtime_Text_nameEmpty__C                                       
c2385060  xdc_runtime_Text_nameStatic__C                                      
c2385064  xdc_runtime_Text_nameUnknown__C                                     
c2385068  xdc_runtime_Text_nodeTab__C                                         
c238506c  xdc_runtime_Text_visitRopeFxn__C                                    
c2385080  _lv_bpp1_opa_table                                                  
c2385400  CmdLists                                                            
c2385800  ti_sysbios_family_c64p_EventCombiner_Module__state__V               
c2385c00  _ftable                                                             
c2385de0  g_sCmdTable                                                         
c2385eac  _ipcfg                                                              
c2385f60  _stream                                                             
c2386000  ti_sysbios_knl_Task_Object__table__V                                
c2386050  TSK_idle                                                            
c23860a0  ti_sysbios_utils_Load_Module__state__V                              
c2386138  ti_sysbios_family_c64p_Hwi_Object__table__V                         
c23861c4  _lock                                                               
c23861c8  ti_sysbios_knl_Swi_Module_State_0_readyQ__A                         
c2386248  ti_sysbios_knl_Task_Module_State_0_readyQ__A                        
c23862c8  _device                                                             
c2386340  ti_sysbios_family_c64p_Hwi_Module__state__V                         
c23863a8  ti_sysbios_timers_timer64_Timer_Module_State_0_device__A            
c2386408  DNSErrorStrings                                                     
c23864a8  ti_sysbios_gates_GateMutex_Object__table__V                         
c23864f8  ti_sysbios_timers_timer64_Timer_Object__table__V                    
c2386548  ulDataPatternTable                                                  
c23865e8  ti_sysbios_knl_Task_Module__state__V                                
c238662c  _unlock                                                             
c2386730  ti_sysbios_utils_Load_Module_State_0_taskEnv__A                     
c238679c  __TI_ft_end                                                         
c23867d8  ti_sysbios_knl_Swi_Object__table__V                                 
c238680c  __errno                                                             
c238680c  errno                                                               
c2386840  ti_sysbios_family_c64p_Exception_Module__state__V                   
c23868cc  ti_sysbios_knl_Clock_Module__state__V                               
c23868f4  ti_sysbios_family_c64p_Cache_Module__state__V                       
c238691c  ti_sysbios_family_c64p_primus_TimerSupport_Module__state__V         
c2386944  _oscfg                                                              
c2386988  palette_32b                                                         
c23869a8  pstrMsgName                                                         
c23869c8  ti_sysbios_BIOS_Module__state__V                                    
c23869e8  ti_sysbios_timers_timer64_Timer_Module_State_0_gctrl__A             
c2386a08  ti_sysbios_timers_timer64_Timer_Module_State_0_handles__A           
c2386a28  ti_sysbios_timers_timer64_Timer_Module_State_0_intFreqs__A          
c2386a48  xdc_runtime_System_Module_State_0_atexitHandlers__A                 
c2386a84  xdc_runtime_Memory_Module__state__V                                 
c2386aa8  ti_ndk_config_Global_Id2Size                                        
c2386ac4  xdc_runtime_Error_Module__state__V                                  
c2386ac8  ti_sysbios_heaps_HeapMem_Object__table__V                           
c2386ae4  ti_sysbios_knl_Swi_Module__state__V                                 
c2386b18  TaskName                                                            
c2386b30  LinkStr                                                             
c2386b48  ReportStr                                                           
c2386b60  StatusStr                                                           
c2386bbc  ti_sysbios_timers_timer64_Timer_Module__state__V                    
c2386bd0  GatewayIP                                                           
c2386be0  LocalIPMask                                                         
c2386bf0  SEGVal                                                              
c2386c00  StaticIPAddr                                                        
c2386c1c  __TI_cleanup_ptr                                                    
c2386c20  __TI_dtors_ptr                                                      
c2386c24  __TI_enable_exit_profile_output                                     
c2386c28  ti_sysbios_hal_Hwi_Object__table__V                                 
c2386c38  ti_sysbios_hal_Timer_Object__table__V                               
c2386c48  xdc_runtime_LoggerSys_Object__table__V                              
c2386c54  xdc_runtime_SysMin_Module__state__V                                 
c2386c60  xdc_runtime_System_Module__state__V                                 
c2386c90  NIMUDeviceTable                                                     
c2386ca0  ti_sysbios_family_c64p_Hwi_Module__root__V                          
c2386ca8  ti_sysbios_family_c64p_primus_TimerSupport_Module_State_0_suspSrc__A
c2386cb0  ti_sysbios_gates_GateHwi_Module__root__V                            
c2386cb8  ti_sysbios_gates_GateHwi_Object__table__V                           
c2386cc0  ti_sysbios_gates_GateMutex_Module__root__V                          
c2386cc8  ti_sysbios_hal_Hwi_Module__root__V                                  
c2386cd0  ti_sysbios_heaps_HeapMem_Module__root__V                            
c2386cd8  ti_sysbios_knl_Clock_Module__root__V                                
c2386ce0  ti_sysbios_knl_Queue_Module__root__V                                
c2386ce8  ti_sysbios_knl_Semaphore_Module__root__V                            
c2386cf0  ti_sysbios_knl_Swi_Module__root__V                                  
c2386cf8  ti_sysbios_knl_Task_Module__root__V                                 
c2386d00  ti_sysbios_timers_timer64_Timer_Module__root__V                     
c2386d08  xdc_runtime_LoggerSys_Module__root__V                               
c2386d10  xdc_runtime_Registry_Module__state__V                               
c2386d18  xdc_runtime_Startup_Module__state__V                                
c2386d30  ti_sysbios_knl_Task_Module_State_0_idleTask__A                      
c2386d38  ti_sysbios_utils_Load_Module_State_0_runningTask__A                 
c2386d40  ti_sysbios_utils_Load_Module_State_0_taskStartTime__A               
c2386d48  DHCP_OPTIONS                                                        
c23874e4  __TI_STATIC_BASE                                                    
c23874fc  _IGMPInDiscard                                                      
c2387500  _IGMPInQuery                                                        
c2387504  _IGMPInQueryGroup                                                   
c2387508  _IGMPInResponse                                                     
c238750c  _IGMPOutResponse                                                    
c2387598  KEY4SwiHandle                                                       
c238759c  KEY6SwiHandle                                                       
c23875a0  LV_LAYOUT_FLEX                                                      
c23875a4  LV_LAYOUT_GRID                                                      
c23875a8  LV_STYLE_FLEX_CROSS_PLACE                                           
c23875ac  LV_STYLE_FLEX_FLOW                                                  
c23875b0  LV_STYLE_FLEX_GROW                                                  
c23875b4  LV_STYLE_FLEX_MAIN_PLACE                                            
c23875b8  LV_STYLE_FLEX_TRACK_PLACE                                           
c23875bc  LV_STYLE_GRID_CELL_COLUMN_POS                                       
c23875c0  LV_STYLE_GRID_CELL_COLUMN_SPAN                                      
c23875c4  LV_STYLE_GRID_CELL_ROW_POS                                          
c23875c8  LV_STYLE_GRID_CELL_ROW_SPAN                                         
c23875cc  LV_STYLE_GRID_CELL_X_ALIGN                                          
c23875d0  LV_STYLE_GRID_CELL_Y_ALIGN                                          
c23875d4  LV_STYLE_GRID_COLUMN_ALIGN                                          
c23875d8  LV_STYLE_GRID_COLUMN_DSC_ARRAY                                      
c23875dc  LV_STYLE_GRID_ROW_ALIGN                                             
c23875e0  LV_STYLE_GRID_ROW_DSC_ARRAY                                         
c23875e4  UARTConsoleSemHandle                                                
c23875e8  UARTConsoleTaskHandle                                               
c23875ec  _lv_grad_cache_mem                                                  
c23875f0  _lv_layout_list                                                     
c23875f4  _lv_theme_basic_styles                                              
c23875f8  _lv_theme_default_styles                                            
c23875fc  _lv_timer_act                                                       
c2387600  indev_touchpad                                                      
c2387604  p_rx                                                                
c2387608  p_tx                                                                
c238760c  rx_len                                                              
c2387610  tx_len                                                              
c238761a  NDKFlag                                                             
c238761c  CONTENT_TYPE_APPLET                                                 
c2387620  CONTENT_TYPE_AU                                                     
c2387624  CONTENT_TYPE_CSS                                                    
c2387628  CONTENT_TYPE_DOC                                                    
c238762c  CONTENT_TYPE_GIF                                                    
c2387630  CONTENT_TYPE_HTML                                                   
c2387634  CONTENT_TYPE_JPG                                                    
c2387638  CONTENT_TYPE_MPEG                                                   
c238763c  CONTENT_TYPE_PDF                                                    
c2387640  CONTENT_TYPE_WAV                                                    
c2387644  CONTENT_TYPE_ZIP                                                    
c2387648  CONTENT_TYPE                                                        
c238764c  CONTENT_LENGTH                                                      
c2387650  CRLF                                                                
c2387654  DEFAULT_NAME                                                        
c2387658  HTTP_VER                                                            
c238765c  SPACE                                                               
c2387674  VerStr                                                              
c2387678  HostName                                                            
c238767c  LocalIPAddr                                                         
c2387680  DomainName                                                          
c2387684  DNSServer                                                           
c2387688  PITCount                                                            
c238768c  PITUsed                                                             
c2387690  PITHigh                                                             
c23876cc  _lv_txt_encoded_size                                                
c23876d0  _lv_txt_unicode_to_encoded                                          
c23876d4  _lv_txt_encoded_conv_wc                                             
c23876d8  _lv_txt_encoded_next                                                
c23876dc  _lv_txt_encoded_prev                                                
c23876e0  _lv_txt_encoded_get_byte_id                                         
c23876e4  _lv_txt_encoded_get_char_id                                         
c23876e8  _lv_txt_get_encoded_length                                          
c2387798  _IGMPForceVersion1                                                  
c23877b0  TxChanEnable_all                                                    
c23877b4  RxChanEnable_all                                                    
c23877c1  CmdHistorySaveNo                                                    
c23877c2  CmdHistorySaveIndex                                                 
c23877c3  CmdHistoryDisplayIndex                                              
c23877c4  sataRegs                                                            
c23877c8  temp                                                                
c2387804  _ICMPInErrors                                                       
c2387808  _ICMPOutErrors                                                      
c238780c  _IPExecuting                                                        
c238781c  gFragQList                                                          
c238783c  tcp_iss                                                             
c2387840  ptTimeFirst                                                         
c2387844  pt6TimeFirst                                                        
c2387848  tcp6_iss                                                            
c238785c  spi_flag                                                            
c2387860  SoftPWM                                                             
c2387864  OSCINFreq                                                           
c2387898  httpErrorResponseHook                                               
c23878ac  _IPReasmPtr                                                         
c23878b8  gMLDNodeList                                                        
c23878d0  zh_cn_pinyin_dict                                                   
c23878d6  SECLED                                                              
c23878d7  LED_OP                                                              
c23878e4  IPV6_MAX_MULTICAST_SOLICIT                                          
c23878e8  IPV6_MAX_UNICAST_SOLICIT                                            
c23878ec  IPV6_RETRANS_TIME                                                   
c23878f0  IPV6_DELAY_FIRST_PROBE_TIME                                         
c23878f4  IPV6_REACHABLE_TIME                                                 
c23878f8  IPV6_MAX_RTR_SOLICITATION_DELAY                                     
c23878fc  IPV6_RTR_SOLICITATION_INTERVAL                                      
c2387900  IPV6_MAX_RTR_SOLICITATIONS                                          
c2387904  INFINITE_LT                                                         
c2387908  ti_ndk_config_Global_rawPageSize                                    
c238790c  ti_ndk_config_Global_rawPageCount                                   
c2387910  ti_ndk_config_Global_smallest                                       
c2387914  ti_ndk_config_Global_largest                                        
c2387918  ti_ndk_config_Global_numFrameBuf                                    
c238791c  ti_ndk_config_Global_sizeFrameBuf                                   
c2387920  __CIOBUF_                                                           
c2387c00  ti_sysbios_family_c64p_Hwi0                                         
c2387c00  ti_sysbios_family_c64p_Hwi_int0                                     
c2387c20  ti_sysbios_family_c64p_Hwi_int1                                     
c2387c40  ti_sysbios_family_c64p_Hwi_int2                                     
c2387c60  ti_sysbios_family_c64p_Hwi_int3                                     
c2387c80  ti_sysbios_family_c64p_Hwi_int4                                     
c2387ca0  ti_sysbios_family_c64p_Hwi_int5                                     
c2387cc0  ti_sysbios_family_c64p_Hwi_int6                                     
c2387ce0  ti_sysbios_family_c64p_Hwi_int7                                     
c2387d00  ti_sysbios_family_c64p_Hwi_int8                                     
c2387d20  ti_sysbios_family_c64p_Hwi_int9                                     
c2387d40  ti_sysbios_family_c64p_Hwi_int10                                    
c2387d60  ti_sysbios_family_c64p_Hwi_int11                                    
c2387d80  ti_sysbios_family_c64p_Hwi_int12                                    
c2387da0  ti_sysbios_family_c64p_Hwi_int13                                    
c2387dc0  ti_sysbios_family_c64p_Hwi_int14                                    
c2387de0  ti_sysbios_family_c64p_Hwi_int15                                    
c2388e60  __TI_Handler_Table_Base                                             
c2388e68  __TI_CINIT_Base                                                     
c2388e68  __TI_Handler_Table_Limit                                            
c2388ea0  __TI_CINIT_Limit                                                    
ffffffff  __TI_pprof_out_hndl                                                 
ffffffff  __TI_prof_data_size                                                 
ffffffff  __TI_prof_data_start                                                
ffffffff  __binit__                                                           
ffffffff  __c_args__                                                          
ffffffff  binit                                                               
UNDEFED   __TI_INITARRAY_Base                                                 
UNDEFED   __TI_INITARRAY_Limit                                                

[3323 symbols]
