******************************************************************************
               TMS320C6x Linker PC v8.3.12                     
******************************************************************************
>> Linked Mon May  2 18:42:17 2022

OUTPUT FILE NAME:   <Board_C674x.out>
ENTRY POINT SYMBOL: "_c_int00"  address: c24baee0


MEMORY CONFIGURATION

         name            origin    length      used     unused   attr    fill
----------------------  --------  ---------  --------  --------  ----  --------
  DSPL2RAM              00800000   00040000  00004000  0003c000  RW  
  SHRAM                 80000000   00020000  00000004  0001fffc  RW X
  DDR2                  c0000000   08000000  024e379c  05b1c864  RW X


SEGMENT ALLOCATION MAP

run origin  load origin   length   init length attrs members
----------  ----------- ---------- ----------- ----- -------
00800000    00800000    00004000   00000000    rw-
  00800000    00800000    00004000   00000000    rw- .stack
80000000    80000000    00000004   00000000    rw-
  80000000    80000000    00000004   00000000    rw- .LEDNixieVal
c0000000    c0000000    023a7c34   00000000    rw-
  c0000000    c0000000    02000000   00000000    rw- SystemHeap
  c2000000    c2000000    003a7c34   00000000    rw- .far
c23a7c38    c23a7c38    00000008   00000008    r--
  c23a7c38    c23a7c38    00000008   00000008    r-- .const.1
c23a7c40    c23a7c40    001377c0   001377c0    r-x
  c23a7c40    c23a7c40    0011f640   0011f640    r-x .text
  c24c7280    c24c7280    00017f72   00017f72    r-- .const.2
  c24df1f4    c24df1f4    0000020c   0000020c    r-- .switch.1
c24df400    c24df400    00001d3a   00000000    rw-
  c24df400    c24df400    00001d3a   00000000    rw- .fardata
c24e113c    c24e113c    00000a80   00000a80    r--
  c24e113c    c24e113c    00000a80   00000a80    r-- .switch.2
c24e1bbc    c24e1bbc    000003f9   00000000    rw-
  c24e1bbc    c24e1bbc    00000133   00000000    rw- .bss
  c24e1cf0    c24e1cf0    000002c5   00000000    rw- .neardata
c24e1fb8    c24e1fb8    0000003c   00000000    r--
  c24e1fb8    c24e1fb8    0000003c   00000000    r-- .rodata
c24e2000    c24e2000    00000200   00000200    r-x
  c24e2000    c24e2000    00000200   00000200    r-x .vecs
c24e2200    c24e2200    00000120   00000000    rw-
  c24e2200    c24e2200    00000120   00000000    rw- .cio
c24e2320    c24e2320    00001490   00001490    r--
  c24e2320    c24e2320    00001490   00001490    r-- .cinit


SECTION ALLOCATION MAP

 output                                  attributes/
section   page    origin      length       input sections
--------  ----  ----------  ----------   ----------------
.LEDNixieVal 
*          0    80000000    00000004     UNINITIALIZED
                  80000000    00000004     LEDNixie.obj (.LEDNixieVal)

.stack     0    00800000    00004000     UNINITIALIZED
                  00800000    00000008     boot.ae674 : boot.oe674 (.stack)
                  00800008    00003ff8     --HOLE--

.bss       0    c24e1bbc    00000133     UNINITIALIZED
                  c24e1bbc    00000018     hal_timer_bios.ae674 : lltimer.oe674 (.bss)
                  c24e1bd4    00000014     stk6_ppp_pppoe.ae674 : igmp.oe674 (.bss)
                  c24e1be8    0000000c     lv_anim.obj (.bss)
                  c24e1bf4    0000000c     lv_tileview.obj (.bss)
                  c24e1c00    00000008     lv_refr.obj (.bss)
                  c24e1c08    00000008     lv_spinner.obj (.bss)
                  c24e1c10    00000008     lv_theme_default.obj (.bss)
                  c24e1c18    00000008     netctrl.ae674 : netctrl.oe674 (.bss)
                  c24e1c20    00000008     nettool.ae674 : daemon.oe674 (.bss)
                  c24e1c28    00000008     stk6_ppp_pppoe.ae674 : ip.oe674 (.bss)
                  c24e1c30    00000008                          : nimupppoe.oe674 (.bss)
                  c24e1c38    00000004     lv_event.obj (.bss)
                  c24e1c3c    00000004     lv_group.obj (.bss)
                  c24e1c40    00000004     lv_hal_disp.obj (.bss)
                  c24e1c44    00000004     lv_indev.obj (.bss)
                  c24e1c48    00000004     lv_log.obj (.bss)
                  c24e1c4c    00000004     lv_mem.obj (.bss)
                  c24e1c50    00000004     lv_obj_pos.obj (.bss)
                  c24e1c54    00000004     lv_tabview.obj (.bss)
                  c24e1c58    00000004     lv_textarea.obj (.bss)
                  c24e1c5c    00000004     nettool.ae674 : ipaddr.oe674 (.bss)
                  c24e1c60    00000004     stk6_ppp_pppoe.ae674 : ipv6_frag.oe674 (.bss)
                  c24e1c64    00000004                          : lli6.oe674 (.bss)
                  c24e1c68    00000004                          : rtable.oe674 (.bss)
                  c24e1c6c    00000004     (.common:KEY4SwiHandle)
                  c24e1c70    00000004     (.common:KEY6SwiHandle)
                  c24e1c74    00000004     (.common:LV_LAYOUT_FLEX)
                  c24e1c78    00000004     (.common:LV_LAYOUT_GRID)
                  c24e1c7c    00000004     (.common:LV_STYLE_FLEX_CROSS_PLACE)
                  c24e1c80    00000004     (.common:LV_STYLE_FLEX_FLOW)
                  c24e1c84    00000004     (.common:LV_STYLE_FLEX_GROW)
                  c24e1c88    00000004     (.common:LV_STYLE_FLEX_MAIN_PLACE)
                  c24e1c8c    00000004     (.common:LV_STYLE_FLEX_TRACK_PLACE)
                  c24e1c90    00000004     (.common:LV_STYLE_GRID_CELL_COLUMN_POS)
                  c24e1c94    00000004     (.common:LV_STYLE_GRID_CELL_COLUMN_SPAN)
                  c24e1c98    00000004     (.common:LV_STYLE_GRID_CELL_ROW_POS)
                  c24e1c9c    00000004     (.common:LV_STYLE_GRID_CELL_ROW_SPAN)
                  c24e1ca0    00000004     (.common:LV_STYLE_GRID_CELL_X_ALIGN)
                  c24e1ca4    00000004     (.common:LV_STYLE_GRID_CELL_Y_ALIGN)
                  c24e1ca8    00000004     (.common:LV_STYLE_GRID_COLUMN_ALIGN)
                  c24e1cac    00000004     (.common:LV_STYLE_GRID_COLUMN_DSC_ARRAY)
                  c24e1cb0    00000004     (.common:LV_STYLE_GRID_ROW_ALIGN)
                  c24e1cb4    00000004     (.common:LV_STYLE_GRID_ROW_DSC_ARRAY)
                  c24e1cb8    00000004     (.common:UARTConsoleSemHandle)
                  c24e1cbc    00000004     (.common:UARTConsoleTaskHandle)
                  c24e1cc0    00000004     (.common:_lv_grad_cache_mem)
                  c24e1cc4    00000004     (.common:_lv_layout_list)
                  c24e1cc8    00000004     (.common:_lv_theme_basic_styles)
                  c24e1ccc    00000004     (.common:_lv_theme_default_styles)
                  c24e1cd0    00000004     (.common:_lv_timer_act)
                  c24e1cd4    00000004     (.common:indev_touchpad)
                  c24e1cd8    00000004     (.common:p_rx)
                  c24e1cdc    00000004     (.common:p_tx)
                  c24e1ce0    00000004     (.common:rx_len)
                  c24e1ce4    00000004     (.common:tx_len)
                  c24e1ce8    00000002     lv_timer.obj (.bss)
                  c24e1cea    00000002     lv_win.obj (.bss)
                  c24e1cec    00000001     lv_colorwheel.obj (.bss)
                  c24e1ced    00000001     lv_hal_tick.obj (.bss)
                  c24e1cee    00000001     (.common:NDKFlag)

.neardata 
*          0    c24e1cf0    000002c5     UNINITIALIZED
                  c24e1cf0    00000044     nettool.ae674 : httpstr.oe674 (.neardata)
                  c24e1d34    00000028     Net.obj (.neardata)
                  c24e1d5c    00000024     os.ae674 : mem.oe674 (.neardata)
                  c24e1d80    00000020     Web.obj (.neardata)
                  c24e1da0    00000020     lv_txt.obj (.neardata)
                  c24e1dc0    0000001c     netctrl.ae674 : netctrl.oe674 (.neardata)
                  c24e1ddc    00000018     console_min.ae674 : console.oe674 (.neardata)
                  c24e1df4    00000018     os.ae674 : task.oe674 (.neardata)
                  c24e1e0c    00000014     stk6_ppp_pppoe.ae674 : rtable.oe674 (.neardata)
                  c24e1e20    00000014     ti.drv.omapl138.ae674 : ethdriver.oe674 (.neardata)
                  c24e1e34    00000010     lv_timer.obj (.neardata)
                  c24e1e44    00000010     nettool.ae674 : daemon.oe674 (.neardata)
                  c24e1e54    00000010     stk6_ppp_pppoe.ae674 : bind6.oe674 (.neardata)
                  c24e1e64    00000010                          : igmp.oe674 (.neardata)
                  c24e1e74    0000000c                          : route6.oe674 (.neardata)
                  c24e1e80    0000000c     ti.drv.omapl138.ae674 : csl_emac.oe674 (.neardata)
                  c24e1e8c    00000009     lv_draw_sw_gradient.obj (.neardata)
                  c24e1e95    00000003     UARTConsole.obj (.neardata)
                  c24e1e98    00000008     SATA.obj (.neardata)
                  c24e1ea0    00000008     console_min.ae674 : contest.oe674 (.neardata)
                  c24e1ea8    00000008     lv_calendar_header_dropdown.obj (.neardata)
                  c24e1eb0    00000008     lv_draw_sw_letter.obj (.neardata)
                  c24e1eb8    00000008     lv_indev.obj (.neardata)
                  c24e1ec0    00000008     lv_obj.obj (.neardata)
                  c24e1ec8    00000008     netctrl.ae674 : netsrv.oe674 (.neardata)
                  c24e1ed0    00000008     stk6_ppp_pppoe.ae674 : exec.oe674 (.neardata)
                  c24e1ed8    00000008                          : icmp.oe674 (.neardata)
                  c24e1ee0    00000008                          : ip.oe674 (.neardata)
                  c24e1ee8    00000008                          : ipin.oe674 (.neardata)
                  c24e1ef0    00000008                          : ipv6_frag.oe674 (.neardata)
                  c24e1ef8    00000008                          : lli.oe674 (.neardata)
                  c24e1f00    00000008                          : nimupppoe.oe674 (.neardata)
                  c24e1f08    00000008                          : rtc.oe674 (.neardata)
                  c24e1f10    00000008                          : tcp.oe674 (.neardata)
                  c24e1f18    00000008                          : tcp6.oe674 (.neardata)
                  c24e1f20    00000008                          : timer.oe674 (.neardata)
                  c24e1f28    00000005     lv_colorwheel.obj (.neardata)
                  c24e1f2d    00000003     lv_hal_disp.obj (.neardata)
                  c24e1f30    00000004     Flash.obj (.neardata)
                  c24e1f34    00000004     LED.obj (.neardata)
                  c24e1f38    00000004     PLL.obj (.neardata)
                  c24e1f3c    00000004     cgi.ae674 : cgiparsem.oe674 (.neardata)
                  c24e1f40    00000004     console_min.ae674 : conacct.oe674 (.neardata)
                  c24e1f44    00000004                       : conlli.oe674 (.neardata)
                  c24e1f48    00000004                       : conroute.oe674 (.neardata)
                  c24e1f4c    00000004     hal_timer_bios.ae674 : lltimer.oe674 (.neardata)
                  c24e1f50    00000004     lodepng.obj (.neardata)
                  c24e1f54    00000004     lv_event.obj (.neardata)
                  c24e1f58    00000004     lv_hal_tick.obj (.neardata)
                  c24e1f5c    00000004     lv_log.obj (.neardata)
                  c24e1f60    00000004     lv_math.obj (.neardata)
                  c24e1f64    00000004     lv_mem.obj (.neardata)
                  c24e1f68    00000004     lv_port_indev_c674x.obj (.neardata)
                  c24e1f6c    00000004     nettool.ae674 : config.oe674 (.neardata)
                  c24e1f70    00000004                   : httpsend.oe674 (.neardata)
                  c24e1f74    00000004                   : tftp.oe674 (.neardata)
                  c24e1f78    00000004                   : tftp6.oe674 (.neardata)
                  c24e1f7c    00000004     os.ae674 : efs.oe674 (.neardata)
                  c24e1f80    00000004     stk6_ppp_pppoe.ae674 : bind.oe674 (.neardata)
                  c24e1f84    00000004                          : ipfrag.oe674 (.neardata)
                  c24e1f88    00000004                          : lli6.oe674 (.neardata)
                  c24e1f8c    00000004                          : lliin.oe674 (.neardata)
                  c24e1f90    00000004                          : mld.oe674 (.neardata)
                  c24e1f94    00000004                          : node.oe674 (.neardata)
                  c24e1f98    00000004                          : pbm.oe674 (.neardata)
                  c24e1f9c    00000004                          : sock6pcb.oe674 (.neardata)
                  c24e1fa0    00000004                          : sockpcb.oe674 (.neardata)
                  c24e1fa4    00000004     ti.drv.omapl138.ae674 : csl_mdio.oe674 (.neardata)
                  c24e1fa8    00000002     lv_style.obj (.neardata)
                  c24e1faa    00000001     RTC.obj (.neardata)
                  c24e1fab    00000001     Timer.obj (.neardata)
                  c24e1fac    00000002     nettool.ae674 : dnscomn.oe674 (.neardata)
                  c24e1fae    00000001     lv_obj_pos.obj (.neardata)
                  c24e1faf    00000001     lv_obj_style.obj (.neardata)
                  c24e1fb0    00000001     lv_theme_default.obj (.neardata)
                  c24e1fb1    00000003     --HOLE--
                  c24e1fb4    00000001     nettool.ae674 : dnsclnt.oe674 (.neardata)

.rodata    0    c24e1fb8    0000003c     UNINITIALIZED
                  c24e1fb8    00000024     stk6_ppp_pppoe.ae674 : ipv6.oe674 (.rodata)
                  c24e1fdc    00000010     os.ae674 : mem_data.oe674 (.rodata)
                  c24e1fec    00000008     stk6_ppp_pppoe.ae674 : pbm_data.oe674 (.rodata)

.cinit     0    c24e2320    00001490     
                  c24e2320    0000129a     (.cinit..fardata.load) [load image, compression = rle]
                  c24e35ba    0000013b     (.cinit..neardata.load) [load image, compression = rle]
                  c24e36f5    00000040     (.cinit..rodata.load) [load image, compression = rle]
                  c24e3735    00000016     (.cinit.SystemHeap.load) [load image, compression = rle]
                  c24e374b    0000000d     (.cinit..far.load) [load image, compression = rle]
                  c24e3758    0000000b     (.cinit..bss.load) [load image, compression = rle]
                  c24e3763    00000009     (.cinit..LEDNixieVal.load) [load image, compression = rle]
                  c24e376c    00000008     (__TI_handler_table)
                  c24e3774    00000004     --HOLE-- [fill = 0]
                  c24e3778    00000038     (__TI_cinit_table)

.init_array 
*          0    c0000000    00000000     UNINITIALIZED

SystemHeap 
*          0    c0000000    02000000     UNINITIALIZED
                  c0000000    02000000     Local_pe674.oe674 (SystemHeap)

.vecs      0    c24e2000    00000200     
                  c24e2000    00000200     Local_pe674.oe674 (.vecs)

xdc.meta   0    c0000000    000000f8     COPY SECTION
                  c0000000    000000f8     Local_pe674.oe674 (xdc.meta)

.far       0    c2000000    003a7c34     UNINITIALIZED
                  c2000000    00100000     lv_mem.obj (.far:work_mem_int$1)
                  c2100000    000bb824     (.common:g_pucBuffer)
                  c21bb824    00000004     (.common:swCtrlFeatures)
                  c21bb828    000bb800     lv_port_disp_c674x.obj (.far:buf_1$2)
                  c2277028    000bb800     lv_port_disp_c674x.obj (.far:buf_2$3)
                  c2332828    0000004c     lv_port_disp_c674x.obj (.far:disp_drv$4)
                  c2332874    0000000c     (.common:_lv_anim_ll)
                  c2332880    00052b00     stk6_ppp_pppoe.ae674 : pbm_data.oe674 (.far:NDK_PACKETMEM)
                  c2385380    00010000     (.common:buff)
                  c2395380    0000c1c0     os.ae674 : mem_data.oe674 (.far:NDK_MMBUFFER)
                  c23a1540    00002800     Local_pe674.oe674 (.far:taskStackSection)
                  c23a3d40    00001618     ti.drv.omapl138.ae674 : ethdriver.oe674 (.far)
                  c23a5358    00000800     (.common:CmdHistory)
                  c23a5b58    00000660     nettool.ae674 : daemon.oe674 (.far)
                  c23a61b8    00000474     ti.drv.omapl138.ae674 : csl_emac.oe674 (.far)
                  c23a662c    00000004     stk6_ppp_pppoe.ae674 : rawethsock_pcb.oe674 (.far)
                  c23a6630    00000400     (.common:xdc_runtime_SysMin_Module_State_0_outbuf__A)
                  c23a6a30    00000140     (.common:__TI_tmpnams)
                  c23a6b70    00000110                          : igmp.oe674 (.far)
                  c23a6c80    00000104     (.common:rx_data)
                  c23a6d84    00000002     lv_theme_default.obj (.far:color_card)
                  c23a6d86    00000002     lv_theme_default.obj (.far:color_grey)
                  c23a6d88    00000104     (.common:tx_data)
                  c23a6e8c    00000002     lv_theme_default.obj (.far:color_scr)
                  c23a6e8e    00000002     lv_theme_default.obj (.far:color_text)
                  c23a6e90    00000104     (.common:vrf_data)
                  c23a6f94    00000004     --HOLE--
                  c23a6f98    00000100     lv_draw_sw_letter.obj (.far:opa_table$1)
                  c23a7098    000000d8     netctrl.ae674 : netsrv.oe674 (.far)
                  c23a7170    000000c8     stk6_ppp_pppoe.ae674 : ipv6.oe674 (.far)
                  c23a7238    000000c4                          : tcp.oe674 (.far)
                  c23a72fc    000000b8                          : tcp6in.oe674 (.far)
                  c23a73b4    00000004     --HOLE--
                  c23a73b8    00000040     (.common:g_cCmdBuf)
                  c23a73f8    00000008     (.common:MacAddr)
                  c23a7400    000000a0     (.common:RcvFis)
                  c23a74a0    0000009c                          : icmp.oe674 (.far)
                  c23a753c    00000004     --HOLE--
                  c23a7540    00000080     (.common:_lv_draw_mask_list)
                  c23a75c0    00000080     (.common:lv_mem_buf)
                  c23a7640    00000080     UARTConsole.obj (.far:UARTWriteBuffer)
                  c23a76c0    0000007c     os.ae674 : mem.oe674 (.far)
                  c23a773c    00000004     --HOLE--
                  c23a7740    00000070     (.common:_lv_circle_cache)
                  c23a77b0    00000068     stk6_ppp_pppoe.ae674 : ip.oe674 (.far)
                  c23a7818    00000064                          : nimu.oe674 (.far)
                  c23a787c    00000030     (.common:pllcfg)
                  c23a78ac    00000030                          : udp.oe674 (.far)
                  c23a78dc    0000002c     (.common:_lv_img_cache_single)
                  c23a7908    0000002a     (.common:TouchInfo)
                  c23a7932    00000002     --HOLE--
                  c23a7934    00000028                          : vlan.oe674 (.far)
                  c23a795c    00000024     (.common:RTCTime)
                  c23a7980    00000024     cmdline.obj (.far:argv$1)
                  c23a79a4    00000024     stk6_ppp_pppoe.ae674 : udp6.oe674 (.far)
                  c23a79c8    00000024     lv_theme_default.obj (.far:theme)
                  c23a79ec    00000004     --HOLE--
                  c23a79f0    00000020     console_min.ae674 : console.oe674 (.far)
                  c23a7a10    00000020     lv_port_indev_c674x.obj (.far:indev_drv$1)
                  c23a7a30    0000001c     lv_port_disp_c674x.obj (.far:draw_buf_dsc$1)
                  c23a7a4c    00000004     --HOLE--
                  c23a7a50    0000001a     rts6740_elf.lib : asctime.c.obj (.far:time_buf)
                  c23a7a6a    00000002     --HOLE--
                  c23a7a6c    00000018     netctrl.ae674 : netctrl.oe674 (.far)
                  c23a7a84    00000018     lv_refr.obj (.far:perf_monitor)
                  c23a7a9c    00000018     stk6_ppp_pppoe.ae674 : icmpv6.oe674 (.far)
                  c23a7ab4    00000018     ti.drv.omapl138.ae674 : csl_mdio.oe674 (.far)
                  c23a7acc    00000004     --HOLE--
                  c23a7ad0    00000014     stk6_ppp_pppoe.ae674 : rtc.oe674 (.far)
                  c23a7ae4    00000014     lv_theme_default.obj (.far:trans_delayed$2)
                  c23a7af8    00000014     lv_theme_default.obj (.far:trans_normal$3)
                  c23a7b0c    00000004     --HOLE--
                  c23a7b10    00000010     (.common:IPAddress)
                  c23a7b20    00000010     stk6_ppp_pppoe.ae674 : raw.oe674 (.far)
                  c23a7b30    00000010                          : raw6.oe674 (.far)
                  c23a7b40    00000010                          : raweth.oe674 (.far)
                  c23a7b50    0000000c     (.common:_lv_disp_ll)
                  c23a7b5c    0000000c     (.common:_lv_fsdrv_ll)
                  c23a7b68    0000000c     (.common:_lv_group_ll)
                  c23a7b74    0000000c     (.common:_lv_img_decoder_ll)
                  c23a7b80    0000000c     (.common:_lv_indev_ll)
                  c23a7b8c    0000000c     (.common:_lv_obj_style_trans_ll)
                  c23a7b98    0000000c     (.common:_lv_timer_ll)
                  c23a7ba4    00000004     --HOLE--
                  c23a7ba8    0000000c     (.common:ti_sysbios_knl_Task_Instance_State_0_hookEnv__A)
                  c23a7bb4    00000004     --HOLE--
                  c23a7bb8    0000000c     (.common:ti_sysbios_knl_Task_Instance_State_1_hookEnv__A)
                  c23a7bc4    0000000c                          : pbm.oe674 (.far)
                  c23a7bd0    0000000a     (.common:I2CData)
                  c23a7bda    00000006     --HOLE--
                  c23a7be0    00000008     (.common:parmbuf)
                  c23a7be8    00000008     lv_font_montserrat_14.obj (.far:cache)
                  c23a7bf0    00000008     lv_theme_default.obj (.far:dark_filter$4)
                  c23a7bf8    00000008     lv_theme_default.obj (.far:grey_filter$5)
                  c23a7c00    00000008     lv_refr.obj (.far:mem_monitor)
                  c23a7c08    00000004     (.common:ti_sysbios_family_c64p_Hwi_Instance_State_0_hookEnv__A)
                  c23a7c0c    00000004     --HOLE--
                  c23a7c10    00000004     (.common:ti_sysbios_family_c64p_Hwi_Instance_State_1_hookEnv__A)
                  c23a7c14    00000004     --HOLE--
                  c23a7c18    00000004     (.common:ti_sysbios_family_c64p_Hwi_Instance_State_2_hookEnv__A)
                  c23a7c1c    00000004     --HOLE--
                  c23a7c20    00000004     (.common:ti_sysbios_family_c64p_Hwi_Instance_State_3_hookEnv__A)
                  c23a7c24    00000004     --HOLE--
                  c23a7c28    00000004     (.common:ti_sysbios_family_c64p_Hwi_Instance_State_4_hookEnv__A)
                  c23a7c2c    00000004     --HOLE--
                  c23a7c30    00000004     (.common:ti_sysbios_knl_Swi_Instance_State_0_hookEnv__A)

.const.1   0    c23a7c38    00000008     
                  c23a7c38    00000008     lv_draw_sw_polygon.obj (.const:$P$T0$1)

.text      0    c23a7c40    0011f640     
                  c23a7c40    000152a0     lodepng.obj (.text)
                  c23bcee0    00006120     lv_chart.obj (.text)
                  c23c3000    00005380     lv_theme_default.obj (.text)
                  c23c8380    000050a0     lv_draw_mask.obj (.text)
                  c23cd420    000045e0     lv_draw_sw_rect.obj (.text)
                  c23d1a00    00003a60     lv_obj_pos.obj (.text)
                  c23d5460    000036a0     lv_textarea.obj (.text)
                  c23d8b00    00003420     lv_btnmatrix.obj (.text)
                  c23dbf20    000030a0     lv_label.obj (.text)
                  c23defc0    000030a0     lv_table.obj (.text)
                  c23e2060    00003000     lv_obj_scroll.obj (.text)
                  c23e5060    00002fa0     lv_tlsf.obj (.text)
                  c23e8000    00002e60     lv_img_buf.obj (.text)
                  c23eae60    00002e40     lv_obj_style.obj (.text)
                  c23edca0    00002de0     lv_indev.obj (.text)
                  c23f0a80    00002d00     lv_dropdown.obj (.text)
                  c23f3780    000028e0     lv_refr.obj (.text)
                  c23f6060    00002740     tjpgd.obj (.text)
                  c23f87a0    00002720     lv_obj.obj (.text)
                  c23faec0    000025a0     lv_arc.obj (.text)
                  c23fd460    00002420     lv_img.obj (.text)
                  c23ff880    00002340     lv_grid.obj (.text)
                  c2401bc0    00002300     lv_meter.obj (.text)
                  c2403ec0    000022a0     lv_draw_sw_blend.obj (.text)
                  c2406160    00002180     lv_sjpg.obj (.text)
                  c24082e0    000020c0     rts6740_elf.lib : _printfi.c.obj (.text:__TI_printfi)
                  c240a3a0    000020a0     lv_flex.obj (.text)
                  c240c440    00002080     rts6740_elf.lib : _scanfi.c.obj (.text:__TI_scanfi)
                  c240e4c0    00001e40     lv_img_decoder.obj (.text)
                  c2410300    00001e20     lv_colorwheel.obj (.text)
                  c2412120    00001e20     lv_draw_sw_arc.obj (.text)
                  c2413f40    00001e00     lv_indev_scroll.obj (.text)
                  c2415d40    00001d60     lv_hal_disp.obj (.text)
                  c2417aa0    00001d40     lv_roller.obj (.text)
                  c24197e0    00001c80     lv_obj_style_gen.obj (.text)
                  c241b460    00001ba0     lv_style_gen.obj (.text)
                  c241d000    00001b00     lv_bar.obj (.text)
                  c241eb00    000019e0     stk6_ppp_pppoe.ae674 : tcp6in.oe674 (.text:TCP6Input)
                  c24204e0    000019e0                          : tcpin.oe674 (.text:TcpInput)
                  c2421ec0    00001920     lv_txt.obj (.text)
                  c24237e0    000018c0     lv_slider.obj (.text)
                  c24250a0    00001840     lv_event.obj (.text)
                  c24268e0    000017e0     lv_obj_draw.obj (.text)
                  c24280c0    000017a0     drivers.lib : rtc.obj (.text)
                  c2429860    000015c0     lv_mem.obj (.text)
                  c242ae20    000015a0     lv_menu.obj (.text)
                  c242c3c0    00001500     lv_fs.obj (.text)
                  c242d8c0    000014e0     lv_printf.obj (.text)
                  c242eda0    000014a0     lv_area.obj (.text)
                  c2430240    000013e0     lv_group.obj (.text)
                  c2431620    00001320     lv_draw_sw_line.obj (.text)
                  c2432940    00001220     stk6_ppp_pppoe.ae674 : tcpout.oe674 (.text:TcpOutput)
                  c2433b60    00001180                          : tcp6out.oe674 (.text:TCP6Output)
                  c2434ce0    00001180     lv_spinbox.obj (.text)
                  c2435e60    00001100     Web.obj (.text)
                  c2436f60    000010c0     lv_anim.obj (.text)
                  c2438020    00001040     lv_obj_tree.obj (.text)
                  c2439060    00001020     lv_calendar.obj (.text)
                  c243a080    00001000     lv_draw_label.obj (.text)
                  c243b080    00000fe0     console_min.ae674 : contest.oe674 (.text:ConCmdTest)
                  c243c060    00000fa0     lv_disp.obj (.text)
                  c243d000    00000f00     ti.drv.omapl138.ae674 : csl_emac.oe674 (.text:EMAC_open)
                  c243df00    00000e60     console_min.ae674 : conipv6.oe674 (.text:ConCmdIPv6)
                  c243ed60    00000e00                       : conipv6.oe674 (.text:V6StatusTest)
                  c243fb60    00000e00     drivers.lib : raster.obj (.text)
                  c2440960    00000dc0                 : ehrpwm.obj (.text)
                  c2441720    00000dc0     lv_draw_sw_gradient.obj (.text)
                  c24424e0    00000d60     Net.obj (.text)
                  c2443240    00000cc0     lv_style.obj (.text)
                  c2443f00    00000c80     console_min.ae674 : contest.oe674 (.text:StatusTest)
                  c2444b80    00000c80     lv_draw_sw_img.obj (.text)
                  c2445800    00000c60     lv_color.obj (.text)
                  c2446460    00000c40     Command.obj (.text)
                  c24470a0    00000c00     nettool.ae674 : httpclie.oe674 (.text:httpClientProcess)
                  c2447ca0    00000bc0     lv_draw_arc.obj (.text)
                  c2448860    00000ba0     lv_tabview.obj (.text)
                  c2449400    00000b80     stk6_ppp_pppoe.ae674 : ipin.oe674 (.text:IPRxPacket)
                  c2449f80    00000b20     console_min.ae674 : console.oe674 (.text:console)
                  c244aaa0    00000b00     lv_keyboard.obj (.text)
                  c244b5a0    00000ac0     lv_font_fmt_txt.obj (.text)
                  c244c060    00000aa0     stk6_ppp_pppoe.ae674 : md5.oe674 (.text:MD5Transform)
                  c244cb00    00000aa0     lv_checkbox.obj (.text)
                  c244d5a0    00000a60     lv_draw_img.obj (.text)
                  c244e000    00000a40     lv_switch.obj (.text)
                  c244ea40    00000a20     Flash.obj (.text)
                  c244f460    000009e0     nettool.ae674 : dnscomn.oe674 (.text:DNSResolveByName)
                  c244fe40    000009c0     stk6_ppp_pppoe.ae674 : ipout.oe674 (.text:IPTxPacket)
                  c2450800    000009a0     ti.drv.omapl138.ae674 : csl_mdio.oe674 (.text:MDIO_timerTick)
                  c24511a0    000009a0     UARTConsole.obj (.text)
                  c2451b40    000009a0     stk6_ppp_pppoe.ae674 : lcp.oe674 (.text:lcpInput)
                  c24524e0    000009a0     lv_draw_sw_letter.obj (.text)
                  c2452e80    00000920     rts6740_elf.lib : strtod.c.obj (.text:strtod)
                  c24537a0    00000900     nettool.ae674 : httpsend.oe674 (.text:SetContentType)
                  c24540a0    00000900     lv_ll.obj (.text)
                  c24549a0    000008a0     ti.targets.rts6000.ae674 : System.oe674 (.text:xdc_runtime_System_doPrint__I)
                  c2455240    00000860     nettool.ae674 : dnscomn.oe674 (.text:DNSResolveByNS)
                  c2455aa0    00000860     lv_draw_sw_polygon.obj (.text)
                  c2456300    00000820     lv_led.obj (.text)
                  c2456b20    00000820     lv_timer.obj (.text)
                  c2457340    000007e0     stk6_ppp_pppoe.ae674 : ipcp.oe674 (.text:ipcpInput)
                  c2457b20    000007c0                          : sock.oe674 (.text:SockSet)
                  c24582e0    000007a0                          : fileuser.oe674 (.text:fdPoll)
                  c2458a80    000007a0     lv_math.obj (.text)
                  c2459220    00000780     sysbios.ae674 : BIOS.obj (.text:ti_sysbios_family_c64p_Exception_handler__I)
                  c24599a0    00000720                   : BIOS.obj (.text:ti_sysbios_heaps_HeapMem_free__E)
                  c245a0c0    000006e0     nettool.ae674 : dnscomn.oe674 (.text:DNSResolveByAddr)
                  c245a7a0    000006e0     lv_line.obj (.text)
                  c245ae80    000006e0     lv_png.obj (.text)
                  c245b560    000006c0     stk6_ppp_pppoe.ae674 : sock6.oe674 (.text:Sock6Set)
                  c245bc20    000006c0     nettool.ae674 : telnetd.oe674 (.text:telnet_netdata)
                  c245c2e0    000006a0     stk6_ppp_pppoe.ae674 : icmpv6_ndisc.oe674 (.text:ICMPv6RecvRA)
                  c245c980    000006a0     SATA.obj (.text)
                  c245d020    000006a0     lv_bmp.obj (.text)
                  c245d6c0    000006a0     sysbios.ae674 : BIOS.obj (.text:ti_sysbios_knl_Semaphore_pend__E)
                  c245dd60    000006a0                   : BIOS.obj (.text:ti_sysbios_knl_Task_Instance_finalize__F)
                  c245e400    00000680     I2C.obj (.text)
                  c245ea80    00000680     lv_draw_sw_dither.obj (.text)
                  c245f100    00000660     stk6_ppp_pppoe.ae674 : route6.oe674 (.text:Rt6Create)
                  c245f760    00000660                          : sock.oe674 (.text:SockGet)
                  c245fdc0    00000660     Touch.obj (.text)
                  c2460420    00000660     rts6740_elf.lib : _printfi.c.obj (.text:_pconv_a)
                  c2460a80    00000620     nettool.ae674 : dnsclnt.oe674 (.text:DNSResolve)
                  c24610a0    00000620     console_min.ae674 : conipv6.oe674 (.text:DumpIPv6TCPStats)
                  c24616c0    00000620                       : constat.oe674 (.text:DumpTCPStats)
                  c2461ce0    00000620     lv_obj_class.obj (.text)
                  c2462300    00000620     sysbios.ae674 : BIOS.obj (.text:ti_sysbios_heaps_HeapMem_alloc__E)
                  c2462920    00000600     rts6740_elf.lib : divd.c.obj (.text:__c6xabi_divd)
                  c2462f20    00000600     lv_hal_indev.obj (.text)
                  c2463520    00000600     lv_tileview.obj (.text)
                  c2463b20    00000600     sysbios.ae674 : BIOS.obj (.text:ti_sysbios_knl_Task_Instance_init__F)
                  c2464120    000005c0     DDR2.obj (.text)
                  c24646e0    000005c0     stk6_ppp_pppoe.ae674 : ipfrag.oe674 (.text:IPReasm)
                  c2464ca0    000005c0     console_min.ae674 : contest.oe674 (.text:MulticastTest)
                  c2465260    000005a0     stk6_ppp_pppoe.ae674 : icmpin.oe674 (.text:ICMPInput)
                  c2465800    000005a0     drivers.lib : spi.obj (.text)
                  c2465da0    00000580                 : gpio.obj (.text)
                  c2466320    00000580                 : uart.obj (.text)
                  c24668a0    00000580     stk6_ppp_pppoe.ae674 : nimuppp.oe674 (.text:pppEvent)
                  c2466e20    00000560                          : bind6.oe674 (.text:Bind6New)
                  c2467380    00000560                          : ipv6.oe674 (.text:IPv6IPAddressToString)
                  c24678e0    00000540     console_min.ae674 : conlli.oe674 (.text:ConCmdLLI)
                  c2467e20    00000540     stk6_ppp_pppoe.ae674 : sock6.oe674 (.text:Sock6Connect)
                  c2468360    00000520                          : lliin.oe674 (.text:LLIRxPacket)
                  c2468880    00000520     ti.drv.omapl138.ae674 : csl_mdio.oe674 (.text:MDIO_initContinue)
                  c2468da0    00000520     stk6_ppp_pppoe.ae674 : sock.oe674 (.text:SockNew)
                  c24692c0    00000520     console_min.ae674 : conipv6.oe674 (.text:V6TCPOOBTest)
                  c24697e0    00000520                       : conipv6.oe674 (.text:V6TCPShutdownTest1)
                  c2469d00    00000520                       : conipv6.oe674 (.text:V6TCPShutdownTest2)
                  c246a220    00000520                       : conipv6.oe674 (.text:V6TCPShutdownWriteAPITest)
                  c246a740    00000520     nettool.ae674 : httpsend.oe674 (.text:httpSendStatusLine)
                  c246ac60    00000500     console_min.ae674 : conping.oe674 (.text:CheckPing)
                  c246b160    00000500     RTC.obj (.text)
                  c246b660    000004e0     LCD.obj (.text)
                  c246bb40    000004e0     stk6_ppp_pppoe.ae674 : udp.oe674 (.text:UdpInput)
                  c246c020    000004e0     cgi.ae674 : cgiparsem.oe674 (.text:cgiParseMultiVars)
                  c246c500    000004e0     stk6_ppp_pppoe.ae674 : nimupppoe.oe674 (.text:pppoeInputS)
                  c246c9e0    000004e0     sysbios.ae674 : BIOS.obj (.text:ti_sysbios_timers_timer64_Timer_Module_startup__F)
                  c246cec0    000004c0     console_min.ae674 : convlan.oe674 (.text:CmdVLANSend)
                  c246d380    000004c0                       : conipaddr.oe674 (.text:ConCmdIPAddr)
                  c246d840    000004c0                       : conipv6.oe674 (.text:V6TCPRaceTest)
                  c246dd00    000004c0     drivers.lib : i2c.obj (.text)
                  c246e1c0    000004c0     rts6740_elf.lib : strtoll.c.obj (.text:strtoll)
                  c246e680    000004a0     console_min.ae674 : conacct.oe674 (.text:ConCmdAcct)
                  c246eb20    000004a0                       : contest.oe674 (.text:ConfigTest)
                  c246efc0    000004a0     stk6_ppp_pppoe.ae674 : sock6.oe674 (.text:Sock6Recv)
                  c246f460    000004a0                          : sock.oe674 (.text:SockRecv)
                  c246f900    00000480     console_min.ae674 : conipv6.oe674 (.text:ConCmdPing6)
                  c246fd80    00000480                       : conroute.oe674 (.text:DumpRouteTable)
                  c2470200    00000480                       : conipv6.oe674 (.text:V6TestTCPEcho)
                  c2470680    00000460                       : contest.oe674 (.text:ShutdownTest1)
                  c2470ae0    00000460     stk6_ppp_pppoe.ae674 : nimuppp.oe674 (.text:pppNew)
                  c2470f40    00000440     console_min.ae674 : conecho.oe674 (.text:OobTest)
                  c2471380    00000440                       : contest.oe674 (.text:ShutdownTest2)
                  c24717c0    00000440     stk6_ppp_pppoe.ae674 : sock6.oe674 (.text:Sock6New)
                  c2471c00    00000440                          : nimupppoe.oe674 (.text:pppoeInputC)
                  c2472040    00000440     rts6740_elf.lib : strtoull.c.obj (.text:strtoull)
                  c2472480    00000420     console_min.ae674 : conping.oe674 (.text:Ping)
                  c24728a0    00000420                       : contest.oe674 (.text:ShutdownTest)
                  c2472cc0    00000420     stk6_ppp_pppoe.ae674 : auth.oe674 (.text:chapInput)
                  c24730e0    00000420     nettool.ae674 : daemon.oe674 (.text:daemon)
                  c2473500    00000420     stk6_ppp_pppoe.ae674 : fileuser.oe674 (.text:fdSelect)
                  c2473920    00000420     sysbios.ae674 : BIOS.obj (.text:ti_sysbios_knl_Task_sleep__E)
                  c2473d40    00000400     EEPROM.obj (.text)
                  c2474140    00000400     EMAC.obj (.text)
                  c2474540    00000400     LED.obj (.text)
                  c2474940    00000400     console_min.ae674 : contest.oe674 (.text:RaceTest)
                  c2474d40    00000400     stk6_ppp_pppoe.ae674 : sock6.oe674 (.text:Sock6Get)
                  c2475140    00000400                          : sock6.oe674 (.text:Sock6Send)
                  c2475540    00000400     rts6740_elf.lib : _printfi.c.obj (.text:_pconv_g)
                  c2475940    00000400     os.ae674 : efs.oe674 (.text:efs_filecheck)
                  c2475d40    00000400     sysbios.ae674 : BIOS.obj (.text:ti_sysbios_knl_Task_setPri__E)
                  c2476140    000003e0     stk6_ppp_pppoe.ae674 : ipv6_frag.oe674 (.text:IPv6TxFragPacket)
                  c2476520    000003e0     KEY.obj (.text)
                  c2476900    000003e0     PLL.obj (.text)
                  c2476ce0    000003e0     console_min.ae674 : conipv6.oe674 (.text:V6TCPConnectAPITest2)
                  c24770c0    000003e0                       : conipv6.oe674 (.text:V6TestIPv6ConversionAPI)
                  c24774a0    000003e0     lv_calendar_header_arrow.obj (.text)
                  c2477880    000003c0     console_min.ae674 : conecho.oe674 (.text:EchoUdp)
                  c2477c40    000003c0     stk6_ppp_pppoe.ae674 : ipv6out.oe674 (.text:IPv6TxPacket)
                  c2478000    000003c0                          : lli6.oe674 (.text:LLI6TimerCheck)
                  c24783c0    000003c0                          : sock.oe674 (.text:SockSend)
                  c2478780    000003c0                          : tcp6.oe674 (.text:TCP6TimeoutCheck)
                  c2478b40    000003c0                          : tcp.oe674 (.text:TcpTimeoutCheck)
                  c2478f00    000003c0     sysbios.ae674 : BIOS.obj (.text:ti_sysbios_family_c64p_Hwi_dispatchCore__I)
                  c24792c0    000003c0                   : BIOS.obj (.text:ti_sysbios_heaps_HeapMem_Instance_init__F)
                  c2479680    000003c0                   : BIOS.obj (.text:ti_sysbios_timers_timer64_Timer_Instance_init__F)
                  c2479a40    000003a0     console_min.ae674 : conroute.oe674 (.text:ConCmdRoute)
                  c2479de0    000003a0     ti.drv.omapl138.ae674 : csl_emac.oe674 (.text:EMAC_close)
                  c247a180    000003a0     console_min.ae674 : conecho.oe674 (.text:EchoTcp)
                  c247a520    000003a0                       : contest.oe674 (.text:EchoTest)
                  c247a8c0    000003a0     stk6_ppp_pppoe.ae674 : icmpv6in.oe674 (.text:ICMPv6RxPacket)
                  c247ac60    000003a0                          : nimu.oe674 (.text:NIMUIoctl)
                  c247b000    000003a0                          : route.oe674 (.text:RtCreate)
                  c247b3a0    000003a0                          : sb.oe674 (.text:SBRead)
                  c247b740    000003a0     os.ae674 : mem.oe674 (.text:_mmCheck)
                  c247bae0    000003a0     stk6_ppp_pppoe.ae674 : auth.oe674 (.text:papInput)
                  c247be80    000003a0     rts6740_elf.lib : strtol.c.obj (.text:strtol)
                  c247c220    000003a0     sysbios.ae674 : BIOS.obj (.text:ti_sysbios_knl_Swi_run__I)
                  c247c5c0    00000380     console_min.ae674 : conecho.oe674 (.text:ConCmdEcho)
                  c247c940    00000380                       : constat.oe674 (.text:DumpIPStats)
                  c247ccc0    00000380     netctrl.ae674 : netctrl.oe674 (.text:NetScheduler)
                  c247d040    00000380     stk6_ppp_pppoe.ae674 : sock.oe674 (.text:SockConnect)
                  c247d3c0    00000380     UART1.obj (.text)
                  c247d740    00000380     console_min.ae674 : conipv6.oe674 (.text:V6TCPConnectAPITest1)
                  c247dac0    00000380     nettool.ae674 : dhcppkt.oe674 (.text:dhcpPacketProcess)
                  c247de40    00000380     lv_theme.obj (.text)
                  c247e1c0    00000360     console_min.ae674 : condns.oe674 (.text:ConCmdLookupIPv6)
                  c247e520    00000360                       : conipaddr.oe674 (.text:ConDisplayNIMUObject)
                  c247e880    00000360     stk6_ppp_pppoe.ae674 : icmpv6_ndisc.oe674 (.text:ICMPv6RecvRedirect)
                  c247ebe0    00000360                          : icmpv6out.oe674 (.text:ICMPv6SendDstUnreachable)
                  c247ef40    00000360                          : igmp.oe674 (.text:IGMPInput)
                  c247f2a0    00000360                          : ipv6_frag.oe674 (.text:IPv6FragReasm)
                  c247f600    00000360                          : sock6int.oe674 (.text:Sock6Notify)
                  c247f960    00000360                          : sockint.oe674 (.text:SockNotify)
                  c247fcc0    00000360     lv_port_disp_c674x.obj (.text)
                  c2480020    00000360     sysbios.ae674 : BIOS.obj (.text:ti_sysbios_knl_Clock_Instance_init__F)
                  c2480380    00000360                   : BIOS.obj (.text:ti_sysbios_knl_Swi_Instance_init__F)
                  c24806e0    00000360                   : BIOS.obj (.text:ti_sysbios_timers_timer64_Timer_deviceConfig__I)
                  c2480a40    00000340     nettool.ae674 : dnsclnt.oe674 (.text:DNSGetHostByName)
                  c2480d80    00000340     stk6_ppp_pppoe.ae674 : icmpv6_ndisc.oe674 (.text:ICMPv6RecvNS)
                  c24810c0    00000340                          : icmpv6out.oe674 (.text:ICMPv6SendParameterProblem)
                  c2481400    00000340                          : icmpv6out.oe674 (.text:ICMPv6SendTimeExceeded)
                  c2481740    00000340                          : lliout.oe674 (.text:LLITxIpPacket)
                  c2481a80    00000340     console_min.ae674 : conipv6.oe674 (.text:V6UDPShareRxTest)
                  c2481dc0    00000340     os.ae674 : mem.oe674 (.text:mmAlloc)
                  c2482100    00000340     stk6_ppp_pppoe.ae674 : nimupppoe.oe674 (.text:pppoeSI)
                  c2482440    00000340     Local_pe674.oe674 (.text:xdc_runtime_System_printfExtend__I)
                  c2482780    00000320     nettool.ae674 : config.oe674 (.text:CfgAddEntry)
                  c2482aa0    00000320     console_min.ae674 : conipv6.oe674 (.text:CmdIPv6AddAddress)
                  c2482dc0    00000320                       : conipv6.oe674 (.text:CmdIPv6DisplayNeighTable)
                  c24830e0    00000320     nettool.ae674 : dnspkt.oe674 (.text:DNSReadRecord)
                  c2483400    00000320     stk6_ppp_pppoe.ae674 : nimupppoe.oe674 (.text:SendServerMsg)
                  c2483720    00000320                          : udp6.oe674 (.text:Udp6Input)
                  c2483a40    00000320     nettool.ae674 : inetaddr.oe674 (.text:inet_aton)
                  c2483d60    00000320                   : telnetd.oe674 (.text:telnet_engine)
                  c2484080    00000320     sysbios.ae674 : BIOS.obj (.text:ti_sysbios_timers_timer64_Timer_initObj__I)
                  c24843a0    00000300     EHRPWM.obj (.text)
                  c24846a0    00000300     ti.drv.omapl138.ae674 : nimu_eth.oe674 (.text:Emacioctl)
                  c24849a0    00000300     nettool.ae674 : ipaddr.oe674 (.text:NtGetPublicHost)
                  c2484ca0    00000300     stk6_ppp_pppoe.ae674 : sock6pcb.oe674 (.text:Sock6PcbBind)
                  c2484fa0    00000300     console_min.ae674 : conipv6.oe674 (.text:V6ShareTest)
                  c24852a0    00000300                       : conipv6.oe674 (.text:V6TimeoutTest)
                  c24855a0    00000300     lv_calendar_header_dropdown.obj (.text)
                  c24858a0    00000300     rts6740_elf.lib : strtoul.c.obj (.text:strtoul)
                  c2485ba0    00000300     sysbios.ae674 : BIOS.obj (.text:ti_sysbios_knl_Semaphore_post__E)
                  c2485ea0    00000300                   : BIOS.obj (.text:ti_sysbios_utils_Load_logLoads__I)
                  c24861a0    000002e0     console_min.ae674 : contest.oe674 (.text:ConnectTest2)
                  c2486480    000002e0     nettool.ae674 : dnspkt.oe674 (.text:DNSGetReply)
                  c2486760    000002e0     stk6_ppp_pppoe.ae674 : ipv6_exthdrs.oe674 (.text:IPv6ParseExtnHeaders)
                  c2486a40    000002e0                          : route6.oe674 (.text:Rt6Find)
                  c2486d20    000002e0                          : nimupppoe.oe674 (.text:SendClientMsg)
                  c2487000    000002e0                          : sock6pcb.oe674 (.text:Sock6PcbFind)
                  c24872e0    000002e0                          : sock6pcb.oe674 (.text:Sock6PcbResolve)
                  c24875c0    000002e0     console_min.ae674 : contest.oe674 (.text:TimeoutTest)
                  c24878a0    000002e0     stk6_ppp_pppoe.ae674 : udp.oe674 (.text:UdpOutput)
                  c2487b80    000002e0                          : vlan.oe674 (.text:VLANAddDevice)
                  c2487e60    000002e0     rts6740_elf.lib : fputs.c.obj (.text:fputs)
                  c2488140    000002e0     lv_spinner.obj (.text)
                  c2488420    000002e0     stk6_ppp_pppoe.ae674 : nimuppp.oe674 (.text:pppInput)
                  c2488700    000002c0                          : bind.oe674 (.text:BindNew)
                  c24889c0    000002c0     console_min.ae674 : condns.oe674 (.text:ConCmdLookup)
                  c2488c80    000002c0                       : contest.oe674 (.text:ConnectTest1)
                  c2488f40    000002c0                       : conipv6.oe674 (.text:DumpIPv6CoreStats)
                  c2489200    000002c0     ti.drv.omapl138.ae674 : ethdriver.oe674 (.text:HwPktOpen)
                  c24894c0    000002c0     stk6_ppp_pppoe.ae674 : ipv6_frag.oe674 (.text:IPv6FragQEnqueueFrag)
                  c2489780    000002c0                          : node.oe674 (.text:NodeAdd)
                  c2489a40    000002c0                          : rtable.oe674 (.text:RtFind)
                  c2489d00    000002c0                          : sb6.oe674 (.text:SB6Read)
                  c2489fc0    000002c0     console_min.ae674 : contest.oe674 (.text:SendTest)
                  c248a280    000002c0     TempSensor.obj (.text)
                  c248a540    000002c0     console_min.ae674 : conipv6.oe674 (.text:V6TCPConnectFlood)
                  c248a800    000002c0     lv_win.obj (.text)
                  c248aac0    000002c0     console_min.ae674 : conipv6.oe674 (.text:v6TestTFTP)
                  c248ad80    000002a0     nettool.ae674 : dhcpmain.oe674 (.text:DHCPOpen)
                  c248b020    000002a0                   : dnscomn.oe674 (.text:DNSResolveExternal)
                  c248b2c0    000002a0     SATATest.obj (.text)
                  c248b560    000002a0     stk6_ppp_pppoe.ae674 : sock6.oe674 (.text:Sock6Close)
                  c248b800    000002a0                          : sock.oe674 (.text:SockClose)
                  c248baa0    000002a0                          : sockpcb.oe674 (.text:SockPcbResolve)
                  c248bd40    000002a0                          : tcp6prot.oe674 (.text:TCP6PrSetOption)
                  c248bfe0    000002a0                          : tcpprot.oe674 (.text:TcpPrSetOption)
                  c248c280    000002a0     rts6740_elf.lib : _printfi.c.obj (.text:_pconv_e)
                  c248c520    000002a0                     : _printfi.c.obj (.text:fcvt)
                  c248c7c0    000002a0     sysbios.ae674 : BIOS.obj (.text:ti_sysbios_knl_Clock_workFunc__E)
                  c248ca60    00000280     console_min.ae674 : constat.oe674 (.text:ConCmdStat)
                  c248cce0    00000280     ti.drv.omapl138.ae674 : csl_emac.oe674 (.text:EMAC_setReceiveFilter)
                  c248cf60    00000280     stk6_ppp_pppoe.ae674 : icmp.oe674 (.text:ICMPGenPacket)
                  c248d1e0    00000280                          : lli6.oe674 (.text:LLI6NeighUnreachStateMachine)
                  c248d460    00000280                          : lli6.oe674 (.text:LLI6TxIPPacket)
                  c248d6e0    00000280                          : route6.oe674 (.text:Rt6Free)
                  c248d960    00000280     console_min.ae674 : contest.oe674 (.text:ShareRxTest)
                  c248dbe0    00000280     stk6_ppp_pppoe.ae674 : sock.oe674 (.text:SockRecvNC)
                  c248de60    00000280                          : udp6.oe674 (.text:Udp6Output)
                  c248e0e0    00000280     console_min.ae674 : conipv6.oe674 (.text:V6ReuseTest)
                  c248e360    00000280     servers_min.ae674 : newservers.oe674 (.text:dtask_tcp_datasrv)
                  c248e5e0    00000280     stk6_ppp_pppoe.ae674 : ipcp.oe674 (.text:ipcpSendCfg)
                  c248e860    00000280     lv_font.obj (.text)
                  c248eae0    00000280     sysbios.ae674 : BIOS.obj (.text:ti_sysbios_knl_Task_schedule__I)
                  c248ed60    00000280                   : BIOS.obj (.text:ti_sysbios_knl_Task_startCore__E)
                  c248efe0    00000280                   : BIOS.obj (.text:ti_sysbios_utils_Load_updateThreadContexts__E)
                  c248f260    00000280     ti.targets.rts6000.ae674 : Error.oe674 (.text:xdc_runtime_Error_raiseX__F)
                  c248f4e0    00000260     console_min.ae674 : conipaddr.oe674 (.text:ConRemoveIPAddress)
                  c248f740    00000260                       : constat.oe674 (.text:DumpICMPStats)
                  c248f9a0    00000260     ti.drv.omapl138.ae674 : csl_emac.oe674 (.text:EMAC_sendPacket)
                  c248fc00    00000260     stk6_ppp_pppoe.ae674 : icmpv6in.oe674 (.text:ICMPv6RecvEchoRequest)
                  c248fe60    00000260                          : icmpv6_ndisc.oe674 (.text:ICMPv6SendNS)
                  c24900c0    00000260                          : ipv6in.oe674 (.text:IPv6RxPacket)
                  c2490320    00000260                          : nimu.oe674 (.text:NIMUReceivePacket)
                  c2490580    00000260                          : rawethsock.oe674 (.text:RawEthSockSet)
                  c24907e0    00000260                          : sb6.oe674 (.text:SB6Write)
                  c2490a40    00000260                          : sb.oe674 (.text:SBWrite)
                  c2490ca0    00000260                          : sockpcb.oe674 (.text:SockPcbBind)
                  c2490f00    00000260                          : tcp6out.oe674 (.text:TCP6GenPacket)
                  c2491160    00000260     console_min.ae674 : contest.oe674 (.text:TcpShareRX)
                  c24913c0    00000260                       : conipv6.oe674 (.text:V6TcpShareRX)
                  c2491620    00000260     rts6740_elf.lib : imath64.c.obj (.text:__c6xabi_divull)
                  c2491880    00000260     nettool.ae674 : httppars.oe674 (.text:httpParseRecv)
                  c2491ae0    00000260                   : httpsend.oe674 (.text:httpSendErrorHTML)
                  c2491d40    00000260     stk6_ppp_pppoe.ae674 : lcp.oe674 (.text:lcpSendCfg)
                  c2491fa0    00000260     lv_draw_rect.obj (.text)
                  c2492200    00000260     nettool.ae674 : tftp6.oe674 (.text:tftp6ProcessPacket)
                  c2492460    00000260                   : tftp.oe674 (.text:tftpProcessPacket)
                  c24926c0    00000260     sysbios.ae674 : BIOS.obj (.text:ti_sysbios_timers_timer64_Timer_start__E)
                  c2492920    00000260     ti.targets.rts6000.ae674 : Startup.oe674 (.text:xdc_runtime_Startup_startMods__I)
                  c2492b80    00000240     stk6_ppp_pppoe.ae674 : bind6.oe674 (.text:Bind6Free)
                  c2492dc0    00000240                          : bind6.oe674 (.text:Bind6RunDAD)
                  c2493000    00000240     console_min.ae674 : conipaddr.oe674 (.text:ConConfigureMAC)
                  c2493240    00000240     nettool.ae674 : dnspkt.oe674 (.text:DNSWriteRecord)
                  c2493480    00000240                   : daemon.oe674 (.text:DaemonNew)
                  c24936c0    00000240     Exception.obj (.text)
                  c2493900    00000240     stk6_ppp_pppoe.ae674 : icmpv6_ndisc.oe674 (.text:ICMPv6RecvNA)
                  c2493b40    00000240                          : icmpv6_ndisc.oe674 (.text:ICMPv6SendNA)
                  c2493d80    00000240                          : ipv6.oe674 (.text:IPv6InterfaceInit)
                  c2493fc0    00000240                          : pipe.oe674 (.text:PipeRecv)
                  c2494200    00000240                          : raw.oe674 (.text:RawInput)
                  c2494440    00000240                          : tcpout.oe674 (.text:TcpGenPacket)
                  c2494680    00000240     console_min.ae674 : conipv6.oe674 (.text:V6DisplayStats)
                  c24948c0    00000240     nettool.ae674 : dhcpsm.oe674 (.text:dhcpIPAdd)
                  c2494b00    00000240                   : dhcpsm.oe674 (.text:dhcpState)
                  c2494d40    00000240                   : dhcppkt.oe674 (.text:dhcpVerifyMessage)
                  c2494f80    00000240     ti.drv.omapl138.ae674 : csl_emac.oe674 (.text:emacDequeueRx)
                  c24951c0    00000240     stk6_ppp_pppoe.ae674 : fileuser.oe674 (.text:fdStatus)
                  c2495400    00000240     lv_log.obj (.text)
                  c2495640    00000220     console_min.ae674 : conipv6.oe674 (.text:CmdIPv6DisplayBindTable)
                  c2495860    00000220                       : conipv6.oe674 (.text:CmdIPv6DisplayRouteTable)
                  c2495a80    00000220                       : conipv6.oe674 (.text:CmdIPv6DisplayTestHelp)
                  c2495ca0    00000220                       : convlan.oe674 (.text:CmdVLANAdd)
                  c2495ec0    00000220     nettool.ae674 : dnspkt.oe674 (.text:DNSWriteName)
                  c24960e0    00000220     stk6_ppp_pppoe.ae674 : icmpv6_ndisc.oe674 (.text:ICMPv6SendRS)
                  c2496300    00000220                          : igmp.oe674 (.text:IGMPJoinHostGroup)
                  c2496520    00000220                          : ipv6_frag.oe674 (.text:IPv6ParseFragHdr)
                  c2496740    00000220                          : raw6.oe674 (.text:Raw6Output)
                  c2496960    00000220                          : rawethsock.oe674 (.text:RawEthSockNew)
                  c2496b80    00000220     console_min.ae674 : contest.oe674 (.text:ShareTest)
                  c2496da0    00000220     stk6_ppp_pppoe.ae674 : sockpcb.oe674 (.text:SockPcbFind)
                  c2496fc0    00000220     ti.drv.omapl138.ae674 : csl_emac.oe674 (.text:emacEnqueueTx)
                  c24971e0    00000220     nettool.ae674 : httpclie.oe674 (.text:httpGetAuthParams)
                  c2497400    00000220     sysbios.ae674 : BIOS.obj (.text:ti_sysbios_timers_timer64_Timer_setPeriodMicroSecs__E)
                  c2497620    00000220                   : BIOS.obj (.text:ti_sysbios_utils_Load_updateLoads__E)
                  c2497840    00000220     ti.targets.rts6000.ae674 : Core-mem.oe674 (.text:xdc_runtime_Core_createObject__I)
                  c2497a60    00000200     ti.drv.omapl138.ae674 : csl_emac.oe674 (.text:EMAC_RxServiceCheck)
                  c2497c60    00000200     stk6_ppp_pppoe.ae674 : ipv6_exthdrs.oe674 (.text:IPv6ParseHopOptions)
                  c2497e60    00000200                          : lli6.oe674 (.text:LLI6New)
                  c2498060    00000200                          : socket.oe674 (.text:NDK_accept)
                  c2498260    00000200     nettool.ae674 : tftp6.oe674 (.text:Nt6TftpRecv)
                  c2498460    00000200     stk6_ppp_pppoe.ae674 : pipe.oe674 (.text:PipeNew)
                  c2498660    00000200                          : rtc.oe674 (.text:RTCReport)
                  c2498860    00000200                          : rawethsock.oe674 (.text:RawEthSockGet)
                  c2498a60    00000200                          : sock6.oe674 (.text:Sock6Status)
                  c2498c60    00000200     console_min.ae674 : contftp.oe674 (.text:TestTFTP)
                  c2498e60    00000200     rts6740_elf.lib : _printfi.c.obj (.text:_ltostr)
                  c2499060    00000200     sysbios.ae674 : c64p_Hwi_disp_always.obj (.text:_ti_sysbios_family_c64p_Hwi_dispatchAlways)
                  c2499260    00000200     nettool.ae674 : dhcpsock.oe674 (.text:dhcpSocketOpen)
                  c2499460    00000200     sysbios.ae674 : BIOS.obj (.text:ti_sysbios_knl_Swi_post__E)
                  c2499660    00000200                   : BIOS.obj (.text:ti_sysbios_knl_Task_exit__E)
                  c2499860    00000200     ti.targets.rts6000.ae674 : Log.oe674 (.text:xdc_runtime_Log_doPrint__F)
                  c2499a60    000001e0     console_min.ae674 : consock.oe674 (.text:ConCmdSocket)
                  c2499c40    000001e0                       : convlan.oe674 (.text:ConCmdVLAN)
                  c2499e20    000001e0                       : conipaddr.oe674 (.text:ConConfigureMTU)
                  c249a000    000001e0     nettool.ae674 : dnspkt.oe674 (.text:DNSReadName)
                  c249a1e0    000001e0     console_min.ae674 : conipv6.oe674 (.text:DumpIPv6UDPStats)
                  c249a3c0    000001e0                       : constat.oe674 (.text:DumpUDPStats)
                  c249a5a0    000001e0     stk6_ppp_pppoe.ae674 : igmp.oe674 (.text:IGMPSendReply)
                  c249a780    000001e0                          : ipv6.oe674 (.text:IPv6StringToIPAddress)
                  c249a960    000001e0     Loader.lib : PRULoader.obj (.text)
                  c249ab40    000001e0     stk6_ppp_pppoe.ae674 : socket.oe674 (.text:NDK_recvnc)
                  c249ad20    000001e0                          : socket.oe674 (.text:NDK_sendto)
                  c249af00    000001e0                          : route6.oe674 (.text:Rt6Modify)
                  c249b0e0    000001e0     netctrl.ae674 : netsrv.oe674 (.text:SPIpNet)
                  c249b2c0    000001e0     stk6_ppp_pppoe.ae674 : sock6pcb.oe674 (.text:Sock6PcbFindRaw)
                  c249b4a0    000001e0                          : tcptime.oe674 (.text:TcpTimeoutRexmt)
                  c249b680    000001e0                          : auth.oe674 (.text:chapSendMsg)
                  c249b860    000001e0                          : nimupppoe.oe674 (.text:pppoeCtrlMsg)
                  c249ba40    000001e0     sysbios.ae674 : BIOS.obj (.text:ti_sysbios_knl_Task_postInit__I)
                  c249bc20    000001e0                   : BIOS.obj (.text:ti_sysbios_knl_Task_unblockI__E)
                  c249be00    000001c0     nettool.ae674 : config.oe674 (.text:CfgExecute)
                  c249bfc0    000001c0     console_min.ae674 : conipaddr.oe674 (.text:ConConfigureNIMUObject)
                  c249c180    000001c0                       : contest.oe674 (.text:ConnectFlood)
                  c249c340    000001c0     nettool.ae674 : dnsclnt.oe674 (.text:DNSGetHostByAddr2)
                  c249c500    000001c0     ti.drv.omapl138.ae674 : nimu_eth.oe674 (.text:EmacInit)
                  c249c6c0    000001c0                           : ethdriver.oe674 (.text:HwPktSetRx)
                  c249c880    000001c0     stk6_ppp_pppoe.ae674 : ip.oe674 (.text:IPGetRoute)
                  c249ca40    000001c0                          : lliout.oe674 (.text:LLIGenArpPacket)
                  c249cc00    000001c0                          : socket.oe674 (.text:NDK_recvfrom)
                  c249cdc0    000001c0                          : socket.oe674 (.text:NDK_recvncfrom)
                  c249cf80    000001c0     nettool.ae674 : tftp.oe674 (.text:NtTftpRecv)
                  c249d140    000001c0     stk6_ppp_pppoe.ae674 : raw6.oe674 (.text:Raw6Input)
                  c249d300    000001c0                          : lli.oe674 (.text:_LLITimeoutCheck)
                  c249d4c0    000001c0     rts6740_elf.lib : imath40.c.obj (.text:__c6xabi_divul)
                  c249d680    000001c0     nettool.ae674 : dhcpbild.oe674 (.text:dhcpBuildHeader)
                  c249d840    000001c0     stk6_ppp_pppoe.ae674 : fileuser.oe674 (.text:fdClose)
                  c249da00    000001c0     rts6740_elf.lib : fputc.c.obj (.text:fputc)
                  c249dbc0    000001c0                     : frexp.c.obj (.text:frexp)
                  c249dd80    000001c0                     : ldexp.c.obj (.text:ldexp)
                  c249df40    000001c0     stk6_ppp_pppoe.ae674 : udp6.oe674 (.text:processMulticast)
                  c249e100    000001c0     rts6740_elf.lib : setvbuf.c.obj (.text:setvbuf)
                  c249e2c0    000001c0     sysbios.ae674 : BIOS.obj (.text:ti_sysbios_family_c64p_Hwi_Instance_finalize__F)
                  c249e480    000001c0                   : BIOS.obj (.text:ti_sysbios_family_c64p_Hwi_Module_startup__F)
                  c249e640    000001c0                   : BIOS.obj (.text:ti_sysbios_family_c64p_Hwi_reconfig__E)
                  c249e800    000001c0                   : BIOS.obj (.text:ti_sysbios_knl_Semaphore_Instance_init__F)
                  c249e9c0    000001c0                   : BIOS.obj (.text:ti_sysbios_knl_Swi_Instance_finalize__F)
                  c249eb80    000001c0                   : BIOS.obj (.text:ti_sysbios_utils_Load_idleFxn__E)
                  c249ed40    000001c0     ti.targets.rts6000.ae674 : Text.oe674 (.text:xdc_runtime_Text_putSite__F)
                  c249ef00    000001a0     stk6_ppp_pppoe.ae674 : bind6.oe674 (.text:Bind6Msg)
                  c249f0a0    000001a0     nettool.ae674 : config.oe674 (.text:CfgRemoveEntry)
                  c249f240    000001a0     console_min.ae674 : conipv6.oe674 (.text:CmdIPv6DeinitializeStack)
                  c249f3e0    000001a0                       : conipv6.oe674 (.text:CmdIPv6InitializeStack)
                  c249f580    000001a0                       : console.oe674 (.text:ConGetString)
                  c249f720    000001a0     nettool.ae674 : dnsclnt.oe674 (.text:DNSGetHostByName2)
                  c249f8c0    000001a0                   : dnscomn.oe674 (.text:DNSResolveQuery)
                  c249fa60    000001a0     ti.drv.omapl138.ae674 : csl_emac.oe674 (.text:EMAC_TxServiceCheck)
                  c249fc00    000001a0     rts6740_elf.lib : hostrename.c.obj (.text:HOSTrename)
                  c249fda0    000001a0     stk6_ppp_pppoe.ae674 : icmpin.oe674 (.text:ICMPRevSrcRoute)
                  c249ff40    000001a0                          : ipv6_frag.oe674 (.text:IPv6FragMsg)
                  c24a00e0    000001a0                          : ipv6_exthdrs.oe674 (.text:IPv6ParseRoutingHdr)
                  c24a0280    000001a0                          : lli.oe674 (.text:LLIGetStaticARPTable)
                  c24a0420    000001a0     netctrl.ae674 : netctrl.oe674 (.text:NC_NetStart)
                  c24a05c0    000001a0     stk6_ppp_pppoe.ae674 : socket.oe674 (.text:NDK_getpeername)
                  c24a0760    000001a0                          : socket.oe674 (.text:NDK_getsockname)
                  c24a0900    000001a0                          : node.oe674 (.text:NodeTreeFree)
                  c24a0aa0    000001a0     console_min.ae674 : contest.oe674 (.text:ReuseTest)
                  c24a0c40    000001a0     stk6_ppp_pppoe.ae674 : route6.oe674 (.text:Route6LifetimeMgmt)
                  c24a0de0    000001a0                          : sockint.oe674 (.text:SockCreatePacket)
                  c24a0f80    000001a0                          : sock.oe674 (.text:SockStatus)
                  c24a1120    000001a0     nettool.ae674 : dhcpsm.oe674 (.text:StateRenewRebind)
                  c24a12c0    000001a0     stk6_ppp_pppoe.ae674 : tcp6time.oe674 (.text:TCP6TimeoutRexmt)
                  c24a1460    000001a0     ti.drv.omapl138.ae674 : ethdriver.oe674 (.text:_HwPktPoll)
                  c24a1600    000001a0     nettool.ae674 : dhcptags.oe674 (.text:dhcpBuildOptions)
                  c24a17a0    000001a0     lv_port_indev_c674x.obj (.text)
                  c24a1940    000001a0     main.obj (.text)
                  c24a1ae0    000001a0     nettool.ae674 : telnetd.oe674 (.text:telnet_termdata)
                  c24a1c80    000001a0     sysbios.ae674 : BIOS.obj (.text:ti_sysbios_gates_GateMutex_enter__E)
                  c24a1e20    000001a0                   : BIOS.obj (.text:ti_sysbios_timers_timer64_Timer_getFreq__E)
                  c24a1fc0    000001a0                   : BIOS.obj (.text:ti_sysbios_utils_Load_updateCurrentThreadTime__E)
                  c24a2160    00000180     stk6_ppp_pppoe.ae674 : bind6.oe674 (.text:Bind6GetGlobalAddress)
                  c24a22e0    00000180     console_min.ae674 : conipv6.oe674 (.text:CheckPing6)
                  c24a2460    00000180                       : conipv6.oe674 (.text:CmdIPv6DelAddress)
                  c24a25e0    00000180                       : convlan.oe674 (.text:CmdVLANDel)
                  c24a2760    00000180                       : conping.oe674 (.text:ConCmdPing)
                  c24a28e0    00000180                       : console.oe674 (.text:ConGetCh)
                  c24a2a60    00000180                       : consock.oe674 (.text:DumpSockets)
                  c24a2be0    00000180     ti.drv.omapl138.ae674 : ethdriver.oe674 (.text:HwPktTxNext)
                  c24a2d60    00000180     stk6_ppp_pppoe.ae674 : igmp.oe674 (.text:IGMPMsg)
                  c24a2ee0    00000180                          : ipv6.oe674 (.text:IPv6AddAddress)
                  c24a3060    00000180                          : lli.oe674 (.text:LLIAddStaticEntry)
                  c24a31e0    00000180                          : socket.oe674 (.text:NDK_bind)
                  c24a3360    00000180                          : socket.oe674 (.text:NDK_connect)
                  c24a34e0    00000180                          : nimu.oe674 (.text:NIMURegister)
                  c24a3660    00000180     netctrl.ae674 : netsrv.oe674 (.text:ServiceScan)
                  c24a37e0    00000180                   : netsrv.oe674 (.text:ServiceSpawn)
                  c24a3960    00000180     stk6_ppp_pppoe.ae674 : sock6int.oe674 (.text:Sock6CreatePacket)
                  c24a3ae0    00000180     nettool.ae674 : dhcpsm.oe674 (.text:StateBound)
                  c24a3c60    00000180     sysbios.ae674 : BIOS.obj (.text:Timer_getNextAvailableTimerId)
                  c24a3de0    00000180     stk6_ppp_pppoe.ae674 : vlan.oe674 (.text:VLANAddHeader)
                  c24a3f60    00000180     nettool.ae674 : dhcpbild.oe674 (.text:dhcpBuildRequest)
                  c24a40e0    00000180     ti.drv.omapl138.ae674 : csl_emac.oe674 (.text:emacEnqueueRx)
                  c24a4260    00000180     os.ae674 : task.oe674 (.text:llEnter)
                  c24a43e0    00000180     lv_draw_line.obj (.text)
                  c24a4560    00000180     stk6_ppp_pppoe.ae674 : auth.oe674 (.text:papSendCfg)
                  c24a46e0    00000180                          : nimuppp.oe674 (.text:pppFree)
                  c24a4860    00000180     sysbios.ae674 : c64p_Exception_asm.obj (.text)
                  c24a49e0    00000180                   : BIOS.obj (.text:ti_sysbios_family_c64p_Exception_internalHandler__I)
                  c24a4b60    00000180                   : BIOS.obj (.text:ti_sysbios_knl_Task_blockI__E)
                  c24a4ce0    00000180                   : BIOS.obj (.text:ti_sysbios_knl_Task_checkStacks__E)
                  c24a4e60    00000160     console_min.ae674 : conping.oe674 (.text:BuildPing)
                  c24a4fc0    00000160     nettool.ae674 : config.oe674 (.text:CfgGetEntry)
                  c24a5120    00000160                   : config.oe674 (.text:CfgGetNextEntry)
                  c24a5280    00000160     console_min.ae674 : console.oe674 (.text:ConsoleOpen)
                  c24a53e0    00000160     stk6_ppp_pppoe.ae674 : igmp.oe674 (.text:IGMPDoMCast)
                  c24a5540    00000160                          : igmp.oe674 (.text:IGMPJoin)
                  c24a56a0    00000160                          : socket.oe674 (.text:NDK_getsockopt)
                  c24a5800    00000160                          : socket.oe674 (.text:NDK_setsockopt)
                  c24a5960    00000160                          : nimu.oe674 (.text:NIMUIoctlSpecialCmd)
                  c24a5ac0    00000160                          : pipe.oe674 (.text:PipeSend)
                  c24a5c20    00000160                          : raw.oe674 (.text:RawOutput)
                  c24a5d80    00000160                          : rtable.oe674 (.text:RtTimeoutCheck)
                  c24a5ee0    00000160                          : rtable.oe674 (.text:RtWalkNext)
                  c24a6040    00000160     netctrl.ae674 : netsrv.oe674 (.text:SPRoute)
                  c24a61a0    00000160     stk6_ppp_pppoe.ae674 : sock6.oe674 (.text:Sock6Check)
                  c24a6300    00000160                          : sock6pcb.oe674 (.text:Sock6PcbConnect)
                  c24a6460    00000160                          : sock.oe674 (.text:SockCheck)
                  c24a65c0    00000160                          : sockpcb.oe674 (.text:SockGetPcb)
                  c24a6720    00000160                          : sockpcb.oe674 (.text:SockPcbConnect)
                  c24a6880    00000160     nettool.ae674 : dhcpsm.oe674 (.text:StateRequesting)
                  c24a69e0    00000160     stk6_ppp_pppoe.ae674 : tcp6time.oe674 (.text:TCP6TimeoutKeep)
                  c24a6b40    00000160                          : tcptime.oe674 (.text:TcpTimeoutKeep)
                  c24a6ca0    00000160     rts6740_elf.lib : sscanf.c.obj (.text:_chkmbc)
                  c24a6e00    00000160     stk6_ppp_pppoe.ae674 : auth.oe674 (.text:authInit)
                  c24a6f60    00000160     cmdline.obj (.text)
                  c24a70c0    00000160     ti.drv.omapl138.ae674 : csl_emac.oe674 (.text:emacDequeueTx)
                  c24a7220    00000160     nettool.ae674 : httpclie.oe674 (.text:httpExtractTag)
                  c24a7380    00000160     stk6_ppp_pppoe.ae674 : sock6.oe674 (.text:joinGroup)
                  c24a74e0    00000160     lv_draw_sw.obj (.text)
                  c24a7640    00000160     Exception.obj (.text:retain)
                  c24a77a0    00000160     nettool.ae674 : telnetd.oe674 (.text:telnetClientProcess)
                  c24a7900    00000160                   : tftp6.oe674 (.text:tftp6ReadPacket)
                  c24a7a60    00000160                   : tftp6.oe674 (.text:tftp6SocketSetup)
                  c24a7bc0    00000160     sysbios.ae674 : BIOS.obj (.text:ti_sysbios_knl_Swi_Module_startup__F)
                  c24a7d20    00000160                   : BIOS.obj (.text:ti_sysbios_knl_Task_Module_startup__F)
                  c24a7e80    00000160                   : BIOS.obj (.text:ti_sysbios_timers_timer64_Timer_initDevice__I)
                  c24a7fe0    00000140     BUZZER.obj (.text)
                  c24a8120    00000140     stk6_ppp_pppoe.ae674 : exec.oe674 (.text:ExecOpen)
                  c24a8260    00000140                          : icmp.oe674 (.text:ICMPSendRtAdv)
                  c24a83a0    00000140                          : ipv6.oe674 (.text:IPv6DisplayIPAddress)
                  c24a84e0    00000140                          : lli6.oe674 (.text:LLI6Find)
                  c24a8620    00000140                          : socket.oe674 (.text:NDK_recv)
                  c24a8760    00000140                          : socket.oe674 (.text:NDK_send)
                  c24a88a0    00000140                          : socket.oe674 (.text:NDK_shutdown)
                  c24a89e0    00000140                          : node.oe674 (.text:NodeFind)
                  c24a8b20    00000140                          : node.oe674 (.text:NodeWalk)
                  c24a8c60    00000140                          : pbm.oe674 (.text:PBM_alloc)
                  c24a8da0    00000140                          : pbm.oe674 (.text:PBM_free)
                  c24a8ee0    00000140                          : rtable.oe674 (.text:RtFlush)
                  c24a9020    00000140     ti.drv.omapl138.ae674 : ethdriver.oe674 (.text:RxPacket)
                  c24a9160    00000140     stk6_ppp_pppoe.ae674 : sb6.oe674 (.text:SB6New)
                  c24a92a0    00000140     netctrl.ae674 : netsrv.oe674 (.text:ServiceKill)
                  c24a93e0    00000140     stk6_ppp_pppoe.ae674 : sock6.oe674 (.text:Sock6Accept)
                  c24a9520    00000140                          : sock6.oe674 (.text:Sock6Listen)
                  c24a9660    00000140                          : sock.oe674 (.text:SockAccept)
                  c24a97a0    00000140                          : sock.oe674 (.text:SockListen)
                  c24a98e0    00000140                          : sockpcb.oe674 (.text:SockPcbCtlError)
                  c24a9a20    00000140                          : tcp6prot.oe674 (.text:TCP6PrGetOption)
                  c24a9b60    00000140                          : tcpprot.oe674 (.text:TcpPrGetOption)
                  c24a9ca0    00000140     console_min.ae674 : contest.oe674 (.text:TcpShareTX)
                  c24a9de0    00000140                       : conipv6.oe674 (.text:V6TcpShareTX)
                  c24a9f20    00000140     boot.ae674 : autoinit.oe674 (.text:_auto_init_elf)
                  c24aa060    00000140     rts6740_elf.lib : _scanfi.c.obj (.text:_sproc_str)
                  c24aa1a0    00000140                     : _scanfi.c.obj (.text:_sproc_wstr)
                  c24aa2e0    00000140     stk6_ppp_pppoe.ae674 : auth.oe674 (.text:authGetPassword)
                  c24aa420    00000140     nettool.ae674 : dhcptags.oe674 (.text:dhcpDecodeType)
                  c24aa560    00000140     drivers.lib : psc.obj (.text)
                  c24aa6a0    00000140     nettool.ae674 : httpsend.oe674 (.text:httpAuthenticationReq)
                  c24aa7e0    00000140     lv_gc.obj (.text)
                  c24aa920    00000140     lv_img_cache.obj (.text)
                  c24aaa60    00000140     os.ae674 : mem.oe674 (.text:mmCopy)
                  c24aaba0    00000140     stk6_ppp_pppoe.ae674 : nimuppp.oe674 (.text:pppAddClient)
                  c24aace0    00000140     nettool.ae674 : tftp6.oe674 (.text:tftp6RRQBuild)
                  c24aae20    00000140                   : tftp.oe674 (.text:tftpRRQBuild)
                  c24aaf60    00000140     sysbios.ae674 : BIOS.obj (.text:ti_sysbios_family_c64p_Exception_externalHandler__I)
                  c24ab0a0    00000140                   : BIOS.obj (.text:ti_sysbios_family_c64p_Hwi_Instance_init__F)
                  c24ab1e0    00000140     Local_pe674.oe674 (.text:ti_sysbios_utils_Load_hwiBeginHook__E)
                  c24ab320    00000140     ti.targets.rts6000.ae674 : Text.oe674 (.text:xdc_runtime_Text_putLab__F)
                  c24ab460    00000120     console_min.ae674 : conacct.oe674 (.text:AcctDump)
                  c24ab580    00000120     stk6_ppp_pppoe.ae674 : bind6.oe674 (.text:Bind6DADCheck)
                  c24ab6a0    00000120                          : bind6.oe674 (.text:Bind6LifetimeMgmt)
                  c24ab7c0    00000120                          : bind.oe674 (.text:BindFree)
                  c24ab8e0    00000120     nettool.ae674 : config.oe674 (.text:CfgFree)
                  c24aba00    00000120     console_min.ae674 : contftp.oe674 (.text:ConCmdTFTP)
                  c24abb20    00000120                       : conipv6.oe674 (.text:CreatePing6Payload)
                  c24abc40    00000120     nettool.ae674 : dnscomn.oe674 (.text:DNSReplyFree)
                  c24abd60    00000120                   : daemon.oe674 (.text:DaemonFree)
                  c24abe80    00000120     stk6_ppp_pppoe.ae674 : file.oe674 (.text:FdWaitEvent)
                  c24abfa0    00000120                          : igmp.oe674 (.text:IGMPLeaveHostGroup)
                  c24ac0c0    00000120                          : ip.oe674 (.text:IPMsg)
                  c24ac1e0    00000120                          : ipin.oe674 (.text:IPRouteIP)
                  c24ac300    00000120                          : ipv6_frag.oe674 (.text:IPv6CreateFragQ)
                  c24ac420    00000120                          : ipv6.oe674 (.text:IPv6Init)
                  c24ac540    00000120                          : icmpv6out.oe674 (.text:IsICMPv6ErrorPkt)
                  c24ac660    00000120                          : lli.oe674 (.text:LLINew)
                  c24ac780    00000120                          : md5.oe674 (.text:MD5Update)
                  c24ac8a0    00000120                          : mld.oe674 (.text:MLDJoinGroup)
                  c24ac9c0    00000120     netctrl.ae674 : netctrl.oe674 (.text:NC_SystemOpen)
                  c24acae0    00000120     stk6_ppp_pppoe.ae674 : socket.oe674 (.text:NDK_socket)
                  c24acc00    00000120                          : nimu.oe674 (.text:NIMUAddEthernetHeader)
                  c24acd20    00000120                          : raweth.oe674 (.text:RawEthRxPacket)
                  c24ace40    00000120                          : rawethsock.oe674 (.text:RawEthSockRecvNC)
[...]
c24df16c  xdc_runtime_Error_Module__diagsMask__C                              
c24df170  xdc_runtime_Error_Module__loggerFxn8__C                             
c24df174  xdc_runtime_Error_Module__loggerObj__C                              
c24df178  xdc_runtime_Error_policy__C                                         
c24df17c  xdc_runtime_Error_raiseHook__C                                      
c24df180  xdc_runtime_IGateProvider_Interface__BASE__C                        
c24df184  xdc_runtime_IHeap_Interface__BASE__C                                
c24df188  xdc_runtime_ILogger_Interface__BASE__C                              
c24df18c  xdc_runtime_IModule_Interface__BASE__C                              
c24df190  xdc_runtime_Log_L_error__C                                          
c24df194  xdc_runtime_Memory_defaultHeapInstance__C                           
c24df198  xdc_runtime_Startup_execImpl__C                                     
c24df19c  xdc_runtime_Startup_maxPasses__C                                    
c24df1a0  xdc_runtime_Startup_lastFxns__A                                     
c24df1a4  xdc_runtime_Startup_sfxnRts__C                                      
c24df1a8  xdc_runtime_Startup_sfxnTab__C                                      
c24df1ac  xdc_runtime_Startup_startModsFxn__C                                 
c24df1b0  xdc_runtime_SysMin_bufSize__C                                       
c24df1b4  xdc_runtime_SysMin_outputFunc__C                                    
c24df1b8  xdc_runtime_System_Module__gateObj__C                               
c24df1bc  xdc_runtime_System_extendFxn__C                                     
c24df1c0  xdc_runtime_System_maxAtexitHandlers__C                             
c24df1c4  xdc_runtime_Text_charTab__C                                         
c24df1c8  xdc_runtime_Text_nameEmpty__C                                       
c24df1cc  xdc_runtime_Text_nameStatic__C                                      
c24df1d0  xdc_runtime_Text_nameUnknown__C                                     
c24df1d4  xdc_runtime_Text_nodeTab__C                                         
c24df1d8  xdc_runtime_Text_visitRopeFxn__C                                    
c24df1f0  _lv_bpp1_opa_table                                                  
c24df400  CmdLists                                                            
c24dfc00  ti_sysbios_family_c64p_EventCombiner_Module__state__V               
c24e0000  _ftable                                                             
c24e01e0  g_sCmdTable                                                         
c24e02ac  _ipcfg                                                              
c24e0360  _stream                                                             
c24e0400  ti_sysbios_knl_Task_Object__table__V                                
c24e0450  TSK_idle                                                            
c24e04a0  ti_sysbios_utils_Load_Module__state__V                              
c24e0538  ti_sysbios_family_c64p_Hwi_Object__table__V                         
c24e05c4  _lock                                                               
c24e05c8  ti_sysbios_knl_Swi_Module_State_0_readyQ__A                         
c24e0648  ti_sysbios_knl_Task_Module_State_0_readyQ__A                        
c24e06c8  _device                                                             
c24e0740  ti_sysbios_family_c64p_Hwi_Module__state__V                         
c24e07a8  ti_sysbios_timers_timer64_Timer_Module_State_0_device__A            
c24e0808  DNSErrorStrings                                                     
c24e08a8  ti_sysbios_gates_GateMutex_Object__table__V                         
c24e08f8  ti_sysbios_timers_timer64_Timer_Object__table__V                    
c24e0948  ulDataPatternTable                                                  
c24e09e8  ti_sysbios_knl_Task_Module__state__V                                
c24e0a2c  _unlock                                                             
c24e0b30  ti_sysbios_utils_Load_Module_State_0_taskEnv__A                     
c24e0b9c  __TI_ft_end                                                         
c24e0bd8  ti_sysbios_knl_Swi_Object__table__V                                 
c24e0c0c  __errno                                                             
c24e0c0c  errno                                                               
c24e0c40  ti_sysbios_family_c64p_Exception_Module__state__V                   
c24e0ccc  ti_sysbios_knl_Clock_Module__state__V                               
c24e0cf4  ti_sysbios_family_c64p_Cache_Module__state__V                       
c24e0d1c  ti_sysbios_family_c64p_primus_TimerSupport_Module__state__V         
c24e0d44  _oscfg                                                              
c24e0d88  palette_32b                                                         
c24e0da8  pstrMsgName                                                         
c24e0dc8  ti_sysbios_BIOS_Module__state__V                                    
c24e0de8  ti_sysbios_timers_timer64_Timer_Module_State_0_gctrl__A             
c24e0e08  ti_sysbios_timers_timer64_Timer_Module_State_0_handles__A           
c24e0e28  ti_sysbios_timers_timer64_Timer_Module_State_0_intFreqs__A          
c24e0e48  xdc_runtime_System_Module_State_0_atexitHandlers__A                 
c24e0e84  xdc_runtime_Memory_Module__state__V                                 
c24e0ea8  ti_ndk_config_Global_Id2Size                                        
c24e0ec4  xdc_runtime_Error_Module__state__V                                  
c24e0ec8  ti_sysbios_heaps_HeapMem_Object__table__V                           
c24e0ee4  ti_sysbios_knl_Swi_Module__state__V                                 
c24e0f18  TaskName                                                            
c24e0f30  LinkStr                                                             
c24e0f48  ReportStr                                                           
c24e0f60  StatusStr                                                           
c24e0fbc  ti_sysbios_timers_timer64_Timer_Module__state__V                    
c24e0fd0  GatewayIP                                                           
c24e0fe0  LocalIPMask                                                         
c24e0ff0  SEGVal                                                              
c24e1000  StaticIPAddr                                                        
c24e1010  __TI_cleanup_ptr                                                    
c24e1014  __TI_dtors_ptr                                                      
c24e1018  __TI_enable_exit_profile_output                                     
c24e1020  ti_sysbios_hal_Hwi_Object__table__V                                 
c24e1030  ti_sysbios_hal_Timer_Object__table__V                               
c24e1040  xdc_runtime_LoggerSys_Object__table__V                              
c24e104c  xdc_runtime_SysMin_Module__state__V                                 
c24e1058  xdc_runtime_System_Module__state__V                                 
c24e1088  NIMUDeviceTable                                                     
c24e1090  ti_sysbios_family_c64p_Hwi_Module__root__V                          
c24e1098  ti_sysbios_family_c64p_primus_TimerSupport_Module_State_0_suspSrc__A
c24e10a0  ti_sysbios_gates_GateHwi_Module__root__V                            
c24e10a8  ti_sysbios_gates_GateHwi_Object__table__V                           
c24e10b0  ti_sysbios_gates_GateMutex_Module__root__V                          
c24e10b8  ti_sysbios_hal_Hwi_Module__root__V                                  
c24e10c0  ti_sysbios_heaps_HeapMem_Module__root__V                            
c24e10c8  ti_sysbios_knl_Clock_Module__root__V                                
c24e10d0  ti_sysbios_knl_Queue_Module__root__V                                
c24e10d8  ti_sysbios_knl_Semaphore_Module__root__V                            
c24e10e0  ti_sysbios_knl_Swi_Module__root__V                                  
c24e10e8  ti_sysbios_knl_Task_Module__root__V                                 
c24e10f0  ti_sysbios_timers_timer64_Timer_Module__root__V                     
c24e10f8  xdc_runtime_LoggerSys_Module__root__V                               
c24e1100  xdc_runtime_Registry_Module__state__V                               
c24e1108  xdc_runtime_Startup_Module__state__V                                
c24e1120  ti_sysbios_knl_Task_Module_State_0_idleTask__A                      
c24e1128  ti_sysbios_utils_Load_Module_State_0_runningTask__A                 
c24e1130  ti_sysbios_utils_Load_Module_State_0_taskStartTime__A               
c24e1138  DHCP_OPTIONS                                                        
c24e1bbc  __TI_STATIC_BASE                                                    
c24e1bd4  _IGMPInDiscard                                                      
c24e1bd8  _IGMPInQuery                                                        
c24e1bdc  _IGMPInQueryGroup                                                   
c24e1be0  _IGMPInResponse                                                     
c24e1be4  _IGMPOutResponse                                                    
c24e1c6c  KEY4SwiHandle                                                       
c24e1c70  KEY6SwiHandle                                                       
c24e1c74  LV_LAYOUT_FLEX                                                      
c24e1c78  LV_LAYOUT_GRID                                                      
c24e1c7c  LV_STYLE_FLEX_CROSS_PLACE                                           
c24e1c80  LV_STYLE_FLEX_FLOW                                                  
c24e1c84  LV_STYLE_FLEX_GROW                                                  
c24e1c88  LV_STYLE_FLEX_MAIN_PLACE                                            
c24e1c8c  LV_STYLE_FLEX_TRACK_PLACE                                           
c24e1c90  LV_STYLE_GRID_CELL_COLUMN_POS                                       
c24e1c94  LV_STYLE_GRID_CELL_COLUMN_SPAN                                      
c24e1c98  LV_STYLE_GRID_CELL_ROW_POS                                          
c24e1c9c  LV_STYLE_GRID_CELL_ROW_SPAN                                         
c24e1ca0  LV_STYLE_GRID_CELL_X_ALIGN                                          
c24e1ca4  LV_STYLE_GRID_CELL_Y_ALIGN                                          
c24e1ca8  LV_STYLE_GRID_COLUMN_ALIGN                                          
c24e1cac  LV_STYLE_GRID_COLUMN_DSC_ARRAY                                      
c24e1cb0  LV_STYLE_GRID_ROW_ALIGN                                             
c24e1cb4  LV_STYLE_GRID_ROW_DSC_ARRAY                                         
c24e1cb8  UARTConsoleSemHandle                                                
c24e1cbc  UARTConsoleTaskHandle                                               
c24e1cc0  _lv_grad_cache_mem                                                  
c24e1cc4  _lv_layout_list                                                     
c24e1cc8  _lv_theme_basic_styles                                              
c24e1ccc  _lv_theme_default_styles                                            
c24e1cd0  _lv_timer_act                                                       
c24e1cd4  indev_touchpad                                                      
c24e1cd8  p_rx                                                                
c24e1cdc  p_tx                                                                
c24e1ce0  rx_len                                                              
c24e1ce4  tx_len                                                              
c24e1cee  NDKFlag                                                             
c24e1cf0  CONTENT_TYPE_APPLET                                                 
c24e1cf4  CONTENT_TYPE_AU                                                     
c24e1cf8  CONTENT_TYPE_CSS                                                    
c24e1cfc  CONTENT_TYPE_DOC                                                    
c24e1d00  CONTENT_TYPE_GIF                                                    
c24e1d04  CONTENT_TYPE_HTML                                                   
c24e1d08  CONTENT_TYPE_JPG                                                    
c24e1d0c  CONTENT_TYPE_MPEG                                                   
c24e1d10  CONTENT_TYPE_PDF                                                    
c24e1d14  CONTENT_TYPE_WAV                                                    
c24e1d18  CONTENT_TYPE_ZIP                                                    
c24e1d1c  CONTENT_TYPE                                                        
c24e1d20  CONTENT_LENGTH                                                      
c24e1d24  CRLF                                                                
c24e1d28  DEFAULT_NAME                                                        
c24e1d2c  HTTP_VER                                                            
c24e1d30  SPACE                                                               
c24e1d48  VerStr                                                              
c24e1d4c  HostName                                                            
c24e1d50  LocalIPAddr                                                         
c24e1d54  DomainName                                                          
c24e1d58  DNSServer                                                           
c24e1d5c  PITCount                                                            
c24e1d60  PITUsed                                                             
c24e1d64  PITHigh                                                             
c24e1da0  _lv_txt_encoded_size                                                
c24e1da4  _lv_txt_unicode_to_encoded                                          
c24e1da8  _lv_txt_encoded_conv_wc                                             
c24e1dac  _lv_txt_encoded_next                                                
c24e1db0  _lv_txt_encoded_prev                                                
c24e1db4  _lv_txt_encoded_get_byte_id                                         
c24e1db8  _lv_txt_encoded_get_char_id                                         
c24e1dbc  _lv_txt_get_encoded_length                                          
c24e1e6c  _IGMPForceVersion1                                                  
c24e1e84  TxChanEnable_all                                                    
c24e1e88  RxChanEnable_all                                                    
c24e1e95  CmdHistorySaveNo                                                    
c24e1e96  CmdHistorySaveIndex                                                 
c24e1e97  CmdHistoryDisplayIndex                                              
c24e1e98  sataRegs                                                            
c24e1e9c  temp                                                                
c24e1ed8  _ICMPInErrors                                                       
c24e1edc  _ICMPOutErrors                                                      
c24e1ee0  _IPExecuting                                                        
c24e1ef0  gFragQList                                                          
c24e1f10  tcp_iss                                                             
c24e1f14  ptTimeFirst                                                         
c24e1f18  pt6TimeFirst                                                        
c24e1f1c  tcp6_iss                                                            
c24e1f30  spi_flag                                                            
c24e1f34  SoftPWM                                                             
c24e1f38  OSCINFreq                                                           
c24e1f50  LODEPNG_VERSION_STRING                                              
c24e1f70  httpErrorResponseHook                                               
c24e1f84  _IPReasmPtr                                                         
c24e1f90  gMLDNodeList                                                        
c24e1faa  SECLED                                                              
c24e1fab  LED_OP                                                              
c24e1fb8  IPV6_MAX_MULTICAST_SOLICIT                                          
c24e1fbc  IPV6_MAX_UNICAST_SOLICIT                                            
c24e1fc0  IPV6_RETRANS_TIME                                                   
c24e1fc4  IPV6_DELAY_FIRST_PROBE_TIME                                         
c24e1fc8  IPV6_REACHABLE_TIME                                                 
c24e1fcc  IPV6_MAX_RTR_SOLICITATION_DELAY                                     
c24e1fd0  IPV6_RTR_SOLICITATION_INTERVAL                                      
c24e1fd4  IPV6_MAX_RTR_SOLICITATIONS                                          
c24e1fd8  INFINITE_LT                                                         
c24e1fdc  ti_ndk_config_Global_rawPageSize                                    
c24e1fe0  ti_ndk_config_Global_rawPageCount                                   
c24e1fe4  ti_ndk_config_Global_smallest                                       
c24e1fe8  ti_ndk_config_Global_largest                                        
c24e1fec  ti_ndk_config_Global_numFrameBuf                                    
c24e1ff0  ti_ndk_config_Global_sizeFrameBuf                                   
c24e2000  ti_sysbios_family_c64p_Hwi0                                         
c24e2000  ti_sysbios_family_c64p_Hwi_int0                                     
c24e2020  ti_sysbios_family_c64p_Hwi_int1                                     
c24e2040  ti_sysbios_family_c64p_Hwi_int2                                     
c24e2060  ti_sysbios_family_c64p_Hwi_int3                                     
c24e2080  ti_sysbios_family_c64p_Hwi_int4                                     
c24e20a0  ti_sysbios_family_c64p_Hwi_int5                                     
c24e20c0  ti_sysbios_family_c64p_Hwi_int6                                     
c24e20e0  ti_sysbios_family_c64p_Hwi_int7                                     
c24e2100  ti_sysbios_family_c64p_Hwi_int8                                     
c24e2120  ti_sysbios_family_c64p_Hwi_int9                                     
c24e2140  ti_sysbios_family_c64p_Hwi_int10                                    
c24e2160  ti_sysbios_family_c64p_Hwi_int11                                    
c24e2180  ti_sysbios_family_c64p_Hwi_int12                                    
c24e21a0  ti_sysbios_family_c64p_Hwi_int13                                    
c24e21c0  ti_sysbios_family_c64p_Hwi_int14                                    
c24e21e0  ti_sysbios_family_c64p_Hwi_int15                                    
c24e2200  __CIOBUF_                                                           
c24e376c  __TI_Handler_Table_Base                                             
c24e3774  __TI_Handler_Table_Limit                                            
c24e3778  __TI_CINIT_Base                                                     
c24e37b0  __TI_CINIT_Limit                                                    
ffffffff  __TI_pprof_out_hndl                                                 
ffffffff  __TI_prof_data_size                                                 
ffffffff  __TI_prof_data_start                                                
ffffffff  __binit__                                                           
ffffffff  __c_args__                                                          
ffffffff  binit                                                               
UNDEFED   __TI_INITARRAY_Base                                                 
UNDEFED   __TI_INITARRAY_Limit                                                

[3319 symbols]
