******************************************************************************
               TMS320C6x Linker PC v8.3.12                     
******************************************************************************
>> Linked Wed Apr  6 20:45:53 2022

OUTPUT FILE NAME:   <Board_C674x.out>
ENTRY POINT SYMBOL: "_c_int00"  address: c21ae300


MEMORY CONFIGURATION

         name            origin    length      used     unused   attr    fill
----------------------  --------  ---------  --------  --------  ----  --------
  DSPL2RAM              00800000   00040000  00004000  0003c000  RW  
  SHRAM                 80000000   00020000  00000000  00020000  RW X
  DDR2                  c0000000   08000000  021c1e11  05e3e1ef  RW X


SEGMENT ALLOCATION MAP

run origin  load origin   length   init length attrs members
----------  ----------- ---------- ----------- ----- -------
00800000    00800000    00004000   00000000    rw-
  00800000    00800000    00004000   00000000    rw- .stack
c0000000    c0000000    020f73fc   00000000    rw-
  c0000000    c0000000    02000000   00000000    rw- SystemHeap
  c2000000    c2000000    000f73fc   00000000    rw- .far
c20f7400    c20f7400    000c7800   000c7800    r-x
  c20f7400    c20f7400    000bd860   000bd860    r-x .text
  c21b4c60    c21b4c60    00009cbe   00009cbe    r-- .const
  c21be920    c21be920    000002e0   000002e0    r-- .switch.1
c21bec00    c21bec00    0000181c   00000000    rw-
  c21bec00    c21bec00    0000181c   00000000    rw- .fardata
c21c041c    c21c041c    000005cc   000005cc    r--
  c21c041c    c21c041c    000005cc   000005cc    r-- .switch.2
c21c09e8    c21c09e8    0000019f   00000000    rw-
  c21c09e8    c21c09e8    000000ea   00000000    rw- .bss
  c21c0ad4    c21c0ad4    000000b3   00000000    rw- .neardata
c21c0c00    c21c0c00    00000200   00000200    r-x
  c21c0c00    c21c0c00    00000200   00000200    r-x .vecs
c21c0e00    c21c0e00    00000120   00000000    rw-
  c21c0e00    c21c0e00    00000120   00000000    rw- .cio
c21c0f20    c21c0f20    00000f70   00000f70    r--
  c21c0f20    c21c0f20    00000f70   00000f70    r-- .cinit


SECTION ALLOCATION MAP

 output                                  attributes/
section   page    origin      length       input sections
--------  ----  ----------  ----------   ----------------
.stack     0    00800000    00004000     UNINITIALIZED
                  00800000    00000008     boot.ae674 : boot.oe674 (.stack)
                  00800008    00003ff8     --HOLE--

.bss       0    c21c09e8    000000ea     UNINITIALIZED
                  c21c09e8    00000018     hal_timer_bios.ae674 : lltimer.oe674 (.bss)
                  c21c0a00    0000000c     lv_anim.obj (.bss)
                  c21c0a0c    0000000c     lv_tileview.obj (.bss)
                  c21c0a18    00000008     lv_refr.obj (.bss)
                  c21c0a20    00000008     lv_spinner.obj (.bss)
                  c21c0a28    00000008     lv_theme_default.obj (.bss)
                  c21c0a30    00000004     lv_event.obj (.bss)
                  c21c0a34    00000004     lv_group.obj (.bss)
                  c21c0a38    00000004     lv_hal_disp.obj (.bss)
                  c21c0a3c    00000004     lv_indev.obj (.bss)
                  c21c0a40    00000004     lv_mem.obj (.bss)
                  c21c0a44    00000004     lv_obj_pos.obj (.bss)
                  c21c0a48    00000004     lv_tabview.obj (.bss)
                  c21c0a4c    00000004     lv_textarea.obj (.bss)
                  c21c0a50    00000004     (.common:KEY4SwiHandle)
                  c21c0a54    00000004     (.common:KEY6SwiHandle)
                  c21c0a58    00000004     (.common:LV_LAYOUT_FLEX)
                  c21c0a5c    00000004     (.common:LV_LAYOUT_GRID)
                  c21c0a60    00000004     (.common:LV_STYLE_FLEX_CROSS_PLACE)
                  c21c0a64    00000004     (.common:LV_STYLE_FLEX_FLOW)
                  c21c0a68    00000004     (.common:LV_STYLE_FLEX_GROW)
                  c21c0a6c    00000004     (.common:LV_STYLE_FLEX_MAIN_PLACE)
                  c21c0a70    00000004     (.common:LV_STYLE_FLEX_TRACK_PLACE)
                  c21c0a74    00000004     (.common:LV_STYLE_GRID_CELL_COLUMN_POS)
                  c21c0a78    00000004     (.common:LV_STYLE_GRID_CELL_COLUMN_SPAN)
                  c21c0a7c    00000004     (.common:LV_STYLE_GRID_CELL_ROW_POS)
                  c21c0a80    00000004     (.common:LV_STYLE_GRID_CELL_ROW_SPAN)
                  c21c0a84    00000004     (.common:LV_STYLE_GRID_CELL_X_ALIGN)
                  c21c0a88    00000004     (.common:LV_STYLE_GRID_CELL_Y_ALIGN)
                  c21c0a8c    00000004     (.common:LV_STYLE_GRID_COLUMN_ALIGN)
                  c21c0a90    00000004     (.common:LV_STYLE_GRID_COLUMN_DSC_ARRAY)
                  c21c0a94    00000004     (.common:LV_STYLE_GRID_ROW_ALIGN)
                  c21c0a98    00000004     (.common:LV_STYLE_GRID_ROW_DSC_ARRAY)
                  c21c0a9c    00000004     (.common:UARTConsoleSemHandle)
                  c21c0aa0    00000004     (.common:UARTConsoleTaskHandle)
                  c21c0aa4    00000004     (.common:_lv_grad_cache_mem)
                  c21c0aa8    00000004     (.common:_lv_layout_list)
                  c21c0aac    00000004     (.common:_lv_style_custom_prop_flag_lookup_table)
                  c21c0ab0    00000004     (.common:_lv_theme_basic_styles)
                  c21c0ab4    00000004     (.common:_lv_theme_default_styles)
                  c21c0ab8    00000004     (.common:_lv_timer_act)
                  c21c0abc    00000004     (.common:p_rx)
                  c21c0ac0    00000004     (.common:p_tx)
                  c21c0ac4    00000004     (.common:rx_len)
                  c21c0ac8    00000004     (.common:tx_len)
                  c21c0acc    00000002     lv_timer.obj (.bss)
                  c21c0ace    00000002     lv_win.obj (.bss)
                  c21c0ad0    00000001     lv_colorwheel.obj (.bss)
                  c21c0ad1    00000001     lv_hal_tick.obj (.bss)

.neardata 
*          0    c21c0ad4    000000b3     UNINITIALIZED
                  c21c0ad4    00000020     lv_txt.obj (.neardata)
                  c21c0af4    00000018     os.ae674 : task.oe674 (.neardata)
                  c21c0b0c    00000010     lv_timer.obj (.neardata)
                  c21c0b1c    00000009     lv_draw_sw_gradient.obj (.neardata)
                  c21c0b25    00000003     UARTConsole.obj (.neardata)
                  c21c0b28    00000008     SATA.obj (.neardata)
                  c21c0b30    00000008     lv_calendar_header_dropdown.obj (.neardata)
                  c21c0b38    00000008     lv_draw_sw_letter.obj (.neardata)
                  c21c0b40    00000008     lv_indev.obj (.neardata)
                  c21c0b48    00000008     lv_obj.obj (.neardata)
                  c21c0b50    00000006     lv_style.obj (.neardata)
                  c21c0b56    00000005     lv_colorwheel.obj (.neardata)
                  c21c0b5b    00000001     Timer.obj (.neardata)
                  c21c0b5c    00000004     Flash.obj (.neardata)
                  c21c0b60    00000004     LED.obj (.neardata)
                  c21c0b64    00000004     PLL.obj (.neardata)
                  c21c0b68    00000004     hal_timer_bios.ae674 : lltimer.oe674 (.neardata)
                  c21c0b6c    00000004     lodepng.obj (.neardata)
                  c21c0b70    00000004     lv_event.obj (.neardata)
                  c21c0b74    00000004     lv_hal_tick.obj (.neardata)
                  c21c0b78    00000004     lv_math.obj (.neardata)
                  c21c0b7c    00000004     lv_mem.obj (.neardata)
                  c21c0b80    00000003     lv_hal_disp.obj (.neardata)
                  c21c0b83    00000001     lv_example_get_started_1.obj (.neardata)
                  c21c0b84    00000001     lv_obj_pos.obj (.neardata)
                  c21c0b85    00000001     lv_obj_style.obj (.neardata)
                  c21c0b86    00000001     lv_theme_default.obj (.neardata)

.rodata    0    c21c0b87    00000000     UNINITIALIZED

.cinit     0    c21c0f20    00000f70     
                  c21c0f20    00000ea9     (.cinit..fardata.load) [load image, compression = rle]
                  c21c1dc9    00000068     (.cinit..neardata.load) [load image, compression = rle]
                  c21c1e31    00000016     (.cinit.SystemHeap.load) [load image, compression = rle]
                  c21c1e47    0000000d     (.cinit..far.load) [load image, compression = rle]
                  c21c1e54    00000009     (.cinit..bss.load) [load image, compression = rle]
                  c21c1e5d    00000003     --HOLE-- [fill = 0]
                  c21c1e60    00000008     (__TI_handler_table)
                  c21c1e68    00000028     (__TI_cinit_table)

.init_array 
*          0    c0000000    00000000     UNINITIALIZED

SystemHeap 
*          0    c0000000    02000000     UNINITIALIZED
                  c0000000    02000000     Local_pe674.oe674 (SystemHeap)

.far       0    c2000000    000f73fc     UNINITIALIZED
                  c2000000    000bb824     (.common:g_pucBuffer)
                  c20bb824    00000004     (.common:swCtrlFeatures)
                  c20bb828    00020000     lv_mem.obj (.far:work_mem_int$1)
                  c20db828    00010000     (.common:buff)
                  c20eb828    00003e80     lv_port_disp_c674x.obj (.far:buf_1$2)
                  c20ef6a8    00003e80     lv_port_disp_c674x.obj (.far:buf_2$3)
                  c20f3528    00002800     Local_pe674.oe674 (.far:taskStackSection)
                  c20f5d28    00000800     (.common:CmdHistory)
                  c20f6528    00000400     (.common:xdc_runtime_SysMin_Module_State_0_outbuf__A)
                  c20f6928    00000140     (.common:__TI_tmpnams)
                  c20f6a68    00000104     (.common:rx_data)
                  c20f6b6c    00000002     lv_theme_default.obj (.far:color_card)
                  c20f6b6e    00000002     lv_theme_default.obj (.far:color_grey)
                  c20f6b70    00000104     (.common:tx_data)
                  c20f6c74    00000002     lv_theme_default.obj (.far:color_scr)
                  c20f6c76    00000002     lv_theme_default.obj (.far:color_text)
                  c20f6c78    00000104     (.common:vrf_data)
                  c20f6d7c    00000004     --HOLE--
                  c20f6d80    00000100     lv_draw_sw_letter.obj (.far:opa_table$1)
                  c20f6e80    00000080     (.common:_lv_draw_mask_list)
                  c20f6f00    000000a0     (.common:RcvFis)
                  c20f6fa0    00000080     (.common:lv_mem_buf)
                  c20f7020    00000080     UARTConsole.obj (.far:UARTWriteBuffer)
                  c20f70a0    00000070     (.common:_lv_circle_cache)
                  c20f7110    0000004c     lv_port_disp_c674x.obj (.far:disp_drv$4)
                  c20f715c    00000004     --HOLE--
                  c20f7160    00000040     (.common:g_cCmdBuf)
                  c20f71a0    00000030     (.common:pllcfg)
                  c20f71d0    0000002c     (.common:_lv_img_cache_single)
                  c20f71fc    0000002a     (.common:TouchInfo)
                  c20f7226    00000002     --HOLE--
                  c20f7228    00000024     (.common:RTCTime)
                  c20f724c    00000004     --HOLE--
                  c20f7250    00000024     cmdline.obj (.far:argv$1)
                  c20f7274    00000024     lv_theme_default.obj (.far:theme)
                  c20f7298    0000001c     lv_port_disp_c674x.obj (.far:draw_buf_dsc$1)
                  c20f72b4    00000004     --HOLE--
                  c20f72b8    0000001a     rts6740_elf.lib : asctime.c.obj (.far:time_buf)
                  c20f72d2    00000002     --HOLE--
                  c20f72d4    00000018     lv_refr.obj (.far:perf_monitor)
                  c20f72ec    00000014     lv_theme_default.obj (.far:trans_delayed$2)
                  c20f7300    00000014     lv_theme_default.obj (.far:trans_normal$3)
                  c20f7314    0000000c     (.common:_lv_anim_ll)
                  c20f7320    0000000c     (.common:_lv_disp_ll)
                  c20f732c    0000000c     (.common:_lv_fsdrv_ll)
                  c20f7338    0000000c     (.common:_lv_group_ll)
                  c20f7344    0000000c     (.common:_lv_img_decoder_ll)
                  c20f7350    0000000c     (.common:_lv_indev_ll)
                  c20f735c    0000000c     (.common:_lv_obj_style_trans_ll)
                  c20f7368    0000000c     (.common:_lv_timer_ll)
                  c20f7374    00000004     --HOLE--
                  c20f7378    0000000c     (.common:ti_sysbios_knl_Task_Instance_State_0_hookEnv__A)
                  c20f7384    00000004     --HOLE--
                  c20f7388    0000000c     (.common:ti_sysbios_knl_Task_Instance_State_1_hookEnv__A)
                  c20f7394    00000004     --HOLE--
                  c20f7398    0000000a     (.common:I2CData)
                  c20f73a2    00000006     --HOLE--
                  c20f73a8    00000008     (.common:parmbuf)
                  c20f73b0    00000008     lv_font_montserrat_14.obj (.far:cache)
                  c20f73b8    00000008     lv_theme_default.obj (.far:dark_filter$4)
                  c20f73c0    00000008     lv_theme_default.obj (.far:grey_filter$5)
                  c20f73c8    00000008     lv_refr.obj (.far:mem_monitor)
                  c20f73d0    00000004     (.common:ti_sysbios_family_c64p_Hwi_Instance_State_0_hookEnv__A)
                  c20f73d4    00000004     --HOLE--
                  c20f73d8    00000004     (.common:ti_sysbios_family_c64p_Hwi_Instance_State_1_hookEnv__A)
                  c20f73dc    00000004     --HOLE--
                  c20f73e0    00000004     (.common:ti_sysbios_family_c64p_Hwi_Instance_State_2_hookEnv__A)
                  c20f73e4    00000004     --HOLE--
                  c20f73e8    00000004     (.common:ti_sysbios_family_c64p_Hwi_Instance_State_3_hookEnv__A)
                  c20f73ec    00000004     --HOLE--
                  c20f73f0    00000004     (.common:ti_sysbios_family_c64p_Hwi_Instance_State_4_hookEnv__A)
                  c20f73f4    00000004     --HOLE--
                  c20f73f8    00000004     (.common:ti_sysbios_knl_Swi_Instance_State_0_hookEnv__A)

.switch.1 
*          0    c21be920    000002e0     
                  c21be920    000001c8     lodepng.obj (.switch:lodepng_error_text)
                  c21beae8    000000dc     lv_style.obj (.switch:lv_style_prop_get_default)
                  c21bebc4    0000003c     lv_draw_img.obj (.switch:lv_img_cf_get_px_size)

.vecs      0    c21c0c00    00000200     
                  c21c0c00    00000200     Local_pe674.oe674 (.vecs)

xdc.meta   0    c0000000    000000f0     COPY SECTION
                  c0000000    000000f0     Local_pe674.oe674 (xdc.meta)

.text      0    c20f7400    000bd860     
                  c20f7400    000152a0     lodepng.obj (.text)
                  c210c6a0    000059e0     lv_chart.obj (.text)
                  c2112080    00005340     lv_theme_default.obj (.text)
                  c21173c0    00004f60     lv_draw_mask.obj (.text)
                  c211c320    00004460     lv_draw_sw_rect.obj (.text)
                  c2120780    000039c0     lv_obj_pos.obj (.text)
                  c2124140    00003380     lv_btnmatrix.obj (.text)
                  c21274c0    00003280     lv_textarea.obj (.text)
                  c212a740    000031a0     lv_table.obj (.text)
                  c212d8e0    00002fe0     lv_obj_scroll.obj (.text)
                  c21308c0    00002f60     lv_indev.obj (.text)
                  c2133820    00002ec0     lv_label.obj (.text)
                  c21366e0    00002e60     lv_img_buf.obj (.text)
                  c2139540    00002ce0     lv_obj_style.obj (.text)
                  c213c220    00002b20     lv_dropdown.obj (.text)
                  c213ed40    00002940     lv_refr.obj (.text)
                  c2141680    00002740     tjpgd.obj (.text)
                  c2143dc0    000026a0     lv_tlsf.obj (.text)
                  c2146460    00002660     lv_obj.obj (.text)
                  c2148ac0    00002580     lv_arc.obj (.text)
                  c214b040    000023a0     lv_img.obj (.text)
                  c214d3e0    00002320     lv_grid.obj (.text)
                  c214f700    000022a0     lv_draw_sw_blend.obj (.text)
                  c21519a0    000021a0     lv_meter.obj (.text)
                  c2153b40    000021a0     lv_sjpg.obj (.text)
                  c2155ce0    000020c0     rts6740_elf.lib : _printfi.c.obj (.text:__TI_printfi)
                  c2157da0    00002080                     : _scanfi.c.obj (.text:__TI_scanfi)
                  c2159e20    00002040     lv_flex.obj (.text)
                  c215be60    00001e60     lv_draw_sw_arc.obj (.text)
                  c215dcc0    00001e20     lv_colorwheel.obj (.text)
                  c215fae0    00001de0     lv_indev_scroll.obj (.text)
                  c21618c0    00001d80     lv_roller.obj (.text)
                  c2163640    00001c80     lv_hal_disp.obj (.text)
                  c21652c0    00001c00     lv_img_decoder.obj (.text)
                  c2166ec0    00001ae0     lv_bar.obj (.text)
                  c21689a0    000018e0     lv_obj_style_gen.obj (.text)
                  c216a280    000018e0     lv_txt.obj (.text)
                  c216bb60    00001880     lv_style_gen.obj (.text)
                  c216d3e0    00001840     lv_obj_draw.obj (.text)
                  c216ec20    000017a0     drivers.lib : rtc.obj (.text)
                  c21703c0    00001760     lv_slider.obj (.text)
                  c2171b20    00001720     lv_event.obj (.text)
                  c2173240    00001660     lv_menu.obj (.text)
                  c21748a0    000014e0     lv_printf.obj (.text)
                  c2175d80    000014a0     lv_area.obj (.text)
                  c2177220    00001460     lv_fs.obj (.text)
                  c2178680    00001440     lv_mem.obj (.text)
                  c2179ac0    00001360     lv_group.obj (.text)
                  c217ae20    00001320     lv_draw_sw_line.obj (.text)
                  c217c140    00001160     lv_spinbox.obj (.text)
                  c217d2a0    00001140     lv_disp.obj (.text)
                  c217e3e0    00001080     lv_anim.obj (.text)
                  c217f460    00001040     lv_obj_tree.obj (.text)
                  c21804a0    00001000     lv_draw_label.obj (.text)
                  c21814a0    00000f80     lv_calendar.obj (.text)
                  c2182420    00000e00     drivers.lib : raster.obj (.text)
                  c2183220    00000dc0                 : ehrpwm.obj (.text)
                  c2183fe0    00000d80     lv_style.obj (.text)
                  c2184d60    00000ce0     lv_draw_sw_gradient.obj (.text)
                  c2185a40    00000ca0     lv_tabview.obj (.text)
                  c21866e0    00000c80     lv_draw_sw_img.obj (.text)
                  c2187360    00000c60     lv_color.obj (.text)
                  c2187fc0    00000bc0     lv_draw_arc.obj (.text)
                  c2188b80    00000ae0     lv_font_fmt_txt.obj (.text)
                  c2189660    00000ac0     lv_keyboard.obj (.text)
                  c218a120    00000a60     lv_checkbox.obj (.text)
                  c218ab80    00000a60     lv_draw_img.obj (.text)
                  c218b5e0    00000a60     lv_draw_sw_letter.obj (.text)
                  c218c040    00000a20     Flash.obj (.text)
                  c218ca60    00000a20     lv_switch.obj (.text)
                  c218d480    000009a0     UARTConsole.obj (.text)
                  c218de20    00000980     Command.obj (.text)
                  c218e7a0    00000920     rts6740_elf.lib : strtod.c.obj (.text:strtod)
                  c218f0c0    00000900     lv_ll.obj (.text)
                  c218f9c0    000008a0     ti.targets.rts6000.ae674 : System.oe674 (.text:xdc_runtime_System_doPrint__I)
                  c2190260    00000860     lv_draw_sw_polygon.obj (.text)
                  c2190ac0    00000820     lv_led.obj (.text)
                  c21912e0    00000800     lv_math.obj (.text)
                  c2191ae0    000007e0     lv_timer.obj (.text)
                  c21922c0    00000780     sysbios.ae674 : BIOS.obj (.text:ti_sysbios_family_c64p_Exception_handler__I)
                  c2192a40    00000720     lv_png.obj (.text)
                  c2193160    00000720     sysbios.ae674 : BIOS.obj (.text:ti_sysbios_heaps_HeapMem_free__E)
                  c2193880    00000700     lv_line.obj (.text)
                  c2193f80    000006a0     SATA.obj (.text)
                  c2194620    000006a0     sysbios.ae674 : BIOS.obj (.text:ti_sysbios_knl_Semaphore_pend__E)
                  c2194cc0    000006a0                   : BIOS.obj (.text:ti_sysbios_knl_Task_Instance_finalize__F)
                  c2195360    00000680     I2C.obj (.text)
                  c21959e0    00000660     Touch.obj (.text)
                  c2196040    00000660     rts6740_elf.lib : _printfi.c.obj (.text:_pconv_a)
                  c21966a0    00000640     lv_bmp.obj (.text)
                  c2196ce0    00000620     lv_obj_class.obj (.text)
                  c2197300    00000620     sysbios.ae674 : BIOS.obj (.text:ti_sysbios_heaps_HeapMem_alloc__E)
                  c2197920    00000600     rts6740_elf.lib : divd.c.obj (.text:__c6xabi_divd)
                  c2197f20    00000600     lv_tileview.obj (.text)
                  c2198520    00000600     sysbios.ae674 : BIOS.obj (.text:ti_sysbios_knl_Task_Instance_init__F)
                  c2198b20    000005c0     DDR2.obj (.text)
                  c21990e0    000005a0     drivers.lib : spi.obj (.text)
                  c2199680    00000580                 : gpio.obj (.text)
                  c2199c00    00000580                 : uart.obj (.text)
                  c219a180    000004e0     LCD.obj (.text)
                  c219a660    000004e0     LEDNixie.obj (.text)
                  c219ab40    000004e0     sysbios.ae674 : BIOS.obj (.text:ti_sysbios_timers_timer64_Timer_Module_startup__F)
                  c219b020    000004c0     RTC.obj (.text)
                  c219b4e0    000004c0     drivers.lib : i2c.obj (.text)
                  c219b9a0    000004c0     rts6740_elf.lib : strtoll.c.obj (.text:strtoll)
                  c219be60    00000480     lv_hal_indev.obj (.text)
                  c219c2e0    00000440     rts6740_elf.lib : strtoull.c.obj (.text:strtoull)
                  c219c720    00000420     sysbios.ae674 : BIOS.obj (.text:ti_sysbios_knl_Task_sleep__E)
                  c219cb40    00000400     EEPROM.obj (.text)
                  c219cf40    00000400     LED.obj (.text)
                  c219d340    00000400     rts6740_elf.lib : _printfi.c.obj (.text:_pconv_g)
                  c219d740    000003e0     KEY.obj (.text)
                  c219db20    000003e0     PLL.obj (.text)
                  c219df00    000003e0     lv_calendar_header_arrow.obj (.text)
                  c219e2e0    000003c0     sysbios.ae674 : BIOS.obj (.text:ti_sysbios_family_c64p_Hwi_dispatchCore__I)
                  c219e6a0    000003c0                   : BIOS.obj (.text:ti_sysbios_heaps_HeapMem_Instance_init__F)
                  c219ea60    000003c0                   : BIOS.obj (.text:ti_sysbios_timers_timer64_Timer_Instance_init__F)
                  c219ee20    000003a0     rts6740_elf.lib : strtol.c.obj (.text:strtol)
                  c219f1c0    000003a0     sysbios.ae674 : BIOS.obj (.text:ti_sysbios_knl_Swi_run__I)
                  c219f560    00000380     UART1.obj (.text)
                  c219f8e0    00000380     lv_port_disp_c674x.obj (.text)
                  c219fc60    00000380     lv_theme.obj (.text)
                  c219ffe0    00000360     sysbios.ae674 : BIOS.obj (.text:ti_sysbios_knl_Clock_Instance_init__F)
                  c21a0340    00000360                   : BIOS.obj (.text:ti_sysbios_knl_Swi_Instance_init__F)
                  c21a06a0    00000360                   : BIOS.obj (.text:ti_sysbios_timers_timer64_Timer_deviceConfig__I)
                  c21a0a00    00000340     Local_pe674.oe674 (.text:xdc_runtime_System_printfExtend__I)
                  c21a0d40    00000320     sysbios.ae674 : BIOS.obj (.text:ti_sysbios_timers_timer64_Timer_initObj__I)
                  c21a1060    00000300     EHRPWM.obj (.text)
                  c21a1360    00000300     lv_calendar_header_dropdown.obj (.text)
                  c21a1660    00000300     lv_draw_sw.obj (.text)
                  c21a1960    00000300     rts6740_elf.lib : strtoul.c.obj (.text:strtoul)
                  c21a1c60    00000300     sysbios.ae674 : BIOS.obj (.text:ti_sysbios_knl_Semaphore_post__E)
                  c21a1f60    00000300                   : BIOS.obj (.text:ti_sysbios_utils_Load_logLoads__I)
                  c21a2260    000002e0     rts6740_elf.lib : fputs.c.obj (.text:fputs)
                  c21a2540    000002e0     lv_spinner.obj (.text)
                  c21a2820    000002c0     TempSensor.obj (.text)
                  c21a2ae0    000002c0     lv_win.obj (.text)
                  c21a2da0    000002a0     SATATest.obj (.text)
                  c21a3040    000002a0     rts6740_elf.lib : _printfi.c.obj (.text:_pconv_e)
                  c21a32e0    000002a0                     : _printfi.c.obj (.text:fcvt)
                  c21a3580    000002a0     lv_font.obj (.text)
                  c21a3820    000002a0     sysbios.ae674 : BIOS.obj (.text:ti_sysbios_knl_Clock_workFunc__E)
                  c21a3ac0    00000280                   : BIOS.obj (.text:ti_sysbios_knl_Task_schedule__I)
                  c21a3d40    00000280                   : BIOS.obj (.text:ti_sysbios_knl_Task_startCore__E)
                  c21a3fc0    00000280                   : BIOS.obj (.text:ti_sysbios_utils_Load_updateThreadContexts__E)
                  c21a4240    00000280     ti.targets.rts6000.ae674 : Error.oe674 (.text:xdc_runtime_Error_raiseX__F)
                  c21a44c0    00000260     PRULoader.obj (.text)
                  c21a4720    00000260     rts6740_elf.lib : imath64.c.obj (.text:__c6xabi_divull)
                  c21a4980    00000260     lv_draw_rect.obj (.text)
                  c21a4be0    00000260     sysbios.ae674 : BIOS.obj (.text:ti_sysbios_timers_timer64_Timer_start__E)
                  c21a4e40    00000260     ti.targets.rts6000.ae674 : Startup.oe674 (.text:xdc_runtime_Startup_startMods__I)
                  c21a50a0    00000240     Exception.obj (.text)
                  c21a52e0    00000220     sysbios.ae674 : BIOS.obj (.text:ti_sysbios_timers_timer64_Timer_setPeriodMicroSecs__E)
                  c21a5500    00000220                   : BIOS.obj (.text:ti_sysbios_utils_Load_updateLoads__E)
                  c21a5720    00000220     ti.targets.rts6000.ae674 : Core-mem.oe674 (.text:xdc_runtime_Core_createObject__I)
                  c21a5940    00000200     rts6740_elf.lib : _printfi.c.obj (.text:_ltostr)
                  c21a5b40    00000200     sysbios.ae674 : c64p_Hwi_disp_always.obj (.text:_ti_sysbios_family_c64p_Hwi_dispatchAlways)
                  c21a5d40    00000200                   : BIOS.obj (.text:ti_sysbios_knl_Swi_post__E)
                  c21a5f40    00000200                   : BIOS.obj (.text:ti_sysbios_knl_Task_exit__E)
                  c21a6140    00000200     ti.targets.rts6000.ae674 : Log.oe674 (.text:xdc_runtime_Log_doPrint__F)
                  c21a6340    000001e0     sysbios.ae674 : BIOS.obj (.text:ti_sysbios_knl_Task_postInit__I)
                  c21a6520    000001e0                   : BIOS.obj (.text:ti_sysbios_knl_Task_unblockI__E)
                  c21a6700    000001c0     rts6740_elf.lib : imath40.c.obj (.text:__c6xabi_divul)
                  c21a68c0    000001c0                     : fputc.c.obj (.text:fputc)
                  c21a6a80    000001c0                     : frexp.c.obj (.text:frexp)
                  c21a6c40    000001c0                     : ldexp.c.obj (.text:ldexp)
                  c21a6e00    000001c0     main.obj (.text)
                  c21a6fc0    000001c0     rts6740_elf.lib : setvbuf.c.obj (.text:setvbuf)
                  c21a7180    000001c0     sysbios.ae674 : BIOS.obj (.text:ti_sysbios_family_c64p_Hwi_Instance_finalize__F)
                  c21a7340    000001c0                   : BIOS.obj (.text:ti_sysbios_family_c64p_Hwi_Module_startup__F)
                  c21a7500    000001c0                   : BIOS.obj (.text:ti_sysbios_family_c64p_Hwi_reconfig__E)
                  c21a76c0    000001c0                   : BIOS.obj (.text:ti_sysbios_knl_Semaphore_Instance_init__F)
                  c21a7880    000001c0                   : BIOS.obj (.text:ti_sysbios_knl_Swi_Instance_finalize__F)
                  c21a7a40    000001c0                   : BIOS.obj (.text:ti_sysbios_utils_Load_idleFxn__E)
                  c21a7c00    000001c0     ti.targets.rts6000.ae674 : Text.oe674 (.text:xdc_runtime_Text_putSite__F)
                  c21a7dc0    000001a0     rts6740_elf.lib : hostrename.c.obj (.text:HOSTrename)
                  c21a7f60    000001a0     sysbios.ae674 : BIOS.obj (.text:ti_sysbios_gates_GateMutex_enter__E)
                  c21a8100    000001a0                   : BIOS.obj (.text:ti_sysbios_timers_timer64_Timer_getFreq__E)
                  c21a82a0    000001a0                   : BIOS.obj (.text:ti_sysbios_utils_Load_updateCurrentThreadTime__E)
                  c21a8440    00000180                   : BIOS.obj (.text:Timer_getNextAvailableTimerId)
                  c21a85c0    00000180     lv_draw_line.obj (.text)
                  c21a8740    00000180     sysbios.ae674 : c64p_Exception_asm.obj (.text)
                  c21a88c0    00000180                   : BIOS.obj (.text:ti_sysbios_family_c64p_Exception_internalHandler__I)
                  c21a8a40    00000180                   : BIOS.obj (.text:ti_sysbios_knl_Task_blockI__E)
                  c21a8bc0    00000180                   : BIOS.obj (.text:ti_sysbios_knl_Task_checkStacks__E)
                  c21a8d40    00000160     rts6740_elf.lib : sscanf.c.obj (.text:_chkmbc)
                  c21a8ea0    00000160     cmdline.obj (.text)
                  c21a9000    00000160     lv_gc.obj (.text)
                  c21a9160    00000160     Exception.obj (.text:retain)
                  c21a92c0    00000160     sysbios.ae674 : BIOS.obj (.text:ti_sysbios_knl_Swi_Module_startup__F)
                  c21a9420    00000160                   : BIOS.obj (.text:ti_sysbios_knl_Task_Module_startup__F)
                  c21a9580    00000160                   : BIOS.obj (.text:ti_sysbios_timers_timer64_Timer_initDevice__I)
                  c21a96e0    00000140     BUZZER.obj (.text)
                  c21a9820    00000140     boot.ae674 : autoinit.oe674 (.text:_auto_init_elf)
                  c21a9960    00000140     rts6740_elf.lib : _scanfi.c.obj (.text:_sproc_str)
                  c21a9aa0    00000140                     : _scanfi.c.obj (.text:_sproc_wstr)
                  c21a9be0    00000140     drivers.lib : psc.obj (.text)
                  c21a9d20    00000140     lv_example_get_started_1.obj (.text)
                  c21a9e60    00000140     lv_img_cache.obj (.text)
                  c21a9fa0    00000140     sysbios.ae674 : BIOS.obj (.text:ti_sysbios_family_c64p_Exception_externalHandler__I)
                  c21aa0e0    00000140                   : BIOS.obj (.text:ti_sysbios_family_c64p_Hwi_Instance_init__F)
                  c21aa220    00000140     Local_pe674.oe674 (.text:ti_sysbios_utils_Load_hwiBeginHook__E)
                  c21aa360    00000140     ti.targets.rts6000.ae674 : Text.oe674 (.text:xdc_runtime_Text_putLab__F)
                  c21aa4a0    00000120     rts6740_elf.lib : _printfi.c.obj (.text:_pconv_f)
                  c21aa5c0    00000120                     : getdevice.c.obj (.text:getdevice)
                  c21aa6e0    00000120     lv_async.obj (.text)
                  c21aa800    00000120     sysbios.ae674 : BIOS.obj (.text:ti_sysbios_family_c64p_Cache_block__I)
                  c21aa920    00000120                   : BIOS.obj (.text:ti_sysbios_family_c64p_Exception_decodeMpfsr__I)
                  c21aaa40    00000120     ti.targets.rts6000.ae674 : Text.oe674 (.text:xdc_runtime_Text_putMod__F)
                  c21aab60    00000100     Timer.obj (.text)
                  c21aac60    00000100     rts6740_elf.lib : fclose.c.obj (.text:__TI_closefile)
                  c21aad60    00000100                     : copy_decompress_rle.c.obj (.text:__TI_decompress_rle_core)
                  c21aae60    00000100                     : _printfi.c.obj (.text:_mcpy)
                  c21aaf60    00000100                     : atoi.c.obj (.text:atoi)
                  c21ab060    00000100                     : fseek.c.obj (.text:fseek)
                  c21ab160    00000100     lv_hal_tick.obj (.text)
                  c21ab260    00000100     lv_utils.obj (.text)
                  c21ab360    00000100     sysbios.ae674 : BIOS.obj (.text:ti_sysbios_BIOS_rtsUnlock__I)
                  c21ab460    00000100                   : BIOS.obj (.text:ti_sysbios_family_c64p_EventCombiner_dispatch__F)
                  c21ab560    00000100                   : BIOS.obj (.text:ti_sysbios_family_c64p_Exception_Module_startup__F)
                  c21ab660    00000100                   : BIOS.obj (.text:ti_sysbios_knl_Clock_start__E)
                  c21ab760    00000100                   : BIOS.obj (.text:ti_sysbios_knl_Swi_restoreHwi__E)
                  c21ab860    00000100     Local_pe674.oe674 (.text:ti_sysbios_timers_timer64_Timer_Object__create__S)
                  c21ab960    00000100     sysbios.ae674 : BIOS.obj (.text:ti_sysbios_utils_Load_swiBeginHook__E)
                  c21aba60    00000100                   : BIOS.obj (.text:ti_sysbios_utils_Load_taskCreateHook__E)
                  c21abb60    00000100                   : BIOS.obj (.text:ti_sysbios_utils_Load_taskSwitchHook__E)
                  c21abc60    00000100     ti.targets.rts6000.ae674 : Core-mem.oe674 (.text:xdc_runtime_Core_deleteObject__I)
                  c21abd60    00000100                              : Startup.oe674 (.text:xdc_runtime_Startup_exec__F)
                  c21abe60    00000100                              : Text.oe674 (.text:xdc_runtime_Text_visitRope2__I)
                  c21abf60    000000e0     rts6740_elf.lib : hostlseek.c.obj (.text:HOSTlseek)
                  c21ac040    000000e0                     : hostopen.c.obj (.text:HOSTopen)
                  c21ac120    000000e0                     : hostwrite.c.obj (.text:HOSTwrite)
                  c21ac200    000000e0                     : _ltoa.c.obj (.text:__TI_ltoa)
                  c21ac2e0    000000e0                     : _io_perm.c.obj (.text:__TI_wrt_ok)
                  c21ac3c0    000000e0                     : divi.asm.obj (.text:__divi)
                  c21ac4a0    000000e0                     : close.c.obj (.text:close)
                  c21ac580    000000e0                     : exit.c.obj (.text:exit)
                  c21ac660    000000e0                     : memset.c.obj (.text:memset)
                  c21ac740    000000e0                     : printf.c.obj (.text:printf)
                  c21ac820    000000e0     sysbios.ae674 : BIOS.obj (.text:ti_sysbios_family_c64p_Cache_Module_startup__F)
                  c21ac900    000000e0     Local_pe674.oe674 (.text:ti_sysbios_family_c64p_Hwi_Object__create__S)
                  c21ac9e0    000000e0     sysbios.ae674 : BIOS.obj (.text:ti_sysbios_family_c64p_Hwi_postInit__I)
                  c21acac0    000000e0     Local_pe674.oe674 (.text:ti_sysbios_hal_Hwi_Object__create__S)
                  c21acba0    000000e0     sysbios.ae674 : BIOS.obj (.text:ti_sysbios_heaps_HeapMem_getStats__E)
                  c21acc80    000000e0                   : BIOS.obj (.text:ti_sysbios_knl_Clock_logTick__E)
                  c21acd60    000000e0     Local_pe674.oe674 (.text:ti_sysbios_knl_Swi_Object__create__S)
                  c21ace40    000000e0     sysbios.ae674 : BIOS.obj (.text:ti_sysbios_knl_Swi_postInit__I)
                  c21acf20    000000e0                   : BIOS.obj (.text:ti_sysbios_knl_Swi_runLoop__I)
                  c21ad000    000000e0                   : BIOS.obj (.text:ti_sysbios_knl_Swi_schedule__I)
                  c21ad0e0    000000e0     Local_pe674.oe674 (.text:ti_sysbios_knl_Task_Object__create__S)
                  c21ad1c0    000000e0     sysbios.ae674 : BIOS.obj (.text:ti_sysbios_timers_timer64_Timer_stop__E)
                  c21ad2a0    000000e0     ti.targets.rts6000.ae674 : Error.oe674 (.text:xdc_runtime_Error_print__F)
                  c21ad380    000000e0                              : LoggerSys.oe674 (.text:xdc_runtime_LoggerSys_write8__F)
                  c21ad460    000000e0                              : Memory.oe674 (.text:xdc_runtime_Memory_alloc__F)
                  c21ad540    000000c0     rts6740_elf.lib : hostread.c.obj (.text:HOSTread)
                  c21ad600    000000c0                     : hostunlink.c.obj (.text:HOSTunlink)
                  c21ad6c0    000000c0                     : dtor_list.c.obj (.text:_Z23__finalize_destructionsPP20a_needed_destructionPv)
                  c21ad780    000000c0                     : dtor_list.c.obj (.text:_ZN33_INTERNAL_11_dtor_list_c_14e673d611__TI_atexitEPFYvPvES0_S0_)
                  c21ad840    000000c0                     : divu.asm.obj (.text:__divu)
                  c21ad900    000000c0                     : remi.asm.obj (.text:__remi)
                  c21ad9c0    000000c0     sysbios.ae674 : BIOS.obj (.text:getEmifCtrlAddr$6)
                  c21ada80    000000c0                   : BIOS.obj (.text:ti_sysbios_family_c64p_Hwi_eventMap__E)
                  c21adb40    000000c0                   : BIOS.obj (.text:ti_sysbios_family_c64p_Hwi_getStackInfo__E)
                  c21adc00    000000c0                   : BIOS.obj (.text:ti_sysbios_knl_Task_allBlockedFunction__I)
                  c21adcc0    000000c0                   : BIOS.obj (.text:ti_sysbios_timers_timer64_Timer_Instance_finalize__F)
                  c21add80    000000c0                   : BIOS.obj (.text:ti_sysbios_utils_Load_addTask__E)
                  c21ade40    000000c0                   : BIOS.obj (.text:ti_sysbios_utils_Load_hwiEndHook__E)
                  c21adf00    000000c0                   : BIOS.obj (.text:ti_sysbios_utils_Load_logCPULoad__I)
                  c21adfc0    000000c0     ti.targets.rts6000.ae674 : System.oe674 (.text:xdc_runtime_System_formatNum__I)
                  c21ae080    000000a0     rts6740_elf.lib : hostclose.c.obj (.text:HOSTclose)
                  c21ae120    000000a0                     : fopen.c.obj (.text:__TI_cleanup)
                  c21ae1c0    000000a0                     : fflush.c.obj (.text:__TI_doflush)
                  c21ae260    000000a0                     : remu.asm.obj (.text:__remu)
                  c21ae300    000000a0     boot.ae674 : boot.oe674 (.text:_c_int00)
                  c21ae3a0    000000a0     rts6740_elf.lib : _printfi.c.obj (.text:_ecpy)
                  c21ae440    000000a0     sysbios.ae674 : c64p_Hwi_asm.obj (.text:_ti_sysbios_family_c64p_Hwi_plug__E)
                  c21ae4e0    000000a0     rts6740_elf.lib : asctime.c.obj (.text:asctime)
                  c21ae580    000000a0                     : getdevice.c.obj (.text:finddevice)
                  c21ae620    000000a0     hal_timer_bios.ae674 : lltimer.oe674 (.text:llTimerTick)
                  c21ae6c0    000000a0     lv_btn.obj (.text)
                  c21ae760    000000a0     rts6740_elf.lib : memcpy64.asm.obj (.text:memcpy)
                  c21ae800    000000a0     sysbios.ae674 : BIOS.obj (.text:ti_sysbios_family_c62_TaskSupport_start__E)
                  c21ae8a0    000000a0                   : BIOS.obj (.text:ti_sysbios_family_c64p_Cache_all__I)
                  c21ae940    000000a0                   : BIOS.obj (.text:ti_sysbios_family_c64p_Cache_marInit__I)
                  c21ae9e0    000000a0                   : BIOS.obj (.text:ti_sysbios_family_c64p_Cache_setMar__E)
                  c21aea80    000000a0                   : BIOS.obj (.text:ti_sysbios_family_c64p_primus_TimerSupport_enable__E)
                  c21aeb20    000000a0                   : BIOS.obj (.text:ti_sysbios_heaps_HeapMem_init__I)
                  c21aebc0    000000a0     Local_pe674.oe674 (.text:ti_sysbios_knl_Clock_Object__create__S)
                  c21aec60    000000a0     sysbios.ae674 : BIOS.obj (.text:ti_sysbios_knl_Idle_run__E)
                  c21aed00    000000a0     Local_pe674.oe674 (.text:ti_sysbios_knl_Semaphore_Object__create__S)
                  c21aeda0    000000a0     sysbios.ae674 : BIOS.obj (.text:ti_sysbios_timers_timer64_Timer_getPeriod__E)
                  c21aee40    000000a0                   : BIOS.obj (.text:ti_sysbios_timers_timer64_Timer_startup__E)
                  c21aeee0    000000a0                   : BIOS.obj (.text:ti_sysbios_utils_Load_swiEndHook__E)
                  c21aef80    000000a0                   : BIOS.obj (.text:ti_sysbios_utils_Load_taskDeleteHook__E)
                  c21af020    000000a0     ti.targets.rts6000.ae674 : Assert.oe674 (.text:xdc_runtime_Assert_raise__I)
                  c21af0c0    000000a0                              : SysMin.oe674 (.text:xdc_runtime_SysMin_abort__F)
                  c21af160    000000a0                              : SysMin.oe674 (.text:xdc_runtime_SysMin_flush__F)
                  c21af200    000000a0                              : SysMin.oe674 (.text:xdc_runtime_SysMin_putch__F)
                  c21af2a0    000000a0                              : Text.oe674 (.text:xdc_runtime_Text_xprintf__I)
                  c21af340    00000080     SysMinProvide.obj (.text)
                  c21af3c0    00000080     rts6740_elf.lib : trgmsg.c.obj (.text:__TI_readmsg)
                  c21af440    00000080                     : llshift.c.obj (.text:__c6xabi_llshl)
                  c21af4c0    00000080                     : snprintf.c.obj (.text:_outs)
                  c21af540    00000080     sysbios.ae674 : c62_TaskSupport_asm.obj (.text:_ti_sysbios_family_c62_TaskSupport_swap__E)
                  c21af5c0    00000080     rts6740_elf.lib : snprintf.c.obj (.text:snprintf)
                  c21af640    00000080                     : strcat.c.obj (.text:strcat)
                  c21af6c0    00000080     sysbios.ae674 : BIOS.obj (.text:ti_sysbios_family_c64p_Cache_setSize__E)
                  c21af740    00000080                   : BIOS.obj (.text:ti_sysbios_family_c64p_Cache_wait__E)
                  c21af7c0    00000080                   : BIOS.obj (.text:ti_sysbios_family_c64p_EventCombiner_Module_startup__F)
                  c21af840    00000080                   : BIOS.obj (.text:ti_sysbios_family_c64p_EventCombiner_disableEvent__F)
                  c21af8c0    00000080                   : BIOS.obj (.text:ti_sysbios_family_c64p_EventCombiner_enableEvent__F)
                  c21af940    00000080                   : BIOS.obj (.text:ti_sysbios_family_c64p_Exception_getLastStatus__E)
                  c21af9c0    00000080                   : BIOS.obj (.text:ti_sysbios_family_c64p_Hwi_getEventId__E)
                  c21afa40    00000080     Local_pe674.oe674 (.text:ti_sysbios_gates_GateHwi_Object__create__S)
                  c21afac0    00000080     Local_pe674.oe674 (.text:ti_sysbios_gates_GateMutex_Object__create__S)
                  c21afb40    00000080     Local_pe674.oe674 (.text:ti_sysbios_heaps_HeapMem_Object__create__S)
                  c21afbc0    00000080     Local_pe674.oe674 (.text:ti_sysbios_knl_Queue_Object__create__S)
                  c21afc40    00000080     sysbios.ae674 : BIOS.obj (.text:ti_sysbios_knl_Semaphore_pendTimeout__I)
                  c21afcc0    00000080                   : BIOS.obj (.text:ti_sysbios_knl_Swi_restore__E)
                  c21afd40    00000080                   : BIOS.obj (.text:ti_sysbios_knl_Task_deleteTerminatedTasksFunc__I)
                  c21afdc0    00000080                   : BIOS.obj (.text:ti_sysbios_utils_Load_getGlobalHwiLoad__E)
                  c21afe40    00000080                   : BIOS.obj (.text:ti_sysbios_utils_Load_getTaskLoad__E)
                  c21afec0    00000080                   : BIOS.obj (.text:ti_sysbios_utils_Load_removeTask__E)
                  c21aff40    00000080     rts6740_elf.lib : unlink.c.obj (.text:unlink)
                  c21affc0    00000080     ti.targets.rts6000.ae674 : Core-label.oe674 (.text:xdc_runtime_Core_assignLabel__I)
                  c21b0040    00000080                              : Core-params.oe674 (.text:xdc_runtime_Core_assignParams__I)
                  c21b00c0    00000080     Local_pe674.oe674 (.text:xdc_runtime_LoggerSys_Object__create__S)
                  c21b0140    00000080     Local_pe674.oe674 (.text:xdc_runtime_LoggerSys_write8__E)
                  c21b01c0    00000080     ti.targets.rts6000.ae674 : System.oe674 (.text:xdc_runtime_System_atexit__F)
                  c21b0240    00000080                              : System.oe674 (.text:xdc_runtime_System_putchar__I)
                  c21b02c0    00000080                              : System.oe674 (.text:xdc_runtime_System_rtsExit__I)
                  c21b0340    00000080                              : Text.oe674 (.text:xdc_runtime_Text_printVisFxn__I)
                  c21b03c0    00000060     LEDMatrix.obj (.text)
                  c21b0420    00000060     os.ae674 : task.oe674 (.text:NDK_hookCreate)
                  c21b0480    00000060     rts6740_elf.lib : trgmsg.c.obj (.text:__TI_writemsg)
                  c21b04e0    00000060                     : llshift.c.obj (.text:__c6xabi_llshru)
                  c21b0540    00000060                     : imath64.c.obj (.text:__c6xabi_remull)
                  c21b05a0    00000060                     : imath64.c.obj (.text:_subcull)
                  c21b0600    00000060     sysbios.ae674 : c64p_Hwi_asm_switch.obj (.text:_ti_sysbios_family_c64p_Hwi_switchAndDispatch__I)
                  c21b0660    00000060                   : c64p_Hwi_asm_switch.obj (.text:_ti_sysbios_family_xxx_Hwi_switchAndRunFunc)
                  c21b06c0    00000060     rts6740_elf.lib : lseek.c.obj (.text:lseek)
                  c21b0720    00000060     Local_pe674.oe674 (.text:malloc)
                  c21b0780    00000060     rts6740_elf.lib : memccpy.c.obj (.text:memccpy)
                  c21b07e0    00000060                     : memcmp.c.obj (.text:memcmp)
                  c21b0840    00000060                     : sprintf.c.obj (.text:sprintf)
                  c21b08a0    00000060                     : sscanf.c.obj (.text:sscanf)
                  c21b0900    00000060                     : strcmp.c.obj (.text:strcmp)
                  c21b0960    00000060                     : strcpy.c.obj (.text:strcpy)
                  c21b09c0    00000060                     : strncmp.c.obj (.text:strncmp)
                  c21b0a20    00000060                     : _scanfi.c.obj (.text:strrchr)
                  c21b0a80    00000060     Local_pe674.oe674 (.text:ti_ndk_config_Global_stackThread)
                  c21b0ae0    00000060     sysbios.ae674 : BIOS.obj (.text:ti_sysbios_BIOS_errorRaiseHook__I)
                  c21b0b40    00000060     Local_pe674.oe674 (.text:ti_sysbios_BIOS_exitFunc__I)
                  c21b0ba0    00000060     sysbios.ae674 : BIOS.obj (.text:ti_sysbios_BIOS_rtsLock__I)
                  c21b0c00    00000060                   : BIOS.obj (.text:ti_sysbios_family_c64p_EventCombiner_dispatchPlug__F)
                  c21b0c60    00000060                   : BIOS.obj (.text:ti_sysbios_family_c64p_EventCombiner_unused__F)
                  c21b0cc0    00000060                   : BIOS.obj (.text:ti_sysbios_family_c64p_Exception_evtExpMaskEnable__E)
                  c21b0d20    00000060                   : BIOS.obj (.text:ti_sysbios_family_c64p_Exception_nmiHandler__I)
                  c21b0d80    00000060                   : BIOS.obj (.text:ti_sysbios_family_c64p_Hwi_disableIER__E)
                  c21b0de0    00000060                   : BIOS.obj (.text:ti_sysbios_family_c64p_Hwi_enableIER__E)
                  c21b0e40    00000060     Local_pe674.oe674 (.text:ti_sysbios_gates_GateHwi_Handle__label__S)
                  c21b0ea0    00000060     Local_pe674.oe674 (.text:ti_sysbios_gates_GateMutex_Handle__label__S)
                  c21b0f00    00000060     sysbios.ae674 : BIOS.obj (.text:ti_sysbios_hal_Hwi_Instance_init__F)
                  c21b0f60    00000060                   : BIOS.obj (.text:ti_sysbios_hal_Hwi_checkStack:ti_sysbios_hal_Hwi_checkStack)
                  c21b0fc0    00000060                   : BIOS.obj (.text:ti_sysbios_hal_Hwi_initStack:ti_sysbios_hal_Hwi_initStack)
                  c21b1020    00000060     Local_pe674.oe674 (.text:ti_sysbios_heaps_HeapMem_Handle__label__S)
                  c21b1080    00000060     Local_pe674.oe674 (.text:ti_sysbios_heaps_HeapMem_Object__get__S)
                  c21b10e0    00000060     sysbios.ae674 : BIOS.obj (.text:ti_sysbios_knl_Clock_addI__E)
                  c21b1140    00000060     Local_pe674.oe674 (.text:ti_sysbios_knl_Clock_doTick__I)
                  c21b11a0    00000060     sysbios.ae674 : BIOS.obj (.text:ti_sysbios_knl_Queue_put__E)
                  c21b1200    00000060     Local_pe674.oe674 (.text:ti_sysbios_knl_Swi_Object__get__S)
                  c21b1260    00000060     sysbios.ae674 : BIOS.obj (.text:ti_sysbios_knl_Task_getMode__E)
                  c21b12c0    00000060                   : BIOS.obj (.text:ti_sysbios_knl_Task_processVitalTaskFlag__I)
                  c21b1320    00000060                   : BIOS.obj (.text:ti_sysbios_knl_Task_restore__E)
                  c21b1380    00000060                   : BIOS.obj (.text:ti_sysbios_knl_Task_sleepTimeout__I)
                  c21b13e0    00000060                   : BIOS.obj (.text:ti_sysbios_utils_Load_getGlobalSwiLoad__E)
                  c21b1440    00000060     rts6740_elf.lib : write.c.obj (.text:write)
                  c21b14a0    00000060     Local_pe674.oe674 (.text:xdc_runtime_Error_raiseX__E)
                  c21b1500    00000060     Local_pe674.oe674 (.text:xdc_runtime_LoggerSys_Handle__label__S)
                  c21b1560    00000060     ti.targets.rts6000.ae674 : LoggerSys.oe674 (.text:xdc_runtime_LoggerSys_write0__F)
                  c21b15c0    00000060                              : LoggerSys.oe674 (.text:xdc_runtime_LoggerSys_write1__F)
                  c21b1620    00000060     Local_pe674.oe674 (.text:xdc_runtime_LoggerSys_write4__E)
                  c21b1680    00000060     ti.targets.rts6000.ae674 : Memory.oe674 (.text:xdc_runtime_Memory_calloc__F)
                  c21b16e0    00000060                              : SysMin.oe674 (.text:xdc_runtime_SysMin_Module_startup__F)
                  c21b1740    00000060                              : SysMin.oe674 (.text:xdc_runtime_SysMin_exit__F)
                  c21b17a0    00000060                              : System.oe674 (.text:xdc_runtime_System_avprintf__F)
                  c21b1800    00000060                              : System.oe674 (.text:xdc_runtime_System_vprintf__F)
                  c21b1860    00000060                              : Text.oe674 (.text:xdc_runtime_Text_cordText__F)
                  c21b18c0    00000040     main.obj (.text:FunctionHook)
                  c21b1900    00000040     os.ae674 : task.oe674 (.text:NDK_hookExit)
                  c21b1940    00000040     rts6740_elf.lib : frcmpyd_div.c.obj (.text:__TI_frcmpyd_div)
                  c21b1980    00000040                     : isinf.c.obj (.text:__c6xabi_isinf)
                  c21b19c0    00000040                     : _printfi.c.obj (.text:__c6xabi_isnan)
                  c21b1a00    00000040                     : strasg.asm.obj (.text:__strasgi_64plus)
                  c21b1a40    00000040                     : args_main.c.obj (.text:_args_main)
                  c21b1a80    00000040                     : snprintf.c.obj (.text:_outc)
                  c21b1ac0    00000040                     : sprintf.c.obj (.text:_outs)
                  c21b1b00    00000040                     : vsprintf.c.obj (.text:_outs)
                  c21b1b40    00000040     sysbios.ae674 : c62_TaskSupport_asm.obj (.text:_ti_sysbios_family_c62_TaskSupport_buildTaskStack)
                  c21b1b80    00000040                   : c64p_Hwi_asm_switch.obj (.text:_ti_sysbios_family_xxx_Hwi_switchToIsrStack)
                  c21b1bc0    00000040                   : BIOS.obj (.text:emifRange$6)
                  c21b1c00    00000040     Local_pe674.oe674 (.text:free)
                  c21b1c40    00000040     lv_draw.obj (.text)
                  c21b1c80    00000040     lv_extra.obj (.text)
                  c21b1cc0    00000040     rts6740_elf.lib : strlen.c.obj (.text:strlen)
                  c21b1d00    00000040     sysbios.ae674 : BIOS.obj (.text:ti_sysbios_BIOS_exit__E)
                  c21b1d40    00000040                   : BIOS.obj (.text:ti_sysbios_BIOS_getCpuFreq__E)
                  c21b1d80    00000040                   : BIOS.obj (.text:ti_sysbios_BIOS_registerRTSLock__I)
                  c21b1dc0    00000040                   : BIOS.obj (.text:ti_sysbios_BIOS_removeRTSLock__I)
                  c21b1e00    00000040                   : BIOS.obj (.text:ti_sysbios_BIOS_setThreadType__E)
                  c21b1e40    00000040     Local_pe674.oe674 (.text:ti_sysbios_BIOS_startFunc__I)
                  c21b1e80    00000040     sysbios.ae674 : BIOS.obj (.text:ti_sysbios_family_c62_TaskSupport_checkStack__E)
                  c21b1ec0    00000040                   : BIOS.obj (.text:ti_sysbios_family_c64p_Cache_wbInv__E)
                  c21b1f00    00000040     Local_pe674.oe674 (.text:ti_sysbios_family_c64p_EventCombiner_dispatchPlug__E)
                  c21b1f40    00000040     sysbios.ae674 : BIOS.obj (.text:ti_sysbios_family_c64p_Exception_evtEvtClear__E)
                  c21b1f80    00000040     Local_pe674.oe674 (.text:ti_sysbios_family_c64p_Hwi_Module__startupDone__F)
                  c21b1fc0    00000040     Local_pe674.oe674 (.text:ti_sysbios_family_c64p_Hwi_Object__delete__S)
                  c21b2000    00000040     Local_pe674.oe674 (.text:ti_sysbios_family_c64p_Hwi_Params__init__S)
                  c21b2040    00000040     sysbios.ae674 : BIOS.obj (.text:ti_sysbios_family_c64p_Hwi_clearInterrupt__E)
                  c21b2080    00000040                   : BIOS.obj (.text:ti_sysbios_family_c64p_Hwi_disableInterrupt__E)
                  c21b20c0    00000040                   : BIOS.obj (.text:ti_sysbios_family_c64p_Hwi_dispatchC__I)
                  c21b2100    00000040                   : BIOS.obj (.text:ti_sysbios_family_c64p_Hwi_enableInterrupt__E)
                  c21b2140    00000040                   : BIOS.obj (.text:ti_sysbios_family_c64p_Hwi_getIsrStackAddress__I)
                  c21b2180    00000040                   : BIOS.obj (.text:ti_sysbios_family_c64p_TimestampProvider_get64__E)
                  c21b21c0    00000040     Local_pe674.oe674 (.text:ti_sysbios_gates_GateHwi_Object__delete__S)
                  c21b2200    00000040     sysbios.ae674 : BIOS.obj (.text:ti_sysbios_gates_GateHwi_enter__E)
                  c21b2240    00000040                   : BIOS.obj (.text:ti_sysbios_gates_GateMutex_Instance_State_sem$28)
                  c21b2280    00000040                   : BIOS.obj (.text:ti_sysbios_gates_GateMutex_Instance_finalize__F)
                  c21b22c0    00000040                   : BIOS.obj (.text:ti_sysbios_gates_GateMutex_Instance_init__F)
                  c21b2300    00000040     Local_pe674.oe674 (.text:ti_sysbios_gates_GateMutex_Object__delete__S)
                  c21b2340    00000040     sysbios.ae674 : BIOS.obj (.text:ti_sysbios_gates_GateMutex_leave__E)
                  c21b2380    00000040     Local_pe674.oe674 (.text:ti_sysbios_hal_Hwi_HwiProxy_Object__create__S)
                  c21b23c0    00000040     sysbios.ae674 : BIOS.obj (.text:ti_sysbios_hal_Hwi_HwiProxy_create$7)
                  c21b2400    00000040     Local_pe674.oe674 (.text:ti_sysbios_hal_Hwi_HwiProxy_getStackInfo__E)
                  c21b2440    00000040     sysbios.ae674 : BIOS.obj (.text:ti_sysbios_hal_Hwi_Instance_finalize__F)
                  c21b2480    00000040     Local_pe674.oe674 (.text:ti_sysbios_hal_Hwi_Object__delete__S)
                  c21b24c0    00000040     Local_pe674.oe674 (.text:ti_sysbios_hal_Hwi_Params__init__S)
                  c21b2500    00000040     sysbios.ae674 : BIOS.obj (.text:ti_sysbios_hal_Hwi_Params_copy$26)
                  c21b2540    00000040                   : BIOS.obj (.text:ti_sysbios_hal_Hwi_create$26)
                  c21b2580    00000040                   : BIOS.obj (.text:ti_sysbios_hal_Hwi_getStackInfo__E)
                  c21b25c0    00000040     Local_pe674.oe674 (.text:ti_sysbios_hal_Timer_Module__startupDone__F)
                  c21b2600    00000040     Local_pe674.oe674 (.text:ti_sysbios_heaps_HeapMem_Object__delete__S)
                  c21b2640    00000040     sysbios.ae674 : BIOS.obj (.text:ti_sysbios_heaps_HeapMem_restore__E)
                  c21b2680    00000040                   : BIOS.obj (.text:ti_sysbios_knl_Clock_Module_State_clockQ$14)
                  c21b26c0    00000040     Local_pe674.oe674 (.text:ti_sysbios_knl_Clock_Module_State_clockQ)
                  c21b2700    00000040     sysbios.ae674 : BIOS.obj (.text:ti_sysbios_knl_Clock_Module_startup__F)
                  c21b2740    00000040     Local_pe674.oe674 (.text:ti_sysbios_knl_Clock_Params__init__S)
                  c21b2780    00000040     Local_pe674.oe674 (.text:ti_sysbios_knl_Clock_create)
                  c21b27c0    00000040     sysbios.ae674 : BIOS.obj (.text:ti_sysbios_knl_Clock_startI__E)
                  c21b2800    00000040     Local_pe674.oe674 (.text:ti_sysbios_knl_Queue_Object__destruct__S)
                  c21b2840    00000040     Local_pe674.oe674 (.text:ti_sysbios_knl_Queue_Object__get__S)
                  c21b2880    00000040     sysbios.ae674 : BIOS.obj (.text:ti_sysbios_knl_Queue_construct$19)
                  c21b28c0    00000040                   : BIOS.obj (.text:ti_sysbios_knl_Queue_dequeue__E)
                  c21b2900    00000040                   : BIOS.obj (.text:ti_sysbios_knl_Queue_empty__E)
                  c21b2940    00000040                   : BIOS.obj (.text:ti_sysbios_knl_Queue_enqueue__E)
                  c21b2980    00000040                   : BIOS.obj (.text:ti_sysbios_knl_Queue_remove__E)
                  c21b29c0    00000040                   : BIOS.obj (.text:ti_sysbios_knl_Semaphore_Instance_State_pendQ$19)
                  c21b2a00    00000040                   : BIOS.obj (.text:ti_sysbios_knl_Semaphore_Instance_finalize__F)
                  c21b2a40    00000040     Local_pe674.oe674 (.text:ti_sysbios_knl_Semaphore_Object__destruct__S)
                  c21b2a80    00000040     Local_pe674.oe674 (.text:ti_sysbios_knl_Semaphore_Params__init__S)
                  c21b2ac0    00000040     sysbios.ae674 : BIOS.obj (.text:ti_sysbios_knl_Semaphore_construct$28)
                  c21b2b00    00000040     Local_pe674.oe674 (.text:ti_sysbios_knl_Swi_Params__init__S)
                  c21b2b40    00000040     sysbios.ae674 : BIOS.obj (.text:ti_sysbios_knl_Swi_disable__E)
                  c21b2b80    00000040                   : BIOS.obj (.text:ti_sysbios_knl_Task_Module_State_inactiveQ$22)
                  c21b2bc0    00000040                   : BIOS.obj (.text:ti_sysbios_knl_Task_Module_State_terminatedQ$22)
                  c21b2c00    00000040     Local_pe674.oe674 (.text:ti_sysbios_knl_Task_Object__delete__S)
                  c21b2c40    00000040     Local_pe674.oe674 (.text:ti_sysbios_knl_Task_Object__first__S)
                  c21b2c80    00000040     Local_pe674.oe674 (.text:ti_sysbios_knl_Task_Object__get__S)
                  c21b2cc0    00000040     Local_pe674.oe674 (.text:ti_sysbios_knl_Task_Object__next__S)
                  c21b2d00    00000040     Local_pe674.oe674 (.text:ti_sysbios_knl_Task_Params__init__S)
                  c21b2d40    00000040     sysbios.ae674 : BIOS.obj (.text:ti_sysbios_knl_Task_disable__E)
                  c21b2d80    00000040                   : BIOS.obj (.text:ti_sysbios_knl_Task_enabled__E)
                  c21b2dc0    00000040                   : BIOS.obj (.text:ti_sysbios_knl_Task_enter__I)
                  c21b2e00    00000040                   : BIOS.obj (.text:ti_sysbios_knl_Task_restoreHwi__E)
                  c21b2e40    00000040                   : BIOS.obj (.text:ti_sysbios_knl_Task_setHookContext__E)
                  c21b2e80    00000040                   : BIOS.obj (.text:ti_sysbios_knl_Task_unblock__E)
                  c21b2ec0    00000040     Local_pe674.oe674 (.text:ti_sysbios_timers_timer64_Timer_Module__startupDone__F)
                  c21b2f00    00000040     Local_pe674.oe674 (.text:ti_sysbios_timers_timer64_Timer_Params__init__S)
                  c21b2f40    00000040     sysbios.ae674 : BIOS.obj (.text:ti_sysbios_timers_timer64_Timer_checkOverflow__I)
                  c21b2f80    00000040                   : BIOS.obj (.text:ti_sysbios_timers_timer64_Timer_postInit__I)
                  c21b2fc0    00000040                   : BIOS.obj (.text:ti_sysbios_utils_Load_Module_State_taskList$24)
                  c21b3000    00000040     rts6740_elf.lib : vsprintf.c.obj (.text:vsprintf)
                  c21b3040    00000040                     : wcslen.c.obj (.text:wcslen)
                  c21b3080    00000040     ti.targets.rts6000.ae674 : Error.oe674 (.text:xdc_runtime_Error_check__F)
                  c21b30c0    00000040                              : Error.oe674 (.text:xdc_runtime_Error_init__F)
                  c21b3100    00000040     Local_pe674.oe674 (.text:xdc_runtime_IHeap_alloc)
                  c21b3140    00000040     Local_pe674.oe674 (.text:xdc_runtime_IHeap_free)
                  c21b3180    00000040     Local_pe674.oe674 (.text:xdc_runtime_LoggerSys_Object__delete__S)
                  c21b31c0    00000040     Local_pe674.oe674 (.text:xdc_runtime_LoggerSys_write0__E)
                  c21b3200    00000040     Local_pe674.oe674 (.text:xdc_runtime_LoggerSys_write1__E)
                  c21b3240    00000040     Local_pe674.oe674 (.text:xdc_runtime_LoggerSys_write2__E)
                  c21b3280    00000040     ti.targets.rts6000.ae674 : LoggerSys.oe674 (.text:xdc_runtime_LoggerSys_write2__F)
                  c21b32c0    00000040                              : LoggerSys.oe674 (.text:xdc_runtime_LoggerSys_write4__F)
                  c21b3300    00000040                              : Memory.oe674 (.text:xdc_runtime_Memory_free__F)
                  c21b3340    00000040                              : Registry.oe674 (.text:xdc_runtime_Registry_findById__F)
                  c21b3380    00000040     Local_pe674.oe674 (.text:xdc_runtime_Startup_exec__I)
                  c21b33c0    00000040     ti.targets.rts6000.ae674 : System.oe674 (.text:xdc_runtime_System_abort__F)
                  c21b3400    00000040     Local_pe674.oe674 (.text:xdc_runtime_System_aprintf__E)
                  c21b3440    00000040     Local_pe674.oe674 (.text:xdc_runtime_System_printf__E)
                  c21b3480    00000040     ti.targets.rts6000.ae674 : System.oe674 (.text:xdc_runtime_System_putch__F)
                  c21b34c0    00000040     Local_pe674.oe674 (.text:xdc_runtime_Text_putMod__E)
                  c21b3500    00000040     ti.targets.rts6000.ae674 : Text.oe674 (.text:xdc_runtime_Text_ropeText__F)
                  c21b3540    00000040     Local_pe674.oe674 (.text:xdc_runtime_Text_visitRope__I)
                  c21b3580    00000020     hal_userled_stub.ae674 : llled.oe674 (.text:LED_TOGGLE)
                  c21b35a0    00000020     os.ae674 : task.oe674 (.text:NDK_hookInit)
                  c21b35c0    00000020              : semaphore.oe674 (.text:SemPost)
                  c21b35e0    00000020     rts6740_elf.lib : errno.c.obj (.text:__c6xabi_errno_addr)
                  c21b3600    00000020                     : dtor_list.c.obj (.text:__cxa_ia64_exit)
                  c21b3620    00000020                     : push.asm.obj (.text:__pop_rts)
                  c21b3640    00000020                     : push.asm.obj (.text:__push_rts)
                  c21b3660    00000020                     : sscanf.c.obj (.text:_inpchar)
                  c21b3680    00000020                     : _lock.c.obj (.text:_nop)
                  c21b36a0    00000020                     : printf.c.obj (.text:_outc)
                  c21b36c0    00000020                     : sprintf.c.obj (.text:_outc)
                  c21b36e0    00000020                     : vsprintf.c.obj (.text:_outc)
                  c21b3700    00000020                     : printf.c.obj (.text:_outs)
                  c21b3720    00000020                     : _lock.c.obj (.text:_register_lock)
                  c21b3740    00000020                     : _lock.c.obj (.text:_register_unlock)
                  c21b3760    00000020                     : signbit.c.obj (.text:_signbit)
                  c21b3780    00000020     sysbios.ae674 : c62_TaskSupport_asm.obj (.text:_ti_sysbios_family_c62_TaskSupport_glue)
                  c21b37a0    00000020                   : c64p_Hwi_asm_switch.obj (.text:_ti_sysbios_family_xxx_Hwi_switchToTaskStack)
                  c21b37c0    00000020     rts6740_elf.lib : sscanf.c.obj (.text:_uninpchar)
                  c21b37e0    00000020                     : exit.c.obj (.text:abort)
                  c21b3800    00000020                     : dtor_list.c.obj (.text:atexit)
                  c21b3820    00000020                     : copy_decompress_none.c.obj (.text:decompress:none:__TI_decompress_none)
                  c21b3840    00000020                     : copy_decompress_rle.c.obj (.text:decompress:rle24:__TI_decompress_rle24)
                  c21b3860    00000020     Local_pe674.oe674 (.text:ti_ndk_config_global_taskCreateHook)
                  c21b3880    00000020     Local_pe674.oe674 (.text:ti_ndk_config_global_taskExitHook)
                  c21b38a0    00000020     Local_pe674.oe674 (.text:ti_sysbios_BIOS_RtsGateProxy_enter__E)
                  c21b38c0    00000020     Local_pe674.oe674 (.text:ti_sysbios_BIOS_RtsGateProxy_leave__E)
                  c21b38e0    00000020     sysbios.ae674 : BIOS.obj (.text:ti_sysbios_BIOS_getThreadType__E)
                  c21b3900    00000020                   : BIOS.obj (.text:ti_sysbios_BIOS_nullFunc__I)
                  c21b3920    00000020                   : BIOS.obj (.text:ti_sysbios_BIOS_start__E)
                  c21b3940    00000020     Local_pe674.oe674 (.text:ti_sysbios_family_c62_TaskSupport_Module__startupDone__S)
                  c21b3960    00000020     sysbios.ae674 : BIOS.obj (.text:ti_sysbios_family_c62_TaskSupport_getStackAlignment__E)
                  c21b3980    00000020     Local_pe674.oe674 (.text:ti_sysbios_family_c64p_Cache_Module_startup__E)
                  c21b39a0    00000020     sysbios.ae674 : BIOS.obj (.text:ti_sysbios_family_c64p_Cache_invL1pAll__E)
                  c21b39c0    00000020                   : BIOS.obj (.text:ti_sysbios_family_c64p_Cache_wbInvAll__E)
                  c21b39e0    00000020     Local_pe674.oe674 (.text:ti_sysbios_family_c64p_EventCombiner_Module_startup__E)
                  c21b3a00    00000020     Local_pe674.oe674 (.text:ti_sysbios_family_c64p_EventCombiner_disableEvent__E)
                  c21b3a20    00000020     Local_pe674.oe674 (.text:ti_sysbios_family_c64p_EventCombiner_dispatch__E)
                  c21b3a40    00000020     Local_pe674.oe674 (.text:ti_sysbios_family_c64p_EventCombiner_unused__E)
                  c21b3a60    00000020     Local_pe674.oe674 (.text:ti_sysbios_family_c64p_Exception_Module_startup__E)
                  c21b3a80    00000020     Local_pe674.oe674 (.text:ti_sysbios_family_c64p_Hwi_Module__startupDone__S)
                  c21b3aa0    00000020     Local_pe674.oe674 (.text:ti_sysbios_family_c64p_Hwi_Module_startup__E)
                  c21b3ac0    00000020     sysbios.ae674 : BIOS.obj (.text:ti_sysbios_family_c64p_Hwi_startup__E)
                  c21b3ae0    00000020                   : BIOS.obj (.text:ti_sysbios_family_c64p_Hwi_switchFromBootStack__E)
                  c21b3b00    00000020                   : BIOS.obj (.text:ti_sysbios_family_c64p_Hwi_unPluggedInterrupt__I)
                  c21b3b20    00000020     Local_pe674.oe674 (.text:ti_sysbios_family_c64p_TimestampProvider_Module_startup__E)
                  c21b3b40    00000020     sysbios.ae674 : BIOS.obj (.text:ti_sysbios_family_c64p_TimestampProvider_Module_startup__F)
                  c21b3b60    00000020                   : BIOS.obj (.text:ti_sysbios_family_c64p_TimestampProvider_get32__E)
                  c21b3b80    00000020                   : BIOS.obj (.text:ti_sysbios_family_c64p_TimestampProvider_getFreq__E)
                  c21b3ba0    00000020                   : BIOS.obj (.text:ti_sysbios_gates_GateHwi_Instance_init__F)
                  c21b3bc0    00000020                   : BIOS.obj (.text:ti_sysbios_gates_GateHwi_leave__E)
                  c21b3be0    00000020     Local_pe674.oe674 (.text:ti_sysbios_gates_GateHwi_query__E)
                  c21b3c00    00000020     sysbios.ae674 : BIOS.obj (.text:ti_sysbios_gates_GateHwi_query__F)
                  c21b3c20    00000020     Local_pe674.oe674 (.text:ti_sysbios_gates_GateMutex_query__E)
                  c21b3c40    00000020     sysbios.ae674 : BIOS.obj (.text:ti_sysbios_gates_GateMutex_query__F)
                  c21b3c60    00000020     Local_pe674.oe674 (.text:ti_sysbios_hal_Hwi_HwiProxy_Module__startupDone__S)
                  c21b3c80    00000020     Local_pe674.oe674 (.text:ti_sysbios_hal_Hwi_HwiProxy_Object__delete__S)
                  c21b3ca0    00000020     Local_pe674.oe674 (.text:ti_sysbios_hal_Hwi_HwiProxy_clearInterrupt__E)
                  c21b3cc0    00000020     sysbios.ae674 : BIOS.obj (.text:ti_sysbios_hal_Hwi_HwiProxy_delete$7)
                  c21b3ce0    00000020     Local_pe674.oe674 (.text:ti_sysbios_hal_Hwi_HwiProxy_disableInterrupt__E)
                  c21b3d00    00000020     Local_pe674.oe674 (.text:ti_sysbios_hal_Hwi_HwiProxy_enableInterrupt__E)
                  c21b3d20    00000020     Local_pe674.oe674 (.text:ti_sysbios_hal_Hwi_HwiProxy_startup__E)
                  c21b3d40    00000020     Local_pe674.oe674 (.text:ti_sysbios_hal_Hwi_HwiProxy_switchFromBootStack__E)
                  c21b3d60    00000020     Local_pe674.oe674 (.text:ti_sysbios_hal_Hwi_Module_startup__E)
                  c21b3d80    00000020     sysbios.ae674 : BIOS.obj (.text:ti_sysbios_hal_Hwi_Module_startup__F)
                  c21b3da0    00000020                   : BIOS.obj (.text:ti_sysbios_hal_Hwi_Params_init$26)
                  c21b3dc0    00000020                   : BIOS.obj (.text:ti_sysbios_hal_Hwi_clearInterrupt__E)
                  c21b3de0    00000020                   : BIOS.obj (.text:ti_sysbios_hal_Hwi_delete$26)
                  c21b3e00    00000020                   : BIOS.obj (.text:ti_sysbios_hal_Hwi_disableInterrupt__E)
                  c21b3e20    00000020                   : BIOS.obj (.text:ti_sysbios_hal_Hwi_enableInterrupt__E)
                  c21b3e40    00000020                   : BIOS.obj (.text:ti_sysbios_hal_Hwi_startup__E)
                  c21b3e60    00000020                   : BIOS.obj (.text:ti_sysbios_hal_Hwi_switchFromBootStack__E)
                  c21b3e80    00000020     Local_pe674.oe674 (.text:ti_sysbios_hal_Timer_Module__startupDone__S)
                  c21b3ea0    00000020     Local_pe674.oe674 (.text:ti_sysbios_hal_Timer_Module_startup__E)
                  c21b3ec0    00000020     sysbios.ae674 : BIOS.obj (.text:ti_sysbios_hal_Timer_Module_startup__F)
                  c21b3ee0    00000020     Local_pe674.oe674 (.text:ti_sysbios_hal_Timer_TimerProxy_Module__startupDone__S)
                  c21b3f00    00000020     Local_pe674.oe674 (.text:ti_sysbios_hal_Timer_TimerProxy_getPeriod__E)
                  c21b3f20    00000020     Local_pe674.oe674 (.text:ti_sysbios_hal_Timer_TimerProxy_startup__E)
                  c21b3f40    00000020     sysbios.ae674 : BIOS.obj (.text:ti_sysbios_hal_Timer_getPeriod__E)
                  c21b3f60    00000020                   : BIOS.obj (.text:ti_sysbios_hal_Timer_startup__E)
                  c21b3f80    00000020     Local_pe674.oe674 (.text:ti_sysbios_heaps_HeapMem_Module_GateProxy_enter__E)
                  c21b3fa0    00000020     Local_pe674.oe674 (.text:ti_sysbios_heaps_HeapMem_Module_GateProxy_leave__E)
                  c21b3fc0    00000020     Local_pe674.oe674 (.text:ti_sysbios_heaps_HeapMem_Module_GateProxy_query__E)
                  c21b3fe0    00000020     sysbios.ae674 : BIOS.obj (.text:ti_sysbios_heaps_HeapMem_Object_get$23)
                  c21b4000    00000020                   : BIOS.obj (.text:ti_sysbios_heaps_HeapMem_isBlocking__E)
                  c21b4020    00000020     Local_pe674.oe674 (.text:ti_sysbios_knl_Clock_Module_startup__E)
                  c21b4040    00000020     Local_pe674.oe674 (.text:ti_sysbios_knl_Clock_Params_init)
                  c21b4060    00000020     sysbios.ae674 : BIOS.obj (.text:ti_sysbios_knl_Clock_getTicks__E)
                  c21b4080    00000020                   : BIOS.obj (.text:ti_sysbios_knl_Clock_handle$19)
                  c21b40a0    00000020                   : BIOS.obj (.text:ti_sysbios_knl_Clock_handle$22)
                  c21b40c0    00000020                   : BIOS.obj (.text:ti_sysbios_knl_Clock_removeI__E)
                  c21b40e0    00000020                   : BIOS.obj (.text:ti_sysbios_knl_Idle_loop__E)
                  c21b4100    00000020                   : BIOS.obj (.text:ti_sysbios_knl_Queue_Instance_init__F)
                  c21b4120    00000020                   : BIOS.obj (.text:ti_sysbios_knl_Queue_Object_get$20)
                  c21b4140    00000020                   : BIOS.obj (.text:ti_sysbios_knl_Queue_Object_get$22)
                  c21b4160    00000020                   : BIOS.obj (.text:ti_sysbios_knl_Queue_destruct$19)
                  c21b4180    00000020                   : BIOS.obj (.text:ti_sysbios_knl_Queue_elemClear__E)
                  c21b41a0    00000020                   : BIOS.obj (.text:ti_sysbios_knl_Queue_head__E)
                  c21b41c0    00000020                   : BIOS.obj (.text:ti_sysbios_knl_Queue_insert__E)
                  c21b41e0    00000020                   : BIOS.obj (.text:ti_sysbios_knl_Queue_next__E)
                  c21b4200    00000020                   : BIOS.obj (.text:ti_sysbios_knl_Queue_struct$19)
                  c21b4220    00000020                   : BIOS.obj (.text:ti_sysbios_knl_Semaphore_destruct$28)
                  c21b4240    00000020                   : BIOS.obj (.text:ti_sysbios_knl_Semaphore_struct$28)
                  c21b4260    00000020     Local_pe674.oe674 (.text:ti_sysbios_knl_Swi_Module_startup__E)
                  c21b4280    00000020     sysbios.ae674 : BIOS.obj (.text:ti_sysbios_knl_Swi_Object_get$20)
                  c21b42a0    00000020                   : BIOS.obj (.text:ti_sysbios_knl_Swi_enabled__E)
                  c21b42c0    00000020                   : BIOS.obj (.text:ti_sysbios_knl_Swi_startup__E)
                  c21b42e0    00000020     Local_pe674.oe674 (.text:ti_sysbios_knl_Task_Module_startup__E)
                  c21b4300    00000020     sysbios.ae674 : BIOS.obj (.text:ti_sysbios_knl_Task_Object_first$22)
                  c21b4320    00000020                   : BIOS.obj (.text:ti_sysbios_knl_Task_Object_get$22)
                  c21b4340    00000020                   : BIOS.obj (.text:ti_sysbios_knl_Task_Object_next$22)
                  c21b4360    00000020     Local_pe674.oe674 (.text:ti_sysbios_knl_Task_SupportProxy_Module__startupDone__S)
                  c21b4380    00000020     Local_pe674.oe674 (.text:ti_sysbios_knl_Task_SupportProxy_checkStack__E)
                  c21b43a0    00000020     Local_pe674.oe674 (.text:ti_sysbios_knl_Task_SupportProxy_getStackAlignment__E)
                  c21b43c0    00000020     Local_pe674.oe674 (.text:ti_sysbios_knl_Task_SupportProxy_start__E)
                  c21b43e0    00000020     Local_pe674.oe674 (.text:ti_sysbios_knl_Task_SupportProxy_swap__E)
                  c21b4400    00000020     sysbios.ae674 : BIOS.obj (.text:ti_sysbios_knl_Task_delete$22)
                  c21b4420    00000020                   : BIOS.obj (.text:ti_sysbios_knl_Task_getHookContext__E)
                  c21b4440    00000020                   : BIOS.obj (.text:ti_sysbios_knl_Task_getIdleTask__E)
                  c21b4460    00000020                   : BIOS.obj (.text:ti_sysbios_knl_Task_getPri__E)
                  c21b4480    00000020                   : BIOS.obj (.text:ti_sysbios_knl_Task_handle$22)
                  c21b44a0    00000020                   : BIOS.obj (.text:ti_sysbios_knl_Task_self__E)
                  c21b44c0    00000020                   : BIOS.obj (.text:ti_sysbios_knl_Task_startup__E)
                  c21b44e0    00000020     Local_pe674.oe674 (.text:ti_sysbios_timers_timer64_Timer_Module__startupDone__S)
                  c21b4500    00000020     Local_pe674.oe674 (.text:ti_sysbios_timers_timer64_Timer_Module_startup__E)
                  c21b4520    00000020     Local_pe674.oe674 (.text:ti_sysbios_timers_timer64_Timer_TimerSupportProxy_enable__E)
                  c21b4540    00000020     sysbios.ae674 : BIOS.obj (.text:ti_sysbios_utils_Load_getCPULoad__E)
                  c21b4560    00000020                   : BIOS.obj (.text:ti_sysbios_utils_Load_taskRegHook__E)
                  c21b4580    00000020     Local_pe674.oe674 (.text:ti_sysbios_utils_Load_update__E)
                  c21b45a0    00000020     Local_pe674.oe674 (.text:xdc_iargToPtr)
                  c21b45c0    00000020     Local_pe674.oe674 (.text:xdc_runtime_Error_check__E)
                  c21b45e0    00000020     Local_pe674.oe674 (.text:xdc_runtime_Error_init__E)
                  c21b4600    00000020     Local_pe674.oe674 (.text:xdc_runtime_Error_print__E)
                  c21b4620    00000020     Local_pe674.oe674 (.text:xdc_runtime_Gate_enterSystem__E)
                  c21b4640    00000020     ti.targets.rts6000.ae674 : Gate.oe674 (.text:xdc_runtime_Gate_enterSystem__F)
                  c21b4660    00000020     Local_pe674.oe674 (.text:xdc_runtime_Gate_leaveSystem__E)
                  c21b4680    00000020     ti.targets.rts6000.ae674 : Gate.oe674 (.text:xdc_runtime_Gate_leaveSystem__F)
                  c21b46a0    00000020     Local_pe674.oe674 (.text:xdc_runtime_Log_doPrint__E)
                  c21b46c0    00000020     ti.targets.rts6000.ae674 : LoggerSys.oe674 (.text:xdc_runtime_LoggerSys_Instance_init__F)
                  c21b46e0    00000020     Local_pe674.oe674 (.text:xdc_runtime_LoggerSys_TimestampProxy_get64__E)
                  c21b4700    00000020     Local_pe674.oe674 (.text:xdc_runtime_LoggerSys_disable__E)
                  c21b4720    00000020     ti.targets.rts6000.ae674 : LoggerSys.oe674 (.text:xdc_runtime_LoggerSys_disable__F)
[...]
c21be7ac  ti_sysbios_knl_Task_LD_exit__C                                      
c21be7b0  ti_sysbios_knl_Task_LD_ready__C                                     
c21be7b4  ti_sysbios_knl_Task_LM_sleep__C                                     
c21be7b8  ti_sysbios_knl_Task_LM_switch__C                                    
c21be7bc  ti_sysbios_knl_Task_Module_State_inactiveQ__O                       
c21be7c0  ti_sysbios_knl_Task_Module_State_terminatedQ__O                     
c21be7c4  ti_sysbios_knl_Task_Module__diagsEnabled__C                         
c21be7c8  ti_sysbios_knl_Task_Module__diagsIncluded__C                        
c21be7cc  ti_sysbios_knl_Task_Module__diagsMask__C                            
c21be7d0  ti_sysbios_knl_Task_Module__loggerFxn2__C                           
c21be7d4  ti_sysbios_knl_Task_Module__loggerFxn4__C                           
c21be7d8  ti_sysbios_knl_Task_Module__loggerObj__C                            
c21be7dc  ti_sysbios_knl_Task_Object__count__C                                
c21be7e0  ti_sysbios_knl_Task_Object__heap__C                                 
c21be7e4  ti_sysbios_knl_Task_Object__table__C                                
c21be7e8  ti_sysbios_knl_Task_allBlockedFunc__C                               
c21be7ec  ti_sysbios_knl_Task_defaultStackHeap__C                             
c21be7f0  ti_sysbios_knl_Task_defaultStackSize__C                             
c21be7f4  ti_sysbios_knl_Task_numConstructedTasks__C                          
c21be7f8  ti_sysbios_timers_timer64_Timer_A_notAvailable__C                   
c21be7fc  ti_sysbios_timers_timer64_Timer_E_cannotSupport__C                  
c21be800  ti_sysbios_timers_timer64_Timer_E_invalidTimer__C                   
c21be804  ti_sysbios_timers_timer64_Timer_E_notAvailable__C                   
c21be808  ti_sysbios_timers_timer64_Timer_Module__diagsEnabled__C             
c21be80c  ti_sysbios_timers_timer64_Timer_Module__diagsIncluded__C            
c21be810  ti_sysbios_timers_timer64_Timer_Module__diagsMask__C                
c21be814  ti_sysbios_timers_timer64_Timer_anyMask__C                          
c21be818  ti_sysbios_timers_timer64_Timer_defaultHalf__C                      
c21be81c  ti_sysbios_timers_timer64_Timer_freqDivisor__C                      
c21be820  ti_sysbios_timers_timer64_Timer_numLocalTimers__C                   
c21be824  ti_sysbios_timers_timer64_Timer_numTimerDevices__C                  
c21be828  ti_sysbios_utils_Load_LS_cpuLoad__C                                 
c21be82c  ti_sysbios_utils_Load_LS_hwiLoad__C                                 
c21be830  ti_sysbios_utils_Load_LS_swiLoad__C                                 
c21be834  ti_sysbios_utils_Load_LS_taskLoad__C                                
c21be838  ti_sysbios_utils_Load_Module_State_taskList__O                      
c21be83c  ti_sysbios_utils_Load_Module__diagsEnabled__C                       
c21be840  ti_sysbios_utils_Load_Module__diagsIncluded__C                      
c21be844  ti_sysbios_utils_Load_Module__diagsMask__C                          
c21be848  ti_sysbios_utils_Load_Module__loggerFxn1__C                         
c21be84c  ti_sysbios_utils_Load_Module__loggerFxn2__C                         
c21be850  ti_sysbios_utils_Load_Module__loggerFxn4__C                         
c21be854  ti_sysbios_utils_Load_Module__loggerObj__C                          
c21be858  ti_sysbios_utils_Load_postUpdate__C                                 
c21be85c  ti_sysbios_utils_Load_windowInMs__C                                 
c21be860  xdc_runtime_Assert_E_assertFailed__C                                
c21be864  xdc_runtime_Core_A_initializedParams__C                             
c21be868  xdc_runtime_Core_Module__diagsEnabled__C                            
c21be86c  xdc_runtime_Core_Module__diagsIncluded__C                           
c21be870  xdc_runtime_Core_Module__diagsMask__C                               
c21be874  xdc_runtime_Error_E_memory__C                                       
c21be878  xdc_runtime_Error_Module__diagsEnabled__C                           
c21be87c  xdc_runtime_Error_Module__diagsIncluded__C                          
c21be880  xdc_runtime_Error_Module__diagsMask__C                              
c21be884  xdc_runtime_Error_Module__loggerFxn8__C                             
c21be888  xdc_runtime_Error_Module__loggerObj__C                              
c21be88c  xdc_runtime_Error_policy__C                                         
c21be890  xdc_runtime_Error_raiseHook__C                                      
c21be894  xdc_runtime_IGateProvider_Interface__BASE__C                        
c21be898  xdc_runtime_IHeap_Interface__BASE__C                                
c21be89c  xdc_runtime_ILogger_Interface__BASE__C                              
c21be8a0  xdc_runtime_IModule_Interface__BASE__C                              
c21be8a4  xdc_runtime_Log_L_error__C                                          
c21be8a8  xdc_runtime_Memory_defaultHeapInstance__C                           
c21be8ac  xdc_runtime_Startup_execImpl__C                                     
c21be8b0  xdc_runtime_Startup_lastFxns__A                                     
c21be8b4  xdc_runtime_Startup_maxPasses__C                                    
c21be8b8  xdc_runtime_Startup_sfxnRts__C                                      
c21be8bc  xdc_runtime_Startup_sfxnTab__C                                      
c21be8c0  xdc_runtime_Startup_startModsFxn__C                                 
c21be8c4  xdc_runtime_SysMin_bufSize__C                                       
c21be8c8  xdc_runtime_SysMin_outputFunc__C                                    
c21be8cc  xdc_runtime_System_Module__gateObj__C                               
c21be8d0  xdc_runtime_System_extendFxn__C                                     
c21be8d4  xdc_runtime_System_maxAtexitHandlers__C                             
c21be8d8  xdc_runtime_Text_charTab__C                                         
c21be8dc  xdc_runtime_Text_nameEmpty__C                                       
c21be8e0  xdc_runtime_Text_nameStatic__C                                      
c21be8e4  xdc_runtime_Text_nameUnknown__C                                     
c21be8e8  xdc_runtime_Text_nodeTab__C                                         
c21be8ec  xdc_runtime_Text_visitRopeFxn__C                                    
c21be8f2  ti_sysbios_knl_Swi_Module__loggerDefined__C                         
c21be8f4  ti_sysbios_knl_Task_Module__id__C                                   
c21be8f6  ti_sysbios_knl_Task_Module__loggerDefined__C                        
c21be8fa  ti_sysbios_knl_Task_initStackFlag__C                                
c21be8fc  ti_sysbios_timers_timer64_Timer_Module__id__C                       
c21be8fe  ti_sysbios_timers_timer64_Timer_startupNeeded__C                    
c21be900  _lv_bpp1_opa_table                                                  
c21be902  ti_sysbios_utils_Load_Module__id__C                                 
c21be904  ti_sysbios_utils_Load_Module__loggerDefined__C                      
c21be906  ti_sysbios_utils_Load_autoAddTasks__C                               
c21be908  ti_sysbios_utils_Load_hwiEnabled__C                                 
c21be90a  ti_sysbios_utils_Load_updateInIdle__C                               
c21be90c  xdc_runtime_Core_Module__id__C                                      
c21be90e  xdc_runtime_Error_Module__loggerDefined__C                          
c21be910  xdc_runtime_Error_maxDepth__C                                       
c21be912  xdc_runtime_Memory_Module__id__C                                    
c21be914  xdc_runtime_SysMin_flushAtExit__C                                   
c21be916  xdc_runtime_Text_charCnt__C                                         
c21be918  xdc_runtime_Text_isLoaded__C                                        
c21be91a  xdc_runtime_Text_registryModsLastId__C                              
c21be91c  xdc_runtime_Text_unnamedModsLastId__C                               
c21bec00  CmdLists                                                            
c21bf400  ti_sysbios_family_c64p_EventCombiner_Module__state__V               
c21bf800  _ftable                                                             
c21bf9e0  g_sCmdTable                                                         
c21bfaa0  _stream                                                             
c21bfb40  ti_sysbios_knl_Task_Object__table__V                                
c21bfb90  TSK_idle                                                            
c21bfbe0  ti_sysbios_utils_Load_Module__state__V                              
c21bfc78  ti_sysbios_family_c64p_Hwi_Object__table__V                         
c21bfd04  _lock                                                               
c21bfd08  ti_sysbios_knl_Swi_Module_State_0_readyQ__A                         
c21bfd88  ti_sysbios_knl_Task_Module_State_0_readyQ__A                        
c21bfe08  _device                                                             
c21bfe80  ti_sysbios_family_c64p_Hwi_Module__state__V                         
c21bfee8  ti_sysbios_timers_timer64_Timer_Module_State_0_device__A            
c21bff48  ti_sysbios_gates_GateMutex_Object__table__V                         
c21bff98  ti_sysbios_timers_timer64_Timer_Object__table__V                    
c21bffe8  ulDataPatternTable                                                  
c21c0038  ti_sysbios_knl_Task_Module__state__V                                
c21c007c  _unlock                                                             
c21c0080  ti_sysbios_utils_Load_Module_State_0_taskEnv__A                     
c21c00b8  ti_sysbios_knl_Swi_Object__table__V                                 
c21c00ec  __TI_ft_end                                                         
c21c0120  ti_sysbios_family_c64p_Exception_Module__state__V                   
c21c0150  ti_sysbios_knl_Clock_Module__state__V                               
c21c01c4  __errno                                                             
c21c01c4  errno                                                               
c21c01c8  palette_32b                                                         
c21c01e8  ti_sysbios_BIOS_Module__state__V                                    
c21c0208  ti_sysbios_timers_timer64_Timer_Module_State_0_gctrl__A             
c21c0228  ti_sysbios_timers_timer64_Timer_Module_State_0_handles__A           
c21c0248  ti_sysbios_timers_timer64_Timer_Module_State_0_intFreqs__A          
c21c0268  xdc_runtime_System_Module_State_0_atexitHandlers__A                 
c21c02a4  ti_sysbios_family_c64p_Cache_Module__state__V                       
c21c02c4  ti_sysbios_family_c64p_primus_TimerSupport_Module__state__V         
c21c02c8  ti_sysbios_heaps_HeapMem_Object__table__V                           
c21c02e4  ti_sysbios_knl_Swi_Module__state__V                                 
c21c0300  ti_sysbios_timers_timer64_Timer_Module__state__V                    
c21c0314  xdc_runtime_Memory_Module__state__V                                 
c21c0318  SEGVal                                                              
c21c0328  __TI_cleanup_ptr                                                    
c21c032c  __TI_dtors_ptr                                                      
c21c0330  __TI_enable_exit_profile_output                                     
c21c0338  ti_sysbios_hal_Hwi_Object__table__V                                 
c21c0346  xdc_runtime_Error_Module__state__V                                  
c21c0348  ti_sysbios_hal_Timer_Object__table__V                               
c21c0358  xdc_runtime_LoggerSys_Object__table__V                              
c21c0364  xdc_runtime_SysMin_Module__state__V                                 
c21c0370  xdc_runtime_System_Module__state__V                                 
c21c037c  ti_sysbios_family_c64p_Hwi_Module__root__V                          
c21c0388  ti_sysbios_family_c64p_primus_TimerSupport_Module_State_0_suspSrc__A
c21c0390  ti_sysbios_gates_GateHwi_Module__root__V                            
c21c0398  ti_sysbios_gates_GateHwi_Object__table__V                           
c21c03a0  ti_sysbios_gates_GateMutex_Module__root__V                          
c21c03a8  ti_sysbios_hal_Hwi_Module__root__V                                  
c21c03b0  ti_sysbios_heaps_HeapMem_Module__root__V                            
c21c03b8  ti_sysbios_knl_Clock_Module__root__V                                
c21c03c0  ti_sysbios_knl_Queue_Module__root__V                                
c21c03c8  ti_sysbios_knl_Semaphore_Module__root__V                            
c21c03d0  ti_sysbios_knl_Swi_Module__root__V                                  
c21c03d8  ti_sysbios_knl_Task_Module__root__V                                 
c21c03e0  ti_sysbios_timers_timer64_Timer_Module__root__V                     
c21c03e8  xdc_runtime_LoggerSys_Module__root__V                               
c21c03f0  xdc_runtime_Registry_Module__state__V                               
c21c03f8  xdc_runtime_Startup_Module__state__V                                
c21c0400  LEDNixieVal                                                         
c21c0408  ti_sysbios_knl_Task_Module_State_0_idleTask__A                      
c21c0410  ti_sysbios_utils_Load_Module_State_0_runningTask__A                 
c21c0418  ti_sysbios_utils_Load_Module_State_0_taskStartTime__A               
c21c09e8  __TI_STATIC_BASE                                                    
c21c0a50  KEY4SwiHandle                                                       
c21c0a54  KEY6SwiHandle                                                       
c21c0a58  LV_LAYOUT_FLEX                                                      
c21c0a5c  LV_LAYOUT_GRID                                                      
c21c0a60  LV_STYLE_FLEX_CROSS_PLACE                                           
c21c0a64  LV_STYLE_FLEX_FLOW                                                  
c21c0a68  LV_STYLE_FLEX_GROW                                                  
c21c0a6c  LV_STYLE_FLEX_MAIN_PLACE                                            
c21c0a70  LV_STYLE_FLEX_TRACK_PLACE                                           
c21c0a74  LV_STYLE_GRID_CELL_COLUMN_POS                                       
c21c0a78  LV_STYLE_GRID_CELL_COLUMN_SPAN                                      
c21c0a7c  LV_STYLE_GRID_CELL_ROW_POS                                          
c21c0a80  LV_STYLE_GRID_CELL_ROW_SPAN                                         
c21c0a84  LV_STYLE_GRID_CELL_X_ALIGN                                          
c21c0a88  LV_STYLE_GRID_CELL_Y_ALIGN                                          
c21c0a8c  LV_STYLE_GRID_COLUMN_ALIGN                                          
c21c0a90  LV_STYLE_GRID_COLUMN_DSC_ARRAY                                      
c21c0a94  LV_STYLE_GRID_ROW_ALIGN                                             
c21c0a98  LV_STYLE_GRID_ROW_DSC_ARRAY                                         
c21c0a9c  UARTConsoleSemHandle                                                
c21c0aa0  UARTConsoleTaskHandle                                               
c21c0aa4  _lv_grad_cache_mem                                                  
c21c0aa8  _lv_layout_list                                                     
c21c0aac  _lv_style_custom_prop_flag_lookup_table                             
c21c0ab0  _lv_theme_basic_styles                                              
c21c0ab4  _lv_theme_default_styles                                            
c21c0ab8  _lv_timer_act                                                       
c21c0abc  p_rx                                                                
c21c0ac0  p_tx                                                                
c21c0ac4  rx_len                                                              
c21c0ac8  tx_len                                                              
c21c0ad4  _lv_txt_encoded_size                                                
c21c0ad8  _lv_txt_unicode_to_encoded                                          
c21c0adc  _lv_txt_encoded_conv_wc                                             
c21c0ae0  _lv_txt_encoded_next                                                
c21c0ae4  _lv_txt_encoded_prev                                                
c21c0ae8  _lv_txt_encoded_get_byte_id                                         
c21c0aec  _lv_txt_encoded_get_char_id                                         
c21c0af0  _lv_txt_get_encoded_length                                          
c21c0b25  CmdHistorySaveNo                                                    
c21c0b26  CmdHistorySaveIndex                                                 
c21c0b27  CmdHistoryDisplayIndex                                              
c21c0b28  sataRegs                                                            
c21c0b2c  temp                                                                
c21c0b50  _lv_style_custom_prop_flag_lookup_table_size                        
c21c0b5b  LED_OP                                                              
c21c0b5c  spi_flag                                                            
c21c0b60  SoftPWM                                                             
c21c0b64  OSCINFreq                                                           
c21c0b6c  LODEPNG_VERSION_STRING                                              
c21c0c00  ti_sysbios_family_c64p_Hwi0                                         
c21c0c00  ti_sysbios_family_c64p_Hwi_int0                                     
c21c0c20  ti_sysbios_family_c64p_Hwi_int1                                     
c21c0c40  ti_sysbios_family_c64p_Hwi_int2                                     
c21c0c60  ti_sysbios_family_c64p_Hwi_int3                                     
c21c0c80  ti_sysbios_family_c64p_Hwi_int4                                     
c21c0ca0  ti_sysbios_family_c64p_Hwi_int5                                     
c21c0cc0  ti_sysbios_family_c64p_Hwi_int6                                     
c21c0ce0  ti_sysbios_family_c64p_Hwi_int7                                     
c21c0d00  ti_sysbios_family_c64p_Hwi_int8                                     
c21c0d20  ti_sysbios_family_c64p_Hwi_int9                                     
c21c0d40  ti_sysbios_family_c64p_Hwi_int10                                    
c21c0d60  ti_sysbios_family_c64p_Hwi_int11                                    
c21c0d80  ti_sysbios_family_c64p_Hwi_int12                                    
c21c0da0  ti_sysbios_family_c64p_Hwi_int13                                    
c21c0dc0  ti_sysbios_family_c64p_Hwi_int14                                    
c21c0de0  ti_sysbios_family_c64p_Hwi_int15                                    
c21c0e00  __CIOBUF_                                                           
c21c1e60  __TI_Handler_Table_Base                                             
c21c1e68  __TI_CINIT_Base                                                     
c21c1e68  __TI_Handler_Table_Limit                                            
c21c1e90  __TI_CINIT_Limit                                                    
ffffffff  __TI_pprof_out_hndl                                                 
ffffffff  __TI_prof_data_size                                                 
ffffffff  __TI_prof_data_start                                                
ffffffff  __binit__                                                           
ffffffff  __c_args__                                                          
ffffffff  binit                                                               
UNDEFED   __TI_INITARRAY_Base                                                 
UNDEFED   __TI_INITARRAY_Limit                                                

[2549 symbols]
