******************************************************************************
               TMS320C6x Linker PC v8.3.12                     
******************************************************************************
>> Linked Tue May 10 11:27:31 2022

OUTPUT FILE NAME:   <Board_C674x.out>
ENTRY POINT SYMBOL: "_c_int00"  address: c3000000


MEMORY CONFIGURATION

         name            origin    length      used     unused   attr    fill
----------------------  --------  ---------  --------  --------  ----  --------
  DSPL2RAM              00800000   00040000  00004000  0003c000  RW  
  SHRAM                 80000000   00020000  00000004  0001fffc  RW X
  DDR2                  c0000000   08000000  0286a36c  05795c94  RW X


SEGMENT ALLOCATION MAP

run origin  load origin   length   init length attrs members
----------  ----------- ---------- ----------- ----- -------
00800000    00800000    00004000   00000000    rw-
  00800000    00800000    00004000   00000000    rw- .stack
80000000    80000000    00000004   00000000    rw-
  80000000    80000000    00000004   00000000    rw- .LEDNixieVal
c0000000    c0000000    023a7c2c   00000000    rw-
  c0000000    c0000000    02000000   00000000    rw- SystemHeap
  c2000000    c2000000    003a7c2c   00000000    rw- .far
c23a7c30    c23a7c30    0039b950   0039b950    r--
  c23a7c30    c23a7c30    0039b932   0039b932    r-- .const
  c2743564    c2743564    0000001c   0000001c    r-- .switch.1
c2743580    c2743580    00122678   00122678    r-x
  c2743580    c2743580    001223c0   001223c0    r-x .text
  c2865940    c2865940    000002b8   000002b8    r-- .switch.2
c2865c00    c2865c00    00001eca   00000000    rw-
  c2865c00    c2865c00    00001eca   00000000    rw- .fardata
c2867acc    c2867acc    00000a48   00000a48    r--
  c2867acc    c2867acc    00000a48   00000a48    r-- .switch.3
c2868514    c2868514    00000429   00000000    rw-
  c2868514    c2868514    0000015f   00000000    rw- .bss
  c2868674    c2868674    000002c9   00000000    rw- .neardata
c2868940    c2868940    0000003c   00000000    r--
  c2868940    c2868940    0000003c   00000000    r-- .rodata
c2868980    c2868980    00000120   00000000    rw-
  c2868980    c2868980    00000120   00000000    rw- .cio
c2868c00    c2868c00    00001820   00001820    r-x
  c2868c00    c2868c00    00000200   00000200    r-x .vecs
  c2868e00    c2868e00    00001620   00001620    r-- .cinit
c3000000    c3000000    000000c0   000000c0    r-x
  c3000000    c3000000    000000c0   000000c0    r-x .text:_c_int00


SECTION ALLOCATION MAP

 output                                  attributes/
section   page    origin      length       input sections
--------  ----  ----------  ----------   ----------------
.LEDNixieVal 
*          0    80000000    00000004     UNINITIALIZED
                  80000000    00000004     LEDNixie.obj (.LEDNixieVal)

.text:_c_int00 
*          0    c3000000    000000c0     
                  c3000000    000000a0     boot.ae674 : boot.oe674 (.text:_c_int00)
                  c30000a0    00000020     Local_pe674.oe674 ($Tramp$S$$xdc_runtime_Startup_reset__I)

.stack     0    00800000    00004000     UNINITIALIZED
                  00800000    00000008     boot.ae674 : boot.oe674 (.stack)
                  00800008    00003ff8     --HOLE--

.far       0    c2000000    003a7c2c     UNINITIALIZED
                  c2000000    00100000     lv_mem.obj (.far:work_mem_int$1)
                  c2100000    000bb824     (.common:g_pucBuffer)
                  c21bb824    00000004     (.common:swCtrlFeatures)
                  c21bb828    000bb800     lv_port_disp_c674x.obj (.far:buf_1$2)
                  c2277028    000bb800     lv_port_disp_c674x.obj (.far:buf_2$3)
                  c2332828    0000004c     lv_port_disp_c674x.obj (.far:disp_drv$4)
                  c2332874    0000000c     (.common:_lv_anim_ll)
                  c2332880    00052b00     stk6_ppp_pppoe.ae674 : pbm_data.oe674 (.far:NDK_PACKETMEM)
                  c2385380    00010000     (.common:buff)
                  c2395380    0000c1c0     os.ae674 : mem_data.oe674 (.far:NDK_MMBUFFER)
                  c23a1540    00002800     Local_pe674.oe674 (.far:taskStackSection)
                  c23a3d40    00001618     ti.drv.omapl138.ae674 : ethdriver.oe674 (.far)
                  c23a5358    00000800     (.common:CmdHistory)
                  c23a5b58    00000660     nettool.ae674 : daemon.oe674 (.far)
                  c23a61b8    00000474     ti.drv.omapl138.ae674 : csl_emac.oe674 (.far)
                  c23a662c    00000004     stk6_ppp_pppoe.ae674 : rawethsock_pcb.oe674 (.far)
                  c23a6630    00000400     (.common:xdc_runtime_SysMin_Module_State_0_outbuf__A)
                  c23a6a30    00000140     (.common:__TI_tmpnams)
                  c23a6b70    00000110                          : igmp.oe674 (.far)
                  c23a6c80    00000104     (.common:rx_data)
                  c23a6d84    00000002     lv_theme_default.obj (.far:color_card)
                  c23a6d86    00000002     lv_theme_default.obj (.far:color_grey)
                  c23a6d88    00000104     (.common:tx_data)
                  c23a6e8c    00000002     lv_theme_default.obj (.far:color_scr)
                  c23a6e8e    00000002     lv_theme_default.obj (.far:color_text)
                  c23a6e90    00000104     (.common:vrf_data)
                  c23a6f94    00000004     --HOLE--
                  c23a6f98    00000100     lv_draw_sw_letter.obj (.far:opa_table$1)
                  c23a7098    000000d8     netctrl.ae674 : netsrv.oe674 (.far)
                  c23a7170    000000c8     stk6_ppp_pppoe.ae674 : ipv6.oe674 (.far)
                  c23a7238    000000c4                          : tcp.oe674 (.far)
                  c23a72fc    000000b8                          : tcp6in.oe674 (.far)
                  c23a73b4    00000004     --HOLE--
                  c23a73b8    00000040     (.common:g_cCmdBuf)
                  c23a73f8    00000008     (.common:MacAddr)
                  c23a7400    000000a0     (.common:RcvFis)
                  c23a74a0    0000009c                          : icmp.oe674 (.far)
                  c23a753c    00000004     --HOLE--
                  c23a7540    00000080     (.common:_lv_draw_mask_list)
                  c23a75c0    00000080     (.common:lv_mem_buf)
                  c23a7640    00000080     UARTConsole.obj (.far:UARTWriteBuffer)
                  c23a76c0    0000007c     os.ae674 : mem.oe674 (.far)
                  c23a773c    00000004     --HOLE--
                  c23a7740    00000070     (.common:_lv_circle_cache)
                  c23a77b0    00000068     stk6_ppp_pppoe.ae674 : ip.oe674 (.far)
                  c23a7818    00000064                          : nimu.oe674 (.far)
                  c23a787c    00000030     (.common:pllcfg)
                  c23a78ac    00000030                          : udp.oe674 (.far)
                  c23a78dc    0000002c     (.common:_lv_img_cache_single)
                  c23a7908    0000002a     (.common:TouchInfo)
                  c23a7932    00000002     --HOLE--
                  c23a7934    00000028                          : vlan.oe674 (.far)
                  c23a795c    00000024     (.common:RTCTime)
                  c23a7980    00000024     cmdline.obj (.far:argv$1)
                  c23a79a4    00000024     stk6_ppp_pppoe.ae674 : udp6.oe674 (.far)
                  c23a79c8    00000024     lv_theme_default.obj (.far:theme)
                  c23a79ec    00000004     --HOLE--
                  c23a79f0    00000020     console_min.ae674 : console.oe674 (.far)
                  c23a7a10    00000020     lv_port_indev_c674x.obj (.far:indev_drv$1)
                  c23a7a30    0000001c     lv_port_disp_c674x.obj (.far:draw_buf_dsc$1)
                  c23a7a4c    00000004     --HOLE--
                  c23a7a50    0000001a     rts6740_elf.lib : asctime.c.obj (.far:time_buf)
                  c23a7a6a    00000002     --HOLE--
                  c23a7a6c    00000018     netctrl.ae674 : netctrl.oe674 (.far)
                  c23a7a84    00000018     lv_refr.obj (.far:perf_monitor)
                  c23a7a9c    00000018     stk6_ppp_pppoe.ae674 : icmpv6.oe674 (.far)
                  c23a7ab4    00000018     ti.drv.omapl138.ae674 : csl_mdio.oe674 (.far)
                  c23a7acc    00000004     --HOLE--
                  c23a7ad0    00000014     stk6_ppp_pppoe.ae674 : rtc.oe674 (.far)
                  c23a7ae4    00000014     lv_theme_default.obj (.far:trans_delayed$2)
                  c23a7af8    00000014     lv_theme_default.obj (.far:trans_normal$3)
                  c23a7b0c    00000004     --HOLE--
                  c23a7b10    00000010     (.common:IPAddress)
                  c23a7b20    00000010     stk6_ppp_pppoe.ae674 : raw.oe674 (.far)
                  c23a7b30    00000010                          : raw6.oe674 (.far)
                  c23a7b40    00000010                          : raweth.oe674 (.far)
                  c23a7b50    0000000c     (.common:_lv_disp_ll)
                  c23a7b5c    0000000c     (.common:_lv_fsdrv_ll)
                  c23a7b68    0000000c     (.common:_lv_group_ll)
                  c23a7b74    0000000c     (.common:_lv_img_decoder_ll)
                  c23a7b80    0000000c     (.common:_lv_indev_ll)
                  c23a7b8c    0000000c     (.common:_lv_obj_style_trans_ll)
                  c23a7b98    0000000c     (.common:_lv_timer_ll)
                  c23a7ba4    00000004     --HOLE--
                  c23a7ba8    0000000c     (.common:ti_sysbios_knl_Task_Instance_State_0_hookEnv__A)
                  c23a7bb4    00000004     --HOLE--
                  c23a7bb8    0000000c     (.common:ti_sysbios_knl_Task_Instance_State_1_hookEnv__A)
                  c23a7bc4    0000000c                          : pbm.oe674 (.far)
                  c23a7bd0    0000000a     (.common:I2CData)
                  c23a7bda    00000006     --HOLE--
                  c23a7be0    00000008     (.common:parmbuf)
                  c23a7be8    00000008     SourceHanSansCN_Normal_16.obj (.far:cache)
                  c23a7bf0    00000008     lv_theme_default.obj (.far:dark_filter$4)
                  c23a7bf8    00000008     lv_theme_default.obj (.far:grey_filter$5)
                  c23a7c00    00000004     (.common:ti_sysbios_family_c64p_Hwi_Instance_State_0_hookEnv__A)
                  c23a7c04    00000004     --HOLE--
                  c23a7c08    00000004     (.common:ti_sysbios_family_c64p_Hwi_Instance_State_1_hookEnv__A)
                  c23a7c0c    00000004     --HOLE--
                  c23a7c10    00000004     (.common:ti_sysbios_family_c64p_Hwi_Instance_State_2_hookEnv__A)
                  c23a7c14    00000004     --HOLE--
                  c23a7c18    00000004     (.common:ti_sysbios_family_c64p_Hwi_Instance_State_3_hookEnv__A)
                  c23a7c1c    00000004     --HOLE--
                  c23a7c20    00000004     (.common:ti_sysbios_family_c64p_Hwi_Instance_State_4_hookEnv__A)
                  c23a7c24    00000004     --HOLE--
                  c23a7c28    00000004     (.common:ti_sysbios_knl_Swi_Instance_State_0_hookEnv__A)

.const     0    c23a7c30    0039b932     
                  c23a7c30    0026145d     SourceHanSansCN_Normal_16.obj (.const:.string:glyph_bitmap)
                  c260908d    00000001     --HOLE-- [fill = 0]
                  c260908e    00000002     Local_pe674.oe674 (.const:ti_sysbios_BIOS_Module__id__C)
                  c2609090    000bb800     imgBackground.obj (.const:.string:imgBackground_map)
                  c26c4890    00052420     SourceHanSansCN_Normal_16.obj (.const:glyph_dsc)
                  c2716cb0    00003b8d     console_min.ae674 : conipv6.oe674 (.const:.string)
                  c271a83d    00000001     --HOLE-- [fill = 0]
                  c271a83e    00000002     Local_pe674.oe674 (.const:ti_sysbios_family_c64p_EventCombiner_Module__id__C)
                  c271a840    00001cb0     imgLAN.obj (.const:.string:imgLAN_map)
                  c271c4f0    00001b00     imgBrightness.obj (.const:.string:imgBrightness_map)
                  c271dff0    00001b00     imgCalculator.obj (.const:.string:imgCalculator_map)
                  c271faf0    00001b00     imgCalendar.obj (.const:.string:imgCalendar_map)
                  c27215f0    00001b00     imgClock.obj (.const:.string:imgClock_map)
                  c27230f0    00001b00     imgFile.obj (.const:.string:imgFile_map)
                  c2724bf0    00001b00     imgGame.obj (.const:.string:imgGame_map)
                  c27266f0    00001b00     imgRoate.obj (.const:.string:imgRoate_map)
                  c27281f0    00001b00     imgSnake.obj (.const:.string:imgSnake_map)
                  c2729cf0    00001b00     imgSystemInfo.obj (.const:.string:imgSystemInfo_map)
                  c272b7f0    00001b00     imgTetris.obj (.const:.string:imgTetris_map)
                  c272d2f0    00001b00     imgTouch.obj (.const:.string:imgTouch_map)
                  c272edf0    00001b00     imgWLAN.obj (.const:.string:imgWLAN_map)
                  c27308f0    00001aa6     console_min.ae674 : contest.oe674 (.const:.string)
                  c2732396    00000002     Local_pe674.oe674 (.const:ti_sysbios_family_c64p_Exception_Module__id__C)
                  c2732398    00001709     Local_pe674.oe674 (.const:xdc_runtime_Text_charTab__A)
                  c2733aa1    00000001     --HOLE-- [fill = 0]
                  c2733aa2    00000002     Local_pe674.oe674 (.const:ti_sysbios_family_c64p_Exception_useInternalBuffer__C)
                  c2733aa4    00001314     lodepng.obj (.const:.string)
                  c2734db8    00000da0     SourceHanSansCN_Normal_16.obj (.const:kern_pair_glyph_ids)
                  c2735b58    00000cca     console_min.ae674 : constat.oe674 (.const:.string)
                  c2736822    00000002     Local_pe674.oe674 (.const:ti_sysbios_family_c64p_Hwi_Module__id__C)
                  c2736824    0000092c     lv_tlsf.obj (.const:.string)
                  c2737150    00000893     console_min.ae674 : conipaddr.oe674 (.const:.string)
                  c27379e3    00000001     --HOLE-- [fill = 0]
                  c27379e4    00000004     lv_obj_scroll.obj (.const:$P$T0$1)
                  c27379e8    000006ac     LEDNixie.obj (.const:.string:PRU_Code)
                  c2738094    00000004     lv_obj_scroll.obj (.const:$P$T1$2)
                  c2738098    00000690     SourceHanSansCN_Normal_16.obj (.const:cmaps)
                  c2738728    00000603     console_min.ae674 : console.oe674 (.const:.string)
                  c2738d2b    00000001     --HOLE-- [fill = 0]
                  c2738d2c    00000588     sysbios.ae674 : BIOS.obj (.const:.string)
                  c27392b4    000004b6     console_min.ae674 : convlan.oe674 (.const:.string)
                  c273976a    00000412                       : conecho.oe674 (.const:.string)
                  c2739b7c    00000004     lv_obj_pos.obj (.const:$P$T10$4)
                  c2739b80    00000400     tjpgd.obj (.const:.string:Clip8)
                  c2739f80    000003d8     Web.obj (.const:.string)
                  c273a358    000003d0     LEDMatrix.obj (.const:.string:PRU_Code)
                  c273a728    000003c8     Command.obj (.const:.string)
                  c273aaf0    000003b2     console_min.ae674 : condns.oe674 (.const:.string)
                  c273aea2    00000002     Local_pe674.oe674 (.const:ti_sysbios_family_c64p_Hwi_Module__loggerDefined__C)
                  c273aea4    00000368     Exception.obj (.const:.string)
                  c273b20c    00000004     lv_draw_sw_gradient.obj (.const:$P$T2$4)
                  c273b210    00000368     SourceHanSansCN_Normal_16.obj (.const:.string:kern_pair_values)
                  c273b578    00000350     nettool.ae674 : httpsend.oe674 (.const:.string)
                  c273b8c8    0000032c     console_min.ae674 : conlli.oe674 (.const:.string)
                  c273bbf4    000002dc                       : conroute.oe674 (.const:.string)
                  c273bed0    000002cc                       : conping.oe674 (.const:.string)
                  c273c19c    0000028c     lv_calendar_header_dropdown.obj (.const:.string)
                  c273c428    0000027d     console_min.ae674 : conacct.oe674 (.const:.string)
                  c273c6a5    0000025d     nettool.ae674 : dnscomn.oe674 (.const:.string)
                  c273c902    00000002     Local_pe674.oe674 (.const:ti_sysbios_gates_GateMutex_Module__id__C)
                  c273c904    00000244     Net.obj (.const:.string)
                  c273cb48    0000021a     os.ae674 : task.oe674 (.const:.string)
                  c273cd62    00000205     console_min.ae674 : consock.oe674 (.const:.string)
                  c273cf67    000001e2     stk6_ppp_pppoe.ae674 : bind6.oe674 (.const:.string)
                  c273d149    00000001     --HOLE-- [fill = 0]
                  c273d14a    00000002     Local_pe674.oe674 (.const:ti_sysbios_hal_Hwi_Module__id__C)
                  c273d14c    000001a8     DDR2.obj (.const:.string)
                  c273d2f4    0000018c     console_min.ae674 : contftp.oe674 (.const:.string)
                  c273d480    00000184     lv_mem.obj (.const:.string)
                  c273d604    00000164     SystemInfo.obj (.const:.string)
                  c273d768    0000015c     stk6_ppp_pppoe.ae674 : route6.oe674 (.const:.string)
                  c273d8c4    00000159                          : nimuppp.oe674 (.const:.string)
                  c273da1d    0000014f     os.ae674 : mem.oe674 (.const:.string)
                  c273db6c    00000144     ti.drv.omapl138.ae674 : ethdriver.oe674 (.const:.string)
                  c273dcb0    00000110     Flash.obj (.const:.string)
                  c273ddc0    00000107     stk6_ppp_pppoe.ae674 : vlan.oe674 (.const:.string)
                  c273dec7    00000001     --HOLE-- [fill = 0]
                  c273dec8    00000101     rts6740_elf.lib : ctype.c.obj (.const:.string:_ctypes_)
                  c273dfc9    00000006     nettool.ae674 : tftp.oe674 (.const:.string)
                  c273dfcf    00000001     --HOLE-- [fill = 0]
                  c273dfd0    00000100     lv_draw_sw_letter.obj (.const:.string:_lv_bpp8_opa_table)
                  c273e0d0    000000fd     stk6_ppp_pppoe.ae674 : icmpv6out.oe674 (.const:.string)
                  c273e1cd    000000f2                          : icmpv6_ndisc.oe674 (.const:.string)
                  c273e2bf    00000001     --HOLE-- [fill = 0]
                  c273e2c0    000000f0     EEPROM.obj (.const:.string)
                  c273e3b0    000000f0     Local_pe674.oe674 (.const:xdc_runtime_Text_nodeTab__A)
                  c273e4a0    000000ec     lv_chart.obj (.const:.string)
                  c273e58c    000000ec     lv_table.obj (.const:.string)
                  c273e678    000000ec     lv_textarea.obj (.const:.string)
                  c273e764    000000e8     lv_img_decoder.obj (.const:.string)
                  c273e84c    000000e8     lv_keyboard.obj (.const:.string)
                  c273e934    000000e4     lv_draw_mask.obj (.const:.string)
                  c273ea18    000000dc     lv_hal_disp.obj (.const:.string)
                  c273eaf4    000000d8     EMAC.obj (.const:.string)
                  c273ebcc    000000d8     SYSCFG.obj (.const:.string)
                  c273eca4    000000d8     stk6_ppp_pppoe.ae674 : node.oe674 (.const:.string)
                  c273ed7c    000000d7     nettool.ae674 : httpstr.oe674 (.const:.string)
                  c273ee53    00000001     --HOLE-- [fill = 0]
                  c273ee54    000000d4     ti.drv.omapl138.ae674 : nimu_eth.oe674 (.const:.string)
                  c273ef28    000000d0     lv_label.obj (.const:.string)
                  c273eff8    000000cf     stk6_ppp_pppoe.ae674 : rtc.oe674 (.const:.string)
                  c273f0c7    00000001     --HOLE-- [fill = 0]
                  c273f0c8    000000cc     lv_obj.obj (.const:.string)
                  c273f194    000000c8     lv_dropdown.obj (.const:.string)
                  c273f25c    00000004     lv_obj_pos.obj (.const:$P$T9$3)
                  c273f260    000000c0     LEDMatrix.obj (.const:.string:PRU_Data)
                  c273f320    000000bf     stk6_ppp_pppoe.ae674 : lliout.oe674 (.const:.string)
                  c273f3df    00000001     --HOLE-- [fill = 0]
                  c273f3e0    000000be     lv_color.obj (.const:colors$2)
                  c273f49e    000000bc     servers_min.ae674 : newservers.oe674 (.const:.string)
                  c273f55a    00000006     nettool.ae674 : tftp6.oe674 (.const:.string)
                  c273f560    000000b6     lv_math.obj (.const:sin0_90_table)
                  c273f616    00000002     Local_pe674.oe674 (.const:ti_sysbios_heaps_HeapMem_Module__id__C)
                  c273f618    000000b4     Network.obj (.const:.string)
                  c273f6cc    000000b1     nettool.ae674 : dnsclnt.oe674 (.const:.string)
                  c273f77d    00000001     --HOLE-- [fill = 0]
                  c273f77e    00000002     Local_pe674.oe674 (.const:ti_sysbios_knl_Clock_Module__id__C)
                  c273f780    000000b0     Calculator.obj (.const:.string)
                  c273f830    000000b0     Home.obj (.const:.string)
                  c273f8e0    000000b0     lv_hal_indev.obj (.const:.string)
                  c273f990    000000b0     lv_keyboard.obj (.const:default_kb_map_lc)
                  c273fa40    000000b0     lv_keyboard.obj (.const:default_kb_map_spec)
                  c273faf0    000000b0     lv_keyboard.obj (.const:default_kb_map_uc)
                  c273fba0    000000a9     stk6_ppp_pppoe.ae674 : lli6.oe674 (.const:.string)
                  c273fc49    000000a7     nettool.ae674 : ipaddr.oe674 (.const:.string)
                  c273fcf0    000000a7     stk6_ppp_pppoe.ae674 : nimu.oe674 (.const:.string)
                  c273fd97    00000001     --HOLE-- [fill = 0]
                  c273fd98    000000a4     LVGLTask.obj (.const:.string)
                  c273fe3c    000000a2     stk6_ppp_pppoe.ae674 : nimupppoe.oe674 (.const:.string)
                  c273fede    00000002     Local_pe674.oe674 (.const:ti_sysbios_knl_Clock_Module__loggerDefined__C)
                  c273fee0    000000a0     lv_btnmatrix.obj (.const:.string)
                  c273ff80    00000098     lv_refr.obj (.const:.string)
                  c2740018    00000098     lv_color.obj (.const:colors$3)
                  c27400b0    00000094     Touch.obj (.const:.string)
                  c2740144    00000091     stk6_ppp_pppoe.ae674 : tcp6time.oe674 (.const:.string)
                  c27401d5    00000001     --HOLE-- [fill = 0]
                  c27401d6    00000002     Local_pe674.oe674 (.const:ti_sysbios_knl_Semaphore_Module__id__C)
                  c27401d8    00000090     lv_calendar.obj (.const:.string)
                  c2740268    0000008d     stk6_ppp_pppoe.ae674 : tcptime.oe674 (.const:.string)
                  c27402f5    00000001     --HOLE-- [fill = 0]
                  c27402f6    00000002     Local_pe674.oe674 (.const:ti_sysbios_knl_Semaphore_Module__loggerDefined__C)
                  c27402f8    0000008c     lv_fs.obj (.const:.string)
                  c2740384    0000008c     lv_roller.obj (.const:.string)
                  c2740410    00000084     lv_bmp.obj (.const:.string)
                  c2740494    00000080     lv_draw_sw_gradient.obj (.const:.string)
                  c2740514    00000080     lv_style.obj (.const:.string)
                  c2740594    00000004     SysMinProvide.obj (.const:.string)
                  c2740598    00000080     tjpgd.obj (.const:Ipsf)
                  c2740618    00000080     rts6740_elf.lib : strtod.c.obj (.const:digits)
                  c2740698    0000007c     UARTConsole.obj (.const:.string)
                  c2740714    00000078     lv_meter.obj (.const:.string)
                  c274078c    00000078     main.obj (.const:.string)
                  c2740804    00000004     lv_draw_label.obj (.const:.string)
                  c2740808    00000078     lodepng.obj (.const:DISTANCEBASE)
                  c2740880    00000078     lodepng.obj (.const:DISTANCEEXTRA)
                  c27408f8    00000077     stk6_ppp_pppoe.ae674 : sock6.oe674 (.const:.string)
                  c274096f    00000076                          : mld.oe674 (.const:.string)
                  c27409e5    00000001     --HOLE-- [fill = 0]
                  c27409e6    00000002     Local_pe674.oe674 (.const:ti_sysbios_knl_Swi_Module__id__C)
                  c27409e8    00000074     lv_font.obj (.const:.string)
                  c2740a5c    00000004     lv_menu.obj (.const:.string)
                  c2740a60    00000074     lodepng.obj (.const:LENGTHBASE)
                  c2740ad4    00000004     lv_png.obj (.const:.string)
                  c2740ad8    00000074     lodepng.obj (.const:LENGTHEXTRA)
                  c2740b4c    00000070     lv_obj_style.obj (.const:.string)
                  c2740bbc    00000004     lv_spinbox.obj (.const:.string)
                  c2740bc0    00000070     SourceHanSansCN_Normal_16.obj (.const:unicode_list_83)
                  c2740c30    0000006c     lv_event.obj (.const:.string)
                  c2740c9c    0000006c     rts6740_elf.lib : asctime.c.obj (.const:.string)
                  c2740d08    00000068     lv_flex.obj (.const:.string)
                  c2740d70    00000068     lv_group.obj (.const:.string)
                  c2740dd8    00000064     lv_calendar_header_arrow.obj (.const:.string)
                  c2740e3c    00000064     lv_obj_pos.obj (.const:.string)
                  c2740ea0    00000064     Local_pe674.oe674 (.const:ti_sysbios_timers_timer64_Timer_Object__PARAMS__C)
                  c2740f04    00000060     lv_txt.obj (.const:.string)
                  c2740f64    00000060     stk6_ppp_pppoe.ae674 : sb.oe674 (.const:.string)
                  c2740fc4    0000005c     lv_anim.obj (.const:.string)
                  c2741020    0000005c     lv_img.obj (.const:.string)
                  c274107c    0000005c     lv_timer.obj (.const:.string)
                  c27410d8    00000058     ti.targets.rts6000.ae674 : Error.oe674 (.const:.string)
                  c2741130    00000056     os.ae674 : semaphore.oe674 (.const:.string)
                  c2741186    00000002     Local_pe674.oe674 (.const:ti_sysbios_knl_Swi_Module__loggerDefined__C)
                  c2741188    00000054     stk6_ppp_pppoe.ae674 : sockprot.oe674 (.const:Code2Err)
                  c27411dc    00000004     lv_tabview.obj (.const:.string)
                  c27411e0    00000054     lv_keyboard.obj (.const:default_kb_map_num)
                  c2741234    00000051     nettool.ae674 : dhcpmain.oe674 (.const:.string)
                  c2741285    00000050     stk6_ppp_pppoe.ae674 : bind.oe674 (.const:.string)
                  c27412d5    00000001     --HOLE-- [fill = 0]
                  c27412d6    00000002     Local_pe674.oe674 (.const:ti_sysbios_knl_Task_Module__id__C)
                  c27412d8    00000050     lv_keyboard.obj (.const:default_kb_ctrl_lc_map)
                  c2741328    00000050     lv_keyboard.obj (.const:default_kb_ctrl_spec_map)
                  c2741378    00000050     lv_keyboard.obj (.const:default_kb_ctrl_uc_map)
                  c27413c8    0000004e     stk6_ppp_pppoe.ae674 : rtable.oe674 (.const:.string)
                  c2741416    00000002     Local_pe674.oe674 (.const:ti_sysbios_knl_Task_Module__loggerDefined__C)
                  c2741418    0000004c     LCDBrightness.obj (.const:.string)
                  c2741464    0000004c     lv_log.obj (.const:.string)
                  c27414b0    0000004c     lodepng.obj (.const:CLCL_ORDER)
                  c27414fc    00000048     Local_pe674.oe674 (.const:.string)
                  c2741544    00000048     ti.targets.rts6000.ae674 : Log.oe674 (.const:.string)
                  c274158c    00000004     lv_theme_default.obj (.const:.string)
                  c2741590    00000048     rts6740_elf.lib : strtod.c.obj (.const:powerof10)
                  c27415d8    00000048     Local_pe674.oe674 (.const:ti_sysbios_knl_Task_hooks__A)
                  c2741620    00000044     netctrl.ae674 : netctrl.oe674 (.const:.string)
                  c2741664    00000041     nettool.ae674 : httpclie.oe674 (.const:.string)
                  c27416a5    00000041     stk6_ppp_pppoe.ae674 : sb6.oe674 (.const:.string)
                  c27416e6    00000002     Local_pe674.oe674 (.const:ti_sysbios_knl_Task_initStackFlag__C)
                  c27416e8    00000040     tjpgd.obj (.const:.string:Zig)
                  c2741728    00000040     lv_draw_sw_dither.obj (.const:.string:dither_ordered_threshold_matrix)
                  c2741768    00000040     ti.targets.rts6000.ae674 : Text.oe674 (.const:.string)
                  c27417a8    0000003e     stk6_ppp_pppoe.ae674 : ipv6.oe674 (.const:.string)
                  c27417e6    0000003c                          : ipv6_exthdrs.oe674 (.const:.string)
                  c2741822    00000002     Local_pe674.oe674 (.const:ti_sysbios_timers_timer64_Timer_Module__id__C)
                  c2741824    0000003c     Local_pe674.oe674 (.const:ti_sysbios_knl_Task_Object__PARAMS__C)
                  c2741860    00000038     SATATest.obj (.const:.string)
                  c2741898    00000038     stk6_ppp_pppoe.ae674 : icmpv6in.oe674 (.const:.string)
                  c27418d0    00000038                          : sock.oe674 (.const:.string)
                  c2741908    00000034     cgi.ae674 : cgiparsem.oe674 (.const:.string)
                  c274193c    00000034     Local_pe674.oe674 (.const:xdc_runtime_LoggerSys_Module__FXNS__C)
                  c2741970    00000034     Local_pe674.oe674 (.const:xdc_runtime_Startup_sfxnTab__A)
                  c27419a4    00000031     stk6_ppp_pppoe.ae674 : pbm.oe674 (.const:.string)
                  c27419d5    00000001     --HOLE-- [fill = 0]
                  c27419d6    00000002     Local_pe674.oe674 (.const:ti_sysbios_timers_timer64_Timer_startupNeeded__C)
                  c27419d8    00000030     rts6740_elf.lib : asctime.c.obj (.const:mon)
                  c2741a08    00000030     Local_pe674.oe674 (.const:ti_sysbios_family_c64p_Hwi_Object__PARAMS__C)
                  c2741a38    0000002c     ti.drv.omapl138.ae674 : csl_mdio.oe674 (.const:.string)
                  c2741a64    0000002c     ti.targets.rts6000.ae674 : Startup.oe674 (.const:.string)
                  c2741a90    0000002c     Local_pe674.oe674 (.const:ti_sysbios_hal_Hwi_Object__PARAMS__C)
                  c2741abc    00000004     nettool.ae674 : telnetd.oe674 (.const:.string)
                  c2741ac0    0000002c     lv_theme_default.obj (.const:trans_props$1)
                  c2741aec    00000028     Local_pe674.oe674 (.const:ti_sysbios_heaps_HeapMem_Module__FXNS__C)
                  c2741b14    00000028     Local_pe674.oe674 (.const:ti_sysbios_knl_Swi_Object__PARAMS__C)
                  c2741b3c    00000004     ti.targets.rts6000.ae674 : Assert.oe674 (.const:.string)
                  c2741b40    00000026     lv_event.obj (.const:.string:$P$T2$4)
                  c2741b66    00000002     Local_pe674.oe674 (.const:ti_sysbios_utils_Load_Module__id__C)
                  c2741b68    00000026     lv_color.obj (.const:colors$1)
                  c2741b8e    00000002     Local_pe674.oe674 (.const:ti_sysbios_utils_Load_Module__loggerDefined__C)
                  c2741b90    00000024     rts6740_elf.lib : _printfi.c.obj (.const:.string)
                  c2741bb4    00000024     Local_pe674.oe674 (.const:ti_sysbios_gates_GateHwi_Module__FXNS__C)
                  c2741bd8    00000024     Local_pe674.oe674 (.const:ti_sysbios_gates_GateMutex_Module__FXNS__C)
                  c2741bfc    00000024     Local_pe674.oe674 (.const:ti_sysbios_heaps_HeapMem_Object__PARAMS__C)
                  c2741c20    00000024     Local_pe674.oe674 (.const:ti_sysbios_knl_Clock_Object__PARAMS__C)
                  c2741c44    00000024     Local_pe674.oe674 (.const:ti_sysbios_knl_Semaphore_Object__PARAMS__C)
                  c2741c68    00000022     lv_calendar.obj (.const:.string:$P$T0$1)
                  c2741c8a    00000006     stk6_ppp_pppoe.ae674 : auth.oe674 (.const:.string)
                  c2741c90    00000022     lv_keyboard.obj (.const:default_kb_ctrl_num_map)
                  c2741cb2    00000002     Local_pe674.oe674 (.const:ti_sysbios_utils_Load_autoAddTasks__C)
                  c2741cb4    00000004     Local_pe674.oe674 (.const:ti_sysbios_BIOS_Module__diagsEnabled__C)
                  c2741cb8    00000021     lv_textarea.obj (.const:.string:$P$T5$6)
                  c2741cd9    00000001     --HOLE-- [fill = 0]
                  c2741cda    00000002     Local_pe674.oe674 (.const:ti_sysbios_utils_Load_hwiEnabled__C)
                  c2741cdc    00000004     Local_pe674.oe674 (.const:ti_sysbios_BIOS_Module__diagsIncluded__C)
                  c2741ce0    00000021     lv_draw_sw_line.obj (.const:.string:wcorr$1)
                  c2741d01    00000001     --HOLE-- [fill = 0]
                  c2741d02    00000002     Local_pe674.oe674 (.const:ti_sysbios_utils_Load_updateInIdle__C)
                  c2741d04    00000004     Local_pe674.oe674 (.const:ti_sysbios_BIOS_Module__diagsMask__C)
                  c2741d08    00000020     lv_btnmatrix.obj (.const:.string:$P$T0$1)
                  c2741d28    00000020     lv_obj_style.obj (.const:.string:$P$T2$1)
                  c2741d48    00000020     Local_pe674.oe674 (.const:ti_sysbios_family_c64p_Hwi_Object__DESC__C)
                  c2741d68    00000020     Local_pe674.oe674 (.const:ti_sysbios_gates_GateHwi_Object__DESC__C)
                  c2741d88    00000020     Local_pe674.oe674 (.const:ti_sysbios_gates_GateMutex_Object__DESC__C)
                  c2741da8    00000020     Local_pe674.oe674 (.const:ti_sysbios_hal_Hwi_Object__DESC__C)
                  c2741dc8    00000020     Local_pe674.oe674 (.const:ti_sysbios_heaps_HeapMem_Object__DESC__C)
                  c2741de8    00000020     Local_pe674.oe674 (.const:ti_sysbios_knl_Clock_Object__DESC__C)
                  c2741e08    00000020     Local_pe674.oe674 (.const:ti_sysbios_knl_Queue_Object__DESC__C)
                  c2741e28    00000020     Local_pe674.oe674 (.const:ti_sysbios_knl_Semaphore_Object__DESC__C)
                  c2741e48    00000020     Local_pe674.oe674 (.const:ti_sysbios_knl_Swi_Object__DESC__C)
                  c2741e68    00000020     Local_pe674.oe674 (.const:ti_sysbios_knl_Task_Object__DESC__C)
                  c2741e88    00000020     Local_pe674.oe674 (.const:ti_sysbios_timers_timer64_Timer_Object__DESC__C)
                  c2741ea8    00000020     Local_pe674.oe674 (.const:xdc_runtime_LoggerSys_Object__DESC__C)
                  c2741ec8    0000001f     lv_dropdown.obj (.const:.string:$P$T1$2)
                  c2741ee7    00000001     --HOLE-- [fill = 0]
                  c2741ee8    0000001e     lv_textarea.obj (.const:.string:$P$T6$7)
                  c2741f06    0000001e     nettool.ae674 : daemon.oe674 (.const:.string)
                  c2741f24    00000004     Local_pe674.oe674 (.const:ti_sysbios_BIOS_installedErrorHook__C)
                  c2741f28    0000001d     lv_chart.obj (.const:.string:$P$T2$3)
                  c2741f45    00000001     --HOLE-- [fill = 0]
                  c2741f46    00000002     Local_pe674.oe674 (.const:xdc_runtime_Core_Module__id__C)
                  c2741f48    0000001d     lv_img_decoder.obj (.const:.string:$P$T4$4)
                  c2741f65    0000001d     stk6_ppp_pppoe.ae674 : lli.oe674 (.const:.string)
                  c2741f82    00000002     Local_pe674.oe674 (.const:xdc_runtime_Error_Module__loggerDefined__C)
                  c2741f84    0000001c     lv_draw_sw_rect.obj (.const:$P$T0$1)
                  c2741fa0    0000001c     lv_table.obj (.const:.string:$P$T1$2)
                  c2741fbc    00000004     Local_pe674.oe674 (.const:ti_sysbios_family_c62_TaskSupport_stackAlignment__C)
                  c2741fc0    0000001c     lodepng.obj (.const:ADAM7_DX)
                  c2741fdc    00000004     Local_pe674.oe674 (.const:ti_sysbios_family_c64p_Cache_EMIFA_BASE__C)
                  c2741fe0    0000001c     lodepng.obj (.const:ADAM7_DY)
                  c2741ffc    00000004     Local_pe674.oe674 (.const:ti_sysbios_family_c64p_Cache_EMIFA_CFG__C)
                  c2742000    0000001c     lodepng.obj (.const:ADAM7_IX)
                  c274201c    00000004     Local_pe674.oe674 (.const:ti_sysbios_family_c64p_Cache_EMIFA_LENGTH__C)
                  c2742020    0000001c     lodepng.obj (.const:ADAM7_IY)
                  c274203c    0000001c     SourceHanSansCN_Normal_16.obj (.const:SourceHanSansCN_Normal_16)
                  c2742058    0000001c     rts6740_elf.lib : asctime.c.obj (.const:day)
                  c2742074    0000001c     lv_arc.obj (.const:lv_arc_class)
                  c2742090    0000001c     lv_bar.obj (.const:lv_bar_class)
                  c27420ac    0000001c     lv_btn.obj (.const:lv_btn_class)
                  c27420c8    0000001c     lv_btnmatrix.obj (.const:lv_btnmatrix_class)
                  c27420e4    0000001c     lv_calendar.obj (.const:lv_calendar_class)
                  c2742100    0000001c     lv_calendar_header_arrow.obj (.const:lv_calendar_header_arrow_class)
                  c274211c    0000001c     lv_calendar_header_dropdown.obj (.const:lv_calendar_header_dropdown_class)
                  c2742138    0000001c     lv_chart.obj (.const:lv_chart_class)
                  c2742154    0000001c     lv_checkbox.obj (.const:lv_checkbox_class)
                  c2742170    0000001c     lv_colorwheel.obj (.const:lv_colorwheel_class)
                  c274218c    0000001c     lv_dropdown.obj (.const:lv_dropdown_class)
                  c27421a8    0000001c     lv_dropdown.obj (.const:lv_dropdownlist_class)
                  c27421c4    0000001c     lv_img.obj (.const:lv_img_class)
                  c27421e0    0000001c     lv_imgbtn.obj (.const:lv_imgbtn_class)
                  c27421fc    0000001c     lv_keyboard.obj (.const:lv_keyboard_class)
                  c2742218    0000001c     lv_label.obj (.const:lv_label_class)
                  c2742234    0000001c     lv_led.obj (.const:lv_led_class)
                  c2742250    0000001c     lv_line.obj (.const:lv_line_class)
                  c274226c    0000001c     lv_list.obj (.const:lv_list_btn_class)
                  c2742288    0000001c     lv_list.obj (.const:lv_list_class)
                  c27422a4    0000001c     lv_list.obj (.const:lv_list_text_class)
                  c27422c0    0000001c     lv_menu.obj (.const:lv_menu_class)
                  c27422dc    0000001c     lv_menu.obj (.const:lv_menu_cont_class)
                  c27422f8    0000001c     lv_menu.obj (.const:lv_menu_main_cont_class)
                  c2742314    0000001c     lv_menu.obj (.const:lv_menu_main_header_cont_class)
                  c2742330    0000001c     lv_menu.obj (.const:lv_menu_page_class)
                  c274234c    0000001c     lv_menu.obj (.const:lv_menu_section_class)
                  c2742368    0000001c     lv_menu.obj (.const:lv_menu_separator_class)
                  c2742384    0000001c     lv_menu.obj (.const:lv_menu_sidebar_cont_class)
                  c27423a0    0000001c     lv_menu.obj (.const:lv_menu_sidebar_header_cont_class)
                  c27423bc    0000001c     lv_meter.obj (.const:lv_meter_class)
                  c27423d8    0000001c     lv_msgbox.obj (.const:lv_msgbox_backdrop_class)
                  c27423f4    0000001c     lv_msgbox.obj (.const:lv_msgbox_class)
                  c2742410    0000001c     lv_obj.obj (.const:lv_obj_class)
                  c274242c    0000001c     lv_roller.obj (.const:lv_roller_class)
                  c2742448    0000001c     lv_roller.obj (.const:lv_roller_label_class)
                  c2742464    0000001c     lv_slider.obj (.const:lv_slider_class)
                  c2742480    0000001c     lv_spinbox.obj (.const:lv_spinbox_class)
                  c274249c    0000001c     lv_spinner.obj (.const:lv_spinner_class)
                  c27424b8    0000001c     lv_switch.obj (.const:lv_switch_class)
                  c27424d4    0000001c     lv_table.obj (.const:lv_table_class)
                  c27424f0    0000001c     lv_tabview.obj (.const:lv_tabview_class)
                  c274250c    0000001c     lv_textarea.obj (.const:lv_textarea_class)
                  c2742528    0000001c     lv_tileview.obj (.const:lv_tileview_class)
                  c2742544    0000001c     lv_tileview.obj (.const:lv_tileview_tile_class)
                  c2742560    0000001c     lv_win.obj (.const:lv_win_class)
                  c274257c    00000004     Local_pe674.oe674 (.const:ti_sysbios_family_c64p_Cache_EMIFB_BASE__C)
                  c2742580    0000001b     lv_chart.obj (.const:.string:$P$T1$2)
                  c274259b    00000001     --HOLE-- [fill = 0]
                  c274259c    00000004     Local_pe674.oe674 (.const:ti_sysbios_family_c64p_Cache_EMIFB_CFG__C)
                  c27425a0    0000001b     lv_draw_sw_gradient.obj (.const:.string:$P$T1$2)
                  c27425bb    00000001     --HOLE-- [fill = 0]
                  c27425bc    00000004     Local_pe674.oe674 (.const:ti_sysbios_family_c64p_Cache_EMIFB_LENGTH__C)
                  c27425c0    0000001b     lv_label.obj (.const:.string:$P$T5$5)
                  c27425db    00000001     --HOLE-- [fill = 0]
                  c27425dc    00000004     Local_pe674.oe674 (.const:ti_sysbios_family_c64p_Cache_EMIFC_BASE__C)
                  c27425e0    0000001b     lv_chart.obj (.const:.string:$P$T7$8)
                  c27425fb    00000001     --HOLE-- [fill = 0]
                  c27425fc    00000004     Local_pe674.oe674 (.const:ti_sysbios_family_c64p_Cache_EMIFC_CFG__C)
                  c2742600    0000001a     lv_obj.obj (.const:.string:$P$T1$2)
                  c274261a    00000002     Local_pe674.oe674 (.const:xdc_runtime_Error_maxDepth__C)
                  c274261c    00000004     Local_pe674.oe674 (.const:ti_sysbios_family_c64p_Cache_EMIFC_LENGTH__C)
                  c2742620    0000001a     lv_chart.obj (.const:.string:$P$T12$11)
                  c274263a    00000002     Local_pe674.oe674 (.const:xdc_runtime_Memory_Module__id__C)
                  c274263c    00000004     Local_pe674.oe674 (.const:ti_sysbios_family_c64p_Cache_MAR0_31__C)
                  c2742640    0000001a     lv_chart.obj (.const:.string:$P$T13$12)
                  c274265a    00000002     Local_pe674.oe674 (.const:xdc_runtime_SysMin_flushAtExit__C)
                  c274265c    00000004     Local_pe674.oe674 (.const:ti_sysbios_family_c64p_Cache_MAR128_159__C)
                  c2742660    0000001a     lv_chart.obj (.const:.string:$P$T18$17)
                  c274267a    00000002     Local_pe674.oe674 (.const:xdc_runtime_Text_charCnt__C)
                  c274267c    00000004     Local_pe674.oe674 (.const:ti_sysbios_family_c64p_Cache_MAR160_191__C)
                  c2742680    0000001a     lv_chart.obj (.const:.string:$P$T6$7)
                  c274269a    00000002     Local_pe674.oe674 (.const:xdc_runtime_Text_isLoaded__C)
                  c274269c    00000004     Local_pe674.oe674 (.const:ti_sysbios_family_c64p_Cache_MAR192_223__C)
                  c27426a0    0000001a     Local_pe674.oe674 (.const:xdc_runtime_Startup_sfxnRts__A)
                  c27426ba    00000002     Local_pe674.oe674 (.const:xdc_runtime_Text_registryModsLastId__C)
                  c27426bc    00000004     Local_pe674.oe674 (.const:ti_sysbios_family_c64p_Cache_MAR224_255__C)
                  c27426c0    00000019     lv_font.obj (.const:.string:$P$T0$1)
                  c27426d9    00000001     --HOLE-- [fill = 0]
                  c27426da    00000002     Local_pe674.oe674 (.const:xdc_runtime_Text_unnamedModsLastId__C)
                  c27426dc    00000004     Local_pe674.oe674 (.const:ti_sysbios_family_c64p_Cache_MAR32_63__C)
                  c27426e0    00000019     lv_draw_mask.obj (.const:.string:$P$T1$2)
                  c27426f9    00000003     --HOLE-- [fill = 0]
                  c27426fc    00000004     Local_pe674.oe674 (.const:ti_sysbios_family_c64p_Cache_MAR64_95__C)
                  c2742700    00000019     lv_meter.obj (.const:.string:$P$T1$2)
                  c2742719    00000003     --HOLE-- [fill = 0]
                  c274271c    00000004     Local_pe674.oe674 (.const:ti_sysbios_family_c64p_Cache_MAR96_127__C)
                  c2742720    00000019     lv_chart.obj (.const:.string:$P$T16$15)
                  c2742739    00000003     --HOLE-- [fill = 0]
                  c274273c    00000004     Local_pe674.oe674 (.const:ti_sysbios_family_c64p_EventCombiner_E_unpluggedEvent__C)
                  c2742740    00000019     lv_chart.obj (.const:.string:$P$T17$16)
                  c2742759    00000003     --HOLE-- [fill = 0]
                  c274275c    00000004     Local_pe674.oe674 (.const:ti_sysbios_family_c64p_Exception_E_exceptionMax__C)
                  c2742760    00000019     lv_chart.obj (.const:.string:$P$T19$18)
                  c2742779    00000003     --HOLE-- [fill = 0]
                  c274277c    00000004     Local_pe674.oe674 (.const:ti_sysbios_family_c64p_Exception_exceptionHook__C)
                  c2742780    00000019     lv_chart.obj (.const:.string:$P$T20$19)
                  c2742799    00000003     --HOLE-- [fill = 0]
                  c274279c    00000004     Local_pe674.oe674 (.const:ti_sysbios_family_c64p_Exception_externalHook__C)
                  c27427a0    00000019     lv_meter.obj (.const:.string:$P$T4$5)
                  c27427b9    00000003     --HOLE-- [fill = 0]
                  c27427bc    00000004     Local_pe674.oe674 (.const:ti_sysbios_family_c64p_Exception_internalHook__C)
                  c27427c0    00000019     lv_table.obj (.const:.string:$P$T5$6)
                  c27427d9    00000003     --HOLE-- [fill = 0]
                  c27427dc    00000004     Local_pe674.oe674 (.const:ti_sysbios_family_c64p_Exception_nmiHook__C)
                  c27427e0    00000018     lv_draw_mask.obj (.const:.string:$P$T0$1)
                  c27427f8    00000018     lv_dropdown.obj (.const:.string:$P$T0$1)
                  c2742810    00000018     lv_hal_disp.obj (.const:.string:$P$T0$1)
                  c2742828    00000018     lv_table.obj (.const:.string:$P$T0$1)
                  c2742840    00000018     lv_chart.obj (.const:.string:$P$T11$10)
                  c2742858    00000018     lv_chart.obj (.const:.string:$P$T15$14)
                  c2742870    00000018     lv_label.obj (.const:.string:$P$T2$3)
                  c2742888    00000018     lv_meter.obj (.const:.string:$P$T2$3)
                  c27428a0    00000018     lv_font.obj (.const:.string:$P$T3$3)
                  c27428b8    00000018     lv_event.obj (.const:.string:$P$T3$5)
                  c27428d0    00000018     nettool.ae674 : config.oe674 (.const:.string)
                  c27428e8    00000018     stk6_ppp_pppoe.ae674 : exec.oe674 (.const:.string)
                  c2742900    00000018     SourceHanSansCN_Normal_16.obj (.const:font_dsc)
                  c2742918    00000018     Local_pe674.oe674 (.const:ti_sysbios_gates_GateHwi_Object__PARAMS__C)
                  c2742930    00000018     Local_pe674.oe674 (.const:ti_sysbios_gates_GateMutex_Object__PARAMS__C)
                  c2742948    00000018     Local_pe674.oe674 (.const:ti_sysbios_knl_Queue_Object__PARAMS__C)
                  c2742960    00000018     Local_pe674.oe674 (.const:ti_sysbios_knl_Swi_hooks__A)
                  c2742978    00000018     Local_pe674.oe674 (.const:xdc_runtime_LoggerSys_Object__PARAMS__C)
                  c2742990    00000017     lv_event.obj (.const:.string:$P$T1$3)
                  c27429a7    00000001     --HOLE-- [fill = 0]
                  c27429a8    00000017     lv_chart.obj (.const:.string:$P$T14$13)
                  c27429bf    00000001     --HOLE-- [fill = 0]
                  c27429c0    00000017     lv_dropdown.obj (.const:.string:$P$T2$3)
                  c27429d7    00000001     --HOLE-- [fill = 0]
                  c27429d8    00000017     lv_label.obj (.const:.string:$P$T3$4)
                  c27429ef    00000001     --HOLE-- [fill = 0]
                  c27429f0    00000017     lv_chart.obj (.const:.string:$P$T4$5)
                  c2742a07    00000001     --HOLE-- [fill = 0]
                  c2742a08    00000017     lv_table.obj (.const:.string:$P$T4$5)
                  c2742a1f    00000017     stk6_ppp_pppoe.ae674 : ipout.oe674 (.const:.string)
                  c2742a36    00000002     --HOLE-- [fill = 0]
                  c2742a38    00000016     lv_hal_indev.obj (.const:.string:$P$T0$1)
                  c2742a4e    00000002     --HOLE-- [fill = 0]
                  c2742a50    00000016     lv_roller.obj (.const:.string:$P$T0$1)
                  c2742a66    00000002     --HOLE-- [fill = 0]
                  c2742a68    00000016     lv_txt.obj (.const:.string:$P$T0$1)
                  c2742a7e    00000002     --HOLE-- [fill = 0]
                  c2742a80    00000016     lv_label.obj (.const:.string:$P$T1$2)
                  c2742a96    00000002     --HOLE-- [fill = 0]
                  c2742a98    00000016     lv_font.obj (.const:.string:$P$T2$2)
                  c2742aae    00000002     --HOLE-- [fill = 0]
                  c2742ab0    00000016     lv_img_decoder.obj (.const:.string:$P$T3$3)
                  c2742ac6    00000002     --HOLE-- [fill = 0]
                  c2742ac8    00000016     lv_tlsf.obj (.const:.string:$P$T6$6)
                  c2742ade    00000016     stk6_ppp_pppoe.ae674 : ipv6out.oe674 (.const:.string)
                  c2742af4    00000004     Local_pe674.oe674 (.const:ti_sysbios_family_c64p_Hwi_E_alreadyDefined__C)
                  c2742af8    00000015     lv_textarea.obj (.const:.string:$P$T0$1)
                  c2742b0d    00000003     --HOLE-- [fill = 0]
                  c2742b10    00000015     lv_img_decoder.obj (.const:.string:$P$T1$1)
                  c2742b25    00000003     --HOLE-- [fill = 0]
                  c2742b28    00000015     lv_textarea.obj (.const:.string:$P$T1$2)
                  c2742b3d    00000003     --HOLE-- [fill = 0]
                  c2742b40    00000015     lv_style.obj (.const:.string:$P$T2$3)
                  c2742b55    00000003     --HOLE-- [fill = 0]
                  c2742b58    00000015     lv_table.obj (.const:.string:$P$T2$3)
                  c2742b6d    00000003     --HOLE-- [fill = 0]
                  c2742b70    00000015     lv_textarea.obj (.const:.string:$P$T2$3)
                  c2742b85    00000003     --HOLE-- [fill = 0]
                  c2742b88    00000015     lv_hal_disp.obj (.const:.string:$P$T2$8)
                  c2742b9d    00000003     --HOLE-- [fill = 0]
                  c2742ba0    00000015     lv_chart.obj (.const:.string:$P$T21$20)
                  c2742bb5    00000003     --HOLE-- [fill = 0]
                  c2742bb8    00000015     lv_chart.obj (.const:.string:$P$T22$21)
                  c2742bcd    00000003     --HOLE-- [fill = 0]
                  c2742bd0    00000015     lv_table.obj (.const:.string:$P$T3$4)
                  c2742be5    00000003     --HOLE-- [fill = 0]
                  c2742be8    00000015     lv_textarea.obj (.const:.string:$P$T4$5)
                  c2742bfd    00000003     --HOLE-- [fill = 0]
                  c2742c00    00000015     lv_chart.obj (.const:.string:$P$T5$6)
                  c2742c15    00000003     --HOLE-- [fill = 0]
                  c2742c18    00000015     lv_label.obj (.const:.string:$P$T7$7)
                  c2742c2d    00000003     --HOLE-- [fill = 0]
                  c2742c30    00000014     lv_event.obj (.const:.string:$P$T0$2)
                  c2742c44    00000004     Local_pe674.oe674 (.const:ti_sysbios_family_c64p_Hwi_E_handleNotFound__C)
                  c2742c48    00000014     lv_hal_indev.obj (.const:.string:$P$T1$2)
                  c2742c5c    00000004     Local_pe674.oe674 (.const:ti_sysbios_family_c64p_Hwi_LD_end__C)
                  c2742c60    00000014     lv_chart.obj (.const:.string:$P$T10$9)
                  c2742c74    00000004     Local_pe674.oe674 (.const:ti_sysbios_family_c64p_Hwi_LM_begin__C)
                  c2742c78    00000014     lv_img_decoder.obj (.const:.string:$P$T2$2)
                  c2742c8c    00000004     Local_pe674.oe674 (.const:ti_sysbios_family_c64p_Hwi_Module__diagsEnabled__C)
                  c2742c90    00000014     lv_tlsf.obj (.const:.string:$P$T23$22)
                  c2742ca4    00000004     Local_pe674.oe674 (.const:ti_sysbios_family_c64p_Hwi_Module__diagsIncluded__C)
                  c2742ca8    00000014     lv_chart.obj (.const:.string:$P$T3$4)
                  c2742cbc    00000014     lv_sjpg.obj (.const:.string)
                  c2742cd0    00000014     Local_pe674.oe674 (.const:ti_sysbios_family_c64p_Hwi_hooks__A)
                  c2742ce4    00000004     Local_pe674.oe674 (.const:ti_sysbios_family_c64p_Hwi_Module__diagsMask__C)
                  c2742ce8    00000013     lv_meter.obj (.const:.string:$P$T0$1)
                  c2742cfb    00000001     --HOLE-- [fill = 0]
                  c2742cfc    00000004     Local_pe674.oe674 (.const:ti_sysbios_family_c64p_Hwi_Module__loggerFxn1__C)
                  c2742d00    00000013     lv_obj_pos.obj (.const:.string:$P$T0$2)
                  c2742d13    00000001     --HOLE-- [fill = 0]
                  c2742d14    00000004     Local_pe674.oe674 (.const:ti_sysbios_family_c64p_Hwi_Module__loggerFxn8__C)
                  c2742d18    00000013     lv_tlsf.obj (.const:.string:$P$T17$16)
                  c2742d2b    00000001     --HOLE-- [fill = 0]
                  c2742d2c    00000004     Local_pe674.oe674 (.const:ti_sysbios_family_c64p_Hwi_Module__loggerObj__C)
                  c2742d30    00000013     lv_fs.obj (.const:.string:$P$T3$3)
                  c2742d43    00000001     --HOLE-- [fill = 0]
                  c2742d44    00000004     Local_pe674.oe674 (.const:ti_sysbios_family_c64p_Hwi_Object__heap__C)
                  c2742d48    00000013     lv_mem.obj (.const:.string:$P$T4$5)
                  c2742d5b    00000013     stk6_ppp_pppoe.ae674 : fileuser.oe674 (.const:.string)
                  c2742d6e    00000002     --HOLE-- [fill = 0]
                  c2742d70    00000012     lv_chart.obj (.const:.string:$P$T0$1)
                  c2742d82    00000002     --HOLE-- [fill = 0]
                  c2742d84    00000004     Local_pe674.oe674 (.const:ti_sysbios_gates_GateMutex_A_badContext__C)
                  c2742d88    00000012     lv_label.obj (.const:.string:$P$T0$1)
                  c2742d9a    00000002     --HOLE-- [fill = 0]
                  c2742d9c    00000004     Local_pe674.oe674 (.const:ti_sysbios_gates_GateMutex_Instance_State_sem__O)
                  c2742da0    00000012     lv_tlsf.obj (.const:.string:$P$T16$15)
                  c2742db2    00000002     --HOLE-- [fill = 0]
                  c2742db4    00000004     Local_pe674.oe674 (.const:ti_sysbios_gates_GateMutex_Module__diagsEnabled__C)
                  c2742db8    00000012     lv_fs.obj (.const:.string:$P$T2$2)
                  c2742dca    00000002     --HOLE-- [fill = 0]
                  c2742dcc    00000004     Local_pe674.oe674 (.const:ti_sysbios_gates_GateMutex_Module__diagsIncluded__C)
                  c2742dd0    00000012     lv_refr.obj (.const:.string:$P$T2$2)
                  c2742de2    00000002     --HOLE-- [fill = 0]
                  c2742de4    00000004     Local_pe674.oe674 (.const:ti_sysbios_gates_GateMutex_Module__diagsMask__C)
                  c2742de8    00000012     lv_style.obj (.const:.string:$P$T3$4)
                  c2742dfa    00000002     --HOLE-- [fill = 0]
                  c2742dfc    00000004     Local_pe674.oe674 (.const:ti_sysbios_hal_Hwi_E_stackOverflow__C)
                  c2742e00    00000012     lv_label.obj (.const:.string:$P$T6$6)
                  c2742e12    00000002     --HOLE-- [fill = 0]
                  c2742e14    00000004     Local_pe674.oe674 (.const:ti_sysbios_heaps_HeapMem_A_align__C)
                  c2742e18    00000012     lv_tlsf.obj (.const:.string:$P$T7$7)
                  c2742e2a    00000002     --HOLE-- [fill = 0]
                  c2742e2c    00000004     Local_pe674.oe674 (.const:ti_sysbios_heaps_HeapMem_A_heapSize__C)
                  c2742e30    00000012     lv_tlsf.obj (.const:.string:$P$T8$8)
                  c2742e42    00000002     --HOLE-- [fill = 0]
                  c2742e44    00000004     Local_pe674.oe674 (.const:ti_sysbios_heaps_HeapMem_A_invalidFree__C)
                  c2742e48    00000011     lv_group.obj (.const:.string:$P$T1$2)
                  c2742e59    00000003     --HOLE-- [fill = 0]
                  c2742e5c    00000004     Local_pe674.oe674 (.const:ti_sysbios_heaps_HeapMem_A_zeroBlock__C)
                  c2742e60    00000011     lv_tlsf.obj (.const:.string:$P$T12$11)
                  c2742e71    00000003     --HOLE-- [fill = 0]
                  c2742e74    00000004     Local_pe674.oe674 (.const:ti_sysbios_heaps_HeapMem_E_memory__C)
                  c2742e78    00000011     lv_tlsf.obj (.const:.string:$P$T13$12)
                  c2742e89    00000003     --HOLE-- [fill = 0]
                  c2742e8c    00000004     Local_pe674.oe674 (.const:ti_sysbios_heaps_HeapMem_Module__diagsEnabled__C)
                  c2742e90    00000011     lv_tlsf.obj (.const:.string:$P$T18$17)
                  c2742ea1    00000003     --HOLE-- [fill = 0]
                  c2742ea4    00000004     Local_pe674.oe674 (.const:ti_sysbios_heaps_HeapMem_Module__diagsIncluded__C)
                  c2742ea8    00000011     lv_tlsf.obj (.const:.string:$P$T22$21)
                  c2742eb9    00000003     --HOLE-- [fill = 0]
                  c2742ebc    00000004     Local_pe674.oe674 (.const:ti_sysbios_heaps_HeapMem_Module__diagsMask__C)
                  c2742ec0    00000011     lv_chart.obj (.const:.string:$P$T23$22)
                  c2742ed1    00000003     --HOLE-- [fill = 0]
                  c2742ed4    00000004     Local_pe674.oe674 (.const:ti_sysbios_heaps_HeapMem_Module__gateObj__C)
                  c2742ed8    00000011     lv_tlsf.obj (.const:.string:$P$T27$24)
                  c2742ee9    00000003     --HOLE-- [fill = 0]
                  c2742eec    00000004     Local_pe674.oe674 (.const:ti_sysbios_heaps_HeapMem_Object__count__C)
                  c2742ef0    00000011     lv_meter.obj (.const:.string:$P$T3$4)
                  c2742f01    00000011     stk6_ppp_pppoe.ae674 : tcp6prot.oe674 (.const:.string)
                  c2742f12    00000011                          : tcpprot.oe674 (.const:.string)
                  c2742f23    00000001     --HOLE-- [fill = 0]
                  c2742f24    00000004     Local_pe674.oe674 (.const:ti_sysbios_heaps_HeapMem_Object__table__C)
                  c2742f28    00000011     ti.targets.rts6000.ae674 : System.oe674 (.const:digtohex)
                  c2742f39    00000003     --HOLE-- [fill = 0]
                  c2742f3c    00000004     Local_pe674.oe674 (.const:ti_sysbios_heaps_HeapMem_reqAlign__C)
                  c2742f40    00000010     lv_group.obj (.const:.string:$P$T0$1)
                  c2742f50    00000010     lv_refr.obj (.const:.string:$P$T1$1)
                  c2742f60    00000010     lv_timer.obj (.const:.string:$P$T1$5)
                  c2742f70    00000010     lv_tlsf.obj (.const:.string:$P$T14$13)
                  c2742f80    00000010     lv_tlsf.obj (.const:.string:$P$T15$14)
                  c2742f90    00000010     lv_img_buf.obj (.const:.string:$P$T2$2)
                  c2742fa0    00000010     lv_hal_indev.obj (.const:.string:$P$T2$3)
                  c2742fb0    00000010     lv_obj_style.obj (.const:.string:$P$T3$2)
                  c2742fc0    00000010     lv_tlsf.obj (.const:.string:$P$T30$26)
                  c2742fd0    00000010     lv_img_decoder.obj (.const:.string:$P$T7$7)
                  c2742fe0    00000010     lv_draw_sw_letter.obj (.const:.string:_lv_bpp4_opa_table)
                  c2742ff0    00000010     rts6740_elf.lib : _scanfi.c.obj (.const:.string)
                  c2743000    00000010     Local_pe674.oe674 (.const:ti_sysbios_family_c64p_EventCombiner_EVTMASK__C)
                  c2743010    0000000f     lv_flex.obj (.const:.string:$P$T0$1)
                  c274301f    00000001     --HOLE-- [fill = 0]
                  c2743020    0000000f     lv_img.obj (.const:.string:$P$T0$1)
                  c274302f    00000001     --HOLE-- [fill = 0]
                  c2743030    0000000f     lv_style.obj (.const:.string:$P$T1$1)
                  c274303f    00000001     --HOLE-- [fill = 0]
                  c2743040    0000000f     lv_mem.obj (.const:.string:$P$T1$3)
                  c274304f    00000001     --HOLE-- [fill = 0]
                  c2743050    0000000f     lv_tlsf.obj (.const:.string:$P$T20$19)
                  c274305f    00000001     --HOLE-- [fill = 0]
                  c2743060    0000000f     lv_tlsf.obj (.const:.string:$P$T24$23)
                  c274306f    00000001     --HOLE-- [fill = 0]
                  c2743070    0000000f     lv_mem.obj (.const:.string:$P$T3$4)
                  c274307f    00000001     --HOLE-- [fill = 0]
                  c2743080    0000000e     lv_anim.obj (.const:.string:$P$T0$1)
                  c274308e    00000002     --HOLE-- [fill = 0]
                  c2743090    0000000e     lv_draw_sw_gradient.obj (.const:.string:$P$T0$1)
                  c274309e    00000002     --HOLE-- [fill = 0]
                  c27430a0    0000000e     lv_tlsf.obj (.const:.string:$P$T19$18)
                  c27430ae    00000002     --HOLE-- [fill = 0]
                  c27430b0    0000000e     lv_draw_mask.obj (.const:.string:$P$T2$3)
                  c27430be    0000000e     stk6_ppp_pppoe.ae674 : timer.oe674 (.const:.string)
                  c27430cc    00000004     Local_pe674.oe674 (.const:ti_sysbios_knl_Clock_A_badThreadType__C)
                  c27430d0    0000000d     lv_bmp.obj (.const:.string:$P$T0$1)
                  c27430dd    00000003     --HOLE-- [fill = 0]
                  c27430e0    0000000d     lv_mem.obj (.const:.string:$P$T0$2)
                  c27430ed    00000003     --HOLE-- [fill = 0]
                  c27430f0    0000000d     lv_tlsf.obj (.const:.string:$P$T11$10)
                  c27430fd    00000003     --HOLE-- [fill = 0]
                  c2743100    0000000d     lv_tlsf.obj (.const:.string:$P$T29$25)
                  c274310d    0000000d     os.ae674 : ossys.oe674 (.const:.string)
                  c274311a    00000002     --HOLE-- [fill = 0]
                  c274311c    00000004     Local_pe674.oe674 (.const:ti_sysbios_knl_Clock_A_clockDisabled__C)
                  c2743120    0000000c     lv_tlsf.obj (.const:.string:$P$T10$9)
                  c274312c    0000000c     lv_checkbox.obj (.const:.string)
                  c2743138    0000000c     os.ae674 : efs.oe674 (.const:.string)
                  c2743144    0000000c     imgBackground.obj (.const:imgBackground)
                  c2743150    0000000c     imgBrightness.obj (.const:imgBrightness)
                  c274315c    0000000c     imgCalculator.obj (.const:imgCalculator)
                  c2743168    0000000c     imgCalendar.obj (.const:imgCalendar)
                  c2743174    0000000c     imgClock.obj (.const:imgClock)
                  c2743180    0000000c     imgFile.obj (.const:imgFile)
                  c274318c    0000000c     imgGame.obj (.const:imgGame)
                  c2743198    0000000c     imgLAN.obj (.const:imgLAN)
                  c27431a4    0000000c     imgRoate.obj (.const:imgRoate)
                  c27431b0    0000000c     imgSnake.obj (.const:imgSnake)
                  c27431bc    0000000c     imgSystemInfo.obj (.const:imgSystemInfo)
                  c27431c8    0000000c     imgTetris.obj (.const:imgTetris)
                  c27431d4    0000000c     imgTouch.obj (.const:imgTouch)
                  c27431e0    0000000c     imgWLAN.obj (.const:imgWLAN)
                  c27431ec    0000000c     SourceHanSansCN_Normal_16.obj (.const:kern_pairs)
                  c27431f8    0000000c     Local_pe674.oe674 (.const:ti_sysbios_family_c64p_Cache_initSize__C)
                  c2743204    00000004     Local_pe674.oe674 (.const:ti_sysbios_knl_Clock_LM_begin__C)
                  c2743208    0000000c     Local_pe674.oe674 (.const:ti_sysbios_knl_Idle_coreList__A)
                  c2743214    00000004     Local_pe674.oe674 (.const:ti_sysbios_knl_Clock_LM_tick__C)
                  c2743218    0000000c     Local_pe674.oe674 (.const:ti_sysbios_knl_Idle_funcList__A)
                  c2743224    00000004     Local_pe674.oe674 (.const:ti_sysbios_knl_Clock_LW_delayed__C)
                  c2743228    0000000b     lv_fs.obj (.const:.string:$P$T1$1)
                  c2743233    00000001     --HOLE-- [fill = 0]
                  c2743234    00000004     Local_pe674.oe674 (.const:ti_sysbios_knl_Clock_Module_State_clockQ__O)
                  c2743238    0000000b     lv_tlsf.obj (.const:.string:$P$T1$1)
                  c2743243    00000001     --HOLE-- [fill = 0]
                  c2743244    00000004     Local_pe674.oe674 (.const:ti_sysbios_knl_Clock_Module__diagsEnabled__C)
                  c2743248    0000000b     lv_tlsf.obj (.const:.string:$P$T2$2)
                  c2743253    00000001     --HOLE-- [fill = 0]
                  c2743254    00000004     Local_pe674.oe674 (.const:ti_sysbios_knl_Clock_Module__diagsIncluded__C)
                  c2743258    0000000b     lv_tlsf.obj (.const:.string:$P$T4$4)
                  c2743263    0000000b     stk6_ppp_pppoe.ae674 : route.oe674 (.const:.string)
                  c274326e    00000002     --HOLE-- [fill = 0]
                  c2743270    0000000a     lv_sjpg.obj (.const:.string:$P$T1$1)
                  c274327a    00000002     --HOLE-- [fill = 0]
                  c274327c    00000004     Local_pe674.oe674 (.const:ti_sysbios_knl_Clock_Module__diagsMask__C)
                  c2743280    0000000a     lv_tlsf.obj (.const:.string:$P$T5$5)
                  c274328a    00000002     --HOLE-- [fill = 0]
                  c274328c    00000004     Local_pe674.oe674 (.const:ti_sysbios_knl_Clock_Module__loggerFxn1__C)
                  c2743290    00000009     Calculator.obj (.const:.string:$P$T0$1)
                  c2743299    00000003     --HOLE-- [fill = 0]
                  c274329c    00000004     Local_pe674.oe674 (.const:ti_sysbios_knl_Clock_Module__loggerFxn2__C)
                  c27432a0    00000009     LCDBrightness.obj (.const:.string:$P$T0$1)
                  c27432a9    00000003     --HOLE-- [fill = 0]
                  c27432ac    00000004     Local_pe674.oe674 (.const:ti_sysbios_knl_Clock_Module__loggerObj__C)
                  c27432b0    00000009     Network.obj (.const:.string:$P$T0$1)
                  c27432b9    00000003     --HOLE-- [fill = 0]
                  c27432bc    00000004     Local_pe674.oe674 (.const:ti_sysbios_knl_Semaphore_A_badContext__C)
                  c27432c0    00000009     SystemInfo.obj (.const:.string:$P$T0$1)
                  c27432c9    00000003     --HOLE-- [fill = 0]
                  c27432cc    00000004     Local_pe674.oe674 (.const:ti_sysbios_knl_Semaphore_A_noEvents__C)
                  c27432d0    00000009     lv_tlsf.obj (.const:.string:$P$T3$3)
                  c27432d9    00000001     --HOLE-- [fill = 0]
                  c27432da    00000008     lv_draw_sw_polygon.obj (.const:$P$T0$1)
                  c27432e2    00000002     --HOLE-- [fill = 0]
                  c27432e4    00000008     lv_tlsf.obj (.const:$P$T21$20)
                  c27432ec    00000004     Local_pe674.oe674 (.const:ti_sysbios_knl_Semaphore_A_overflow__C)
                  c27432f0    00000008     lv_obj.obj (.const:.string:$P$T0$1)
                  c27432f8    00000008     lv_png.obj (.const:.string:$P$T1$1)
                  c2743300    00000008     lodepng.obj (.const:.string:$P$T25$3)
                  c2743308    00000008     lv_draw_img.obj (.const:.string)
                  c2743310    00000008     ti.targets.rts6000.ae674 : System.oe674 (.const:.string)
                  c2743318    00000008     Local_pe674.oe674 (.const:ti_sysbios_family_c64p_Hwi_hooks__C)
                  c2743320    00000008     Local_pe674.oe674 (.const:ti_sysbios_knl_Idle_coreList__C)
                  c2743328    00000008     Local_pe674.oe674 (.const:ti_sysbios_knl_Idle_funcList__C)
                  c2743330    00000008     Local_pe674.oe674 (.const:ti_sysbios_knl_Swi_hooks__C)
                  c2743338    00000008     Local_pe674.oe674 (.const:ti_sysbios_knl_Task_hooks__C)
                  c2743340    00000008     Local_pe674.oe674 (.const:xdc_runtime_Startup_firstFxns__A)
                  c2743348    00000008     Local_pe674.oe674 (.const:xdc_runtime_Startup_firstFxns__C)
                  c2743350    00000008     Local_pe674.oe674 (.const:xdc_runtime_Startup_lastFxns__C)
                  c2743358    00000007     rts6740_elf.lib : _scanfi.c.obj (.const:.string:flit$1)
                  c274335f    00000001     --HOLE-- [fill = 0]
                  c2743360    00000006                     : _scanfi.c.obj (.const:.string:barr$2)
                  c2743366    00000002     --HOLE-- [fill = 0]
                  c2743368    00000004     lv_img_buf.obj (.const:.string:$P$T1$1)
                  c274336c    00000004     Local_pe674.oe674 (.const:ti_sysbios_knl_Semaphore_A_pendTaskDisabled__C)
                  c2743370    00000004     lv_img_decoder.obj (.const:.string:$P$T6$6)
                  c2743374    00000004     Local_pe674.oe674 (.const:ti_sysbios_knl_Semaphore_Instance_State_pendQ__O)
                  c2743378    00000004     lv_draw_sw_letter.obj (.const:.string:_lv_bpp2_opa_table)
                  c274337c    00000004     Local_pe674.oe674 (.const:ti_sysbios_knl_Semaphore_LM_pend__C)
                  c2743380    00000004     Local_pe674.oe674 (.const:ti_sysbios_knl_Semaphore_LM_post__C)
                  c2743384    00000004     Local_pe674.oe674 (.const:ti_sysbios_knl_Semaphore_Module__diagsEnabled__C)
                  c2743388    00000004     Local_pe674.oe674 (.const:ti_sysbios_knl_Semaphore_Module__diagsIncluded__C)
                  c274338c    00000004     Local_pe674.oe674 (.const:ti_sysbios_knl_Semaphore_Module__diagsMask__C)
                  c2743390    00000004     Local_pe674.oe674 (.const:ti_sysbios_knl_Semaphore_Module__loggerFxn2__C)
                  c2743394    00000004     Local_pe674.oe674 (.const:ti_sysbios_knl_Semaphore_Module__loggerFxn4__C)
                  c2743398    00000004     Local_pe674.oe674 (.const:ti_sysbios_knl_Semaphore_Module__loggerObj__C)
                  c274339c    00000004     Local_pe674.oe674 (.const:ti_sysbios_knl_Swi_A_badPriority__C)
                  c27433a0    00000004     Local_pe674.oe674 (.const:ti_sysbios_knl_Swi_A_swiDisabled__C)
                  c27433a4    00000004     Local_pe674.oe674 (.const:ti_sysbios_knl_Swi_LD_end__C)
                  c27433a8    00000004     Local_pe674.oe674 (.const:ti_sysbios_knl_Swi_LM_begin__C)
                  c27433ac    00000004     Local_pe674.oe674 (.const:ti_sysbios_knl_Swi_LM_post__C)
                  c27433b0    00000004     Local_pe674.oe674 (.const:ti_sysbios_knl_Swi_Module__diagsEnabled__C)
                  c27433b4    00000004     Local_pe674.oe674 (.const:ti_sysbios_knl_Swi_Module__diagsIncluded__C)
                  c27433b8    00000004     Local_pe674.oe674 (.const:ti_sysbios_knl_Swi_Module__diagsMask__C)
                  c27433bc    00000004     Local_pe674.oe674 (.const:ti_sysbios_knl_Swi_Module__loggerFxn1__C)
                  c27433c0    00000004     Local_pe674.oe674 (.const:ti_sysbios_knl_Swi_Module__loggerFxn4__C)
                  c27433c4    00000004     Local_pe674.oe674 (.const:ti_sysbios_knl_Swi_Module__loggerObj__C)
                  c27433c8    00000004     Local_pe674.oe674 (.const:ti_sysbios_knl_Swi_Object__count__C)
                  c27433cc    00000004     Local_pe674.oe674 (.const:ti_sysbios_knl_Swi_Object__heap__C)
                  c27433d0    00000004     Local_pe674.oe674 (.const:ti_sysbios_knl_Swi_Object__table__C)
                  c27433d4    00000004     Local_pe674.oe674 (.const:ti_sysbios_knl_Swi_numConstructedSwis__C)
                  c27433d8    00000004     Local_pe674.oe674 (.const:ti_sysbios_knl_Task_A_badPriority__C)
                  c27433dc    00000004     Local_pe674.oe674 (.const:ti_sysbios_knl_Task_A_badTaskState__C)
                  c27433e0    00000004     Local_pe674.oe674 (.const:ti_sysbios_knl_Task_A_badThreadType__C)
                  c27433e4    00000004     Local_pe674.oe674 (.const:ti_sysbios_knl_Task_A_badTimeout__C)
                  c27433e8    00000004     Local_pe674.oe674 (.const:ti_sysbios_knl_Task_A_noPendElem__C)
                  c27433ec    00000004     Local_pe674.oe674 (.const:ti_sysbios_knl_Task_A_sleepTaskDisabled__C)
                  c27433f0    00000004     Local_pe674.oe674 (.const:ti_sysbios_knl_Task_A_taskDisabled__C)
                  c27433f4    00000004     Local_pe674.oe674 (.const:ti_sysbios_knl_Task_E_deleteNotAllowed__C)
                  c27433f8    00000004     Local_pe674.oe674 (.const:ti_sysbios_knl_Task_E_spOutOfBounds__C)
                  c27433fc    00000004     Local_pe674.oe674 (.const:ti_sysbios_knl_Task_E_stackOverflow__C)
                  c2743400    00000004     Local_pe674.oe674 (.const:ti_sysbios_knl_Task_LD_block__C)
                  c2743404    00000004     Local_pe674.oe674 (.const:ti_sysbios_knl_Task_LD_exit__C)
                  c2743408    00000004     Local_pe674.oe674 (.const:ti_sysbios_knl_Task_LD_ready__C)
                  c274340c    00000004     Local_pe674.oe674 (.const:ti_sysbios_knl_Task_LM_setPri__C)
                  c2743410    00000004     Local_pe674.oe674 (.const:ti_sysbios_knl_Task_LM_sleep__C)
                  c2743414    00000004     Local_pe674.oe674 (.const:ti_sysbios_knl_Task_LM_switch__C)
                  c2743418    00000004     Local_pe674.oe674 (.const:ti_sysbios_knl_Task_Module_State_inactiveQ__O)
                  c274341c    00000004     Local_pe674.oe674 (.const:ti_sysbios_knl_Task_Module_State_terminatedQ__O)
                  c2743420    00000004     Local_pe674.oe674 (.const:ti_sysbios_knl_Task_Module__diagsEnabled__C)
                  c2743424    00000004     Local_pe674.oe674 (.const:ti_sysbios_knl_Task_Module__diagsIncluded__C)
                  c2743428    00000004     Local_pe674.oe674 (.const:ti_sysbios_knl_Task_Module__diagsMask__C)
                  c274342c    00000004     Local_pe674.oe674 (.const:ti_sysbios_knl_Task_Module__loggerFxn2__C)
                  c2743430    00000004     Local_pe674.oe674 (.const:ti_sysbios_knl_Task_Module__loggerFxn4__C)
                  c2743434    00000004     Local_pe674.oe674 (.const:ti_sysbios_knl_Task_Module__loggerObj__C)
                  c2743438    00000004     Local_pe674.oe674 (.const:ti_sysbios_knl_Task_Object__count__C)
                  c274343c    00000004     Local_pe674.oe674 (.const:ti_sysbios_knl_Task_Object__heap__C)
                  c2743440    00000004     Local_pe674.oe674 (.const:ti_sysbios_knl_Task_Object__table__C)
                  c2743444    00000004     Local_pe674.oe674 (.const:ti_sysbios_knl_Task_allBlockedFunc__C)
                  c2743448    00000004     Local_pe674.oe674 (.const:ti_sysbios_knl_Task_defaultStackHeap__C)
                  c274344c    00000004     Local_pe674.oe674 (.const:ti_sysbios_knl_Task_defaultStackSize__C)
                  c2743450    00000004     Local_pe674.oe674 (.const:ti_sysbios_knl_Task_numConstructedTasks__C)
                  c2743454    00000004     Local_pe674.oe674 (.const:ti_sysbios_timers_timer64_Timer_A_notAvailable__C)
                  c2743458    00000004     Local_pe674.oe674 (.const:ti_sysbios_timers_timer64_Timer_E_cannotSupport__C)
                  c274345c    00000004     Local_pe674.oe674 (.const:ti_sysbios_timers_timer64_Timer_E_invalidTimer__C)
                  c2743460    00000004     Local_pe674.oe674 (.const:ti_sysbios_timers_timer64_Timer_E_notAvailable__C)
                  c2743464    00000004     Local_pe674.oe674 (.const:ti_sysbios_timers_timer64_Timer_Module__diagsEnabled__C)
                  c2743468    00000004     Local_pe674.oe674 (.const:ti_sysbios_timers_timer64_Timer_Module__diagsIncluded__C)
                  c274346c    00000004     Local_pe674.oe674 (.const:ti_sysbios_timers_timer64_Timer_Module__diagsMask__C)
                  c2743470    00000004     Local_pe674.oe674 (.const:ti_sysbios_timers_timer64_Timer_anyMask__C)
                  c2743474    00000004     Local_pe674.oe674 (.const:ti_sysbios_timers_timer64_Timer_defaultHalf__C)
                  c2743478    00000004     Local_pe674.oe674 (.const:ti_sysbios_timers_timer64_Timer_freqDivisor__C)
                  c274347c    00000004     Local_pe674.oe674 (.const:ti_sysbios_timers_timer64_Timer_numLocalTimers__C)
                  c2743480    00000004     Local_pe674.oe674 (.const:ti_sysbios_timers_timer64_Timer_numTimerDevices__C)
                  c2743484    00000004     Local_pe674.oe674 (.const:ti_sysbios_utils_Load_LS_cpuLoad__C)
                  c2743488    00000004     Local_pe674.oe674 (.const:ti_sysbios_utils_Load_LS_hwiLoad__C)
                  c274348c    00000004     Local_pe674.oe674 (.const:ti_sysbios_utils_Load_LS_swiLoad__C)
                  c2743490    00000004     Local_pe674.oe674 (.const:ti_sysbios_utils_Load_LS_taskLoad__C)
                  c2743494    00000004     Local_pe674.oe674 (.const:ti_sysbios_utils_Load_Module_State_taskList__O)
                  c2743498    00000004     Local_pe674.oe674 (.const:ti_sysbios_utils_Load_Module__diagsEnabled__C)
                  c274349c    00000004     Local_pe674.oe674 (.const:ti_sysbios_utils_Load_Module__diagsIncluded__C)
                  c27434a0    00000004     Local_pe674.oe674 (.const:ti_sysbios_utils_Load_Module__diagsMask__C)
                  c27434a4    00000004     Local_pe674.oe674 (.const:ti_sysbios_utils_Load_Module__loggerFxn1__C)
                  c27434a8    00000004     Local_pe674.oe674 (.const:ti_sysbios_utils_Load_Module__loggerFxn2__C)
                  c27434ac    00000004     Local_pe674.oe674 (.const:ti_sysbios_utils_Load_Module__loggerFxn4__C)
                  c27434b0    00000004     Local_pe674.oe674 (.const:ti_sysbios_utils_Load_Module__loggerObj__C)
                  c27434b4    00000004     Local_pe674.oe674 (.const:ti_sysbios_utils_Load_postUpdate__C)
                  c27434b8    00000004     Local_pe674.oe674 (.const:ti_sysbios_utils_Load_windowInMs__C)
                  c27434bc    00000004     Local_pe674.oe674 (.const:xdc_runtime_Assert_E_assertFailed__C)
                  c27434c0    00000004     Local_pe674.oe674 (.const:xdc_runtime_Core_A_initializedParams__C)
                  c27434c4    00000004     Local_pe674.oe674 (.const:xdc_runtime_Core_Module__diagsEnabled__C)
                  c27434c8    00000004     Local_pe674.oe674 (.const:xdc_runtime_Core_Module__diagsIncluded__C)
                  c27434cc    00000004     Local_pe674.oe674 (.const:xdc_runtime_Core_Module__diagsMask__C)
                  c27434d0    00000004     Local_pe674.oe674 (.const:xdc_runtime_Error_E_memory__C)
[...]
c28657c0  xdc_runtime_System_vsnprintf__E                                     
c28657e0  xdc_runtime_System_snprintf_va__F                                   
c28657e0  xdc_runtime_System_vsnprintf__F                                     
c2865800  NDK_vsprintf                                                        
c2865800  xdc_runtime_System_vsprintf__E                                      
c2865820  xdc_runtime_System_sprintf_va__F                                    
c2865820  xdc_runtime_System_vsprintf__F                                      
c2865840  xdc_runtime_Text_cordText__E                                        
c2865860  xdc_runtime_Text_putLab__E                                          
c2865880  xdc_runtime_Text_putSite__E                                         
c28658a0  xdc_runtime_Text_ropeText__E                                        
c28658c0  xdc_runtime_Timestamp_SupportProxy_get32__E                         
c28658c0  xdc_runtime_Timestamp_get32__F                                      
c28658e0  xdc_runtime_Timestamp_SupportProxy_getFreq__E                       
c28658e0  xdc_runtime_Timestamp_getFreq__F                                    
c2865900  xdc_runtime_Timestamp_get32__E                                      
c2865920  xdc_runtime_Timestamp_getFreq__E                                    
c2865c00  CmdLists                                                            
c2866400  ti_sysbios_family_c64p_EventCombiner_Module__state__V               
c2866800  _ftable                                                             
c28669e0  icon                                                                
c2866ae4  _lock                                                               
c2866ae8  g_sCmdTable                                                         
c2866bb4  _ipcfg                                                              
c2866c68  _stream                                                             
c2866d08  ti_sysbios_knl_Task_Object__table__V                                
c2866d58  TSK_idle                                                            
c2866da8  ti_sysbios_utils_Load_Module__state__V                              
c2866e40  ti_sysbios_family_c64p_Hwi_Object__table__V                         
c2866ecc  _unlock                                                             
c2866ed0  ti_sysbios_knl_Swi_Module_State_0_readyQ__A                         
c2866f50  ti_sysbios_knl_Task_Module_State_0_readyQ__A                        
c2866fd0  _device                                                             
c2867048  ti_sysbios_family_c64p_Hwi_Module__state__V                         
c28670b0  ti_sysbios_timers_timer64_Timer_Module_State_0_device__A            
c2867110  BootModeStr                                                         
c2867160  DNSErrorStrings                                                     
c2867200  ti_sysbios_gates_GateMutex_Object__table__V                         
c2867250  ti_sysbios_timers_timer64_Timer_Object__table__V                    
c28672a0  ulDataPatternTable                                                  
c2867340  ti_sysbios_knl_Task_Module__state__V                                
c2867384  __TI_ft_end                                                         
c2867488  ti_sysbios_utils_Load_Module_State_0_taskEnv__A                     
c286752c  __errno                                                             
c286752c  errno                                                               
c2867530  ti_sysbios_knl_Swi_Object__table__V                                 
c2867598  ti_sysbios_family_c64p_Exception_Module__state__V                   
c28675f4  ti_sysbios_family_c64p_Cache_Module__state__V                       
c2867624  ti_sysbios_knl_Clock_Module__state__V                               
c286764c  ti_sysbios_family_c64p_primus_TimerSupport_Module__state__V         
c2867674  xdc_runtime_Memory_Module__state__V                                 
c286769c  _oscfg                                                              
c28676e0  palette_32b                                                         
c2867700  pstrMsgName                                                         
c2867720  ti_sysbios_BIOS_Module__state__V                                    
c2867740  ti_sysbios_timers_timer64_Timer_Module_State_0_gctrl__A             
c2867760  ti_sysbios_timers_timer64_Timer_Module_State_0_handles__A           
c2867780  ti_sysbios_timers_timer64_Timer_Module_State_0_intFreqs__A          
c28677a0  xdc_runtime_System_Module_State_0_atexitHandlers__A                 
c28677c0  WeekDayStr                                                          
c28677fc  xdc_runtime_Error_Module__state__V                                  
c2867820  ti_ndk_config_Global_Id2Size                                        
c2867840  ti_sysbios_heaps_HeapMem_Object__table__V                           
c286785c  ti_sysbios_knl_Swi_Module__state__V                                 
c2867890  TaskName                                                            
c28678a8  LinkStr                                                             
c28678c0  ReportStr                                                           
c28678d8  StatusStr                                                           
c2867934  ti_sysbios_timers_timer64_Timer_Module__state__V                    
c2867948  GatewayIP                                                           
c2867958  LocalIPMask                                                         
c2867968  SEGVal                                                              
c2867978  StaticIPAddr                                                        
c2867998  __TI_cleanup_ptr                                                    
c286799c  __TI_dtors_ptr                                                      
c28679a0  __TI_enable_exit_profile_output                                     
c28679a8  ti_sysbios_hal_Hwi_Object__table__V                                 
c28679b8  ti_sysbios_hal_Timer_Object__table__V                               
c28679c8  xdc_runtime_LoggerSys_Object__table__V                              
c28679d4  xdc_runtime_SysMin_Module__state__V                                 
c28679e0  xdc_runtime_System_Module__state__V                                 
c2867a10  NIMUDeviceTable                                                     
c2867a18  ti_sysbios_family_c64p_Hwi_Module__root__V                          
c2867a20  ti_sysbios_family_c64p_primus_TimerSupport_Module_State_0_suspSrc__A
c2867a28  ti_sysbios_gates_GateHwi_Module__root__V                            
c2867a30  ti_sysbios_gates_GateHwi_Object__table__V                           
c2867a38  ti_sysbios_gates_GateMutex_Module__root__V                          
c2867a40  ti_sysbios_hal_Hwi_Module__root__V                                  
c2867a48  ti_sysbios_heaps_HeapMem_Module__root__V                            
c2867a50  ti_sysbios_knl_Clock_Module__root__V                                
c2867a58  ti_sysbios_knl_Queue_Module__root__V                                
c2867a60  ti_sysbios_knl_Semaphore_Module__root__V                            
c2867a68  ti_sysbios_knl_Swi_Module__root__V                                  
c2867a70  ti_sysbios_knl_Task_Module__root__V                                 
c2867a78  ti_sysbios_timers_timer64_Timer_Module__root__V                     
c2867a80  xdc_runtime_LoggerSys_Module__root__V                               
c2867a88  xdc_runtime_Registry_Module__state__V                               
c2867a90  xdc_runtime_Startup_Module__state__V                                
c2867ab0  ti_sysbios_knl_Task_Module_State_0_idleTask__A                      
c2867ab8  ti_sysbios_utils_Load_Module_State_0_runningTask__A                 
c2867ac0  ti_sysbios_utils_Load_Module_State_0_taskStartTime__A               
c2867ac8  DHCP_OPTIONS                                                        
c2868514  __TI_STATIC_BASE                                                    
c286852c  _IGMPInDiscard                                                      
c2868530  _IGMPInQuery                                                        
c2868534  _IGMPInQueryGroup                                                   
c2868538  _IGMPInResponse                                                     
c286853c  _IGMPOutResponse                                                    
c28685d8  BootMode                                                            
c28685dc  DHCPSw                                                              
c28685e0  KEY4SwiHandle                                                       
c28685e4  KEY6SwiHandle                                                       
c28685e8  LV_LAYOUT_FLEX                                                      
c28685ec  LV_LAYOUT_GRID                                                      
c28685f0  LV_STYLE_FLEX_CROSS_PLACE                                           
c28685f4  LV_STYLE_FLEX_FLOW                                                  
c28685f8  LV_STYLE_FLEX_GROW                                                  
c28685fc  LV_STYLE_FLEX_MAIN_PLACE                                            
c2868600  LV_STYLE_FLEX_TRACK_PLACE                                           
c2868604  LV_STYLE_GRID_CELL_COLUMN_POS                                       
c2868608  LV_STYLE_GRID_CELL_COLUMN_SPAN                                      
c286860c  LV_STYLE_GRID_CELL_ROW_POS                                          
c2868610  LV_STYLE_GRID_CELL_ROW_SPAN                                         
c2868614  LV_STYLE_GRID_CELL_X_ALIGN                                          
c2868618  LV_STYLE_GRID_CELL_Y_ALIGN                                          
c286861c  LV_STYLE_GRID_COLUMN_ALIGN                                          
c2868620  LV_STYLE_GRID_COLUMN_DSC_ARRAY                                      
c2868624  LV_STYLE_GRID_ROW_ALIGN                                             
c2868628  LV_STYLE_GRID_ROW_DSC_ARRAY                                         
c286862c  UARTConsoleSemHandle                                                
c2868630  UARTConsoleTaskHandle                                               
c2868634  _lv_grad_cache_mem                                                  
c2868638  _lv_layout_list                                                     
c286863c  _lv_theme_basic_styles                                              
c2868640  _lv_theme_default_styles                                            
c2868644  _lv_timer_act                                                       
c2868648  indev_touchpad                                                      
c286864c  p_rx                                                                
c2868650  p_tx                                                                
c2868654  rh                                                                  
c2868658  rx_len                                                              
c286865c  t                                                                   
c2868660  temp_label                                                          
c2868664  time_label                                                          
c2868668  tx_len                                                              
c2868672  NDKFlag                                                             
c2868674  CONTENT_TYPE_APPLET                                                 
c2868678  CONTENT_TYPE_AU                                                     
c286867c  CONTENT_TYPE_CSS                                                    
c2868680  CONTENT_TYPE_DOC                                                    
c2868684  CONTENT_TYPE_GIF                                                    
c2868688  CONTENT_TYPE_HTML                                                   
c286868c  CONTENT_TYPE_JPG                                                    
c2868690  CONTENT_TYPE_MPEG                                                   
c2868694  CONTENT_TYPE_PDF                                                    
c2868698  CONTENT_TYPE_WAV                                                    
c286869c  CONTENT_TYPE_ZIP                                                    
c28686a0  CONTENT_TYPE                                                        
c28686a4  CONTENT_LENGTH                                                      
c28686a8  CRLF                                                                
c28686ac  DEFAULT_NAME                                                        
c28686b0  HTTP_VER                                                            
c28686b4  SPACE                                                               
c28686cc  VerStr                                                              
c28686d0  DHCPMode                                                            
c28686d4  HostName                                                            
c28686d8  LocalIPAddr                                                         
c28686dc  DomainName                                                          
c28686e0  DNSServer                                                           
c28686e4  PITCount                                                            
c28686e8  PITUsed                                                             
c28686ec  PITHigh                                                             
c2868728  _lv_txt_encoded_size                                                
c286872c  _lv_txt_unicode_to_encoded                                          
c2868730  _lv_txt_encoded_conv_wc                                             
c2868734  _lv_txt_encoded_next                                                
c2868738  _lv_txt_encoded_prev                                                
c286873c  _lv_txt_encoded_get_byte_id                                         
c2868740  _lv_txt_encoded_get_char_id                                         
c2868744  _lv_txt_get_encoded_length                                          
c28687f4  _IGMPForceVersion1                                                  
c286880c  TxChanEnable_all                                                    
c2868810  RxChanEnable_all                                                    
c286881d  CmdHistorySaveNo                                                    
c286881e  CmdHistorySaveIndex                                                 
c286881f  CmdHistoryDisplayIndex                                              
c2868820  sataRegs                                                            
c2868824  temp                                                                
c2868860  _ICMPInErrors                                                       
c2868864  _ICMPOutErrors                                                      
c2868868  _IPExecuting                                                        
c2868878  gFragQList                                                          
c2868898  tcp_iss                                                             
c286889c  ptTimeFirst                                                         
c28688a0  pt6TimeFirst                                                        
c28688a4  tcp6_iss                                                            
c28688b8  spi_flag                                                            
c28688bc  SoftPWM                                                             
c28688c0  OSCINFreq                                                           
c28688d8  LODEPNG_VERSION_STRING                                              
c28688f8  httpErrorResponseHook                                               
c286890c  _IPReasmPtr                                                         
c2868918  gMLDNodeList                                                        
c2868932  roate                                                               
c2868933  SECLED                                                              
c2868936  LED_OP                                                              
c2868940  IPV6_MAX_MULTICAST_SOLICIT                                          
c2868944  IPV6_MAX_UNICAST_SOLICIT                                            
c2868948  IPV6_RETRANS_TIME                                                   
c286894c  IPV6_DELAY_FIRST_PROBE_TIME                                         
c2868950  IPV6_REACHABLE_TIME                                                 
c2868954  IPV6_MAX_RTR_SOLICITATION_DELAY                                     
c2868958  IPV6_RTR_SOLICITATION_INTERVAL                                      
c286895c  IPV6_MAX_RTR_SOLICITATIONS                                          
c2868960  INFINITE_LT                                                         
c2868964  ti_ndk_config_Global_rawPageSize                                    
c2868968  ti_ndk_config_Global_rawPageCount                                   
c286896c  ti_ndk_config_Global_smallest                                       
c2868970  ti_ndk_config_Global_largest                                        
c2868974  ti_ndk_config_Global_numFrameBuf                                    
c2868978  ti_ndk_config_Global_sizeFrameBuf                                   
c2868980  __CIOBUF_                                                           
c2868c00  ti_sysbios_family_c64p_Hwi0                                         
c2868c00  ti_sysbios_family_c64p_Hwi_int0                                     
c2868c20  ti_sysbios_family_c64p_Hwi_int1                                     
c2868c40  ti_sysbios_family_c64p_Hwi_int2                                     
c2868c60  ti_sysbios_family_c64p_Hwi_int3                                     
c2868c80  ti_sysbios_family_c64p_Hwi_int4                                     
c2868ca0  ti_sysbios_family_c64p_Hwi_int5                                     
c2868cc0  ti_sysbios_family_c64p_Hwi_int6                                     
c2868ce0  ti_sysbios_family_c64p_Hwi_int7                                     
c2868d00  ti_sysbios_family_c64p_Hwi_int8                                     
c2868d20  ti_sysbios_family_c64p_Hwi_int9                                     
c2868d40  ti_sysbios_family_c64p_Hwi_int10                                    
c2868d60  ti_sysbios_family_c64p_Hwi_int11                                    
c2868d80  ti_sysbios_family_c64p_Hwi_int12                                    
c2868da0  ti_sysbios_family_c64p_Hwi_int13                                    
c2868dc0  ti_sysbios_family_c64p_Hwi_int14                                    
c2868de0  ti_sysbios_family_c64p_Hwi_int15                                    
c286a3e0  __TI_Handler_Table_Base                                             
c286a3e8  __TI_CINIT_Base                                                     
c286a3e8  __TI_Handler_Table_Limit                                            
c286a420  __TI_CINIT_Limit                                                    
c3000000  _c_int00                                                            
ffffffff  __TI_pprof_out_hndl                                                 
ffffffff  __TI_prof_data_size                                                 
ffffffff  __TI_prof_data_start                                                
ffffffff  __binit__                                                           
ffffffff  __c_args__                                                          
ffffffff  binit                                                               
UNDEFED   __TI_INITARRAY_Base                                                 
UNDEFED   __TI_INITARRAY_Limit                                                

[3407 symbols]
