******************************************************************************
               TMS320C6x Linker PC v8.3.12                     
******************************************************************************
>> Linked Tue May 10 17:19:59 2022

OUTPUT FILE NAME:   <Board_C674x.out>
ENTRY POINT SYMBOL: "_c_int00"  address: c3000000


MEMORY CONFIGURATION

         name            origin    length      used     unused   attr    fill
----------------------  --------  ---------  --------  --------  ----  --------
  DSPL2RAM              00800000   00040000  00004000  0003c000  RW  
  SHRAM                 80000000   00020000  00000004  0001fffc  RW X
  DDR2                  c0000000   08000000  02885b74  0577a48c  RW X


SEGMENT ALLOCATION MAP

run origin  load origin   length   init length attrs members
----------  ----------- ---------- ----------- ----- -------
00800000    00800000    00004000   00000000    rw-
  00800000    00800000    00004000   00000000    rw- .stack
80000000    80000000    00000004   00000000    rw-
  80000000    80000000    00000004   00000000    rw- .LEDNixieVal
c0000000    c0000000    02000000   00000000    rw-
  c0000000    c0000000    02000000   00000000    rw- SystemHeap
c2000000    c2000000    003b6900   003b6900    r-x
  c2000000    c2000000    003b68a2   003b68a2    r-- .const
  c23b68a4    c23b68a4    0000001c   0000001c    r-- .switch.1
  c23b68c0    c23b68c0    00000040   00000040    r-x .text.1
c23b6900    c23b6900    003a7c44   00000000    rw-
  c23b6900    c23b6900    003a7c44   00000000    rw- .far
c275e544    c275e544    0000001c   0000001c    r--
  c275e544    c275e544    0000001c   0000001c    r-- .switch.2
c275e560    c275e560    00122ea0   00122ea0    r-x
  c275e560    c275e560    00122ba0   00122ba0    r-x .text.2
  c2881100    c2881100    00000300   00000300    r-- .switch.3
c2881400    c2881400    00001eea   00000000    rw-
  c2881400    c2881400    00001eea   00000000    rw- .fardata
c28832ec    c28832ec    000009e4   000009e4    r--
  c28832ec    c28832ec    000009e4   000009e4    r-- .switch.4
c2883cd0    c2883cd0    00000441   00000000    rw-
  c2883cd0    c2883cd0    00000173   00000000    rw- .bss
  c2883e44    c2883e44    000002cd   00000000    rw- .neardata
c2884114    c2884114    0000003c   00000000    r--
  c2884114    c2884114    0000003c   00000000    r-- .rodata
c2884150    c2884150    00000120   00000000    rw-
  c2884150    c2884150    00000120   00000000    rw- .cio
c2884400    c2884400    00001848   00001848    r-x
  c2884400    c2884400    00000200   00000200    r-x .vecs
  c2884600    c2884600    00001648   00001648    r-- .cinit
c3000000    c3000000    000000c0   000000c0    r-x
  c3000000    c3000000    000000c0   000000c0    r-x .text:_c_int00


SECTION ALLOCATION MAP

 output                                  attributes/
section   page    origin      length       input sections
--------  ----  ----------  ----------   ----------------
.LEDNixieVal 
*          0    80000000    00000004     UNINITIALIZED
                  80000000    00000004     LEDNixie.obj (.LEDNixieVal)

.text:_c_int00 
*          0    c3000000    000000c0     
                  c3000000    000000a0     boot.ae674 : boot.oe674 (.text:_c_int00)
                  c30000a0    00000020     Local_pe674.oe674 ($Tramp$S$$xdc_runtime_Startup_reset__I)

.stack     0    00800000    00004000     UNINITIALIZED
                  00800000    00000008     boot.ae674 : boot.oe674 (.stack)
                  00800008    00003ff8     --HOLE--

.const     0    c2000000    003b68a2     
                  c2000000    0026145d     SourceHanSansCN_Normal_16.obj (.const:.string:glyph_bitmap)
                  c226145d    00000001     --HOLE-- [fill = 0]
                  c226145e    00000002     Local_pe674.oe674 (.const:ti_sysbios_BIOS_Module__id__C)
                  c2261460    000bb800     imgBackground.obj (.const:.string:imgBackground_map)
                  c231cc60    00052420     SourceHanSansCN_Normal_16.obj (.const:glyph_dsc)
                  c236f080    00016708     lv_font_montserrat_48.obj (.const:.string:glyph_bitmap)
                  c2385788    00003b8d     console_min.ae674 : conipv6.oe674 (.const:.string)
                  c2389315    00000001     --HOLE-- [fill = 0]
                  c2389316    00000002     Local_pe674.oe674 (.const:ti_sysbios_family_c64p_EventCombiner_Module__id__C)
                  c2389318    00001cb0     imgLAN.obj (.const:.string:imgLAN_map)
                  c238afc8    00001b00     imgBrightness.obj (.const:.string:imgBrightness_map)
                  c238cac8    00001b00     imgCalculator.obj (.const:.string:imgCalculator_map)
                  c238e5c8    00001b00     imgCalendar.obj (.const:.string:imgCalendar_map)
                  c23900c8    00001b00     imgClock.obj (.const:.string:imgClock_map)
                  c2391bc8    00001b00     imgFile.obj (.const:.string:imgFile_map)
                  c23936c8    00001b00     imgGame.obj (.const:.string:imgGame_map)
                  c23951c8    00001b00     imgRoate.obj (.const:.string:imgRoate_map)
                  c2396cc8    00001b00     imgSnake.obj (.const:.string:imgSnake_map)
                  c23987c8    00001b00     imgSystemInfo.obj (.const:.string:imgSystemInfo_map)
                  c239a2c8    00001b00     imgTetris.obj (.const:.string:imgTetris_map)
                  c239bdc8    00001b00     imgTouch.obj (.const:.string:imgTouch_map)
                  c239d8c8    00001b00     imgWLAN.obj (.const:.string:imgWLAN_map)
                  c239f3c8    00001aa6     console_min.ae674 : contest.oe674 (.const:.string)
                  c23a0e6e    00000002     Local_pe674.oe674 (.const:ti_sysbios_family_c64p_Exception_Module__id__C)
                  c23a0e70    00001709     Local_pe674.oe674 (.const:xdc_runtime_Text_charTab__A)
                  c23a2579    00000001     --HOLE-- [fill = 0]
                  c23a257a    00000002     Local_pe674.oe674 (.const:ti_sysbios_family_c64p_Exception_useInternalBuffer__C)
                  c23a257c    00001314     lodepng.obj (.const:.string)
                  c23a3890    00000f46     SourceHanSansCN_Normal_32.obj (.const:.string:glyph_bitmap)
                  c23a47d6    00000002     Local_pe674.oe674 (.const:ti_sysbios_family_c64p_Hwi_Module__id__C)
                  c23a47d8    00000da0     SourceHanSansCN_Normal_16.obj (.const:kern_pair_glyph_ids)
                  c23a5578    00000cca     console_min.ae674 : constat.oe674 (.const:.string)
                  c23a6242    00000006     nettool.ae674 : tftp.oe674 (.const:.string)
                  c23a6248    00000ca8     imgHandSec.obj (.const:.string:imgHandSec_map)
                  c23a6ef0    00000bad     lv_font_montserrat_48.obj (.const:.string:kern_class_values)
                  c23a7a9d    00000001     --HOLE-- [fill = 0]
                  c23a7a9e    00000002     Local_pe674.oe674 (.const:ti_sysbios_family_c64p_Hwi_Module__loggerDefined__C)
                  c23a7aa0    00000a8c     imgHandMin.obj (.const:.string:imgHandMin_map)
                  c23a852c    00000004     lv_obj_scroll.obj (.const:$P$T0$1)
                  c23a8530    000009e0     lv_font_montserrat_48.obj (.const:glyph_dsc)
                  c23a8f10    0000092c     lv_tlsf.obj (.const:.string)
                  c23a983c    00000893     console_min.ae674 : conipaddr.oe674 (.const:.string)
                  c23aa0cf    00000001     --HOLE-- [fill = 0]
                  c23aa0d0    00000870     imgHandHour.obj (.const:.string:imgHandHour_map)
                  c23aa940    000006ac     LEDNixie.obj (.const:.string:PRU_Code)
                  c23aafec    00000004     lv_obj_scroll.obj (.const:$P$T1$2)
                  c23aaff0    00000690     SourceHanSansCN_Normal_16.obj (.const:cmaps)
                  c23ab680    00000603     console_min.ae674 : console.oe674 (.const:.string)
                  c23abc83    00000001     --HOLE-- [fill = 0]
                  c23abc84    00000588     sysbios.ae674 : BIOS.obj (.const:.string)
                  c23ac20c    000004b6     console_min.ae674 : convlan.oe674 (.const:.string)
                  c23ac6c2    00000412                       : conecho.oe674 (.const:.string)
                  c23acad4    00000004     lv_obj_pos.obj (.const:$P$T10$4)
                  c23acad8    00000400     tjpgd.obj (.const:.string:Clip8)
                  c23aced8    000003d8     Web.obj (.const:.string)
                  c23ad2b0    000003d0     LEDMatrix.obj (.const:.string:PRU_Code)
                  c23ad680    000003c8     Command.obj (.const:.string)
                  c23ada48    000003b2     console_min.ae674 : condns.oe674 (.const:.string)
                  c23addfa    00000002     Local_pe674.oe674 (.const:ti_sysbios_gates_GateMutex_Module__id__C)
                  c23addfc    00000368     Exception.obj (.const:.string)
                  c23ae164    00000004     lv_draw_sw_gradient.obj (.const:$P$T2$4)
                  c23ae168    00000368     SourceHanSansCN_Normal_16.obj (.const:.string:kern_pair_values)
                  c23ae4d0    00000350     nettool.ae674 : httpsend.oe674 (.const:.string)
                  c23ae820    0000032c     console_min.ae674 : conlli.oe674 (.const:.string)
                  c23aeb4c    000002dc                       : conroute.oe674 (.const:.string)
                  c23aee28    000002cc                       : conping.oe674 (.const:.string)
                  c23af0f4    0000028c     lv_calendar_header_dropdown.obj (.const:.string)
                  c23af380    0000027d     console_min.ae674 : conacct.oe674 (.const:.string)
                  c23af5fd    0000025d     nettool.ae674 : dnscomn.oe674 (.const:.string)
                  c23af85a    00000002     Local_pe674.oe674 (.const:ti_sysbios_hal_Hwi_Module__id__C)
                  c23af85c    00000244     Net.obj (.const:.string)
                  c23afaa0    0000021a     os.ae674 : task.oe674 (.const:.string)
                  c23afcba    00000205     console_min.ae674 : consock.oe674 (.const:.string)
                  c23afebf    000001e2     stk6_ppp_pppoe.ae674 : bind6.oe674 (.const:.string)
                  c23b00a1    00000001     --HOLE-- [fill = 0]
                  c23b00a2    00000002     Local_pe674.oe674 (.const:ti_sysbios_heaps_HeapMem_Module__id__C)
                  c23b00a4    000001a8     DDR2.obj (.const:.string)
                  c23b024c    0000018c     console_min.ae674 : contftp.oe674 (.const:.string)
                  c23b03d8    00000184     lv_mem.obj (.const:.string)
                  c23b055c    00000164     SystemInfo.obj (.const:.string)
                  c23b06c0    0000015c     stk6_ppp_pppoe.ae674 : route6.oe674 (.const:.string)
                  c23b081c    00000159                          : nimuppp.oe674 (.const:.string)
                  c23b0975    0000014f     os.ae674 : mem.oe674 (.const:.string)
                  c23b0ac4    00000144     ti.drv.omapl138.ae674 : ethdriver.oe674 (.const:.string)
                  c23b0c08    00000110     Flash.obj (.const:.string)
                  c23b0d18    00000107     stk6_ppp_pppoe.ae674 : vlan.oe674 (.const:.string)
                  c23b0e1f    00000001     --HOLE-- [fill = 0]
                  c23b0e20    00000101     rts6740_elf.lib : ctype.c.obj (.const:.string:_ctypes_)
                  c23b0f21    00000006     nettool.ae674 : tftp6.oe674 (.const:.string)
                  c23b0f27    00000001     --HOLE-- [fill = 0]
                  c23b0f28    00000100     lv_draw_sw_letter.obj (.const:.string:_lv_bpp8_opa_table)
                  c23b1028    000000fd     stk6_ppp_pppoe.ae674 : icmpv6out.oe674 (.const:.string)
                  c23b1125    000000f2                          : icmpv6_ndisc.oe674 (.const:.string)
                  c23b1217    00000001     --HOLE-- [fill = 0]
                  c23b1218    000000f0     EEPROM.obj (.const:.string)
                  c23b1308    000000f0     Local_pe674.oe674 (.const:xdc_runtime_Text_nodeTab__A)
                  c23b13f8    000000ec     lv_chart.obj (.const:.string)
                  c23b14e4    000000ec     lv_table.obj (.const:.string)
                  c23b15d0    000000ec     lv_textarea.obj (.const:.string)
                  c23b16bc    000000e8     lv_img_decoder.obj (.const:.string)
                  c23b17a4    000000e8     lv_keyboard.obj (.const:.string)
                  c23b188c    000000e4     lv_draw_mask.obj (.const:.string)
                  c23b1970    000000dc     lv_hal_disp.obj (.const:.string)
                  c23b1a4c    000000d8     EMAC.obj (.const:.string)
                  c23b1b24    000000d8     SYSCFG.obj (.const:.string)
                  c23b1bfc    000000d8     stk6_ppp_pppoe.ae674 : node.oe674 (.const:.string)
                  c23b1cd4    000000d7     nettool.ae674 : httpstr.oe674 (.const:.string)
                  c23b1dab    00000001     --HOLE-- [fill = 0]
                  c23b1dac    000000d4     ti.drv.omapl138.ae674 : nimu_eth.oe674 (.const:.string)
                  c23b1e80    000000d0     lv_label.obj (.const:.string)
                  c23b1f50    000000cf     stk6_ppp_pppoe.ae674 : rtc.oe674 (.const:.string)
                  c23b201f    00000001     --HOLE-- [fill = 0]
                  c23b2020    000000cc     lv_obj.obj (.const:.string)
                  c23b20ec    000000c8     lv_dropdown.obj (.const:.string)
                  c23b21b4    00000004     lv_obj_pos.obj (.const:$P$T9$3)
                  c23b21b8    000000c0     LEDMatrix.obj (.const:.string:PRU_Data)
                  c23b2278    000000c0     SourceHanSansCN_Normal_32.obj (.const:glyph_dsc)
                  c23b2338    000000bf     stk6_ppp_pppoe.ae674 : lliout.oe674 (.const:.string)
                  c23b23f7    00000001     --HOLE-- [fill = 0]
                  c23b23f8    000000be     lv_color.obj (.const:colors$2)
                  c23b24b6    000000bc     servers_min.ae674 : newservers.oe674 (.const:.string)
                  c23b2572    00000006     stk6_ppp_pppoe.ae674 : auth.oe674 (.const:.string)
                  c23b2578    000000b6     lv_math.obj (.const:sin0_90_table)
                  c23b262e    00000002     Local_pe674.oe674 (.const:ti_sysbios_knl_Clock_Module__id__C)
                  c23b2630    000000b4     Calendar.obj (.const:.string)
                  c23b26e4    000000b4     Network.obj (.const:.string)
                  c23b2798    000000b1     nettool.ae674 : dnsclnt.oe674 (.const:.string)
                  c23b2849    00000001     --HOLE-- [fill = 0]
                  c23b284a    00000002     Local_pe674.oe674 (.const:ti_sysbios_knl_Clock_Module__loggerDefined__C)
                  c23b284c    000000b0     Calculator.obj (.const:.string)
                  c23b28fc    000000b0     Home.obj (.const:.string)
                  c23b29ac    000000b0     lv_hal_indev.obj (.const:.string)
                  c23b2a5c    00000004     SysMinProvide.obj (.const:.string)
                  c23b2a60    000000b0     lv_keyboard.obj (.const:default_kb_map_lc)
                  c23b2b10    000000b0     lv_keyboard.obj (.const:default_kb_map_spec)
                  c23b2bc0    000000b0     lv_keyboard.obj (.const:default_kb_map_uc)
                  c23b2c70    000000a9     stk6_ppp_pppoe.ae674 : lli6.oe674 (.const:.string)
                  c23b2d19    000000a7     nettool.ae674 : ipaddr.oe674 (.const:.string)
                  c23b2dc0    000000a7     stk6_ppp_pppoe.ae674 : nimu.oe674 (.const:.string)
                  c23b2e67    00000001     --HOLE-- [fill = 0]
                  c23b2e68    000000a4     LVGLTask.obj (.const:.string)
                  c23b2f0c    000000a2     stk6_ppp_pppoe.ae674 : nimupppoe.oe674 (.const:.string)
                  c23b2fae    00000002     Local_pe674.oe674 (.const:ti_sysbios_knl_Semaphore_Module__id__C)
                  c23b2fb0    000000a0     lv_btnmatrix.obj (.const:.string)
                  c23b3050    0000009e     lv_font_montserrat_48.obj (.const:.string:kern_left_class_mapping)
                  c23b30ee    00000002     Local_pe674.oe674 (.const:ti_sysbios_knl_Semaphore_Module__loggerDefined__C)
                  c23b30f0    0000009e     lv_font_montserrat_48.obj (.const:.string:kern_right_class_mapping)
                  c23b318e    00000002     Local_pe674.oe674 (.const:ti_sysbios_knl_Swi_Module__id__C)
                  c23b3190    00000098     lv_refr.obj (.const:.string)
                  c23b3228    00000098     lv_color.obj (.const:colors$3)
                  c23b32c0    00000091     stk6_ppp_pppoe.ae674 : tcp6time.oe674 (.const:.string)
                  c23b3351    00000001     --HOLE-- [fill = 0]
                  c23b3352    00000002     Local_pe674.oe674 (.const:ti_sysbios_knl_Swi_Module__loggerDefined__C)
                  c23b3354    00000090     lv_calendar.obj (.const:.string)
                  c23b33e4    0000008d     stk6_ppp_pppoe.ae674 : tcptime.oe674 (.const:.string)
                  c23b3471    00000001     --HOLE-- [fill = 0]
                  c23b3472    00000002     Local_pe674.oe674 (.const:ti_sysbios_knl_Task_Module__id__C)
                  c23b3474    0000008c     lv_fs.obj (.const:.string)
                  c23b3500    0000008c     lv_roller.obj (.const:.string)
                  c23b358c    00000084     lv_bmp.obj (.const:.string)
                  c23b3610    00000080     lv_draw_sw_gradient.obj (.const:.string)
                  c23b3690    00000080     lv_style.obj (.const:.string)
                  c23b3710    00000080     tjpgd.obj (.const:Ipsf)
                  c23b3790    00000080     rts6740_elf.lib : strtod.c.obj (.const:digits)
                  c23b3810    0000007c     UARTConsole.obj (.const:.string)
                  c23b388c    00000004     lv_draw_label.obj (.const:.string)
                  c23b3890    0000007c     lv_font_montserrat_48.obj (.const:unicode_list_1)
                  c23b390c    00000078     lv_meter.obj (.const:.string)
                  c23b3984    00000078     main.obj (.const:.string)
                  c23b39fc    00000004     lv_menu.obj (.const:.string)
                  c23b3a00    00000078     lodepng.obj (.const:DISTANCEBASE)
                  c23b3a78    00000078     lodepng.obj (.const:DISTANCEEXTRA)
                  c23b3af0    00000077     stk6_ppp_pppoe.ae674 : sock6.oe674 (.const:.string)
                  c23b3b67    00000076                          : mld.oe674 (.const:.string)
                  c23b3bdd    00000001     --HOLE-- [fill = 0]
                  c23b3bde    00000002     Local_pe674.oe674 (.const:ti_sysbios_knl_Task_Module__loggerDefined__C)
                  c23b3be0    00000074     lv_font.obj (.const:.string)
                  c23b3c54    00000004     lv_png.obj (.const:.string)
                  c23b3c58    00000074     lodepng.obj (.const:LENGTHBASE)
                  c23b3ccc    00000004     lv_spinbox.obj (.const:.string)
                  c23b3cd0    00000074     lodepng.obj (.const:LENGTHEXTRA)
                  c23b3d44    00000070     lv_obj_style.obj (.const:.string)
                  c23b3db4    00000004     lv_tabview.obj (.const:.string)
                  c23b3db8    00000070     SourceHanSansCN_Normal_16.obj (.const:unicode_list_83)
                  c23b3e28    0000006c     lv_event.obj (.const:.string)
                  c23b3e94    0000006c     rts6740_elf.lib : asctime.c.obj (.const:.string)
                  c23b3f00    00000068     lv_calendar_header_arrow.obj (.const:.string)
                  c23b3f68    00000068     lv_flex.obj (.const:.string)
                  c23b3fd0    00000068     lv_group.obj (.const:.string)
                  c23b4038    00000064     lv_obj_pos.obj (.const:.string)
                  c23b409c    00000064     Local_pe674.oe674 (.const:ti_sysbios_timers_timer64_Timer_Object__PARAMS__C)
                  c23b4100    00000060     lv_txt.obj (.const:.string)
                  c23b4160    00000060     stk6_ppp_pppoe.ae674 : sb.oe674 (.const:.string)
                  c23b41c0    0000005c     lv_anim.obj (.const:.string)
                  c23b421c    0000005c     lv_img.obj (.const:.string)
                  c23b4278    0000005c     lv_timer.obj (.const:.string)
                  c23b42d4    00000058     ti.targets.rts6000.ae674 : Error.oe674 (.const:.string)
                  c23b432c    00000056     os.ae674 : semaphore.oe674 (.const:.string)
                  c23b4382    00000002     Local_pe674.oe674 (.const:ti_sysbios_knl_Task_initStackFlag__C)
                  c23b4384    00000004     lv_theme_default.obj (.const:.string)
                  c23b4388    00000054     stk6_ppp_pppoe.ae674 : sockprot.oe674 (.const:Code2Err)
                  c23b43dc    00000004     nettool.ae674 : telnetd.oe674 (.const:.string)
                  c23b43e0    00000054     lv_keyboard.obj (.const:default_kb_map_num)
                  c23b4434    00000051     nettool.ae674 : dhcpmain.oe674 (.const:.string)
                  c23b4485    00000050     stk6_ppp_pppoe.ae674 : bind.oe674 (.const:.string)
                  c23b44d5    00000001     --HOLE-- [fill = 0]
                  c23b44d6    00000002     Local_pe674.oe674 (.const:ti_sysbios_timers_timer64_Timer_Module__id__C)
                  c23b44d8    00000050     lv_keyboard.obj (.const:default_kb_ctrl_lc_map)
                  c23b4528    00000050     lv_keyboard.obj (.const:default_kb_ctrl_spec_map)
                  c23b4578    00000050     lv_keyboard.obj (.const:default_kb_ctrl_uc_map)
                  c23b45c8    0000004e     stk6_ppp_pppoe.ae674 : rtable.oe674 (.const:.string)
                  c23b4616    00000002     Local_pe674.oe674 (.const:ti_sysbios_timers_timer64_Timer_startupNeeded__C)
                  c23b4618    0000004c     Clock.obj (.const:.string)
                  c23b4664    0000004c     lv_log.obj (.const:.string)
                  c23b46b0    0000004c     lodepng.obj (.const:CLCL_ORDER)
                  c23b46fc    00000048     LCDBrightness.obj (.const:.string)
                  c23b4744    00000048     Local_pe674.oe674 (.const:.string)
                  c23b478c    00000048     ti.targets.rts6000.ae674 : Log.oe674 (.const:.string)
                  c23b47d4    00000004                              : Assert.oe674 (.const:.string)
                  c23b47d8    00000048     rts6740_elf.lib : strtod.c.obj (.const:powerof10)
                  c23b4820    00000048     Local_pe674.oe674 (.const:ti_sysbios_knl_Task_hooks__A)
                  c23b4868    00000044     netctrl.ae674 : netctrl.oe674 (.const:.string)
                  c23b48ac    00000041     nettool.ae674 : httpclie.oe674 (.const:.string)
                  c23b48ed    00000041     stk6_ppp_pppoe.ae674 : sb6.oe674 (.const:.string)
                  c23b492e    00000002     Local_pe674.oe674 (.const:ti_sysbios_utils_Load_Module__id__C)
                  c23b4930    00000040     tjpgd.obj (.const:.string:Zig)
                  c23b4970    00000040     lv_draw_sw_dither.obj (.const:.string:dither_ordered_threshold_matrix)
                  c23b49b0    00000040     ti.targets.rts6000.ae674 : Text.oe674 (.const:.string)
                  c23b49f0    0000003e     stk6_ppp_pppoe.ae674 : ipv6.oe674 (.const:.string)
                  c23b4a2e    0000003c                          : ipv6_exthdrs.oe674 (.const:.string)
                  c23b4a6a    00000002     Local_pe674.oe674 (.const:ti_sysbios_utils_Load_Module__loggerDefined__C)
                  c23b4a6c    0000003c     Local_pe674.oe674 (.const:ti_sysbios_knl_Task_Object__PARAMS__C)
                  c23b4aa8    00000038     SATATest.obj (.const:.string)
                  c23b4ae0    00000038     stk6_ppp_pppoe.ae674 : icmpv6in.oe674 (.const:.string)
                  c23b4b18    00000038                          : sock.oe674 (.const:.string)
                  c23b4b50    00000034     cgi.ae674 : cgiparsem.oe674 (.const:.string)
                  c23b4b84    00000034     Local_pe674.oe674 (.const:xdc_runtime_LoggerSys_Module__FXNS__C)
                  c23b4bb8    00000034     Local_pe674.oe674 (.const:xdc_runtime_Startup_sfxnTab__A)
                  c23b4bec    00000031     stk6_ppp_pppoe.ae674 : pbm.oe674 (.const:.string)
                  c23b4c1d    00000001     --HOLE-- [fill = 0]
                  c23b4c1e    00000002     Local_pe674.oe674 (.const:ti_sysbios_utils_Load_autoAddTasks__C)
                  c23b4c20    00000030     rts6740_elf.lib : asctime.c.obj (.const:mon)
                  c23b4c50    00000030     Local_pe674.oe674 (.const:ti_sysbios_family_c64p_Hwi_Object__PARAMS__C)
                  c23b4c80    0000002c     ti.drv.omapl138.ae674 : csl_mdio.oe674 (.const:.string)
                  c23b4cac    0000002c     ti.targets.rts6000.ae674 : Startup.oe674 (.const:.string)
                  c23b4cd8    0000002c     Local_pe674.oe674 (.const:ti_sysbios_hal_Hwi_Object__PARAMS__C)
                  c23b4d04    00000004     Local_pe674.oe674 (.const:ti_sysbios_BIOS_Module__diagsEnabled__C)
                  c23b4d08    0000002c     lv_theme_default.obj (.const:trans_props$1)
                  c23b4d34    00000004     Local_pe674.oe674 (.const:ti_sysbios_BIOS_Module__diagsIncluded__C)
                  c23b4d38    00000028     lv_font_montserrat_48.obj (.const:cmaps)
                  c23b4d60    00000028     Local_pe674.oe674 (.const:ti_sysbios_heaps_HeapMem_Module__FXNS__C)
                  c23b4d88    00000028     Local_pe674.oe674 (.const:ti_sysbios_knl_Swi_Object__PARAMS__C)
                  c23b4db0    00000026     lv_event.obj (.const:.string:$P$T2$4)
                  c23b4dd6    00000002     Local_pe674.oe674 (.const:ti_sysbios_utils_Load_hwiEnabled__C)
                  c23b4dd8    00000026     lv_color.obj (.const:colors$1)
                  c23b4dfe    00000002     Local_pe674.oe674 (.const:ti_sysbios_utils_Load_updateInIdle__C)
                  c23b4e00    00000024     rts6740_elf.lib : _printfi.c.obj (.const:.string)
                  c23b4e24    00000024     Local_pe674.oe674 (.const:ti_sysbios_gates_GateHwi_Module__FXNS__C)
                  c23b4e48    00000024     Local_pe674.oe674 (.const:ti_sysbios_gates_GateMutex_Module__FXNS__C)
                  c23b4e6c    00000024     Local_pe674.oe674 (.const:ti_sysbios_heaps_HeapMem_Object__PARAMS__C)
                  c23b4e90    00000024     Local_pe674.oe674 (.const:ti_sysbios_knl_Clock_Object__PARAMS__C)
                  c23b4eb4    00000024     Local_pe674.oe674 (.const:ti_sysbios_knl_Semaphore_Object__PARAMS__C)
                  c23b4ed8    00000022     lv_calendar.obj (.const:.string:$P$T0$1)
                  c23b4efa    00000002     Local_pe674.oe674 (.const:xdc_runtime_Core_Module__id__C)
                  c23b4efc    00000004     Local_pe674.oe674 (.const:ti_sysbios_BIOS_Module__diagsMask__C)
                  c23b4f00    00000022     lv_keyboard.obj (.const:default_kb_ctrl_num_map)
                  c23b4f22    00000002     Local_pe674.oe674 (.const:xdc_runtime_Error_Module__loggerDefined__C)
                  c23b4f24    00000004     Local_pe674.oe674 (.const:ti_sysbios_BIOS_installedErrorHook__C)
                  c23b4f28    00000021     lv_textarea.obj (.const:.string:$P$T5$6)
                  c23b4f49    00000001     --HOLE-- [fill = 0]
                  c23b4f4a    00000002     Local_pe674.oe674 (.const:xdc_runtime_Error_maxDepth__C)
                  c23b4f4c    00000004     Local_pe674.oe674 (.const:ti_sysbios_family_c62_TaskSupport_stackAlignment__C)
                  c23b4f50    00000021     lv_draw_sw_line.obj (.const:.string:wcorr$1)
                  c23b4f71    00000001     --HOLE-- [fill = 0]
                  c23b4f72    00000002     Local_pe674.oe674 (.const:xdc_runtime_Memory_Module__id__C)
                  c23b4f74    00000004     Local_pe674.oe674 (.const:ti_sysbios_family_c64p_Cache_EMIFA_BASE__C)
                  c23b4f78    00000020     lv_btnmatrix.obj (.const:.string:$P$T0$1)
                  c23b4f98    00000020     lv_obj_style.obj (.const:.string:$P$T2$1)
                  c23b4fb8    00000020     Local_pe674.oe674 (.const:ti_sysbios_family_c64p_Hwi_Object__DESC__C)
                  c23b4fd8    00000020     Local_pe674.oe674 (.const:ti_sysbios_gates_GateHwi_Object__DESC__C)
                  c23b4ff8    00000020     Local_pe674.oe674 (.const:ti_sysbios_gates_GateMutex_Object__DESC__C)
                  c23b5018    00000020     Local_pe674.oe674 (.const:ti_sysbios_hal_Hwi_Object__DESC__C)
                  c23b5038    00000020     Local_pe674.oe674 (.const:ti_sysbios_heaps_HeapMem_Object__DESC__C)
                  c23b5058    00000020     Local_pe674.oe674 (.const:ti_sysbios_knl_Clock_Object__DESC__C)
                  c23b5078    00000020     Local_pe674.oe674 (.const:ti_sysbios_knl_Queue_Object__DESC__C)
                  c23b5098    00000020     Local_pe674.oe674 (.const:ti_sysbios_knl_Semaphore_Object__DESC__C)
                  c23b50b8    00000020     Local_pe674.oe674 (.const:ti_sysbios_knl_Swi_Object__DESC__C)
                  c23b50d8    00000020     Local_pe674.oe674 (.const:ti_sysbios_knl_Task_Object__DESC__C)
                  c23b50f8    00000020     Local_pe674.oe674 (.const:ti_sysbios_timers_timer64_Timer_Object__DESC__C)
                  c23b5118    00000020     Local_pe674.oe674 (.const:xdc_runtime_LoggerSys_Object__DESC__C)
                  c23b5138    0000001f     lv_dropdown.obj (.const:.string:$P$T1$2)
                  c23b5157    00000001     --HOLE-- [fill = 0]
                  c23b5158    0000001e     lv_textarea.obj (.const:.string:$P$T6$7)
                  c23b5176    0000001e     nettool.ae674 : daemon.oe674 (.const:.string)
                  c23b5194    00000004     Local_pe674.oe674 (.const:ti_sysbios_family_c64p_Cache_EMIFA_CFG__C)
                  c23b5198    0000001d     lv_chart.obj (.const:.string:$P$T2$3)
                  c23b51b5    00000001     --HOLE-- [fill = 0]
                  c23b51b6    00000002     Local_pe674.oe674 (.const:xdc_runtime_SysMin_flushAtExit__C)
                  c23b51b8    0000001d     lv_img_decoder.obj (.const:.string:$P$T4$4)
                  c23b51d5    0000001d     stk6_ppp_pppoe.ae674 : lli.oe674 (.const:.string)
                  c23b51f2    00000002     Local_pe674.oe674 (.const:xdc_runtime_Text_charCnt__C)
                  c23b51f4    0000001c     lv_draw_sw_rect.obj (.const:$P$T0$1)
                  c23b5210    0000001c     lv_table.obj (.const:.string:$P$T1$2)
                  c23b522c    00000004     Local_pe674.oe674 (.const:ti_sysbios_family_c64p_Cache_EMIFA_LENGTH__C)
                  c23b5230    0000001c     lodepng.obj (.const:ADAM7_DX)
                  c23b524c    00000004     Local_pe674.oe674 (.const:ti_sysbios_family_c64p_Cache_EMIFB_BASE__C)
                  c23b5250    0000001c     lodepng.obj (.const:ADAM7_DY)
                  c23b526c    00000004     Local_pe674.oe674 (.const:ti_sysbios_family_c64p_Cache_EMIFB_CFG__C)
                  c23b5270    0000001c     lodepng.obj (.const:ADAM7_IX)
                  c23b528c    00000004     Local_pe674.oe674 (.const:ti_sysbios_family_c64p_Cache_EMIFB_LENGTH__C)
                  c23b5290    0000001c     lodepng.obj (.const:ADAM7_IY)
                  c23b52ac    0000001c     SourceHanSansCN_Normal_16.obj (.const:SourceHanSansCN_Normal_16)
                  c23b52c8    0000001c     SourceHanSansCN_Normal_32.obj (.const:SourceHanSansCN_Normal_32)
                  c23b52e4    00000004     Local_pe674.oe674 (.const:ti_sysbios_family_c64p_Cache_EMIFC_BASE__C)
                  c23b52e8    0000001c     rts6740_elf.lib : asctime.c.obj (.const:day)
                  c23b5304    0000001c     lv_arc.obj (.const:lv_arc_class)
                  c23b5320    0000001c     lv_bar.obj (.const:lv_bar_class)
                  c23b533c    0000001c     lv_btn.obj (.const:lv_btn_class)
                  c23b5358    0000001c     lv_btnmatrix.obj (.const:lv_btnmatrix_class)
                  c23b5374    0000001c     lv_calendar.obj (.const:lv_calendar_class)
                  c23b5390    0000001c     lv_calendar_header_arrow.obj (.const:lv_calendar_header_arrow_class)
                  c23b53ac    0000001c     lv_calendar_header_dropdown.obj (.const:lv_calendar_header_dropdown_class)
                  c23b53c8    0000001c     lv_chart.obj (.const:lv_chart_class)
                  c23b53e4    0000001c     lv_checkbox.obj (.const:lv_checkbox_class)
                  c23b5400    0000001c     lv_colorwheel.obj (.const:lv_colorwheel_class)
                  c23b541c    0000001c     lv_dropdown.obj (.const:lv_dropdown_class)
                  c23b5438    0000001c     lv_dropdown.obj (.const:lv_dropdownlist_class)
                  c23b5454    0000001c     lv_font_montserrat_48.obj (.const:lv_font_montserrat_48)
                  c23b5470    0000001c     lv_img.obj (.const:lv_img_class)
                  c23b548c    0000001c     lv_imgbtn.obj (.const:lv_imgbtn_class)
                  c23b54a8    0000001c     lv_keyboard.obj (.const:lv_keyboard_class)
                  c23b54c4    0000001c     lv_label.obj (.const:lv_label_class)
                  c23b54e0    0000001c     lv_led.obj (.const:lv_led_class)
                  c23b54fc    0000001c     lv_line.obj (.const:lv_line_class)
                  c23b5518    0000001c     lv_list.obj (.const:lv_list_btn_class)
                  c23b5534    0000001c     lv_list.obj (.const:lv_list_class)
                  c23b5550    0000001c     lv_list.obj (.const:lv_list_text_class)
                  c23b556c    0000001c     lv_menu.obj (.const:lv_menu_class)
                  c23b5588    0000001c     lv_menu.obj (.const:lv_menu_cont_class)
                  c23b55a4    0000001c     lv_menu.obj (.const:lv_menu_main_cont_class)
                  c23b55c0    0000001c     lv_menu.obj (.const:lv_menu_main_header_cont_class)
                  c23b55dc    0000001c     lv_menu.obj (.const:lv_menu_page_class)
                  c23b55f8    0000001c     lv_menu.obj (.const:lv_menu_section_class)
                  c23b5614    0000001c     lv_menu.obj (.const:lv_menu_separator_class)
                  c23b5630    0000001c     lv_menu.obj (.const:lv_menu_sidebar_cont_class)
                  c23b564c    0000001c     lv_menu.obj (.const:lv_menu_sidebar_header_cont_class)
                  c23b5668    0000001c     lv_meter.obj (.const:lv_meter_class)
                  c23b5684    0000001c     lv_msgbox.obj (.const:lv_msgbox_backdrop_class)
                  c23b56a0    0000001c     lv_msgbox.obj (.const:lv_msgbox_class)
                  c23b56bc    0000001c     lv_obj.obj (.const:lv_obj_class)
                  c23b56d8    0000001c     lv_roller.obj (.const:lv_roller_class)
                  c23b56f4    0000001c     lv_roller.obj (.const:lv_roller_label_class)
                  c23b5710    0000001c     lv_slider.obj (.const:lv_slider_class)
                  c23b572c    0000001c     lv_spinbox.obj (.const:lv_spinbox_class)
                  c23b5748    0000001c     lv_spinner.obj (.const:lv_spinner_class)
                  c23b5764    0000001c     lv_switch.obj (.const:lv_switch_class)
                  c23b5780    0000001c     lv_table.obj (.const:lv_table_class)
                  c23b579c    0000001c     lv_tabview.obj (.const:lv_tabview_class)
                  c23b57b8    0000001c     lv_textarea.obj (.const:lv_textarea_class)
                  c23b57d4    0000001c     lv_tileview.obj (.const:lv_tileview_class)
                  c23b57f0    0000001c     lv_tileview.obj (.const:lv_tileview_tile_class)
                  c23b580c    0000001c     lv_win.obj (.const:lv_win_class)
                  c23b5828    0000001b     lv_chart.obj (.const:.string:$P$T1$2)
                  c23b5843    00000001     --HOLE-- [fill = 0]
                  c23b5844    00000004     Local_pe674.oe674 (.const:ti_sysbios_family_c64p_Cache_EMIFC_CFG__C)
                  c23b5848    0000001b     lv_draw_sw_gradient.obj (.const:.string:$P$T1$2)
                  c23b5863    00000001     --HOLE-- [fill = 0]
                  c23b5864    00000004     Local_pe674.oe674 (.const:ti_sysbios_family_c64p_Cache_EMIFC_LENGTH__C)
                  c23b5868    0000001b     lv_label.obj (.const:.string:$P$T5$5)
                  c23b5883    00000001     --HOLE-- [fill = 0]
                  c23b5884    00000004     Local_pe674.oe674 (.const:ti_sysbios_family_c64p_Cache_MAR0_31__C)
                  c23b5888    0000001b     lv_chart.obj (.const:.string:$P$T7$8)
                  c23b58a3    00000001     --HOLE-- [fill = 0]
                  c23b58a4    00000004     Local_pe674.oe674 (.const:ti_sysbios_family_c64p_Cache_MAR128_159__C)
                  c23b58a8    0000001a     lv_obj.obj (.const:.string:$P$T1$2)
                  c23b58c2    00000002     Local_pe674.oe674 (.const:xdc_runtime_Text_isLoaded__C)
                  c23b58c4    00000004     Local_pe674.oe674 (.const:ti_sysbios_family_c64p_Cache_MAR160_191__C)
                  c23b58c8    0000001a     lv_chart.obj (.const:.string:$P$T12$11)
                  c23b58e2    00000002     Local_pe674.oe674 (.const:xdc_runtime_Text_registryModsLastId__C)
                  c23b58e4    00000004     Local_pe674.oe674 (.const:ti_sysbios_family_c64p_Cache_MAR192_223__C)
                  c23b58e8    0000001a     lv_chart.obj (.const:.string:$P$T13$12)
                  c23b5902    00000002     Local_pe674.oe674 (.const:xdc_runtime_Text_unnamedModsLastId__C)
                  c23b5904    00000004     Local_pe674.oe674 (.const:ti_sysbios_family_c64p_Cache_MAR224_255__C)
                  c23b5908    0000001a     lv_chart.obj (.const:.string:$P$T18$17)
                  c23b5922    00000002     --HOLE-- [fill = 0]
                  c23b5924    00000004     Local_pe674.oe674 (.const:ti_sysbios_family_c64p_Cache_MAR32_63__C)
                  c23b5928    0000001a     lv_chart.obj (.const:.string:$P$T6$7)
                  c23b5942    00000002     --HOLE-- [fill = 0]
                  c23b5944    00000004     Local_pe674.oe674 (.const:ti_sysbios_family_c64p_Cache_MAR64_95__C)
                  c23b5948    0000001a     Local_pe674.oe674 (.const:xdc_runtime_Startup_sfxnRts__A)
                  c23b5962    00000002     --HOLE-- [fill = 0]
                  c23b5964    00000004     Local_pe674.oe674 (.const:ti_sysbios_family_c64p_Cache_MAR96_127__C)
                  c23b5968    00000019     lv_font.obj (.const:.string:$P$T0$1)
                  c23b5981    00000003     --HOLE-- [fill = 0]
                  c23b5984    00000004     Local_pe674.oe674 (.const:ti_sysbios_family_c64p_EventCombiner_E_unpluggedEvent__C)
                  c23b5988    00000019     lv_draw_mask.obj (.const:.string:$P$T1$2)
                  c23b59a1    00000003     --HOLE-- [fill = 0]
                  c23b59a4    00000004     Local_pe674.oe674 (.const:ti_sysbios_family_c64p_Exception_E_exceptionMax__C)
                  c23b59a8    00000019     lv_meter.obj (.const:.string:$P$T1$2)
                  c23b59c1    00000003     --HOLE-- [fill = 0]
                  c23b59c4    00000004     Local_pe674.oe674 (.const:ti_sysbios_family_c64p_Exception_exceptionHook__C)
                  c23b59c8    00000019     lv_chart.obj (.const:.string:$P$T16$15)
                  c23b59e1    00000003     --HOLE-- [fill = 0]
                  c23b59e4    00000004     Local_pe674.oe674 (.const:ti_sysbios_family_c64p_Exception_externalHook__C)
                  c23b59e8    00000019     lv_chart.obj (.const:.string:$P$T17$16)
                  c23b5a01    00000003     --HOLE-- [fill = 0]
                  c23b5a04    00000004     Local_pe674.oe674 (.const:ti_sysbios_family_c64p_Exception_internalHook__C)
                  c23b5a08    00000019     lv_chart.obj (.const:.string:$P$T19$18)
                  c23b5a21    00000003     --HOLE-- [fill = 0]
                  c23b5a24    00000004     Local_pe674.oe674 (.const:ti_sysbios_family_c64p_Exception_nmiHook__C)
                  c23b5a28    00000019     lv_chart.obj (.const:.string:$P$T20$19)
                  c23b5a41    00000003     --HOLE-- [fill = 0]
                  c23b5a44    00000004     Local_pe674.oe674 (.const:ti_sysbios_family_c64p_Hwi_E_alreadyDefined__C)
                  c23b5a48    00000019     lv_meter.obj (.const:.string:$P$T4$5)
                  c23b5a61    00000003     --HOLE-- [fill = 0]
                  c23b5a64    00000004     Local_pe674.oe674 (.const:ti_sysbios_family_c64p_Hwi_E_handleNotFound__C)
                  c23b5a68    00000019     lv_table.obj (.const:.string:$P$T5$6)
                  c23b5a81    00000003     --HOLE-- [fill = 0]
                  c23b5a84    00000004     Local_pe674.oe674 (.const:ti_sysbios_family_c64p_Hwi_LD_end__C)
                  c23b5a88    00000018     lv_draw_mask.obj (.const:.string:$P$T0$1)
                  c23b5aa0    00000018     lv_dropdown.obj (.const:.string:$P$T0$1)
                  c23b5ab8    00000018     lv_hal_disp.obj (.const:.string:$P$T0$1)
                  c23b5ad0    00000018     lv_table.obj (.const:.string:$P$T0$1)
                  c23b5ae8    00000018     lv_chart.obj (.const:.string:$P$T11$10)
                  c23b5b00    00000018     lv_chart.obj (.const:.string:$P$T15$14)
                  c23b5b18    00000018     lv_label.obj (.const:.string:$P$T2$3)
                  c23b5b30    00000018     lv_meter.obj (.const:.string:$P$T2$3)
                  c23b5b48    00000018     lv_font.obj (.const:.string:$P$T3$3)
                  c23b5b60    00000018     lv_event.obj (.const:.string:$P$T3$5)
                  c23b5b78    00000018     nettool.ae674 : config.oe674 (.const:.string)
                  c23b5b90    00000018     stk6_ppp_pppoe.ae674 : exec.oe674 (.const:.string)
                  c23b5ba8    00000018     SourceHanSansCN_Normal_16.obj (.const:font_dsc)
                  c23b5bc0    00000018     SourceHanSansCN_Normal_32.obj (.const:font_dsc)
                  c23b5bd8    00000018     lv_font_montserrat_48.obj (.const:font_dsc)
                  c23b5bf0    00000018     Local_pe674.oe674 (.const:ti_sysbios_gates_GateHwi_Object__PARAMS__C)
                  c23b5c08    00000018     Local_pe674.oe674 (.const:ti_sysbios_gates_GateMutex_Object__PARAMS__C)
                  c23b5c20    00000018     Local_pe674.oe674 (.const:ti_sysbios_knl_Queue_Object__PARAMS__C)
                  c23b5c38    00000018     Local_pe674.oe674 (.const:ti_sysbios_knl_Swi_hooks__A)
                  c23b5c50    00000018     Local_pe674.oe674 (.const:xdc_runtime_LoggerSys_Object__PARAMS__C)
                  c23b5c68    00000017     lv_event.obj (.const:.string:$P$T1$3)
                  c23b5c7f    00000001     --HOLE-- [fill = 0]
                  c23b5c80    00000017     lv_chart.obj (.const:.string:$P$T14$13)
                  c23b5c97    00000001     --HOLE-- [fill = 0]
                  c23b5c98    00000017     lv_dropdown.obj (.const:.string:$P$T2$3)
                  c23b5caf    00000001     --HOLE-- [fill = 0]
                  c23b5cb0    00000017     lv_label.obj (.const:.string:$P$T3$4)
                  c23b5cc7    00000001     --HOLE-- [fill = 0]
                  c23b5cc8    00000017     lv_chart.obj (.const:.string:$P$T4$5)
                  c23b5cdf    00000001     --HOLE-- [fill = 0]
                  c23b5ce0    00000017     lv_table.obj (.const:.string:$P$T4$5)
                  c23b5cf7    00000017     stk6_ppp_pppoe.ae674 : ipout.oe674 (.const:.string)
                  c23b5d0e    00000002     --HOLE-- [fill = 0]
                  c23b5d10    00000016     lv_hal_indev.obj (.const:.string:$P$T0$1)
                  c23b5d26    00000002     --HOLE-- [fill = 0]
                  c23b5d28    00000016     lv_roller.obj (.const:.string:$P$T0$1)
                  c23b5d3e    00000002     --HOLE-- [fill = 0]
                  c23b5d40    00000016     lv_txt.obj (.const:.string:$P$T0$1)
                  c23b5d56    00000002     --HOLE-- [fill = 0]
                  c23b5d58    00000016     lv_label.obj (.const:.string:$P$T1$2)
                  c23b5d6e    00000002     --HOLE-- [fill = 0]
                  c23b5d70    00000016     lv_font.obj (.const:.string:$P$T2$2)
                  c23b5d86    00000002     --HOLE-- [fill = 0]
                  c23b5d88    00000016     lv_img_decoder.obj (.const:.string:$P$T3$3)
                  c23b5d9e    00000002     --HOLE-- [fill = 0]
                  c23b5da0    00000016     lv_tlsf.obj (.const:.string:$P$T6$6)
                  c23b5db6    00000016     stk6_ppp_pppoe.ae674 : ipv6out.oe674 (.const:.string)
                  c23b5dcc    00000004     Local_pe674.oe674 (.const:ti_sysbios_family_c64p_Hwi_LM_begin__C)
                  c23b5dd0    00000016     SourceHanSansCN_Normal_32.obj (.const:unicode_list_0)
                  c23b5de6    00000002     --HOLE-- [fill = 0]
                  c23b5de8    00000015     lv_textarea.obj (.const:.string:$P$T0$1)
                  c23b5dfd    00000003     --HOLE-- [fill = 0]
                  c23b5e00    00000015     lv_img_decoder.obj (.const:.string:$P$T1$1)
                  c23b5e15    00000003     --HOLE-- [fill = 0]
                  c23b5e18    00000015     lv_textarea.obj (.const:.string:$P$T1$2)
                  c23b5e2d    00000003     --HOLE-- [fill = 0]
                  c23b5e30    00000015     lv_style.obj (.const:.string:$P$T2$3)
                  c23b5e45    00000003     --HOLE-- [fill = 0]
                  c23b5e48    00000015     lv_table.obj (.const:.string:$P$T2$3)
                  c23b5e5d    00000003     --HOLE-- [fill = 0]
                  c23b5e60    00000015     lv_textarea.obj (.const:.string:$P$T2$3)
                  c23b5e75    00000003     --HOLE-- [fill = 0]
                  c23b5e78    00000015     lv_hal_disp.obj (.const:.string:$P$T2$8)
                  c23b5e8d    00000003     --HOLE-- [fill = 0]
                  c23b5e90    00000015     lv_chart.obj (.const:.string:$P$T21$20)
                  c23b5ea5    00000003     --HOLE-- [fill = 0]
                  c23b5ea8    00000015     lv_chart.obj (.const:.string:$P$T22$21)
                  c23b5ebd    00000003     --HOLE-- [fill = 0]
                  c23b5ec0    00000015     lv_table.obj (.const:.string:$P$T3$4)
                  c23b5ed5    00000003     --HOLE-- [fill = 0]
                  c23b5ed8    00000015     lv_textarea.obj (.const:.string:$P$T4$5)
                  c23b5eed    00000003     --HOLE-- [fill = 0]
                  c23b5ef0    00000015     lv_chart.obj (.const:.string:$P$T5$6)
                  c23b5f05    00000003     --HOLE-- [fill = 0]
                  c23b5f08    00000015     lv_label.obj (.const:.string:$P$T7$7)
                  c23b5f1d    00000003     --HOLE-- [fill = 0]
                  c23b5f20    00000014     lv_event.obj (.const:.string:$P$T0$2)
                  c23b5f34    00000004     Local_pe674.oe674 (.const:ti_sysbios_family_c64p_Hwi_Module__diagsEnabled__C)
                  c23b5f38    00000014     lv_hal_indev.obj (.const:.string:$P$T1$2)
                  c23b5f4c    00000004     Local_pe674.oe674 (.const:ti_sysbios_family_c64p_Hwi_Module__diagsIncluded__C)
                  c23b5f50    00000014     lv_chart.obj (.const:.string:$P$T10$9)
                  c23b5f64    00000004     Local_pe674.oe674 (.const:ti_sysbios_family_c64p_Hwi_Module__diagsMask__C)
                  c23b5f68    00000014     lv_img_decoder.obj (.const:.string:$P$T2$2)
                  c23b5f7c    00000004     Local_pe674.oe674 (.const:ti_sysbios_family_c64p_Hwi_Module__loggerFxn1__C)
                  c23b5f80    00000014     lv_tlsf.obj (.const:.string:$P$T23$22)
                  c23b5f94    00000004     Local_pe674.oe674 (.const:ti_sysbios_family_c64p_Hwi_Module__loggerFxn8__C)
                  c23b5f98    00000014     lv_chart.obj (.const:.string:$P$T3$4)
                  c23b5fac    00000014     lv_sjpg.obj (.const:.string)
                  c23b5fc0    00000014     SourceHanSansCN_Normal_32.obj (.const:cmaps)
                  c23b5fd4    00000004     Local_pe674.oe674 (.const:ti_sysbios_family_c64p_Hwi_Module__loggerObj__C)
                  c23b5fd8    00000014     Local_pe674.oe674 (.const:ti_sysbios_family_c64p_Hwi_hooks__A)
                  c23b5fec    00000004     Local_pe674.oe674 (.const:ti_sysbios_family_c64p_Hwi_Object__heap__C)
                  c23b5ff0    00000013     lv_meter.obj (.const:.string:$P$T0$1)
                  c23b6003    00000001     --HOLE-- [fill = 0]
                  c23b6004    00000004     Local_pe674.oe674 (.const:ti_sysbios_gates_GateMutex_A_badContext__C)
                  c23b6008    00000013     lv_obj_pos.obj (.const:.string:$P$T0$2)
                  c23b601b    00000001     --HOLE-- [fill = 0]
                  c23b601c    00000004     Local_pe674.oe674 (.const:ti_sysbios_gates_GateMutex_Instance_State_sem__O)
                  c23b6020    00000013     lv_tlsf.obj (.const:.string:$P$T17$16)
                  c23b6033    00000001     --HOLE-- [fill = 0]
                  c23b6034    00000004     Local_pe674.oe674 (.const:ti_sysbios_gates_GateMutex_Module__diagsEnabled__C)
                  c23b6038    00000013     lv_fs.obj (.const:.string:$P$T3$3)
                  c23b604b    00000001     --HOLE-- [fill = 0]
                  c23b604c    00000004     Local_pe674.oe674 (.const:ti_sysbios_gates_GateMutex_Module__diagsIncluded__C)
                  c23b6050    00000013     lv_mem.obj (.const:.string:$P$T4$5)
                  c23b6063    00000013     stk6_ppp_pppoe.ae674 : fileuser.oe674 (.const:.string)
                  c23b6076    00000002     --HOLE-- [fill = 0]
                  c23b6078    00000012     lv_chart.obj (.const:.string:$P$T0$1)
                  c23b608a    00000002     --HOLE-- [fill = 0]
                  c23b608c    00000004     Local_pe674.oe674 (.const:ti_sysbios_gates_GateMutex_Module__diagsMask__C)
                  c23b6090    00000012     lv_label.obj (.const:.string:$P$T0$1)
                  c23b60a2    00000002     --HOLE-- [fill = 0]
                  c23b60a4    00000004     Local_pe674.oe674 (.const:ti_sysbios_hal_Hwi_E_stackOverflow__C)
                  c23b60a8    00000012     lv_tlsf.obj (.const:.string:$P$T16$15)
                  c23b60ba    00000002     --HOLE-- [fill = 0]
                  c23b60bc    00000004     Local_pe674.oe674 (.const:ti_sysbios_heaps_HeapMem_A_align__C)
                  c23b60c0    00000012     lv_fs.obj (.const:.string:$P$T2$2)
                  c23b60d2    00000002     --HOLE-- [fill = 0]
                  c23b60d4    00000004     Local_pe674.oe674 (.const:ti_sysbios_heaps_HeapMem_A_heapSize__C)
                  c23b60d8    00000012     lv_refr.obj (.const:.string:$P$T2$2)
                  c23b60ea    00000002     --HOLE-- [fill = 0]
                  c23b60ec    00000004     Local_pe674.oe674 (.const:ti_sysbios_heaps_HeapMem_A_invalidFree__C)
                  c23b60f0    00000012     lv_style.obj (.const:.string:$P$T3$4)
                  c23b6102    00000002     --HOLE-- [fill = 0]
                  c23b6104    00000004     Local_pe674.oe674 (.const:ti_sysbios_heaps_HeapMem_A_zeroBlock__C)
                  c23b6108    00000012     lv_label.obj (.const:.string:$P$T6$6)
                  c23b611a    00000002     --HOLE-- [fill = 0]
                  c23b611c    00000004     Local_pe674.oe674 (.const:ti_sysbios_heaps_HeapMem_E_memory__C)
                  c23b6120    00000012     lv_tlsf.obj (.const:.string:$P$T7$7)
                  c23b6132    00000002     --HOLE-- [fill = 0]
                  c23b6134    00000004     Local_pe674.oe674 (.const:ti_sysbios_heaps_HeapMem_Module__diagsEnabled__C)
                  c23b6138    00000012     lv_tlsf.obj (.const:.string:$P$T8$8)
                  c23b614a    00000002     --HOLE-- [fill = 0]
                  c23b614c    00000004     Local_pe674.oe674 (.const:ti_sysbios_heaps_HeapMem_Module__diagsIncluded__C)
                  c23b6150    00000011     lv_group.obj (.const:.string:$P$T1$2)
                  c23b6161    00000003     --HOLE-- [fill = 0]
                  c23b6164    00000004     Local_pe674.oe674 (.const:ti_sysbios_heaps_HeapMem_Module__diagsMask__C)
                  c23b6168    00000011     lv_tlsf.obj (.const:.string:$P$T12$11)
                  c23b6179    00000003     --HOLE-- [fill = 0]
                  c23b617c    00000004     Local_pe674.oe674 (.const:ti_sysbios_heaps_HeapMem_Module__gateObj__C)
                  c23b6180    00000011     lv_tlsf.obj (.const:.string:$P$T13$12)
                  c23b6191    00000003     --HOLE-- [fill = 0]
                  c23b6194    00000004     Local_pe674.oe674 (.const:ti_sysbios_heaps_HeapMem_Object__count__C)
                  c23b6198    00000011     lv_tlsf.obj (.const:.string:$P$T18$17)
                  c23b61a9    00000003     --HOLE-- [fill = 0]
                  c23b61ac    00000004     Local_pe674.oe674 (.const:ti_sysbios_heaps_HeapMem_Object__table__C)
                  c23b61b0    00000011     lv_tlsf.obj (.const:.string:$P$T22$21)
                  c23b61c1    00000003     --HOLE-- [fill = 0]
                  c23b61c4    00000004     Local_pe674.oe674 (.const:ti_sysbios_heaps_HeapMem_reqAlign__C)
                  c23b61c8    00000011     lv_chart.obj (.const:.string:$P$T23$22)
                  c23b61d9    00000003     --HOLE-- [fill = 0]
                  c23b61dc    00000004     Local_pe674.oe674 (.const:ti_sysbios_knl_Clock_A_badThreadType__C)
                  c23b61e0    00000011     lv_tlsf.obj (.const:.string:$P$T27$24)
                  c23b61f1    00000003     --HOLE-- [fill = 0]
                  c23b61f4    00000004     Local_pe674.oe674 (.const:ti_sysbios_knl_Clock_A_clockDisabled__C)
                  c23b61f8    00000011     lv_meter.obj (.const:.string:$P$T3$4)
                  c23b6209    00000011     stk6_ppp_pppoe.ae674 : tcp6prot.oe674 (.const:.string)
                  c23b621a    00000011                          : tcpprot.oe674 (.const:.string)
                  c23b622b    00000001     --HOLE-- [fill = 0]
                  c23b622c    00000004     Local_pe674.oe674 (.const:ti_sysbios_knl_Clock_LM_begin__C)
                  c23b6230    00000011     ti.targets.rts6000.ae674 : System.oe674 (.const:digtohex)
                  c23b6241    00000003     --HOLE-- [fill = 0]
                  c23b6244    00000004     Local_pe674.oe674 (.const:ti_sysbios_knl_Clock_LM_tick__C)
                  c23b6248    00000010     lv_group.obj (.const:.string:$P$T0$1)
                  c23b6258    00000010     lv_refr.obj (.const:.string:$P$T1$1)
                  c23b6268    00000010     lv_timer.obj (.const:.string:$P$T1$5)
                  c23b6278    00000010     lv_tlsf.obj (.const:.string:$P$T14$13)
                  c23b6288    00000010     lv_tlsf.obj (.const:.string:$P$T15$14)
                  c23b6298    00000010     lv_img_buf.obj (.const:.string:$P$T2$2)
                  c23b62a8    00000010     lv_hal_indev.obj (.const:.string:$P$T2$3)
                  c23b62b8    00000010     lv_obj_style.obj (.const:.string:$P$T3$2)
                  c23b62c8    00000010     lv_tlsf.obj (.const:.string:$P$T30$26)
                  c23b62d8    00000010     lv_img_decoder.obj (.const:.string:$P$T7$7)
                  c23b62e8    00000010     lv_draw_sw_letter.obj (.const:.string:_lv_bpp4_opa_table)
                  c23b62f8    00000010     rts6740_elf.lib : _scanfi.c.obj (.const:.string)
                  c23b6308    00000010     lv_font_montserrat_48.obj (.const:kern_classes)
                  c23b6318    00000010     Local_pe674.oe674 (.const:ti_sysbios_family_c64p_EventCombiner_EVTMASK__C)
                  c23b6328    0000000f     lv_flex.obj (.const:.string:$P$T0$1)
                  c23b6337    00000001     --HOLE-- [fill = 0]
                  c23b6338    0000000f     lv_img.obj (.const:.string:$P$T0$1)
                  c23b6347    00000001     --HOLE-- [fill = 0]
                  c23b6348    0000000f     lv_style.obj (.const:.string:$P$T1$1)
                  c23b6357    00000001     --HOLE-- [fill = 0]
                  c23b6358    0000000f     lv_mem.obj (.const:.string:$P$T1$3)
                  c23b6367    00000001     --HOLE-- [fill = 0]
                  c23b6368    0000000f     lv_tlsf.obj (.const:.string:$P$T20$19)
                  c23b6377    00000001     --HOLE-- [fill = 0]
                  c23b6378    0000000f     lv_tlsf.obj (.const:.string:$P$T24$23)
                  c23b6387    00000001     --HOLE-- [fill = 0]
                  c23b6388    0000000f     lv_mem.obj (.const:.string:$P$T3$4)
                  c23b6397    00000001     --HOLE-- [fill = 0]
                  c23b6398    0000000e     lv_anim.obj (.const:.string:$P$T0$1)
                  c23b63a6    00000002     --HOLE-- [fill = 0]
                  c23b63a8    0000000e     lv_draw_sw_gradient.obj (.const:.string:$P$T0$1)
                  c23b63b6    00000002     --HOLE-- [fill = 0]
                  c23b63b8    0000000e     lv_tlsf.obj (.const:.string:$P$T19$18)
                  c23b63c6    00000002     --HOLE-- [fill = 0]
                  c23b63c8    0000000e     lv_draw_mask.obj (.const:.string:$P$T2$3)
                  c23b63d6    0000000e     stk6_ppp_pppoe.ae674 : timer.oe674 (.const:.string)
                  c23b63e4    00000004     Local_pe674.oe674 (.const:ti_sysbios_knl_Clock_LW_delayed__C)
                  c23b63e8    0000000d     lv_bmp.obj (.const:.string:$P$T0$1)
                  c23b63f5    00000003     --HOLE-- [fill = 0]
                  c23b63f8    0000000d     lv_mem.obj (.const:.string:$P$T0$2)
                  c23b6405    00000003     --HOLE-- [fill = 0]
                  c23b6408    0000000d     lv_tlsf.obj (.const:.string:$P$T11$10)
                  c23b6415    00000003     --HOLE-- [fill = 0]
                  c23b6418    0000000d     lv_tlsf.obj (.const:.string:$P$T29$25)
                  c23b6425    0000000d     os.ae674 : ossys.oe674 (.const:.string)
                  c23b6432    00000002     --HOLE-- [fill = 0]
                  c23b6434    00000004     Local_pe674.oe674 (.const:ti_sysbios_knl_Clock_Module_State_clockQ__O)
                  c23b6438    0000000c     lv_tlsf.obj (.const:.string:$P$T10$9)
                  c23b6444    0000000c     lv_checkbox.obj (.const:.string)
                  c23b6450    0000000c     os.ae674 : efs.oe674 (.const:.string)
                  c23b645c    0000000c     imgBackground.obj (.const:imgBackground)
                  c23b6468    0000000c     imgBrightness.obj (.const:imgBrightness)
                  c23b6474    0000000c     imgCalculator.obj (.const:imgCalculator)
                  c23b6480    0000000c     imgCalendar.obj (.const:imgCalendar)
                  c23b648c    0000000c     imgClock.obj (.const:imgClock)
                  c23b6498    0000000c     imgFile.obj (.const:imgFile)
                  c23b64a4    0000000c     imgGame.obj (.const:imgGame)
                  c23b64b0    0000000c     imgHandHour.obj (.const:imgHandHour)
                  c23b64bc    0000000c     imgHandMin.obj (.const:imgHandMin)
                  c23b64c8    0000000c     imgHandSec.obj (.const:imgHandSec)
                  c23b64d4    0000000c     imgLAN.obj (.const:imgLAN)
                  c23b64e0    0000000c     imgRoate.obj (.const:imgRoate)
                  c23b64ec    0000000c     imgSnake.obj (.const:imgSnake)
                  c23b64f8    0000000c     imgSystemInfo.obj (.const:imgSystemInfo)
                  c23b6504    0000000c     imgTetris.obj (.const:imgTetris)
                  c23b6510    0000000c     imgTouch.obj (.const:imgTouch)
                  c23b651c    0000000c     imgWLAN.obj (.const:imgWLAN)
                  c23b6528    0000000c     SourceHanSansCN_Normal_16.obj (.const:kern_pairs)
                  c23b6534    0000000c     Local_pe674.oe674 (.const:ti_sysbios_family_c64p_Cache_initSize__C)
                  c23b6540    0000000c     Local_pe674.oe674 (.const:ti_sysbios_knl_Idle_coreList__A)
                  c23b654c    00000004     Local_pe674.oe674 (.const:ti_sysbios_knl_Clock_Module__diagsEnabled__C)
                  c23b6550    0000000c     Local_pe674.oe674 (.const:ti_sysbios_knl_Idle_funcList__A)
                  c23b655c    00000004     Local_pe674.oe674 (.const:ti_sysbios_knl_Clock_Module__diagsIncluded__C)
                  c23b6560    0000000b     lv_fs.obj (.const:.string:$P$T1$1)
                  c23b656b    00000001     --HOLE-- [fill = 0]
                  c23b656c    00000004     Local_pe674.oe674 (.const:ti_sysbios_knl_Clock_Module__diagsMask__C)
                  c23b6570    0000000b     lv_tlsf.obj (.const:.string:$P$T1$1)
                  c23b657b    00000001     --HOLE-- [fill = 0]
                  c23b657c    00000004     Local_pe674.oe674 (.const:ti_sysbios_knl_Clock_Module__loggerFxn1__C)
                  c23b6580    0000000b     lv_tlsf.obj (.const:.string:$P$T2$2)
                  c23b658b    00000001     --HOLE-- [fill = 0]
                  c23b658c    00000004     Local_pe674.oe674 (.const:ti_sysbios_knl_Clock_Module__loggerFxn2__C)
                  c23b6590    0000000b     lv_tlsf.obj (.const:.string:$P$T4$4)
                  c23b659b    0000000b     stk6_ppp_pppoe.ae674 : route.oe674 (.const:.string)
                  c23b65a6    00000002     --HOLE-- [fill = 0]
                  c23b65a8    0000000a     lv_sjpg.obj (.const:.string:$P$T1$1)
                  c23b65b2    00000002     --HOLE-- [fill = 0]
                  c23b65b4    00000004     Local_pe674.oe674 (.const:ti_sysbios_knl_Clock_Module__loggerObj__C)
                  c23b65b8    0000000a     lv_tlsf.obj (.const:.string:$P$T5$5)
                  c23b65c2    00000002     --HOLE-- [fill = 0]
                  c23b65c4    00000004     Local_pe674.oe674 (.const:ti_sysbios_knl_Semaphore_A_badContext__C)
                  c23b65c8    00000009     Calculator.obj (.const:.string:$P$T0$1)
                  c23b65d1    00000003     --HOLE-- [fill = 0]
                  c23b65d4    00000004     Local_pe674.oe674 (.const:ti_sysbios_knl_Semaphore_A_noEvents__C)
                  c23b65d8    00000009     Calendar.obj (.const:.string:$P$T0$1)
                  c23b65e1    00000003     --HOLE-- [fill = 0]
                  c23b65e4    00000004     Local_pe674.oe674 (.const:ti_sysbios_knl_Semaphore_A_overflow__C)
                  c23b65e8    00000009     LCDBrightness.obj (.const:.string:$P$T0$1)
                  c23b65f1    00000003     --HOLE-- [fill = 0]
                  c23b65f4    00000004     Local_pe674.oe674 (.const:ti_sysbios_knl_Semaphore_A_pendTaskDisabled__C)
                  c23b65f8    00000009     Network.obj (.const:.string:$P$T0$1)
                  c23b6601    00000003     --HOLE-- [fill = 0]
                  c23b6604    00000004     Local_pe674.oe674 (.const:ti_sysbios_knl_Semaphore_Instance_State_pendQ__O)
                  c23b6608    00000009     SystemInfo.obj (.const:.string:$P$T0$1)
                  c23b6611    00000003     --HOLE-- [fill = 0]
                  c23b6614    00000004     Local_pe674.oe674 (.const:ti_sysbios_knl_Semaphore_LM_pend__C)
                  c23b6618    00000009     Clock.obj (.const:.string:$P$T1$1)
                  c23b6621    00000003     --HOLE-- [fill = 0]
                  c23b6624    00000004     Local_pe674.oe674 (.const:ti_sysbios_knl_Semaphore_LM_post__C)
                  c23b6628    00000009     lv_tlsf.obj (.const:.string:$P$T3$3)
                  c23b6631    00000001     --HOLE-- [fill = 0]
                  c23b6632    00000008     lv_draw_sw_polygon.obj (.const:$P$T0$1)
                  c23b663a    00000002     --HOLE-- [fill = 0]
                  c23b663c    00000008     lv_tlsf.obj (.const:$P$T21$20)
                  c23b6644    00000004     Local_pe674.oe674 (.const:ti_sysbios_knl_Semaphore_Module__diagsEnabled__C)
                  c23b6648    00000008     lv_obj.obj (.const:.string:$P$T0$1)
                  c23b6650    00000008     lv_png.obj (.const:.string:$P$T1$1)
                  c23b6658    00000008     lodepng.obj (.const:.string:$P$T25$3)
                  c23b6660    00000008     lv_draw_img.obj (.const:.string)
                  c23b6668    00000008     ti.targets.rts6000.ae674 : System.oe674 (.const:.string)
                  c23b6670    00000008     Local_pe674.oe674 (.const:ti_sysbios_family_c64p_Hwi_hooks__C)
                  c23b6678    00000008     Local_pe674.oe674 (.const:ti_sysbios_knl_Idle_coreList__C)
                  c23b6680    00000008     Local_pe674.oe674 (.const:ti_sysbios_knl_Idle_funcList__C)
                  c23b6688    00000008     Local_pe674.oe674 (.const:ti_sysbios_knl_Swi_hooks__C)
                  c23b6690    00000008     Local_pe674.oe674 (.const:ti_sysbios_knl_Task_hooks__C)
                  c23b6698    00000008     Local_pe674.oe674 (.const:xdc_runtime_Startup_firstFxns__A)
                  c23b66a0    00000008     Local_pe674.oe674 (.const:xdc_runtime_Startup_firstFxns__C)
                  c23b66a8    00000008     Local_pe674.oe674 (.const:xdc_runtime_Startup_lastFxns__C)
                  c23b66b0    00000007     rts6740_elf.lib : _scanfi.c.obj (.const:.string:flit$1)
                  c23b66b7    00000001     --HOLE-- [fill = 0]
                  c23b66b8    00000006                     : _scanfi.c.obj (.const:.string:barr$2)
                  c23b66be    00000002     --HOLE-- [fill = 0]
                  c23b66c0    00000004     lv_img_buf.obj (.const:.string:$P$T1$1)
                  c23b66c4    00000004     Local_pe674.oe674 (.const:ti_sysbios_knl_Semaphore_Module__diagsIncluded__C)
                  c23b66c8    00000004     lv_img_decoder.obj (.const:.string:$P$T6$6)
                  c23b66cc    00000004     Local_pe674.oe674 (.const:ti_sysbios_knl_Semaphore_Module__diagsMask__C)
                  c23b66d0    00000004     lv_draw_sw_letter.obj (.const:.string:_lv_bpp2_opa_table)
                  c23b66d4    00000004     Local_pe674.oe674 (.const:ti_sysbios_knl_Semaphore_Module__loggerFxn2__C)
                  c23b66d8    00000004     Local_pe674.oe674 (.const:ti_sysbios_knl_Semaphore_Module__loggerFxn4__C)
                  c23b66dc    00000004     Local_pe674.oe674 (.const:ti_sysbios_knl_Semaphore_Module__loggerObj__C)
                  c23b66e0    00000004     Local_pe674.oe674 (.const:ti_sysbios_knl_Swi_A_badPriority__C)
                  c23b66e4    00000004     Local_pe674.oe674 (.const:ti_sysbios_knl_Swi_A_swiDisabled__C)
                  c23b66e8    00000004     Local_pe674.oe674 (.const:ti_sysbios_knl_Swi_LD_end__C)
                  c23b66ec    00000004     Local_pe674.oe674 (.const:ti_sysbios_knl_Swi_LM_begin__C)
                  c23b66f0    00000004     Local_pe674.oe674 (.const:ti_sysbios_knl_Swi_LM_post__C)
                  c23b66f4    00000004     Local_pe674.oe674 (.const:ti_sysbios_knl_Swi_Module__diagsEnabled__C)
                  c23b66f8    00000004     Local_pe674.oe674 (.const:ti_sysbios_knl_Swi_Module__diagsIncluded__C)
                  c23b66fc    00000004     Local_pe674.oe674 (.const:ti_sysbios_knl_Swi_Module__diagsMask__C)
                  c23b6700    00000004     Local_pe674.oe674 (.const:ti_sysbios_knl_Swi_Module__loggerFxn1__C)
                  c23b6704    00000004     Local_pe674.oe674 (.const:ti_sysbios_knl_Swi_Module__loggerFxn4__C)
                  c23b6708    00000004     Local_pe674.oe674 (.const:ti_sysbios_knl_Swi_Module__loggerObj__C)
                  c23b670c    00000004     Local_pe674.oe674 (.const:ti_sysbios_knl_Swi_Object__count__C)
                  c23b6710    00000004     Local_pe674.oe674 (.const:ti_sysbios_knl_Swi_Object__heap__C)
                  c23b6714    00000004     Local_pe674.oe674 (.const:ti_sysbios_knl_Swi_Object__table__C)
                  c23b6718    00000004     Local_pe674.oe674 (.const:ti_sysbios_knl_Swi_numConstructedSwis__C)
                  c23b671c    00000004     Local_pe674.oe674 (.const:ti_sysbios_knl_Task_A_badPriority__C)
                  c23b6720    00000004     Local_pe674.oe674 (.const:ti_sysbios_knl_Task_A_badTaskState__C)
                  c23b6724    00000004     Local_pe674.oe674 (.const:ti_sysbios_knl_Task_A_badThreadType__C)
                  c23b6728    00000004     Local_pe674.oe674 (.const:ti_sysbios_knl_Task_A_badTimeout__C)
                  c23b672c    00000004     Local_pe674.oe674 (.const:ti_sysbios_knl_Task_A_noPendElem__C)
                  c23b6730    00000004     Local_pe674.oe674 (.const:ti_sysbios_knl_Task_A_sleepTaskDisabled__C)
                  c23b6734    00000004     Local_pe674.oe674 (.const:ti_sysbios_knl_Task_A_taskDisabled__C)
                  c23b6738    00000004     Local_pe674.oe674 (.const:ti_sysbios_knl_Task_E_deleteNotAllowed__C)
                  c23b673c    00000004     Local_pe674.oe674 (.const:ti_sysbios_knl_Task_E_spOutOfBounds__C)
                  c23b6740    00000004     Local_pe674.oe674 (.const:ti_sysbios_knl_Task_E_stackOverflow__C)
                  c23b6744    00000004     Local_pe674.oe674 (.const:ti_sysbios_knl_Task_LD_block__C)
                  c23b6748    00000004     Local_pe674.oe674 (.const:ti_sysbios_knl_Task_LD_exit__C)
                  c23b674c    00000004     Local_pe674.oe674 (.const:ti_sysbios_knl_Task_LD_ready__C)
                  c23b6750    00000004     Local_pe674.oe674 (.const:ti_sysbios_knl_Task_LM_setPri__C)
                  c23b6754    00000004     Local_pe674.oe674 (.const:ti_sysbios_knl_Task_LM_sleep__C)
                  c23b6758    00000004     Local_pe674.oe674 (.const:ti_sysbios_knl_Task_LM_switch__C)
                  c23b675c    00000004     Local_pe674.oe674 (.const:ti_sysbios_knl_Task_Module_State_inactiveQ__O)
                  c23b6760    00000004     Local_pe674.oe674 (.const:ti_sysbios_knl_Task_Module_State_terminatedQ__O)
                  c23b6764    00000004     Local_pe674.oe674 (.const:ti_sysbios_knl_Task_Module__diagsEnabled__C)
                  c23b6768    00000004     Local_pe674.oe674 (.const:ti_sysbios_knl_Task_Module__diagsIncluded__C)
                  c23b676c    00000004     Local_pe674.oe674 (.const:ti_sysbios_knl_Task_Module__diagsMask__C)
                  c23b6770    00000004     Local_pe674.oe674 (.const:ti_sysbios_knl_Task_Module__loggerFxn2__C)
                  c23b6774    00000004     Local_pe674.oe674 (.const:ti_sysbios_knl_Task_Module__loggerFxn4__C)
                  c23b6778    00000004     Local_pe674.oe674 (.const:ti_sysbios_knl_Task_Module__loggerObj__C)
                  c23b677c    00000004     Local_pe674.oe674 (.const:ti_sysbios_knl_Task_Object__count__C)
                  c23b6780    00000004     Local_pe674.oe674 (.const:ti_sysbios_knl_Task_Object__heap__C)
                  c23b6784    00000004     Local_pe674.oe674 (.const:ti_sysbios_knl_Task_Object__table__C)
                  c23b6788    00000004     Local_pe674.oe674 (.const:ti_sysbios_knl_Task_allBlockedFunc__C)
                  c23b678c    00000004     Local_pe674.oe674 (.const:ti_sysbios_knl_Task_defaultStackHeap__C)
                  c23b6790    00000004     Local_pe674.oe674 (.const:ti_sysbios_knl_Task_defaultStackSize__C)
                  c23b6794    00000004     Local_pe674.oe674 (.const:ti_sysbios_knl_Task_numConstructedTasks__C)
                  c23b6798    00000004     Local_pe674.oe674 (.const:ti_sysbios_timers_timer64_Timer_A_notAvailable__C)
                  c23b679c    00000004     Local_pe674.oe674 (.const:ti_sysbios_timers_timer64_Timer_E_cannotSupport__C)
                  c23b67a0    00000004     Local_pe674.oe674 (.const:ti_sysbios_timers_timer64_Timer_E_invalidTimer__C)
                  c23b67a4    00000004     Local_pe674.oe674 (.const:ti_sysbios_timers_timer64_Timer_E_notAvailable__C)
                  c23b67a8    00000004     Local_pe674.oe674 (.const:ti_sysbios_timers_timer64_Timer_Module__diagsEnabled__C)
                  c23b67ac    00000004     Local_pe674.oe674 (.const:ti_sysbios_timers_timer64_Timer_Module__diagsIncluded__C)
                  c23b67b0    00000004     Local_pe674.oe674 (.const:ti_sysbios_timers_timer64_Timer_Module__diagsMask__C)
                  c23b67b4    00000004     Local_pe674.oe674 (.const:ti_sysbios_timers_timer64_Timer_anyMask__C)
                  c23b67b8    00000004     Local_pe674.oe674 (.const:ti_sysbios_timers_timer64_Timer_defaultHalf__C)
                  c23b67bc    00000004     Local_pe674.oe674 (.const:ti_sysbios_timers_timer64_Timer_freqDivisor__C)
                  c23b67c0    00000004     Local_pe674.oe674 (.const:ti_sysbios_timers_timer64_Timer_numLocalTimers__C)
                  c23b67c4    00000004     Local_pe674.oe674 (.const:ti_sysbios_timers_timer64_Timer_numTimerDevices__C)
                  c23b67c8    00000004     Local_pe674.oe674 (.const:ti_sysbios_utils_Load_LS_cpuLoad__C)
                  c23b67cc    00000004     Local_pe674.oe674 (.const:ti_sysbios_utils_Load_LS_hwiLoad__C)
                  c23b67d0    00000004     Local_pe674.oe674 (.const:ti_sysbios_utils_Load_LS_swiLoad__C)
                  c23b67d4    00000004     Local_pe674.oe674 (.const:ti_sysbios_utils_Load_LS_taskLoad__C)
                  c23b67d8    00000004     Local_pe674.oe674 (.const:ti_sysbios_utils_Load_Module_State_taskList__O)
                  c23b67dc    00000004     Local_pe674.oe674 (.const:ti_sysbios_utils_Load_Module__diagsEnabled__C)
                  c23b67e0    00000004     Local_pe674.oe674 (.const:ti_sysbios_utils_Load_Module__diagsIncluded__C)
                  c23b67e4    00000004     Local_pe674.oe674 (.const:ti_sysbios_utils_Load_Module__diagsMask__C)
                  c23b67e8    00000004     Local_pe674.oe674 (.const:ti_sysbios_utils_Load_Module__loggerFxn1__C)
                  c23b67ec    00000004     Local_pe674.oe674 (.const:ti_sysbios_utils_Load_Module__loggerFxn2__C)
                  c23b67f0    00000004     Local_pe674.oe674 (.const:ti_sysbios_utils_Load_Module__loggerFxn4__C)
                  c23b67f4    00000004     Local_pe674.oe674 (.const:ti_sysbios_utils_Load_Module__loggerObj__C)
                  c23b67f8    00000004     Local_pe674.oe674 (.const:ti_sysbios_utils_Load_postUpdate__C)
                  c23b67fc    00000004     Local_pe674.oe674 (.const:ti_sysbios_utils_Load_windowInMs__C)
                  c23b6800    00000004     Local_pe674.oe674 (.const:xdc_runtime_Assert_E_assertFailed__C)
                  c23b6804    00000004     Local_pe674.oe674 (.const:xdc_runtime_Core_A_initializedParams__C)
                  c23b6808    00000004     Local_pe674.oe674 (.const:xdc_runtime_Core_Module__diagsEnabled__C)
                  c23b680c    00000004     Local_pe674.oe674 (.const:xdc_runtime_Core_Module__diagsIncluded__C)
                  c23b6810    00000004     Local_pe674.oe674 (.const:xdc_runtime_Core_Module__diagsMask__C)
                  c23b6814    00000004     Local_pe674.oe674 (.const:xdc_runtime_Error_E_memory__C)
                  c23b6818    00000004     Local_pe674.oe674 (.const:xdc_runtime_Error_Module__diagsEnabled__C)
                  c23b681c    00000004     Local_pe674.oe674 (.const:xdc_runtime_Error_Module__diagsIncluded__C)
                  c23b6820    00000004     Local_pe674.oe674 (.const:xdc_runtime_Error_Module__diagsMask__C)
                  c23b6824    00000004     Local_pe674.oe674 (.const:xdc_runtime_Error_Module__loggerFxn8__C)
                  c23b6828    00000004     Local_pe674.oe674 (.const:xdc_runtime_Error_Module__loggerObj__C)
                  c23b682c    00000004     Local_pe674.oe674 (.const:xdc_runtime_Error_policy__C)
                  c23b6830    00000004     Local_pe674.oe674 (.const:xdc_runtime_Error_raiseHook__C)
                  c23b6834    00000004     Local_pe674.oe674 (.const:xdc_runtime_IGateProvider_Interface__BASE__C)
                  c23b6838    00000004     Local_pe674.oe674 (.const:xdc_runtime_IHeap_Interface__BASE__C)
                  c23b683c    00000004     Local_pe674.oe674 (.const:xdc_runtime_ILogger_Interface__BASE__C)
                  c23b6840    00000004     Local_pe674.oe674 (.const:xdc_runtime_IModule_Interface__BASE__C)
                  c23b6844    00000004     Local_pe674.oe674 (.const:xdc_runtime_Log_L_error__C)
                  c23b6848    00000004     Local_pe674.oe674 (.const:xdc_runtime_Memory_defaultHeapInstance__C)
                  c23b684c    00000004     Local_pe674.oe674 (.const:xdc_runtime_Startup_execImpl__C)
                  c23b6850    00000004     Local_pe674.oe674 (.const:xdc_runtime_Startup_lastFxns__A)
                  c23b6854    00000004     Local_pe674.oe674 (.const:xdc_runtime_Startup_maxPasses__C)
                  c23b6858    00000004     Local_pe674.oe674 (.const:xdc_runtime_Startup_sfxnRts__C)
                  c23b685c    00000004     Local_pe674.oe674 (.const:xdc_runtime_Startup_sfxnTab__C)
                  c23b6860    00000004     Local_pe674.oe674 (.const:xdc_runtime_Startup_startModsFxn__C)
                  c23b6864    00000004     Local_pe674.oe674 (.const:xdc_runtime_SysMin_bufSize__C)
                  c23b6868    00000004     Local_pe674.oe674 (.const:xdc_runtime_SysMin_outputFunc__C)
                  c23b686c    00000004     Local_pe674.oe674 (.const:xdc_runtime_System_Module__gateObj__C)
                  c23b6870    00000004     Local_pe674.oe674 (.const:xdc_runtime_System_extendFxn__C)
                  c23b6874    00000004     Local_pe674.oe674 (.const:xdc_runtime_System_maxAtexitHandlers__C)
                  c23b6878    00000004     Local_pe674.oe674 (.const:xdc_runtime_Text_charTab__C)
                  c23b687c    00000004     Local_pe674.oe674 (.const:xdc_runtime_Text_nameEmpty__C)
                  c23b6880    00000004     Local_pe674.oe674 (.const:xdc_runtime_Text_nameStatic__C)
                  c23b6884    00000004     Local_pe674.oe674 (.const:xdc_runtime_Text_nameUnknown__C)
                  c23b6888    00000004     Local_pe674.oe674 (.const:xdc_runtime_Text_nodeTab__C)
                  c23b688c    00000004     Local_pe674.oe674 (.const:xdc_runtime_Text_visitRopeFxn__C)
                  c23b6890    00000002     lv_textarea.obj (.const:.string:$P$T3$4)
                  c23b6892    00000006     --HOLE-- [fill = 0]
                  c23b6898    00000002     lv_img_decoder.obj (.const:.string:$P$T5$5)
                  c23b689a    00000006     --HOLE-- [fill = 0]
                  c23b68a0    00000002     lv_draw_sw_letter.obj (.const:.string:_lv_bpp1_opa_table)

.switch.1 
*          0    c23b68a4    0000001c     
                  c23b68a4    0000001c     stk6_ppp_pppoe.ae674 : sock6int.oe674 (.switch:Sock6Notify)

.far       0    c23b6900    003a7c44     UNINITIALIZED
                  c23b6900    00100000     lv_mem.obj (.far:work_mem_int$1)
                  c24b6900    000bb824     (.common:g_pucBuffer)
                  c2572124    00000004     (.common:swCtrlFeatures)
                  c2572128    000bb800     lv_port_disp_c674x.obj (.far:buf_1$2)
                  c262d928    000bb800     lv_port_disp_c674x.obj (.far:buf_2$3)
                  c26e9128    0000004c     lv_port_disp_c674x.obj (.far:disp_drv$4)
                  c26e9174    0000000c     (.common:_lv_anim_ll)
                  c26e9180    00052b00     stk6_ppp_pppoe.ae674 : pbm_data.oe674 (.far:NDK_PACKETMEM)
                  c273bc80    00010000     (.common:buff)
                  c274bc80    0000c1c0     os.ae674 : mem_data.oe674 (.far:NDK_MMBUFFER)
                  c2757e40    00002800     Local_pe674.oe674 (.far:taskStackSection)
                  c275a640    00001618     ti.drv.omapl138.ae674 : ethdriver.oe674 (.far)
                  c275bc58    00000800     (.common:CmdHistory)
                  c275c458    00000660     nettool.ae674 : daemon.oe674 (.far)
                  c275cab8    00000474     ti.drv.omapl138.ae674 : csl_emac.oe674 (.far)
[...]
c2880f80  xdc_runtime_System_vsnprintf__F                                     
c2880fa0  NDK_vsprintf                                                        
c2880fa0  xdc_runtime_System_vsprintf__E                                      
c2880fc0  xdc_runtime_System_sprintf_va__F                                    
c2880fc0  xdc_runtime_System_vsprintf__F                                      
c2880fe0  xdc_runtime_Text_cordText__E                                        
c2881000  xdc_runtime_Text_putLab__E                                          
c2881020  xdc_runtime_Text_putSite__E                                         
c2881040  xdc_runtime_Text_ropeText__E                                        
c2881060  xdc_runtime_Timestamp_SupportProxy_get32__E                         
c2881060  xdc_runtime_Timestamp_get32__F                                      
c2881080  xdc_runtime_Timestamp_SupportProxy_getFreq__E                       
c2881080  xdc_runtime_Timestamp_getFreq__F                                    
c28810a0  xdc_runtime_Timestamp_get32__E                                      
c28810c0  xdc_runtime_Timestamp_getFreq__E                                    
c2881400  CmdLists                                                            
c2881c00  ti_sysbios_family_c64p_EventCombiner_Module__state__V               
c2882000  _ftable                                                             
c28821e0  icon                                                                
c28822e4  _lock                                                               
c28822e8  g_sCmdTable                                                         
c28823b4  _ipcfg                                                              
c2882468  _stream                                                             
c2882508  ti_sysbios_knl_Task_Object__table__V                                
c2882558  TSK_idle                                                            
c28825a8  ti_sysbios_utils_Load_Module__state__V                              
c2882640  ti_sysbios_family_c64p_Hwi_Object__table__V                         
c28826cc  _unlock                                                             
c28826d0  ti_sysbios_knl_Swi_Module_State_0_readyQ__A                         
c2882750  ti_sysbios_knl_Task_Module_State_0_readyQ__A                        
c28827d0  _device                                                             
c2882848  ti_sysbios_family_c64p_Hwi_Module__state__V                         
c28828b0  ti_sysbios_timers_timer64_Timer_Module_State_0_device__A            
c2882910  BootModeStr                                                         
c2882960  DNSErrorStrings                                                     
c2882a00  ti_sysbios_gates_GateMutex_Object__table__V                         
c2882a50  ti_sysbios_timers_timer64_Timer_Object__table__V                    
c2882aa0  ulDataPatternTable                                                  
c2882b40  ti_sysbios_knl_Task_Module__state__V                                
c2882b84  __TI_ft_end                                                         
c2882c88  ti_sysbios_utils_Load_Module_State_0_taskEnv__A                     
c2882d2c  __errno                                                             
c2882d2c  errno                                                               
c2882d30  ti_sysbios_knl_Swi_Object__table__V                                 
c2882d98  ti_sysbios_family_c64p_Exception_Module__state__V                   
c2882df4  ti_sysbios_family_c64p_Cache_Module__state__V                       
c2882e24  ti_sysbios_knl_Clock_Module__state__V                               
c2882e4c  ti_sysbios_family_c64p_primus_TimerSupport_Module__state__V         
c2882e74  xdc_runtime_Memory_Module__state__V                                 
c2882e9c  _oscfg                                                              
c2882ee0  palette_32b                                                         
c2882f00  pstrMsgName                                                         
c2882f20  ti_sysbios_BIOS_Module__state__V                                    
c2882f40  ti_sysbios_timers_timer64_Timer_Module_State_0_gctrl__A             
c2882f60  ti_sysbios_timers_timer64_Timer_Module_State_0_handles__A           
c2882f80  ti_sysbios_timers_timer64_Timer_Module_State_0_intFreqs__A          
c2882fa0  xdc_runtime_System_Module_State_0_atexitHandlers__A                 
c2882fc0  WeekDayStr                                                          
c2882ffc  xdc_runtime_Error_Module__state__V                                  
c2883040  ti_ndk_config_Global_Id2Size                                        
c2883060  ti_sysbios_heaps_HeapMem_Object__table__V                           
c288307c  ti_sysbios_knl_Swi_Module__state__V                                 
c28830b0  TaskName                                                            
c28830c8  LinkStr                                                             
c28830e0  ReportStr                                                           
c28830f8  StatusStr                                                           
c2883154  ti_sysbios_timers_timer64_Timer_Module__state__V                    
c2883168  GatewayIP                                                           
c2883178  LocalIPMask                                                         
c2883188  SEGVal                                                              
c2883198  StaticIPAddr                                                        
c28831b8  __TI_cleanup_ptr                                                    
c28831bc  __TI_dtors_ptr                                                      
c28831c0  __TI_enable_exit_profile_output                                     
c28831c8  ti_sysbios_hal_Hwi_Object__table__V                                 
c28831d8  ti_sysbios_hal_Timer_Object__table__V                               
c28831e8  xdc_runtime_LoggerSys_Object__table__V                              
c28831f4  xdc_runtime_SysMin_Module__state__V                                 
c2883200  xdc_runtime_System_Module__state__V                                 
c2883230  NIMUDeviceTable                                                     
c2883238  ti_sysbios_family_c64p_Hwi_Module__root__V                          
c2883240  ti_sysbios_family_c64p_primus_TimerSupport_Module_State_0_suspSrc__A
c2883248  ti_sysbios_gates_GateHwi_Module__root__V                            
c2883250  ti_sysbios_gates_GateHwi_Object__table__V                           
c2883258  ti_sysbios_gates_GateMutex_Module__root__V                          
c2883260  ti_sysbios_hal_Hwi_Module__root__V                                  
c2883268  ti_sysbios_heaps_HeapMem_Module__root__V                            
c2883270  ti_sysbios_knl_Clock_Module__root__V                                
c2883278  ti_sysbios_knl_Queue_Module__root__V                                
c2883280  ti_sysbios_knl_Semaphore_Module__root__V                            
c2883288  ti_sysbios_knl_Swi_Module__root__V                                  
c2883290  ti_sysbios_knl_Task_Module__root__V                                 
c2883298  ti_sysbios_timers_timer64_Timer_Module__root__V                     
c28832a0  xdc_runtime_LoggerSys_Module__root__V                               
c28832a8  xdc_runtime_Registry_Module__state__V                               
c28832b0  xdc_runtime_Startup_Module__state__V                                
c28832d0  ti_sysbios_knl_Task_Module_State_0_idleTask__A                      
c28832d8  ti_sysbios_utils_Load_Module_State_0_runningTask__A                 
c28832e0  ti_sysbios_utils_Load_Module_State_0_taskStartTime__A               
c28832e8  DHCP_OPTIONS                                                        
c2883cd0  __TI_STATIC_BASE                                                    
c2883ce8  _IGMPInDiscard                                                      
c2883cec  _IGMPInQuery                                                        
c2883cf0  _IGMPInQueryGroup                                                   
c2883cf4  _IGMPInResponse                                                     
c2883cf8  _IGMPOutResponse                                                    
c2883da0  BootMode                                                            
c2883da4  DHCPSw                                                              
c2883da8  KEY4SwiHandle                                                       
c2883dac  KEY6SwiHandle                                                       
c2883db0  LV_LAYOUT_FLEX                                                      
c2883db4  LV_LAYOUT_GRID                                                      
c2883db8  LV_STYLE_FLEX_CROSS_PLACE                                           
c2883dbc  LV_STYLE_FLEX_FLOW                                                  
c2883dc0  LV_STYLE_FLEX_GROW                                                  
c2883dc4  LV_STYLE_FLEX_MAIN_PLACE                                            
c2883dc8  LV_STYLE_FLEX_TRACK_PLACE                                           
c2883dcc  LV_STYLE_GRID_CELL_COLUMN_POS                                       
c2883dd0  LV_STYLE_GRID_CELL_COLUMN_SPAN                                      
c2883dd4  LV_STYLE_GRID_CELL_ROW_POS                                          
c2883dd8  LV_STYLE_GRID_CELL_ROW_SPAN                                         
c2883ddc  LV_STYLE_GRID_CELL_X_ALIGN                                          
c2883de0  LV_STYLE_GRID_CELL_Y_ALIGN                                          
c2883de4  LV_STYLE_GRID_COLUMN_ALIGN                                          
c2883de8  LV_STYLE_GRID_COLUMN_DSC_ARRAY                                      
c2883dec  LV_STYLE_GRID_ROW_ALIGN                                             
c2883df0  LV_STYLE_GRID_ROW_DSC_ARRAY                                         
c2883df4  UARTConsoleSemHandle                                                
c2883df8  UARTConsoleTaskHandle                                               
c2883dfc  _lv_grad_cache_mem                                                  
c2883e00  _lv_layout_list                                                     
c2883e04  _lv_theme_basic_styles                                              
c2883e08  _lv_theme_default_styles                                            
c2883e0c  _lv_timer_act                                                       
c2883e10  indev_touchpad                                                      
c2883e14  p_rx                                                                
c2883e18  p_tx                                                                
c2883e1c  rh                                                                  
c2883e20  rx_len                                                              
c2883e24  t                                                                   
c2883e28  temp_label                                                          
c2883e2c  time_label                                                          
c2883e30  timelabel                                                           
c2883e34  timer                                                               
c2883e38  tx_len                                                              
c2883e42  NDKFlag                                                             
c2883e44  CONTENT_TYPE_APPLET                                                 
c2883e48  CONTENT_TYPE_AU                                                     
c2883e4c  CONTENT_TYPE_CSS                                                    
c2883e50  CONTENT_TYPE_DOC                                                    
c2883e54  CONTENT_TYPE_GIF                                                    
c2883e58  CONTENT_TYPE_HTML                                                   
c2883e5c  CONTENT_TYPE_JPG                                                    
c2883e60  CONTENT_TYPE_MPEG                                                   
c2883e64  CONTENT_TYPE_PDF                                                    
c2883e68  CONTENT_TYPE_WAV                                                    
c2883e6c  CONTENT_TYPE_ZIP                                                    
c2883e70  CONTENT_TYPE                                                        
c2883e74  CONTENT_LENGTH                                                      
c2883e78  CRLF                                                                
c2883e7c  DEFAULT_NAME                                                        
c2883e80  HTTP_VER                                                            
c2883e84  SPACE                                                               
c2883e9c  VerStr                                                              
c2883ea0  DHCPMode                                                            
c2883ea4  HostName                                                            
c2883ea8  LocalIPAddr                                                         
c2883eac  DomainName                                                          
c2883eb0  DNSServer                                                           
c2883eb4  PITCount                                                            
c2883eb8  PITUsed                                                             
c2883ebc  PITHigh                                                             
c2883ef8  _lv_txt_encoded_size                                                
c2883efc  _lv_txt_unicode_to_encoded                                          
c2883f00  _lv_txt_encoded_conv_wc                                             
c2883f04  _lv_txt_encoded_next                                                
c2883f08  _lv_txt_encoded_prev                                                
c2883f0c  _lv_txt_encoded_get_byte_id                                         
c2883f10  _lv_txt_encoded_get_char_id                                         
c2883f14  _lv_txt_get_encoded_length                                          
c2883fc4  _IGMPForceVersion1                                                  
c2883fdc  TxChanEnable_all                                                    
c2883fe0  RxChanEnable_all                                                    
c2883fed  CmdHistorySaveNo                                                    
c2883fee  CmdHistorySaveIndex                                                 
c2883fef  CmdHistoryDisplayIndex                                              
c2883ff0  sataRegs                                                            
c2883ff4  temp                                                                
c2884030  _ICMPInErrors                                                       
c2884034  _ICMPOutErrors                                                      
c2884038  _IPExecuting                                                        
c2884048  gFragQList                                                          
c2884068  tcp_iss                                                             
c288406c  ptTimeFirst                                                         
c2884070  pt6TimeFirst                                                        
c2884074  tcp6_iss                                                            
c2884088  spi_flag                                                            
c2884090  SoftPWM                                                             
c2884094  OSCINFreq                                                           
c28840ac  LODEPNG_VERSION_STRING                                              
c28840cc  httpErrorResponseHook                                               
c28840e0  _IPReasmPtr                                                         
c28840ec  gMLDNodeList                                                        
c2884106  roate                                                               
c2884107  SECLED                                                              
c288410a  LED_OP                                                              
c2884114  IPV6_MAX_MULTICAST_SOLICIT                                          
c2884118  IPV6_MAX_UNICAST_SOLICIT                                            
c288411c  IPV6_RETRANS_TIME                                                   
c2884120  IPV6_DELAY_FIRST_PROBE_TIME                                         
c2884124  IPV6_REACHABLE_TIME                                                 
c2884128  IPV6_MAX_RTR_SOLICITATION_DELAY                                     
c288412c  IPV6_RTR_SOLICITATION_INTERVAL                                      
c2884130  IPV6_MAX_RTR_SOLICITATIONS                                          
c2884134  INFINITE_LT                                                         
c2884138  ti_ndk_config_Global_rawPageSize                                    
c288413c  ti_ndk_config_Global_rawPageCount                                   
c2884140  ti_ndk_config_Global_smallest                                       
c2884144  ti_ndk_config_Global_largest                                        
c2884148  ti_ndk_config_Global_numFrameBuf                                    
c288414c  ti_ndk_config_Global_sizeFrameBuf                                   
c2884150  __CIOBUF_                                                           
c2884400  ti_sysbios_family_c64p_Hwi0                                         
c2884400  ti_sysbios_family_c64p_Hwi_int0                                     
c2884420  ti_sysbios_family_c64p_Hwi_int1                                     
c2884440  ti_sysbios_family_c64p_Hwi_int2                                     
c2884460  ti_sysbios_family_c64p_Hwi_int3                                     
c2884480  ti_sysbios_family_c64p_Hwi_int4                                     
c28844a0  ti_sysbios_family_c64p_Hwi_int5                                     
c28844c0  ti_sysbios_family_c64p_Hwi_int6                                     
c28844e0  ti_sysbios_family_c64p_Hwi_int7                                     
c2884500  ti_sysbios_family_c64p_Hwi_int8                                     
c2884520  ti_sysbios_family_c64p_Hwi_int9                                     
c2884540  ti_sysbios_family_c64p_Hwi_int10                                    
c2884560  ti_sysbios_family_c64p_Hwi_int11                                    
c2884580  ti_sysbios_family_c64p_Hwi_int12                                    
c28845a0  ti_sysbios_family_c64p_Hwi_int13                                    
c28845c0  ti_sysbios_family_c64p_Hwi_int14                                    
c28845e0  ti_sysbios_family_c64p_Hwi_int15                                    
c2885c04  __TI_Handler_Table_Base                                             
c2885c0c  __TI_Handler_Table_Limit                                            
c2885c10  __TI_CINIT_Base                                                     
c2885c48  __TI_CINIT_Limit                                                    
c3000000  _c_int00                                                            
ffffffff  __TI_pprof_out_hndl                                                 
ffffffff  __TI_prof_data_size                                                 
ffffffff  __TI_prof_data_start                                                
ffffffff  __binit__                                                           
ffffffff  __c_args__                                                          
ffffffff  binit                                                               
UNDEFED   __TI_INITARRAY_Base                                                 
UNDEFED   __TI_INITARRAY_Limit                                                

[3419 symbols]
