******************************************************************************
               TMS320C6x Linker PC v8.3.12                     
******************************************************************************
>> Linked Wed Apr  6 17:17:06 2022

OUTPUT FILE NAME:   <Board_C674x.out>
ENTRY POINT SYMBOL: "_c_int00"  address: c0a20280


MEMORY CONFIGURATION

         name            origin    length      used     unused   attr    fill
----------------------  --------  ---------  --------  --------  ----  --------
  DSPL2RAM              00800000   00040000  00004000  0003c000  RW  
  SHRAM                 80000000   00020000  00000000  00020000  RW X
  DDR2                  c0000000   08000000  00a3ad11  075c52ef  RW X


SEGMENT ALLOCATION MAP

run origin  load origin   length   init length attrs members
----------  ----------- ---------- ----------- ----- -------
00800000    00800000    00004000   00000000    rw-
  00800000    00800000    00004000   00000000    rw- .stack
c0000000    c0000000    00950c5c   00000000    rw-
  c0000000    c0000000    00800000   00000000    rw- SystemHeap
  c0800000    c0800000    00150c5c   00000000    rw- .far
c0950c60    c0950c60    000e6798   000e6798    r-x
  c0950c60    c0950c60    000db920   000db920    r-x .text
  c0a2c580    c0a2c580    0000ac71   0000ac71    r-- .const
  c0a371f4    c0a371f4    00000204   00000204    r-- .switch.1
c0a37400    c0a37400    00001b0c   00000000    rw-
  c0a37400    c0a37400    00001b0c   00000000    rw- .fardata
c0a38f0c    c0a38f0c    0000062c   0000062c    r--
  c0a38f0c    c0a38f0c    0000062c   0000062c    r-- .switch.2
c0a39538    c0a39538    00000337   00000000    rw-
  c0a39538    c0a39538    00000132   00000000    rw- .bss
  c0a3966c    c0a3966c    00000203   00000000    rw- .neardata
c0a39870    c0a39870    00000040   00000000    r--
  c0a39870    c0a39870    00000040   00000000    r-- .rodata
c0a398b0    c0a398b0    00000120   00000000    rw-
  c0a398b0    c0a398b0    00000120   00000000    rw- .cio
c0a39c00    c0a39c00    00001350   00001350    r-x
  c0a39c00    c0a39c00    00000200   00000200    r-x .vecs
  c0a39e00    c0a39e00    00001150   00001150    r-- .cinit


SECTION ALLOCATION MAP

 output                                  attributes/
section   page    origin      length       input sections
--------  ----  ----------  ----------   ----------------
.stack     0    00800000    00004000     UNINITIALIZED
                  00800000    00000008     boot.ae674 : boot.oe674 (.stack)
                  00800008    00003ff8     --HOLE--

.bss       0    c0a39538    00000132     UNINITIALIZED
                  c0a39538    00000018     hal_timer_bios.ae674 : lltimer.oe674 (.bss)
                  c0a39550    00000014     stk6.ae674 : igmp.oe674 (.bss)
                  c0a39564    0000000c     lv_anim.obj (.bss)
                  c0a39570    0000000c     lv_tileview.obj (.bss)
                  c0a3957c    0000000c     ti.uia.sysbios.ae674 : TransportNdk.oe674 (.bss)
                  c0a39588    00000008     lv_refr.obj (.bss)
                  c0a39590    00000008     lv_spinner.obj (.bss)
                  c0a39598    00000008     lv_theme_default.obj (.bss)
                  c0a395a0    00000008     netctrl_min.ae674 : netctrl.oe674 (.bss)
                  c0a395a8    00000008     nettool.ae674 : daemon.oe674 (.bss)
                  c0a395b0    00000008     stk6.ae674 : ip.oe674 (.bss)
                  c0a395b8    00000004     lv_event.obj (.bss)
                  c0a395bc    00000004     lv_group.obj (.bss)
                  c0a395c0    00000004     lv_hal_disp.obj (.bss)
                  c0a395c4    00000004     lv_indev.obj (.bss)
                  c0a395c8    00000004     lv_mem.obj (.bss)
                  c0a395cc    00000004     lv_obj_pos.obj (.bss)
                  c0a395d0    00000004     lv_tabview.obj (.bss)
                  c0a395d4    00000004     lv_textarea.obj (.bss)
                  c0a395d8    00000004     nettool.ae674 : ipaddr.oe674 (.bss)
                  c0a395dc    00000004     stk6.ae674 : ipv6_frag.oe674 (.bss)
                  c0a395e0    00000004                : lli6.oe674 (.bss)
                  c0a395e4    00000004                : rtable.oe674 (.bss)
                  c0a395e8    00000004     (.common:KEY4SwiHandle)
                  c0a395ec    00000004     (.common:KEY6SwiHandle)
                  c0a395f0    00000004     (.common:LV_LAYOUT_FLEX)
                  c0a395f4    00000004     (.common:LV_LAYOUT_GRID)
                  c0a395f8    00000004     (.common:LV_STYLE_FLEX_CROSS_PLACE)
                  c0a395fc    00000004     (.common:LV_STYLE_FLEX_FLOW)
                  c0a39600    00000004     (.common:LV_STYLE_FLEX_GROW)
                  c0a39604    00000004     (.common:LV_STYLE_FLEX_MAIN_PLACE)
                  c0a39608    00000004     (.common:LV_STYLE_FLEX_TRACK_PLACE)
                  c0a3960c    00000004     (.common:LV_STYLE_GRID_CELL_COLUMN_POS)
                  c0a39610    00000004     (.common:LV_STYLE_GRID_CELL_COLUMN_SPAN)
                  c0a39614    00000004     (.common:LV_STYLE_GRID_CELL_ROW_POS)
                  c0a39618    00000004     (.common:LV_STYLE_GRID_CELL_ROW_SPAN)
                  c0a3961c    00000004     (.common:LV_STYLE_GRID_CELL_X_ALIGN)
                  c0a39620    00000004     (.common:LV_STYLE_GRID_CELL_Y_ALIGN)
                  c0a39624    00000004     (.common:LV_STYLE_GRID_COLUMN_ALIGN)
                  c0a39628    00000004     (.common:LV_STYLE_GRID_COLUMN_DSC_ARRAY)
                  c0a3962c    00000004     (.common:LV_STYLE_GRID_ROW_ALIGN)
                  c0a39630    00000004     (.common:LV_STYLE_GRID_ROW_DSC_ARRAY)
                  c0a39634    00000004     (.common:UARTConsoleSemHandle)
                  c0a39638    00000004     (.common:UARTConsoleTaskHandle)
                  c0a3963c    00000004     (.common:_lv_grad_cache_mem)
                  c0a39640    00000004     (.common:_lv_layout_list)
                  c0a39644    00000004     (.common:_lv_style_custom_prop_flag_lookup_table)
                  c0a39648    00000004     (.common:_lv_theme_basic_styles)
                  c0a3964c    00000004     (.common:_lv_theme_default_styles)
                  c0a39650    00000004     (.common:_lv_timer_act)
                  c0a39654    00000004     (.common:p_rx)
                  c0a39658    00000004     (.common:p_tx)
                  c0a3965c    00000004     (.common:rx_len)
                  c0a39660    00000004     (.common:tx_len)
                  c0a39664    00000002     lv_timer.obj (.bss)
                  c0a39666    00000002     lv_win.obj (.bss)
                  c0a39668    00000001     lv_colorwheel.obj (.bss)
                  c0a39669    00000001     lv_hal_tick.obj (.bss)

.neardata 
*          0    c0a3966c    00000203     UNINITIALIZED
                  c0a3966c    00000024     os.ae674 : mem.oe674 (.neardata)
                  c0a39690    00000020     lv_txt.obj (.neardata)
                  c0a396b0    0000001c     netctrl_min.ae674 : netctrl.oe674 (.neardata)
                  c0a396cc    00000018     os.ae674 : task.oe674 (.neardata)
                  c0a396e4    00000014     stk6.ae674 : rtable.oe674 (.neardata)
                  c0a396f8    00000014     ti.drv.omapl138.ae674 : ethdriver.oe674 (.neardata)
                  c0a3970c    00000010     lv_timer.obj (.neardata)
                  c0a3971c    00000010     nettool.ae674 : daemon.oe674 (.neardata)
                  c0a3972c    00000010     stk6.ae674 : bind6.oe674 (.neardata)
                  c0a3973c    00000010                : igmp.oe674 (.neardata)
                  c0a3974c    0000000c                : route6.oe674 (.neardata)
                  c0a39758    0000000c     ti.drv.omapl138.ae674 : csl_emac.oe674 (.neardata)
                  c0a39764    0000000c     ti.uia.sysbios.ae674 : TransportNdk.oe674 (.neardata)
                  c0a39770    00000009     lv_draw_sw_gradient.obj (.neardata)
                  c0a39779    00000003     UARTConsole.obj (.neardata)
                  c0a3977c    00000008     SATA.obj (.neardata)
                  c0a39784    00000008     lv_calendar_header_dropdown.obj (.neardata)
                  c0a3978c    00000008     lv_draw_sw_letter.obj (.neardata)
                  c0a39794    00000008     lv_indev.obj (.neardata)
                  c0a3979c    00000008     lv_obj.obj (.neardata)
                  c0a397a4    00000008     netctrl_min.ae674 : netsrv.oe674 (.neardata)
                  c0a397ac    00000008     stk6.ae674 : exec.oe674 (.neardata)
                  c0a397b4    00000008                : icmp.oe674 (.neardata)
                  c0a397bc    00000008                : ip.oe674 (.neardata)
                  c0a397c4    00000008                : ipin.oe674 (.neardata)
                  c0a397cc    00000008                : ipv6_frag.oe674 (.neardata)
                  c0a397d4    00000008                : lli.oe674 (.neardata)
                  c0a397dc    00000008                : rtc.oe674 (.neardata)
                  c0a397e4    00000008                : tcp.oe674 (.neardata)
                  c0a397ec    00000008                : tcp6.oe674 (.neardata)
                  c0a397f4    00000008                : timer.oe674 (.neardata)
                  c0a397fc    00000008     ti.uia.runtime.ae674 : QueueDescriptor.oe674 (.neardata)
                  c0a39804    00000006     lv_style.obj (.neardata)
                  c0a3980a    00000005     lv_colorwheel.obj (.neardata)
                  c0a3980f    00000001     Timer.obj (.neardata)
                  c0a39810    00000004     Flash.obj (.neardata)
                  c0a39814    00000004     LED.obj (.neardata)
                  c0a39818    00000004     Local_pe674.oe674 (.neardata)
                  c0a3981c    00000004     PLL.obj (.neardata)
                  c0a39820    00000004     UDP.obj (.neardata)
                  c0a39824    00000004     hal_timer_bios.ae674 : lltimer.oe674 (.neardata)
                  c0a39828    00000004     lv_event.obj (.neardata)
                  c0a3982c    00000004     lv_hal_tick.obj (.neardata)
                  c0a39830    00000004     lv_math.obj (.neardata)
                  c0a39834    00000004     lv_mem.obj (.neardata)
                  c0a39838    00000004     nettool.ae674 : config.oe674 (.neardata)
                  c0a3983c    00000004     stk6.ae674 : bind.oe674 (.neardata)
                  c0a39840    00000004                : ipfrag.oe674 (.neardata)
                  c0a39844    00000004                : lli6.oe674 (.neardata)
                  c0a39848    00000004                : lliin.oe674 (.neardata)
                  c0a3984c    00000004                : mld.oe674 (.neardata)
                  c0a39850    00000004                : node.oe674 (.neardata)
                  c0a39854    00000004                : pbm.oe674 (.neardata)
                  c0a39858    00000004                : sock6pcb.oe674 (.neardata)
                  c0a3985c    00000004                : sockpcb.oe674 (.neardata)
                  c0a39860    00000004     ti.drv.omapl138.ae674 : csl_mdio.oe674 (.neardata)
                  c0a39864    00000004     ti.uia.runtime.ae674 : LogSync.oe674 (.neardata)
                  c0a39868    00000003     lv_hal_disp.obj (.neardata)
                  c0a3986b    00000001     lv_example_get_started_1.obj (.neardata)
                  c0a3986c    00000001     lv_obj_pos.obj (.neardata)
                  c0a3986d    00000001     lv_obj_style.obj (.neardata)
                  c0a3986e    00000001     lv_theme_default.obj (.neardata)

.rodata    0    c0a39870    00000040     UNINITIALIZED
                  c0a39870    00000024     stk6.ae674 : ipv6.oe674 (.rodata)
                  c0a39894    0000001c     Local_pe674.oe674 (.rodata)

.cinit     0    c0a39e00    00001150     
                  c0a39e00    0000101e     (.cinit..fardata.load) [load image, compression = rle]
                  c0a3ae1e    00000092     (.cinit..neardata.load) [load image, compression = rle]
                  c0a3aeb0    00000043     (.cinit..rodata.load) [load image, compression = rle]
                  c0a3aef3    0000000d     (.cinit..far.load) [load image, compression = rle]
                  c0a3af00    0000000d     (.cinit.SystemHeap.load) [load image, compression = rle]
                  c0a3af0d    0000000b     (.cinit..bss.load) [load image, compression = rle]
                  c0a3af18    00000008     (__TI_handler_table)
                  c0a3af20    00000030     (__TI_cinit_table)

.init_array 
*          0    c0000000    00000000     UNINITIALIZED

SystemHeap 
*          0    c0000000    00800000     UNINITIALIZED
                  c0000000    00800000     Local_pe674.oe674 (SystemHeap)

.far       0    c0800000    00150c5c     UNINITIALIZED
                  c0800000    000bb824     (.common:g_pucBuffer)
                  c08bb824    0000004c     lv_port_disp_c674x.obj (.far:disp_drv$4)
                  c08bb870    00000010     (.common:StrIP)
                  c08bb880    0004cb00     Local_pe674.oe674 (.far:NDK_PACKETMEM)
                  c0908380    00010000     (.common:buff)
                  c0918380    0000c1c0     Local_pe674.oe674 (.far:NDK_MMBUFFER)
                  c0924540    0000c000     lv_mem.obj (.far:work_mem_int$1)
                  c0930540    00008080     (.common:ti_uia_runtime_LoggerCircBuf_Instance_State_1_bufferArray__A)
                  c09385c0    00008080     (.common:ti_uia_runtime_LoggerCircBuf_Instance_State_2_bufferArray__A)
                  c0940640    00003e80     lv_port_disp_c674x.obj (.far:buf_1$2)
                  c09444c0    00003e80     lv_port_disp_c674x.obj (.far:buf_2$3)
                  c0948340    00003800     Local_pe674.oe674 (.far:taskStackSection)
                  c094bb40    00001618     ti.drv.omapl138.ae674 : ethdriver.oe674 (.far)
                  c094d158    00000b90     (.common:ti_uia_sysbios_Adaptor_eventBuf__A)
                  c094dce8    00000800     (.common:CmdHistory)
                  c094e4e8    00000660     nettool.ae674 : daemon.oe674 (.far)
                  c094eb48    00000480     (.common:ti_uia_runtime_LoggerCircBuf_Instance_State_0_bufferArray__A)
                  c094efc8    00000474     ti.drv.omapl138.ae674 : csl_emac.oe674 (.far)
                  c094f43c    00000004     (.common:swCtrlFeatures)
                  c094f440    00000400     (.common:xdc_runtime_SysMin_Module_State_0_outbuf__A)
                  c094f840    00000220     (.common:ti_uia_sysbios_Adaptor_msgBuf__A)
                  c094fa60    00000140     (.common:__TI_tmpnams)
                  c094fba0    00000110     stk6.ae674 : igmp.oe674 (.far)
                  c094fcb0    00000104     (.common:rx_data)
                  c094fdb4    00000004                : rawethsock_pcb.oe674 (.far)
                  c094fdb8    00000104     (.common:tx_data)
                  c094febc    00000002     lv_theme_default.obj (.far:color_card)
                  c094febe    00000002     lv_theme_default.obj (.far:color_grey)
                  c094fec0    00000104     (.common:vrf_data)
                  c094ffc4    00000002     lv_theme_default.obj (.far:color_scr)
                  c094ffc6    00000002     lv_theme_default.obj (.far:color_text)
                  c094ffc8    00000100     lv_draw_sw_letter.obj (.far:opa_table$1)
                  c09500c8    000000d8     netctrl_min.ae674 : netsrv.oe674 (.far)
                  c09501a0    000000c8     stk6.ae674 : ipv6.oe674 (.far)
                  c0950268    000000c4                : tcp.oe674 (.far)
                  c095032c    000000b8                : tcp6in.oe674 (.far)
                  c09503e4    0000001c     lv_port_disp_c674x.obj (.far:draw_buf_dsc$1)
                  c0950400    000000a0     (.common:RcvFis)
                  c09504a0    0000009c     stk6.ae674 : icmp.oe674 (.far)
                  c095053c    00000004     --HOLE--
                  c0950540    00000080     (.common:_lv_draw_mask_list)
                  c09505c0    00000080     (.common:lv_mem_buf)
                  c0950640    00000080     UARTConsole.obj (.far:UARTWriteBuffer)
                  c09506c0    0000007c     os.ae674 : mem.oe674 (.far)
                  c095073c    00000004     --HOLE--
                  c0950740    00000070     (.common:_lv_circle_cache)
                  c09507b0    00000068     stk6.ae674 : ip.oe674 (.far)
                  c0950818    00000064                : nimu.oe674 (.far)
                  c095087c    00000004     --HOLE--
                  c0950880    00000040     (.common:g_cCmdBuf)
                  c09508c0    00000030     (.common:pllcfg)
                  c09508f0    00000030                : udp.oe674 (.far)
                  c0950920    0000002c     (.common:_lv_img_cache_single)
                  c095094c    0000002a     (.common:TouchInfo)
                  c0950976    00000002     --HOLE--
                  c0950978    00000028                : vlan.oe674 (.far)
                  c09509a0    00000024     (.common:RTCTime)
                  c09509c4    00000004     --HOLE--
                  c09509c8    00000024     cmdline.obj (.far:argv$1)
                  c09509ec    00000024     stk6.ae674 : udp6.oe674 (.far)
                  c0950a10    00000024     lv_theme_default.obj (.far:theme)
                  c0950a34    00000020     ti.uia.sysbios.ae674 : TransportNdk.oe674 (.far)
                  c0950a54    00000004     --HOLE--
                  c0950a58    0000001a     rts6740_elf.lib : asctime.c.obj (.far:time_buf)
                  c0950a72    00000002     --HOLE--
                  c0950a74    00000018     netctrl_min.ae674 : netctrl.oe674 (.far)
                  c0950a8c    00000018     lv_refr.obj (.far:perf_monitor)
                  c0950aa4    00000018     stk6.ae674 : icmpv6.oe674 (.far)
                  c0950abc    00000018     ti.drv.omapl138.ae674 : csl_mdio.oe674 (.far)
                  c0950ad4    00000004     --HOLE--
                  c0950ad8    00000014     stk6.ae674 : rtc.oe674 (.far)
                  c0950aec    00000014     lv_theme_default.obj (.far:trans_delayed$2)
                  c0950b00    00000014     lv_theme_default.obj (.far:trans_normal$3)
                  c0950b14    00000010     stk6.ae674 : raw.oe674 (.far)
                  c0950b24    00000010                : raw6.oe674 (.far)
                  c0950b34    00000010                : raweth.oe674 (.far)
                  c0950b44    0000000c     (.common:_lv_anim_ll)
                  c0950b50    0000000c     (.common:_lv_disp_ll)
                  c0950b5c    0000000c     (.common:_lv_fsdrv_ll)
                  c0950b68    0000000c     (.common:_lv_group_ll)
                  c0950b74    0000000c     (.common:_lv_img_decoder_ll)
                  c0950b80    0000000c     (.common:_lv_indev_ll)
                  c0950b8c    0000000c     (.common:_lv_obj_style_trans_ll)
                  c0950b98    0000000c     (.common:_lv_timer_ll)
                  c0950ba4    00000004     --HOLE--
                  c0950ba8    0000000c     (.common:ti_sysbios_knl_Task_Instance_State_0_hookEnv__A)
                  c0950bb4    00000004     --HOLE--
                  c0950bb8    0000000c     (.common:ti_sysbios_knl_Task_Instance_State_1_hookEnv__A)
                  c0950bc4    00000004     --HOLE--
                  c0950bc8    0000000c     (.common:ti_sysbios_knl_Task_Instance_State_2_hookEnv__A)
                  c0950bd4    00000004     --HOLE--
                  c0950bd8    0000000c     (.common:ti_sysbios_knl_Task_Instance_State_3_hookEnv__A)
                  c0950be4    0000000c                : pbm.oe674 (.far)
                  c0950bf0    0000000a     (.common:I2CData)
                  c0950bfa    00000006     --HOLE--
                  c0950c00    00000008     (.common:MacAddr)
                  c0950c08    00000008     (.common:parmbuf)
                  c0950c10    00000008     lv_font_montserrat_14.obj (.far:cache)
                  c0950c18    00000008     lv_theme_default.obj (.far:dark_filter$4)
                  c0950c20    00000008     lv_theme_default.obj (.far:grey_filter$5)
                  c0950c28    00000008     lv_refr.obj (.far:mem_monitor)
                  c0950c30    00000004     (.common:ti_sysbios_family_c64p_Hwi_Instance_State_0_hookEnv__A)
                  c0950c34    00000004     --HOLE--
                  c0950c38    00000004     (.common:ti_sysbios_family_c64p_Hwi_Instance_State_1_hookEnv__A)
                  c0950c3c    00000004     --HOLE--
                  c0950c40    00000004     (.common:ti_sysbios_family_c64p_Hwi_Instance_State_2_hookEnv__A)
                  c0950c44    00000004     --HOLE--
                  c0950c48    00000004     (.common:ti_sysbios_family_c64p_Hwi_Instance_State_3_hookEnv__A)
                  c0950c4c    00000004     --HOLE--
                  c0950c50    00000004     (.common:ti_sysbios_family_c64p_Hwi_Instance_State_4_hookEnv__A)
                  c0950c54    00000004     --HOLE--
                  c0950c58    00000004     (.common:ti_sysbios_knl_Swi_Instance_State_0_hookEnv__A)

.switch.1 
*          0    c0a371f4    00000204     
                  c0a371f4    000000dc     lv_style.obj (.switch:lv_style_prop_get_default)
                  c0a372d0    00000070     lv_event.obj (.switch:event_is_bubbled)
                  c0a37340    0000005c     rts6740_elf.lib : _scanfi.c.obj (.switch:__TI_scanfi)
                  c0a3739c    0000005c     lv_printf.obj (.switch:_vsnprintf)

.vecs      0    c0a39c00    00000200     
                  c0a39c00    00000200     Local_pe674.oe674 (.vecs)

xdc.meta   0    c0000000    000000f0     COPY SECTION
                  c0000000    000000f0     Local_pe674.oe674 (xdc.meta)

.text      0    c0950c60    000db920     
                  c0950c60    000059e0     lv_chart.obj (.text)
                  c0956640    00005340     lv_theme_default.obj (.text)
                  c095b980    00004f60     lv_draw_mask.obj (.text)
                  c09608e0    00004460     lv_draw_sw_rect.obj (.text)
                  c0964d40    000039c0     lv_obj_pos.obj (.text)
                  c0968700    00003380     lv_btnmatrix.obj (.text)
                  c096ba80    00003280     lv_textarea.obj (.text)
                  c096ed00    000031a0     lv_table.obj (.text)
                  c0971ea0    00002fe0     lv_obj_scroll.obj (.text)
                  c0974e80    00002f60     lv_indev.obj (.text)
                  c0977de0    00002ec0     lv_label.obj (.text)
                  c097aca0    00002e60     lv_img_buf.obj (.text)
                  c097db00    00002ce0     lv_obj_style.obj (.text)
                  c09807e0    00002b20     lv_dropdown.obj (.text)
                  c0983300    00002940     lv_refr.obj (.text)
                  c0985c40    00002680     lv_tlsf.obj (.text)
                  c09882c0    00002660     lv_obj.obj (.text)
                  c098a920    00002580     lv_arc.obj (.text)
                  c098cea0    000023a0     lv_img.obj (.text)
                  c098f240    00002320     lv_grid.obj (.text)
                  c0991560    000022a0     lv_draw_sw_blend.obj (.text)
                  c0993800    000021a0     lv_meter.obj (.text)
                  c09959a0    000020c0     rts6740_elf.lib : _printfi.c.obj (.text:__TI_printfi)
                  c0997a60    00002080                     : _scanfi.c.obj (.text:__TI_scanfi)
                  c0999ae0    00002040     lv_flex.obj (.text)
                  c099bb20    00001e60     lv_draw_sw_arc.obj (.text)
                  c099d980    00001e20     lv_colorwheel.obj (.text)
                  c099f7a0    00001de0     lv_indev_scroll.obj (.text)
                  c09a1580    00001d80     lv_roller.obj (.text)
                  c09a3300    00001c80     lv_hal_disp.obj (.text)
                  c09a4f80    00001c00     lv_img_decoder.obj (.text)
                  c09a6b80    00001ae0     lv_bar.obj (.text)
                  c09a8660    000019e0     stk6.ae674 : tcp6in.oe674 (.text:TCP6Input)
                  c09aa040    000019e0                : tcpin.oe674 (.text:TcpInput)
                  c09aba20    000018e0     lv_obj_style_gen.obj (.text)
                  c09ad300    000018e0     lv_txt.obj (.text)
                  c09aebe0    00001880     lv_style_gen.obj (.text)
                  c09b0460    00001840     lv_obj_draw.obj (.text)
                  c09b1ca0    000017a0     drivers.lib : rtc.obj (.text)
                  c09b3440    00001760     lv_slider.obj (.text)
                  c09b4ba0    00001720     lv_event.obj (.text)
                  c09b62c0    00001660     lv_menu.obj (.text)
                  c09b7920    000014e0     lv_printf.obj (.text)
                  c09b8e00    000014a0     lv_area.obj (.text)
                  c09ba2a0    00001460     lv_fs.obj (.text)
                  c09bb700    00001440     lv_mem.obj (.text)
                  c09bcb40    00001360     lv_group.obj (.text)
                  c09bdea0    00001320     lv_draw_sw_line.obj (.text)
                  c09bf1c0    00001220     stk6.ae674 : tcpout.oe674 (.text:TcpOutput)
                  c09c03e0    00001180                : tcp6out.oe674 (.text:TCP6Output)
                  c09c1560    00001160     lv_spinbox.obj (.text)
                  c09c26c0    00001140     lv_disp.obj (.text)
                  c09c3800    00001080     lv_anim.obj (.text)
                  c09c4880    00001040     lv_obj_tree.obj (.text)
                  c09c58c0    00001000     lv_draw_label.obj (.text)
                  c09c68c0    00000f80     lv_calendar.obj (.text)
                  c09c7840    00000f00     ti.drv.omapl138.ae674 : csl_emac.oe674 (.text:EMAC_open)
                  c09c8740    00000e00     drivers.lib : raster.obj (.text)
                  c09c9540    00000dc0                 : ehrpwm.obj (.text)
                  c09ca300    00000d80     lv_style.obj (.text)
                  c09cb080    00000ce0     lv_draw_sw_gradient.obj (.text)
                  c09cbd60    00000ca0     lv_tabview.obj (.text)
                  c09cca00    00000c80     lv_draw_sw_img.obj (.text)
                  c09cd680    00000c60     lv_color.obj (.text)
                  c09ce2e0    00000bc0     lv_draw_arc.obj (.text)
                  c09ceea0    00000b80     stk6.ae674 : ipin.oe674 (.text:IPRxPacket)
                  c09cfa20    00000ae0     lv_font_fmt_txt.obj (.text)
                  c09d0500    00000ac0     lv_keyboard.obj (.text)
                  c09d0fc0    00000a60     lv_checkbox.obj (.text)
                  c09d1a20    00000a60     lv_draw_img.obj (.text)
                  c09d2480    00000a60     lv_draw_sw_letter.obj (.text)
                  c09d2ee0    00000a20     Flash.obj (.text)
                  c09d3900    00000a20     lv_switch.obj (.text)
                  c09d4320    000009c0     stk6.ae674 : ipout.oe674 (.text:IPTxPacket)
                  c09d4ce0    000009a0     ti.drv.omapl138.ae674 : csl_mdio.oe674 (.text:MDIO_timerTick)
                  c09d5680    000009a0     UARTConsole.obj (.text)
                  c09d6020    00000980     Command.obj (.text)
                  c09d69a0    00000920     rts6740_elf.lib : strtod.c.obj (.text:strtod)
                  c09d72c0    00000900     lv_ll.obj (.text)
                  c09d7bc0    000008a0     ti.targets.rts6000.ae674 : System.oe674 (.text:xdc_runtime_System_doPrint__I)
                  c09d8460    00000860     lv_draw_sw_polygon.obj (.text)
                  c09d8cc0    00000820     lv_led.obj (.text)
                  c09d94e0    00000800     lv_math.obj (.text)
                  c09d9ce0    000007e0     lv_timer.obj (.text)
                  c09da4c0    000007c0     stk6.ae674 : sock.oe674 (.text:SockSet)
                  c09dac80    000007a0                : fileuser.oe674 (.text:fdPoll)
                  c09db420    00000780     sysbios.ae674 : BIOS.obj (.text:ti_sysbios_family_c64p_Exception_handler__I)
                  c09dbba0    00000780                   : BIOS.obj (.text:ti_sysbios_knl_Event_pend__E)
                  c09dc320    00000720                   : BIOS.obj (.text:ti_sysbios_heaps_HeapMem_free__E)
                  c09dca40    00000700     lv_line.obj (.text)
                  c09dd140    000006c0     stk6.ae674 : sock6.oe674 (.text:Sock6Set)
                  c09dd800    000006a0                : icmpv6_ndisc.oe674 (.text:ICMPv6RecvRA)
                  c09ddea0    000006a0     SATA.obj (.text)
                  c09de540    000006a0     sysbios.ae674 : BIOS.obj (.text:ti_sysbios_knl_Semaphore_pend__E)
                  c09debe0    000006a0                   : BIOS.obj (.text:ti_sysbios_knl_Task_Instance_finalize__F)
                  c09df280    00000680     I2C.obj (.text)
                  c09df900    00000660     stk6.ae674 : route6.oe674 (.text:Rt6Create)
                  c09dff60    00000660     Touch.obj (.text)
                  c09e05c0    00000660     rts6740_elf.lib : _printfi.c.obj (.text:_pconv_a)
                  c09e0c20    00000620     lv_obj_class.obj (.text)
                  c09e1240    00000620     sysbios.ae674 : BIOS.obj (.text:ti_sysbios_heaps_HeapMem_alloc__E)
                  c09e1860    00000600     rts6740_elf.lib : divd.c.obj (.text:__c6xabi_divd)
                  c09e1e60    00000600     lv_tileview.obj (.text)
                  c09e2460    00000600     sysbios.ae674 : BIOS.obj (.text:ti_sysbios_knl_Task_Instance_init__F)
                  c09e2a60    000005c0     DDR2.obj (.text)
                  c09e3020    000005c0     stk6.ae674 : ipfrag.oe674 (.text:IPReasm)
                  c09e35e0    000005a0                : icmpin.oe674 (.text:ICMPInput)
                  c09e3b80    000005a0     drivers.lib : spi.obj (.text)
                  c09e4120    00000580                 : gpio.obj (.text)
                  c09e46a0    00000580                 : uart.obj (.text)
                  c09e4c20    00000560     stk6.ae674 : bind6.oe674 (.text:Bind6New)
                  c09e5180    00000560                : ipv6.oe674 (.text:IPv6IPAddressToString)
                  c09e56e0    00000540                : sock6.oe674 (.text:Sock6Connect)
                  c09e5c20    00000520                : lliin.oe674 (.text:LLIRxPacket)
                  c09e6140    00000520     ti.drv.omapl138.ae674 : csl_mdio.oe674 (.text:MDIO_initContinue)
                  c09e6660    00000520     stk6.ae674 : sock.oe674 (.text:SockNew)
                  c09e6b80    000004e0     LCD.obj (.text)
                  c09e7060    000004e0     LEDNixie.obj (.text)
                  c09e7540    000004e0     stk6.ae674 : udp.oe674 (.text:UdpInput)
                  c09e7a20    000004e0     sysbios.ae674 : BIOS.obj (.text:ti_sysbios_timers_timer64_Timer_Module_startup__F)
                  c09e7f00    000004c0     RTC.obj (.text)
                  c09e83c0    000004c0     drivers.lib : i2c.obj (.text)
                  c09e8880    000004c0     rts6740_elf.lib : strtoll.c.obj (.text:strtoll)
                  c09e8d40    000004a0     stk6.ae674 : sock6.oe674 (.text:Sock6Recv)
                  c09e91e0    000004a0                : sock.oe674 (.text:SockRecv)
                  c09e9680    00000480     lv_hal_indev.obj (.text)
                  c09e9b00    00000440     stk6.ae674 : sock6.oe674 (.text:Sock6New)
                  c09e9f40    00000440     rts6740_elf.lib : strtoull.c.obj (.text:strtoull)
                  c09ea380    00000420     nettool.ae674 : daemon.oe674 (.text:daemon)
                  c09ea7a0    00000420     sysbios.ae674 : BIOS.obj (.text:ti_sysbios_knl_Task_sleep__E)
                  c09eabc0    00000400     EEPROM.obj (.text)
                  c09eafc0    00000400     EMAC.obj (.text)
                  c09eb3c0    00000400     LED.obj (.text)
                  c09eb7c0    00000400     stk6.ae674 : sock6.oe674 (.text:Sock6Send)
                  c09ebbc0    00000400     rts6740_elf.lib : _printfi.c.obj (.text:_pconv_g)
                  c09ebfc0    00000400     sysbios.ae674 : BIOS.obj (.text:ti_sysbios_knl_Task_setPri__E)
                  c09ec3c0    000003e0     stk6.ae674 : ipv6_frag.oe674 (.text:IPv6TxFragPacket)
                  c09ec7a0    000003e0     KEY.obj (.text)
                  c09ecb80    000003e0     PLL.obj (.text)
                  c09ecf60    000003e0     lv_calendar_header_arrow.obj (.text)
                  c09ed340    000003c0     stk6.ae674 : ipv6out.oe674 (.text:IPv6TxPacket)
                  c09ed700    000003c0                : lli6.oe674 (.text:LLI6TimerCheck)
                  c09edac0    000003c0                : sock.oe674 (.text:SockSend)
                  c09ede80    000003c0                : tcp6.oe674 (.text:TCP6TimeoutCheck)
                  c09ee240    000003c0                : tcp.oe674 (.text:TcpTimeoutCheck)
                  c09ee600    000003c0     UDP.obj (.text)
                  c09ee9c0    000003c0     sysbios.ae674 : BIOS.obj (.text:ti_sysbios_family_c64p_Hwi_dispatchCore__I)
                  c09eed80    000003c0                   : BIOS.obj (.text:ti_sysbios_heaps_HeapMem_Instance_init__F)
                  c09ef140    000003c0                   : BIOS.obj (.text:ti_sysbios_timers_timer64_Timer_Instance_init__F)
                  c09ef500    000003a0     ti.drv.omapl138.ae674 : csl_emac.oe674 (.text:EMAC_close)
                  c09ef8a0    000003a0     stk6.ae674 : icmpv6in.oe674 (.text:ICMPv6RxPacket)
                  c09efc40    000003a0                : nimu.oe674 (.text:NIMUIoctl)
                  c09effe0    000003a0                : route.oe674 (.text:RtCreate)
                  c09f0380    000003a0                : sb.oe674 (.text:SBRead)
                  c09f0720    000003a0     rts6740_elf.lib : strtol.c.obj (.text:strtol)
                  c09f0ac0    000003a0     sysbios.ae674 : BIOS.obj (.text:ti_sysbios_knl_Swi_run__I)
                  c09f0e60    00000380     netctrl_min.ae674 : netctrl.oe674 (.text:NetScheduler)
                  c09f11e0    00000380     stk6.ae674 : sock.oe674 (.text:SockConnect)
                  c09f1560    00000380     UART1.obj (.text)
                  c09f18e0    00000380     nettool.ae674 : dhcppkt.oe674 (.text:dhcpPacketProcess)
                  c09f1c60    00000380     lv_theme.obj (.text)
                  c09f1fe0    00000360     stk6.ae674 : icmpv6_ndisc.oe674 (.text:ICMPv6RecvRedirect)
                  c09f2340    00000360                : icmpv6out.oe674 (.text:ICMPv6SendDstUnreachable)
                  c09f26a0    00000360                : igmp.oe674 (.text:IGMPInput)
                  c09f2a00    00000360                : ipv6_frag.oe674 (.text:IPv6FragReasm)
                  c09f2d60    00000360                : sock6int.oe674 (.text:Sock6Notify)
                  c09f30c0    00000360                : sockint.oe674 (.text:SockNotify)
                  c09f3420    00000360     sysbios.ae674 : BIOS.obj (.text:ti_sysbios_knl_Clock_Instance_init__F)
                  c09f3780    00000360                   : BIOS.obj (.text:ti_sysbios_knl_Swi_Instance_init__F)
                  c09f3ae0    00000360                   : BIOS.obj (.text:ti_sysbios_timers_timer64_Timer_deviceConfig__I)
                  c09f3e40    00000340     stk6.ae674 : icmpv6_ndisc.oe674 (.text:ICMPv6RecvNS)
                  c09f4180    00000340                : icmpv6out.oe674 (.text:ICMPv6SendParameterProblem)
                  c09f44c0    00000340                : icmpv6out.oe674 (.text:ICMPv6SendTimeExceeded)
                  c09f4800    00000340                : lliout.oe674 (.text:LLITxIpPacket)
                  c09f4b40    00000340     os.ae674 : mem.oe674 (.text:mmAlloc)
                  c09f4e80    00000340     Local_pe674.oe674 (.text:xdc_runtime_System_printfExtend__I)
                  c09f51c0    00000320     nettool.ae674 : config.oe674 (.text:CfgAddEntry)
                  c09f54e0    00000320     stk6.ae674 : udp6.oe674 (.text:Udp6Input)
                  c09f5800    00000320     lv_port_disp_c674x.obj (.text)
                  c09f5b20    00000320     sysbios.ae674 : BIOS.obj (.text:ti_sysbios_knl_Event_post__E)
                  c09f5e40    00000320                   : BIOS.obj (.text:ti_sysbios_timers_timer64_Timer_initObj__I)
                  c09f6160    00000300     EHRPWM.obj (.text)
                  c09f6460    00000300     ti.drv.omapl138.ae674 : nimu_eth.oe674 (.text:Emacioctl)
                  c09f6760    00000300     stk6.ae674 : sock6pcb.oe674 (.text:Sock6PcbBind)
                  c09f6a60    00000300     lv_calendar_header_dropdown.obj (.text)
                  c09f6d60    00000300     lv_draw_sw.obj (.text)
                  c09f7060    00000300     rts6740_elf.lib : strtoul.c.obj (.text:strtoul)
                  c09f7360    00000300     sysbios.ae674 : BIOS.obj (.text:ti_sysbios_knl_Semaphore_post__E)
                  c09f7660    00000300                   : BIOS.obj (.text:ti_sysbios_utils_Load_logLoads__I)
                  c09f7960    00000300     ti.uia.services.ae674 : Rta.oe674 (.text:ti_uia_services_Rta_processMsg__I)
                  c09f7c60    000002e0     stk6.ae674 : ipv6_exthdrs.oe674 (.text:IPv6ParseExtnHeaders)
                  c09f7f40    000002e0                : route6.oe674 (.text:Rt6Find)
                  c09f8220    000002e0                : sock6pcb.oe674 (.text:Sock6PcbFind)
                  c09f8500    000002e0                : sock6pcb.oe674 (.text:Sock6PcbResolve)
                  c09f87e0    000002e0                : udp.oe674 (.text:UdpOutput)
                  c09f8ac0    000002e0     rts6740_elf.lib : fputs.c.obj (.text:fputs)
                  c09f8da0    000002e0     lv_spinner.obj (.text)
                  c09f9080    000002e0     ti.uia.services.ae674 : Rta.oe674 (.text:ti_uia_services_Rta_flushLogger__I)
                  c09f9360    000002c0     stk6.ae674 : bind.oe674 (.text:BindNew)
                  c09f9620    000002c0     ti.drv.omapl138.ae674 : ethdriver.oe674 (.text:HwPktOpen)
                  c09f98e0    000002c0     stk6.ae674 : ipv6_frag.oe674 (.text:IPv6FragQEnqueueFrag)
                  c09f9ba0    000002c0                : node.oe674 (.text:NodeAdd)
                  c09f9e60    000002c0                : rtable.oe674 (.text:RtFind)
                  c09fa120    000002c0                : sb6.oe674 (.text:SB6Read)
                  c09fa3e0    000002c0     TempSensor.obj (.text)
                  c09fa6a0    000002c0     lv_win.obj (.text)
                  c09fa960    000002a0     nettool.ae674 : dhcpmain.oe674 (.text:DHCPOpen)
                  c09fac00    000002a0     SATATest.obj (.text)
                  c09faea0    000002a0     stk6.ae674 : sock6.oe674 (.text:Sock6Close)
                  c09fb140    000002a0                : sock.oe674 (.text:SockClose)
                  c09fb3e0    000002a0                : sockpcb.oe674 (.text:SockPcbResolve)
                  c09fb680    000002a0                : tcp6prot.oe674 (.text:TCP6PrSetOption)
                  c09fb920    000002a0                : tcpprot.oe674 (.text:TcpPrSetOption)
                  c09fbbc0    000002a0     rts6740_elf.lib : _printfi.c.obj (.text:_pconv_e)
                  c09fbe60    000002a0                     : _printfi.c.obj (.text:fcvt)
                  c09fc100    000002a0     lv_font.obj (.text)
                  c09fc3a0    000002a0     sysbios.ae674 : BIOS.obj (.text:ti_sysbios_knl_Clock_workFunc__E)
                  c09fc640    000002a0     ti.uia.runtime.ae674 : LoggerCircBuf.oe674 (.text:ti_uia_runtime_LoggerCircBuf_write8__E)
                  c09fc8e0    00000280     ti.drv.omapl138.ae674 : csl_emac.oe674 (.text:EMAC_setReceiveFilter)
                  c09fcb60    00000280     stk6.ae674 : icmp.oe674 (.text:ICMPGenPacket)
                  c09fcde0    00000280                : lli6.oe674 (.text:LLI6NeighUnreachStateMachine)
                  c09fd060    00000280                : lli6.oe674 (.text:LLI6TxIPPacket)
                  c09fd2e0    00000280                : route6.oe674 (.text:Rt6Free)
                  c09fd560    00000280                : sock.oe674 (.text:SockRecvNC)
                  c09fd7e0    00000280                : udp6.oe674 (.text:Udp6Output)
                  c09fda60    00000280     sysbios.ae674 : BIOS.obj (.text:ti_sysbios_knl_Task_schedule__I)
                  c09fdce0    00000280                   : BIOS.obj (.text:ti_sysbios_knl_Task_startCore__E)
                  c09fdf60    00000280                   : BIOS.obj (.text:ti_sysbios_utils_Load_updateThreadContexts__E)
                  c09fe1e0    00000280     ti.targets.rts6000.ae674 : Error.oe674 (.text:xdc_runtime_Error_raiseX__F)
                  c09fe460    00000260     ti.drv.omapl138.ae674 : csl_emac.oe674 (.text:EMAC_sendPacket)
                  c09fe6c0    00000260     stk6.ae674 : icmpv6in.oe674 (.text:ICMPv6RecvEchoRequest)
                  c09fe920    00000260                : icmpv6_ndisc.oe674 (.text:ICMPv6SendNS)
                  c09feb80    00000260                : ipv6in.oe674 (.text:IPv6RxPacket)
                  c09fede0    00000260     PRULoader.obj (.text)
                  c09ff040    00000260     stk6.ae674 : rawethsock.oe674 (.text:RawEthSockSet)
                  c09ff2a0    00000260                : sb6.oe674 (.text:SB6Write)
                  c09ff500    00000260                : sb.oe674 (.text:SBWrite)
                  c09ff760    00000260                : sockpcb.oe674 (.text:SockPcbBind)
                  c09ff9c0    00000260                : tcp6out.oe674 (.text:TCP6GenPacket)
                  c09ffc20    00000260     rts6740_elf.lib : imath64.c.obj (.text:__c6xabi_divull)
                  c09ffe80    00000260     lv_draw_rect.obj (.text)
                  c0a000e0    00000260     sysbios.ae674 : BIOS.obj (.text:ti_sysbios_timers_timer64_Timer_start__E)
                  c0a00340    00000260     ti.targets.rts6000.ae674 : Startup.oe674 (.text:xdc_runtime_Startup_startMods__I)
                  c0a005a0    00000240     stk6.ae674 : bind6.oe674 (.text:Bind6Free)
                  c0a007e0    00000240                : bind6.oe674 (.text:Bind6RunDAD)
                  c0a00a20    00000240     nettool.ae674 : daemon.oe674 (.text:DaemonNew)
                  c0a00c60    00000240     Exception.obj (.text)
                  c0a00ea0    00000240     stk6.ae674 : icmpv6_ndisc.oe674 (.text:ICMPv6RecvNA)
                  c0a010e0    00000240                : icmpv6_ndisc.oe674 (.text:ICMPv6SendNA)
                  c0a01320    00000240                : pipe.oe674 (.text:PipeRecv)
                  c0a01560    00000240                : raw.oe674 (.text:RawInput)
                  c0a017a0    00000240                : tcpout.oe674 (.text:TcpGenPacket)
                  c0a019e0    00000240     nettool.ae674 : dhcpsm.oe674 (.text:dhcpIPAdd)
                  c0a01c20    00000240                   : dhcpsm.oe674 (.text:dhcpState)
                  c0a01e60    00000240                   : dhcppkt.oe674 (.text:dhcpVerifyMessage)
                  c0a020a0    00000240     ti.drv.omapl138.ae674 : csl_emac.oe674 (.text:emacDequeueRx)
                  c0a022e0    00000240     ti.uia.runtime.ae674 : LoggerCircBuf.oe674 (.text:ti_uia_runtime_LoggerCircBuf_write0__E)
                  c0a02520    00000240                          : LoggerCircBuf.oe674 (.text:ti_uia_runtime_LoggerCircBuf_write1__E)
                  c0a02760    00000240                          : LoggerCircBuf.oe674 (.text:ti_uia_runtime_LoggerCircBuf_write2__E)
                  c0a029a0    00000240                          : LoggerCircBuf.oe674 (.text:ti_uia_runtime_LoggerCircBuf_write4__E)
                  c0a02be0    00000240                          : LoggerCircBuf.oe674 (.text:ti_uia_runtime_LoggerCircBuf_writeMemoryRange__E)
                  c0a02e20    00000240                          : ServiceMgr.oe674 (.text:ti_uia_runtime_ServiceMgr_processCallback__F)
                  c0a03060    00000220     stk6.ae674 : igmp.oe674 (.text:IGMPJoinHostGroup)
                  c0a03280    00000220                : ipv6_frag.oe674 (.text:IPv6ParseFragHdr)
                  c0a034a0    00000220                : nimu.oe674 (.text:NIMUReceivePacket)
                  c0a036c0    00000220                : raw6.oe674 (.text:Raw6Output)
                  c0a038e0    00000220                : rawethsock.oe674 (.text:RawEthSockNew)
                  c0a03b00    00000220                : sockpcb.oe674 (.text:SockPcbFind)
                  c0a03d20    00000220     ti.uia.sysbios.ae674 : TransportNdk.oe674 (.text:TransportNdk_start)
                  c0a03f40    00000220     ti.drv.omapl138.ae674 : csl_emac.oe674 (.text:emacEnqueueTx)
                  c0a04160    00000220     sysbios.ae674 : BIOS.obj (.text:ti_sysbios_timers_timer64_Timer_setPeriodMicroSecs__E)
                  c0a04380    00000220                   : BIOS.obj (.text:ti_sysbios_utils_Load_updateLoads__E)
                  c0a045a0    00000220     ti.targets.rts6000.ae674 : Core-mem.oe674 (.text:xdc_runtime_Core_createObject__I)
                  c0a047c0    00000200     ti.drv.omapl138.ae674 : csl_emac.oe674 (.text:EMAC_RxServiceCheck)
                  c0a049c0    00000200     stk6.ae674 : ipv6_exthdrs.oe674 (.text:IPv6ParseHopOptions)
                  c0a04bc0    00000200                : lli6.oe674 (.text:LLI6New)
                  c0a04dc0    00000200                : socket.oe674 (.text:NDK_accept)
                  c0a04fc0    00000200                : rtc.oe674 (.text:RTCReport)
                  c0a051c0    00000200     rts6740_elf.lib : _printfi.c.obj (.text:_ltostr)
                  c0a053c0    00000200     sysbios.ae674 : c64p_Hwi_disp_always.obj (.text:_ti_sysbios_family_c64p_Hwi_dispatchAlways)
                  c0a055c0    00000200     nettool.ae674 : dhcpsock.oe674 (.text:dhcpSocketOpen)
                  c0a057c0    00000200     sysbios.ae674 : BIOS.obj (.text:ti_sysbios_knl_Swi_post__E)
                  c0a059c0    00000200                   : BIOS.obj (.text:ti_sysbios_knl_Task_exit__E)
                  c0a05bc0    00000200     ti.uia.services.ae674 : Rta.oe674 (.text:ti_uia_services_Rta_sendEvents__I)
                  c0a05dc0    00000200     ti.targets.rts6000.ae674 : Log.oe674 (.text:xdc_runtime_Log_doPrint__F)
                  c0a05fc0    000001e0     stk6.ae674 : igmp.oe674 (.text:IGMPSendReply)
                  c0a061a0    000001e0                : socket.oe674 (.text:NDK_sendto)
                  c0a06380    000001e0                : route6.oe674 (.text:Rt6Modify)
                  c0a06560    000001e0     netctrl_min.ae674 : netsrv.oe674 (.text:SPIpNet)
                  c0a06740    000001e0     stk6.ae674 : sock6pcb.oe674 (.text:Sock6PcbFindRaw)
                  c0a06920    000001e0                : tcptime.oe674 (.text:TcpTimeoutRexmt)
                  c0a06b00    000001e0     sysbios.ae674 : BIOS.obj (.text:ti_sysbios_knl_Task_postInit__I)
                  c0a06ce0    000001e0                   : BIOS.obj (.text:ti_sysbios_knl_Task_unblockI__E)
                  c0a06ec0    000001c0     nettool.ae674 : config.oe674 (.text:CfgExecute)
                  c0a07080    000001c0     ti.drv.omapl138.ae674 : nimu_eth.oe674 (.text:EmacInit)
                  c0a07240    000001c0                           : ethdriver.oe674 (.text:HwPktSetRx)
                  c0a07400    000001c0     stk6.ae674 : ip.oe674 (.text:IPGetRoute)
                  c0a075c0    000001c0                : lliout.oe674 (.text:LLIGenArpPacket)
                  c0a07780    000001c0                : socket.oe674 (.text:NDK_recvncfrom)
                  c0a07940    000001c0                : raw6.oe674 (.text:Raw6Input)
                  c0a07b00    000001c0                : lli.oe674 (.text:_LLITimeoutCheck)
                  c0a07cc0    000001c0     rts6740_elf.lib : imath40.c.obj (.text:__c6xabi_divul)
                  c0a07e80    000001c0     nettool.ae674 : dhcpbild.oe674 (.text:dhcpBuildHeader)
                  c0a08040    000001c0     stk6.ae674 : fileuser.oe674 (.text:fdClose)
                  c0a08200    000001c0     rts6740_elf.lib : fputc.c.obj (.text:fputc)
                  c0a083c0    000001c0                     : frexp.c.obj (.text:frexp)
                  c0a08580    000001c0                     : ldexp.c.obj (.text:ldexp)
                  c0a08740    000001c0     stk6.ae674 : udp6.oe674 (.text:processMulticast)
                  c0a08900    000001c0     rts6740_elf.lib : setvbuf.c.obj (.text:setvbuf)
                  c0a08ac0    000001c0     sysbios.ae674 : BIOS.obj (.text:ti_sysbios_family_c64p_Hwi_Instance_finalize__F)
                  c0a08c80    000001c0                   : BIOS.obj (.text:ti_sysbios_family_c64p_Hwi_Module_startup__F)
                  c0a08e40    000001c0                   : BIOS.obj (.text:ti_sysbios_family_c64p_Hwi_reconfig__E)
                  c0a09000    000001c0                   : BIOS.obj (.text:ti_sysbios_knl_Semaphore_Instance_init__F)
                  c0a091c0    000001c0                   : BIOS.obj (.text:ti_sysbios_knl_Swi_Instance_finalize__F)
                  c0a09380    000001c0                   : BIOS.obj (.text:ti_sysbios_utils_Load_idleFxn__E)
                  c0a09540    000001c0     ti.targets.rts6000.ae674 : Text.oe674 (.text:xdc_runtime_Text_putSite__F)
                  c0a09700    000001a0     stk6.ae674 : bind6.oe674 (.text:Bind6Msg)
                  c0a098a0    000001a0     nettool.ae674 : config.oe674 (.text:CfgRemoveEntry)
                  c0a09a40    000001a0     ti.drv.omapl138.ae674 : csl_emac.oe674 (.text:EMAC_TxServiceCheck)
                  c0a09be0    000001a0     rts6740_elf.lib : hostrename.c.obj (.text:HOSTrename)
                  c0a09d80    000001a0     stk6.ae674 : icmpin.oe674 (.text:ICMPRevSrcRoute)
                  c0a09f20    000001a0                : ipv6_frag.oe674 (.text:IPv6FragMsg)
                  c0a0a0c0    000001a0                : ipv6_exthdrs.oe674 (.text:IPv6ParseRoutingHdr)
                  c0a0a260    000001a0     netctrl_min.ae674 : netctrl.oe674 (.text:NC_NetStart)
                  c0a0a400    000001a0     stk6.ae674 : socket.oe674 (.text:NDK_getpeername)
                  c0a0a5a0    000001a0                : node.oe674 (.text:NodeTreeFree)
                  c0a0a740    000001a0                : route6.oe674 (.text:Route6LifetimeMgmt)
                  c0a0a8e0    000001a0                : sockint.oe674 (.text:SockCreatePacket)
                  c0a0aa80    000001a0     nettool.ae674 : dhcpsm.oe674 (.text:StateRenewRebind)
                  c0a0ac20    000001a0     stk6.ae674 : tcp6time.oe674 (.text:TCP6TimeoutRexmt)
                  c0a0adc0    000001a0     ti.drv.omapl138.ae674 : ethdriver.oe674 (.text:_HwPktPoll)
                  c0a0af60    000001a0     nettool.ae674 : dhcptags.oe674 (.text:dhcpBuildOptions)
                  c0a0b100    000001a0     main.obj (.text)
                  c0a0b2a0    000001a0     sysbios.ae674 : BIOS.obj (.text:ti_sysbios_gates_GateMutex_enter__E)
                  c0a0b440    000001a0                   : BIOS.obj (.text:ti_sysbios_syncs_SyncEvent_Instance_init__F)
                  c0a0b5e0    000001a0                   : BIOS.obj (.text:ti_sysbios_timers_timer64_Timer_getFreq__E)
                  c0a0b780    000001a0                   : BIOS.obj (.text:ti_sysbios_utils_Load_updateCurrentThreadTime__E)
                  c0a0b920    00000180     stk6.ae674 : bind6.oe674 (.text:Bind6GetGlobalAddress)
                  c0a0baa0    00000180     ti.drv.omapl138.ae674 : ethdriver.oe674 (.text:HwPktTxNext)
                  c0a0bc20    00000180     stk6.ae674 : igmp.oe674 (.text:IGMPMsg)
                  c0a0bda0    00000180                : socket.oe674 (.text:NDK_bind)
                  c0a0bf20    00000180                : nimu.oe674 (.text:NIMURegister)
                  c0a0c0a0    00000180     netctrl_min.ae674 : netsrv.oe674 (.text:ServiceScan)
                  c0a0c220    00000180     stk6.ae674 : sock6int.oe674 (.text:Sock6CreatePacket)
                  c0a0c3a0    00000180     nettool.ae674 : dhcpsm.oe674 (.text:StateBound)
                  c0a0c520    00000180     sysbios.ae674 : BIOS.obj (.text:Timer_getNextAvailableTimerId)
                  c0a0c6a0    00000180     nettool.ae674 : dhcpbild.oe674 (.text:dhcpBuildRequest)
                  c0a0c820    00000180     ti.drv.omapl138.ae674 : csl_emac.oe674 (.text:emacEnqueueRx)
                  c0a0c9a0    00000180     os.ae674 : task.oe674 (.text:llEnter)
                  c0a0cb20    00000180     lv_draw_line.obj (.text)
                  c0a0cca0    00000180     sysbios.ae674 : c64p_Exception_asm.obj (.text)
                  c0a0ce20    00000180                   : BIOS.obj (.text:ti_sysbios_family_c64p_Exception_internalHandler__I)
                  c0a0cfa0    00000180                   : BIOS.obj (.text:ti_sysbios_knl_Task_blockI__E)
                  c0a0d120    00000180                   : BIOS.obj (.text:ti_sysbios_knl_Task_checkStacks__E)
                  c0a0d2a0    00000180                   : BIOS.obj (.text:ti_sysbios_knl_Task_yield__E)
                  c0a0d420    00000180     ti.uia.runtime.ae674 : LogSync.oe674 (.text:ti_uia_runtime_LogSync_putSyncPoint__E)
                  c0a0d5a0    00000160     nettool.ae674 : config.oe674 (.text:CfgGetEntry)
                  c0a0d700    00000160                   : config.oe674 (.text:CfgGetNextEntry)
                  c0a0d860    00000160     stk6.ae674 : igmp.oe674 (.text:IGMPDoMCast)
                  c0a0d9c0    00000160                : igmp.oe674 (.text:IGMPJoin)
                  c0a0db20    00000160                : socket.oe674 (.text:NDK_setsockopt)
                  c0a0dc80    00000160                : nimu.oe674 (.text:NIMUIoctlSpecialCmd)
                  c0a0dde0    00000160                : pipe.oe674 (.text:PipeSend)
                  c0a0df40    00000160                : raw.oe674 (.text:RawOutput)
                  c0a0e0a0    00000160                : rtable.oe674 (.text:RtTimeoutCheck)
                  c0a0e200    00000160                : rtable.oe674 (.text:RtWalkNext)
                  c0a0e360    00000160     netctrl_min.ae674 : netsrv.oe674 (.text:SPRoute)
                  c0a0e4c0    00000160     stk6.ae674 : sock6.oe674 (.text:Sock6Check)
                  c0a0e620    00000160                : sock6pcb.oe674 (.text:Sock6PcbConnect)
                  c0a0e780    00000160                : sock.oe674 (.text:SockCheck)
                  c0a0e8e0    00000160                : sockpcb.oe674 (.text:SockPcbConnect)
                  c0a0ea40    00000160     nettool.ae674 : dhcpsm.oe674 (.text:StateRequesting)
                  c0a0eba0    00000160     stk6.ae674 : tcp6time.oe674 (.text:TCP6TimeoutKeep)
                  c0a0ed00    00000160                : tcptime.oe674 (.text:TcpTimeoutKeep)
                  c0a0ee60    00000160     rts6740_elf.lib : sscanf.c.obj (.text:_chkmbc)
                  c0a0efc0    00000160     cmdline.obj (.text)
                  c0a0f120    00000160     ti.drv.omapl138.ae674 : csl_emac.oe674 (.text:emacDequeueTx)
                  c0a0f280    00000160     stk6.ae674 : sock6.oe674 (.text:joinGroup)
                  c0a0f3e0    00000160     lv_gc.obj (.text)
                  c0a0f540    00000160     Exception.obj (.text:retain)
                  c0a0f6a0    00000160     sysbios.ae674 : BIOS.obj (.text:ti_sysbios_knl_Swi_Module_startup__F)
                  c0a0f800    00000160                   : BIOS.obj (.text:ti_sysbios_knl_Task_Module_startup__F)
                  c0a0f960    00000160                   : BIOS.obj (.text:ti_sysbios_timers_timer64_Timer_initDevice__I)
                  c0a0fac0    00000140     BUZZER.obj (.text)
                  c0a0fc00    00000140     stk6.ae674 : exec.oe674 (.text:ExecOpen)
                  c0a0fd40    00000140                : icmp.oe674 (.text:ICMPSendRtAdv)
                  c0a0fe80    00000140                : ipv6.oe674 (.text:IPv6DisplayIPAddress)
                  c0a0ffc0    00000140                : lli6.oe674 (.text:LLI6Find)
                  c0a10100    00000140                : socket.oe674 (.text:NDK_recv)
                  c0a10240    00000140                : socket.oe674 (.text:NDK_send)
                  c0a10380    00000140                : node.oe674 (.text:NodeFind)
                  c0a104c0    00000140                : node.oe674 (.text:NodeWalk)
                  c0a10600    00000140                : pbm.oe674 (.text:PBM_alloc)
                  c0a10740    00000140                : pbm.oe674 (.text:PBM_free)
                  c0a10880    00000140                : rtable.oe674 (.text:RtFlush)
                  c0a109c0    00000140     ti.drv.omapl138.ae674 : ethdriver.oe674 (.text:RxPacket)
                  c0a10b00    00000140     stk6.ae674 : sb6.oe674 (.text:SB6New)
                  c0a10c40    00000140                : sock6.oe674 (.text:Sock6Accept)
                  c0a10d80    00000140                : sock6.oe674 (.text:Sock6Listen)
                  c0a10ec0    00000140                : sock.oe674 (.text:SockAccept)
                  c0a11000    00000140                : sock.oe674 (.text:SockListen)
                  c0a11140    00000140                : sockpcb.oe674 (.text:SockPcbCtlError)
                  c0a11280    00000140     boot.ae674 : autoinit.oe674 (.text:_auto_init_elf)
                  c0a113c0    00000140     rts6740_elf.lib : _scanfi.c.obj (.text:_sproc_str)
                  c0a11500    00000140                     : _scanfi.c.obj (.text:_sproc_wstr)
                  c0a11640    00000140     nettool.ae674 : dhcptags.oe674 (.text:dhcpDecodeType)
                  c0a11780    00000140     drivers.lib : psc.obj (.text)
                  c0a118c0    00000140     lv_example_get_started_1.obj (.text)
                  c0a11a00    00000140     lv_img_cache.obj (.text)
                  c0a11b40    00000140     os.ae674 : mem.oe674 (.text:mmCopy)
                  c0a11c80    00000140     sysbios.ae674 : BIOS.obj (.text:ti_sysbios_family_c64p_Exception_externalHandler__I)
                  c0a11dc0    00000140                   : BIOS.obj (.text:ti_sysbios_family_c64p_Hwi_Instance_init__F)
                  c0a11f00    00000140     Local_pe674.oe674 (.text:ti_sysbios_utils_Load_hwiBeginHook__E)
                  c0a12040    00000140     ti.uia.sysbios.ae674 : Adaptor.oe674 (.text:ti_uia_sysbios_Adaptor_Module_startup__F)
                  c0a12180    00000140                          : Adaptor.oe674 (.text:ti_uia_sysbios_Adaptor_rxTaskFxn__E)
                  c0a122c0    00000140                          : Adaptor.oe674 (.text:ti_uia_sysbios_Adaptor_transferAgentTaskFxn__E)
                  c0a12400    00000140     ti.targets.rts6000.ae674 : Text.oe674 (.text:xdc_runtime_Text_putLab__F)
                  c0a12540    00000120     stk6.ae674 : bind6.oe674 (.text:Bind6DADCheck)
                  c0a12660    00000120                : bind6.oe674 (.text:Bind6LifetimeMgmt)
                  c0a12780    00000120                : bind.oe674 (.text:BindFree)
                  c0a128a0    00000120     nettool.ae674 : config.oe674 (.text:CfgFree)
                  c0a129c0    00000120                   : daemon.oe674 (.text:DaemonFree)
                  c0a12ae0    00000120     stk6.ae674 : file.oe674 (.text:FdWaitEvent)
                  c0a12c00    00000120                : igmp.oe674 (.text:IGMPLeaveHostGroup)
                  c0a12d20    00000120                : ip.oe674 (.text:IPMsg)
                  c0a12e40    00000120                : ipin.oe674 (.text:IPRouteIP)
                  c0a12f60    00000120                : ipv6_frag.oe674 (.text:IPv6CreateFragQ)
                  c0a13080    00000120                : ipv6.oe674 (.text:IPv6Init)
                  c0a131a0    00000120                : icmpv6out.oe674 (.text:IsICMPv6ErrorPkt)
                  c0a132c0    00000120                : lli.oe674 (.text:LLINew)
                  c0a133e0    00000120                : mld.oe674 (.text:MLDJoinGroup)
                  c0a13500    00000120     netctrl_min.ae674 : netctrl.oe674 (.text:NC_SystemOpen)
                  c0a13620    00000120     stk6.ae674 : socket.oe674 (.text:NDK_socket)
                  c0a13740    00000120                : nimu.oe674 (.text:NIMUAddEthernetHeader)
                  c0a13860    00000120                : raweth.oe674 (.text:RawEthRxPacket)
                  c0a13980    00000120                : raweth.oe674 (.text:RawEthTxPacket)
                  c0a13aa0    00000120                : sb.oe674 (.text:SBNew)
                  c0a13bc0    00000120     netctrl_min.ae674 : netsrv.oe674 (.text:SPConfig)
                  c0a13ce0    00000120                       : netsrv.oe674 (.text:SPService)
                  c0a13e00    00000120     stk6.ae674 : sock6.oe674 (.text:Sock6Shutdown)
                  c0a13f20    00000120                : sockpcb.oe674 (.text:SockPcbFindRaw)
                  c0a14040    00000120                : sock.oe674 (.text:SockShutdown)
                  c0a14160    00000120                : tcp6prot.oe674 (.text:TCP6PrAttach)
                  c0a14280    00000120                : tcpprot.oe674 (.text:TcpPrAttach)
                  c0a143a0    00000120                : rtable.oe674 (.text:_RtNodeInsert)
                  c0a144c0    00000120     os.ae674 : mem.oe674 (.text:_mmInit)
                  c0a145e0    00000120     rts6740_elf.lib : _printfi.c.obj (.text:_pconv_f)
                  c0a14700    00000120     nettool.ae674 : daemon.oe674 (.text:dchild)
                  c0a14820    00000120     stk6.ae674 : fileuser.oe674 (.text:fdOpenSession)
                  c0a14940    00000120     rts6740_elf.lib : getdevice.c.obj (.text:getdevice)
                  c0a14a60    00000120     lv_async.obj (.text)
                  c0a14b80    00000120     sysbios.ae674 : BIOS.obj (.text:ti_sysbios_family_c64p_Cache_block__I)
                  c0a14ca0    00000120                   : BIOS.obj (.text:ti_sysbios_family_c64p_Exception_decodeMpfsr__I)
                  c0a14dc0    00000120     ti.uia.runtime.ae674 : LoggerCircBuf.oe674 (.text:ti_uia_runtime_LoggerCircBuf_setFilterLevel__E)
                  c0a14ee0    00000120                          : QueueDescriptor.oe674 (.text:ti_uia_runtime_QueueDescriptor_addToList__E)
                  c0a15000    00000120                          : ServiceMgr.oe674 (.text:ti_uia_runtime_ServiceMgr_setPeriod__F)
                  c0a15120    00000120     ti.targets.rts6000.ae674 : Text.oe674 (.text:xdc_runtime_Text_putMod__F)
                  c0a15240    00000100     nettool.ae674 : config.oe674 (.text:CfgGetEntryCnt)
                  c0a15340    00000100                   : config.oe674 (.text:CfgNew)
                  c0a15440    00000100                   : config.oe674 (.text:CfgSetExecuteOrder)
                  c0a15540    00000100     os.ae674 : ossys.oe674 (.text:DbgPrintf)
                  c0a15640    00000100     stk6.ae674 : igmp.oe674 (.text:IGMPTimer)
                  c0a15740    00000100                : ipv6.oe674 (.text:IPv6GetSubnetMaskFromBits)
                  c0a15840    00000100                : ipv6_frag.oe674 (.text:IPv6ReasmTimeout)
                  c0a15940    00000100                : socket.oe674 (.text:NDK_listen)
                  c0a15a40    00000100                : rtc.oe674 (.text:RTCMsg)
                  c0a15b40    00000100                : rawethsock.oe674 (.text:RawEthSockCheck)
                  c0a15c40    00000100                : route.oe674 (.text:RtRedirect)
                  c0a15d40    00000100     netctrl_min.ae674 : netsrv.oe674 (.text:ServiceSpawn)
                  c0a15e40    00000100     stk6.ae674 : sock6.oe674 (.text:Sock6Disconnect)
                  c0a15f40    00000100                : sockint.oe674 (.text:SockValidateRoute)
                  c0a16040    00000100     nettool.ae674 : dhcpsm.oe674 (.text:StateSelecting)
                  c0a16140    00000100     stk6.ae674 : tcp6prot.oe674 (.text:TCP6PrInherit)
                  c0a16240    00000100                : tcp6time.oe674 (.text:TCP6XmitTimer)
                  c0a16340    00000100                : tcpprot.oe674 (.text:TcpPrInherit)
                  c0a16440    00000100                : tcptime.oe674 (.text:TcpXmitTimer)
                  c0a16540    00000100     Timer.obj (.text)
                  c0a16640    00000100     ti.uia.sysbios.ae674 : TransportNdk.oe674 (.text:TransportNdk_send)
                  c0a16740    00000100     rts6740_elf.lib : fclose.c.obj (.text:__TI_closefile)
                  c0a16840    00000100                     : copy_decompress_rle.c.obj (.text:__TI_decompress_rle_core)
                  c0a16940    00000100                     : _printfi.c.obj (.text:_mcpy)
                  c0a16a40    00000100                     : atoi.c.obj (.text:atoi)
                  c0a16b40    00000100                     : fseek.c.obj (.text:fseek)
                  c0a16c40    00000100     lv_hal_tick.obj (.text)
                  c0a16d40    00000100     lv_utils.obj (.text)
                  c0a16e40    00000100     os.ae674 : mem.oe674 (.text:mmFree)
                  c0a16f40    00000100     Local_pe674.oe674 (.text:ti_ndk_config_Global_stackThread)
                  c0a17040    00000100     sysbios.ae674 : BIOS.obj (.text:ti_sysbios_BIOS_rtsUnlock__I)
                  c0a17140    00000100                   : BIOS.obj (.text:ti_sysbios_family_c64p_EventCombiner_dispatch__F)
                  c0a17240    00000100                   : BIOS.obj (.text:ti_sysbios_family_c64p_Exception_Module_startup__F)
                  c0a17340    00000100                   : BIOS.obj (.text:ti_sysbios_knl_Clock_start__E)
                  c0a17440    00000100                   : BIOS.obj (.text:ti_sysbios_knl_Swi_restoreHwi__E)
                  c0a17540    00000100     Local_pe674.oe674 (.text:ti_sysbios_timers_timer64_Timer_Object__create__S)
                  c0a17640    00000100     sysbios.ae674 : BIOS.obj (.text:ti_sysbios_utils_Load_swiBeginHook__E)
                  c0a17740    00000100                   : BIOS.obj (.text:ti_sysbios_utils_Load_taskCreateHook__E)
                  c0a17840    00000100                   : BIOS.obj (.text:ti_sysbios_utils_Load_taskSwitchHook__E)
                  c0a17940    00000100     ti.uia.runtime.ae674 : LoggerCircBuf.oe674 (.text:ti_uia_runtime_LoggerCircBuf_getFilterLevel__E)
                  c0a17a40    00000100     stk6.ae674 : lliin.oe674 (.text:updateRtTable)
                  c0a17b40    00000100     ti.targets.rts6000.ae674 : Core-mem.oe674 (.text:xdc_runtime_Core_deleteObject__I)
                  c0a17c40    00000100                              : Startup.oe674 (.text:xdc_runtime_Startup_exec__F)
                  c0a17d40    00000100                              : Text.oe674 (.text:xdc_runtime_Text_visitRope2__I)
                  c0a17e40    000000e0     stk6.ae674 : bind6.oe674 (.text:Bind6GetLinkLocalAddress)
                  c0a17f20    000000e0     rts6740_elf.lib : hostlseek.c.obj (.text:HOSTlseek)
                  c0a18000    000000e0                     : hostopen.c.obj (.text:HOSTopen)
                  c0a180e0    000000e0                     : hostwrite.c.obj (.text:HOSTwrite)
                  c0a181c0    000000e0     stk6.ae674 : icmpv6in.oe674 (.text:ICMPv6SocketErrorInterface)
                  c0a182a0    000000e0                : igmp.oe674 (.text:IGMPLeave)
                  c0a18380    000000e0                : ipv6_frag.oe674 (.text:IPv6FindFragQ)
                  c0a18460    000000e0                : ipv6.oe674 (.text:IPv6Layer4ComputeChecksum)
                  c0a18540    000000e0                : lli6.oe674 (.text:LLI6Msg)
                  c0a18620    000000e0                : lli6.oe674 (.text:LLI6Update)
                  c0a18700    000000e0     ti.drv.omapl138.ae674 : csl_mdio.oe674 (.text:MDIO_initPHY)
                  c0a187e0    000000e0     stk6.ae674 : mld.oe674 (.text:MLDFindMulticastNode)
                  c0a188c0    000000e0                : nimu.oe674 (.text:NIMUAllocateIndex)
                  c0a189a0    000000e0                : nimu.oe674 (.text:NIMUAllocateName)
                  c0a18a80    000000e0                : nimu.oe674 (.text:NIMUUnregister)
                  c0a18b60    000000e0                : node.oe674 (.text:NodeDeRef)
                  c0a18c40    000000e0                : node.oe674 (.text:NodeNew)
                  c0a18d20    000000e0                : node.oe674 (.text:NodeTreeNew)
                  c0a18e00    000000e0                : pbm.oe674 (.text:PBMQ_enq)
                  c0a18ee0    000000e0                : pbm.oe674 (.text:PBM_copy)
                  c0a18fc0    000000e0                : rawethsock.oe674 (.text:RawEthSockNotify)
                  c0a190a0    000000e0                : rawethsock_pcb.oe674 (.text:RawEthSockPcbAttach)
                  c0a19180    000000e0                : rawethsock.oe674 (.text:RawEthSockSend)
                  c0a19260    000000e0                : route6.oe674 (.text:Route6Msg)
                  c0a19340    000000e0                : route.oe674 (.text:RtRemove)
                  c0a19420    000000e0                : sb.oe674 (.text:SBReadNC)
                  c0a19500    000000e0                : sb.oe674 (.text:SBSetMax)
                  c0a195e0    000000e0     netctrl_min.ae674 : netsrv.oe674 (.text:ServiceKill)
                  c0a196c0    000000e0     stk6.ae674 : sock6pcb.oe674 (.text:Sock6CleanPcb)
                  c0a197a0    000000e0                : sock6.oe674 (.text:Sock6IntAbort)
                  c0a19880    000000e0                : sock6int.oe674 (.text:Sock6SpawnAbort)
                  c0a19960    000000e0                : sock6int.oe674 (.text:Sock6ValidateRoute)
                  c0a19a40    000000e0                : sockpcb.oe674 (.text:SockCleanPcb)
                  c0a19b20    000000e0                : sock.oe674 (.text:SockDisconnect)
                  c0a19c00    000000e0                : sockint.oe674 (.text:SockSpawnAbort)
                  c0a19ce0    000000e0                : tcp6prot.oe674 (.text:TCP6PrDetach)
                  c0a19dc0    000000e0                : tcp6prot.oe674 (.text:TCP6PrDisconnect)
                  c0a19ea0    000000e0                : tcp6time.oe674 (.text:TCP6TimeoutSackRexmt)
                  c0a19f80    000000e0                : tcp6prot.oe674 (.text:TCP6ValidateMetrics)
                  c0a1a060    000000e0                : tcpprot.oe674 (.text:TcpPrDetach)
                  c0a1a140    000000e0                : tcpprot.oe674 (.text:TcpPrDisconnect)
                  c0a1a220    000000e0                : tcptime.oe674 (.text:TcpTimeoutSackRexmt)
                  c0a1a300    000000e0                : tcpprot.oe674 (.text:TcpValidateMetrics)
                  c0a1a3e0    000000e0                : timer.oe674 (.text:TimerListInsert)
                  c0a1a4c0    000000e0                : udp.oe674 (.text:UdpChecksum)
                  c0a1a5a0    000000e0                : vlan.oe674 (.text:VLANDeinit)
                  c0a1a680    000000e0                : vlan.oe674 (.text:VLANReceivePacket)
                  c0a1a760    000000e0     nettool.ae674 : config.oe674 (.text:_CfgEntryScan)
                  c0a1a840    000000e0     stk6.ae674 : lli.oe674 (.text:_LLIExpListInsert)
                  c0a1a920    000000e0                : rtable.oe674 (.text:_RtExpListInsert)
                  c0a1aa00    000000e0                : rtable.oe674 (.text:_RtNodeRemove)
                  c0a1aae0    000000e0     rts6740_elf.lib : _ltoa.c.obj (.text:__TI_ltoa)
                  c0a1abc0    000000e0                     : _io_perm.c.obj (.text:__TI_wrt_ok)
                  c0a1aca0    000000e0                     : divi.asm.obj (.text:__divi)
                  c0a1ad80    000000e0                     : close.c.obj (.text:close)
                  c0a1ae60    000000e0     ti.drv.omapl138.ae674 : ethdriver.oe674 (.text:createInterrupts)
                  c0a1af40    000000e0     rts6740_elf.lib : exit.c.obj (.text:exit)
                  c0a1b020    000000e0     stk6.ae674 : file.oe674 (.text:fdint_lockfd)
                  c0a1b100    000000e0                : file.oe674 (.text:fdint_unlockfd)
                  c0a1b1e0    000000e0     os.ae674 : task.oe674 (.text:llExit)
                  c0a1b2c0    000000e0     rts6740_elf.lib : memset.c.obj (.text:memset)
                  c0a1b3a0    000000e0     os.ae674 : mem.oe674 (.text:mmBulkAlloc)
                  c0a1b480    000000e0     rts6740_elf.lib : printf.c.obj (.text:printf)
                  c0a1b560    000000e0     Local_pe674.oe674 (.text:ti_ndk_config_Global_NetworkIPAddr)
                  c0a1b640    000000e0     sysbios.ae674 : BIOS.obj (.text:ti_sysbios_family_c64p_Cache_Module_startup__F)
                  c0a1b720    000000e0     Local_pe674.oe674 (.text:ti_sysbios_family_c64p_Hwi_Object__create__S)
                  c0a1b800    000000e0     sysbios.ae674 : BIOS.obj (.text:ti_sysbios_family_c64p_Hwi_postInit__I)
                  c0a1b8e0    000000e0     Local_pe674.oe674 (.text:ti_sysbios_hal_Hwi_Object__create__S)
                  c0a1b9c0    000000e0     sysbios.ae674 : BIOS.obj (.text:ti_sysbios_heaps_HeapMem_getStats__E)
                  c0a1baa0    000000e0                   : BIOS.obj (.text:ti_sysbios_knl_Clock_logTick__E)
                  c0a1bb80    000000e0     Local_pe674.oe674 (.text:ti_sysbios_knl_Swi_Object__create__S)
                  c0a1bc60    000000e0     sysbios.ae674 : BIOS.obj (.text:ti_sysbios_knl_Swi_postInit__I)
                  c0a1bd40    000000e0                   : BIOS.obj (.text:ti_sysbios_knl_Swi_runLoop__I)
                  c0a1be20    000000e0                   : BIOS.obj (.text:ti_sysbios_knl_Swi_schedule__I)
                  c0a1bf00    000000e0     Local_pe674.oe674 (.text:ti_sysbios_knl_Task_Object__create__S)
                  c0a1bfe0    000000e0     sysbios.ae674 : BIOS.obj (.text:ti_sysbios_timers_timer64_Timer_stop__E)
                  c0a1c0c0    000000e0     ti.uia.runtime.ae674 : LoggerCircBuf.oe674 (.text:ti_uia_runtime_LoggerCircBuf_getContents__E)
                  c0a1c1a0    000000e0                          : LoggerCircBuf.oe674 (.text:ti_uia_runtime_LoggerCircBuf_writeBlockOfMemory__I)
                  c0a1c280    000000e0                          : QueueDescriptor.oe674 (.text:ti_uia_runtime_QueueDescriptor_removeFromList__E)
                  c0a1c360    000000e0     ti.uia.services.ae674 : Rta.oe674 (.text:ti_uia_services_Rta_writeMask__I)
                  c0a1c440    000000e0     ti.uia.sysbios.ae674 : Adaptor.oe674 (.text:ti_uia_sysbios_Adaptor_runScheduledServices__I)
                  c0a1c520    000000e0                          : Adaptor.oe674 (.text:ti_uia_sysbios_Adaptor_sendToHost__I)
                  c0a1c600    000000e0     ti.targets.rts6000.ae674 : Error.oe674 (.text:xdc_runtime_Error_print__F)
                  c0a1c6e0    000000e0                              : LoggerSys.oe674 (.text:xdc_runtime_LoggerSys_write8__F)
                  c0a1c7c0    000000e0                              : Memory.oe674 (.text:xdc_runtime_Memory_alloc__F)
                  c0a1c8a0    000000c0     nettool.ae674 : dhcpmain.oe674 (.text:DHCPClose)
                  c0a1c960    000000c0     rts6740_elf.lib : hostread.c.obj (.text:HOSTread)
                  c0a1ca20    000000c0                     : hostunlink.c.obj (.text:HOSTunlink)
                  c0a1cae0    000000c0     stk6.ae674 : lli.oe674 (.text:LLIGetValidTime)
                  c0a1cba0    000000c0                : lli.oe674 (.text:LLIMsg)
                  c0a1cc60    000000c0     ti.drv.omapl138.ae674 : csl_mdio.oe674 (.text:MDIO_close)
                  c0a1cd20    000000c0     stk6.ae674 : mld.oe674 (.text:MLDCreateMulticastNode)
                  c0a1cde0    000000c0                : mld.oe674 (.text:MLDLeaveGroup)
                  c0a1cea0    000000c0                : nimu.oe674 (.text:NIMUFindByName)
                  c0a1cf60    000000c0     netctrl_min.ae674 : netsrv.oe674 (.text:NS_BootTask)
                  c0a1d020    000000c0     stk6.ae674 : node.oe674 (.text:NodeUpdatePL)
                  c0a1d0e0    000000c0     nettool.ae674 : ipaddr.oe674 (.text:NtIfIdx2Ip)
                  c0a1d1a0    000000c0     stk6.ae674 : route6.oe674 (.text:Rt6FindDefaultRouter)
                  c0a1d260    000000c0                : route.oe674 (.text:RtDeRef)
                  c0a1d320    000000c0                : rtable.oe674 (.text:RtWalkBegin)
                  c0a1d3e0    000000c0                : sb6.oe674 (.text:SB6Flush)
                  c0a1d4a0    000000c0                : sb6.oe674 (.text:SB6SetMax)
                  c0a1d560    000000c0                : sb.oe674 (.text:SBFlush)
                  c0a1d620    000000c0                : sock6pcb.oe674 (.text:Sock6PcbResolveChain)
                  c0a1d6e0    000000c0                : sock6pcb.oe674 (.text:Sock6PcbRtChange)
                  c0a1d7a0    000000c0                : sock.oe674 (.text:SockIntAbort)
                  c0a1d860    000000c0                : sockpcb.oe674 (.text:SockPcbRtChange)
                  c0a1d920    000000c0                : tcp6prot.oe674 (.text:TCP6Close)
                  c0a1d9e0    000000c0     os.ae674 : task.oe674 (.text:TaskGetEnv)
                  c0a1daa0    000000c0     stk6.ae674 : tcp.oe674 (.text:TcpChecksum)
                  c0a1db60    000000c0                : tcpprot.oe674 (.text:TcpClose)
                  c0a1dc20    000000c0                : bind6.oe674 (.text:_Bind6FindByHostInList)
                  c0a1dce0    000000c0                : bind6.oe674 (.text:_Bind6FindByNetInList)
                  c0a1dda0    000000c0     rts6740_elf.lib : dtor_list.c.obj (.text:_Z23__finalize_destructionsPP20a_needed_destructionPv)
                  c0a1de60    000000c0                     : dtor_list.c.obj (.text:_ZN33_INTERNAL_11_dtor_list_c_14e673d611__TI_atexitEPFYvPvES0_S0_)
                  c0a1df20    000000c0                     : divu.asm.obj (.text:__divu)
                  c0a1dfe0    000000c0                     : remi.asm.obj (.text:__remi)
                  c0a1e0a0    000000c0     nettool.ae674 : dhcptags.oe674 (.text:dhcpOptionsClear)
                  c0a1e160    000000c0     sysbios.ae674 : BIOS.obj (.text:getEmifCtrlAddr$6)
                  c0a1e220    000000c0     os.ae674 : mem.oe674 (.text:mmZeroInit)
                  c0a1e2e0    000000c0     sysbios.ae674 : BIOS.obj (.text:ti_sysbios_family_c64p_Hwi_eventMap__E)
                  c0a1e3a0    000000c0                   : BIOS.obj (.text:ti_sysbios_family_c64p_Hwi_getStackInfo__E)
                  c0a1e460    000000c0                   : BIOS.obj (.text:ti_sysbios_knl_Task_allBlockedFunction__I)
                  c0a1e520    000000c0                   : BIOS.obj (.text:ti_sysbios_timers_timer64_Timer_Instance_finalize__F)
                  c0a1e5e0    000000c0                   : BIOS.obj (.text:ti_sysbios_utils_Load_addTask__E)
                  c0a1e6a0    000000c0                   : BIOS.obj (.text:ti_sysbios_utils_Load_hwiEndHook__E)
                  c0a1e760    000000c0                   : BIOS.obj (.text:ti_sysbios_utils_Load_logCPULoad__I)
                  c0a1e820    000000c0     ti.uia.runtime.ae674 : LoggerCircBuf.oe674 (.text:ti_uia_runtime_LoggerCircBuf_Instance_init__F)
[...]
c0a37190  xdc_runtime_System_Module__gateObj__C                               
c0a37194  xdc_runtime_System_extendFxn__C                                     
c0a37198  xdc_runtime_System_maxAtexitHandlers__C                             
c0a3719c  xdc_runtime_Text_charTab__C                                         
c0a371a0  xdc_runtime_Text_nameEmpty__C                                       
c0a371a4  xdc_runtime_Text_nameStatic__C                                      
c0a371a8  xdc_runtime_Text_nameUnknown__C                                     
c0a371ac  xdc_runtime_Text_nodeTab__C                                         
c0a371b0  xdc_runtime_Text_visitRopeFxn__C                                    
c0a371b4  xdc_runtime_knl_ISync_Interface__BASE__C                            
c0a371ba  ti_sysbios_utils_Load_Module__id__C                                 
c0a371bc  ti_sysbios_utils_Load_Module__loggerDefined__C                      
c0a371be  ti_sysbios_utils_Load_autoAddTasks__C                               
c0a371c2  ti_sysbios_utils_Load_hwiEnabled__C                                 
c0a371c4  ti_sysbios_utils_Load_updateInIdle__C                               
c0a371c6  ti_uia_runtime_LogSync_Module__id__C                                
c0a371c8  _lv_bpp1_opa_table                                                  
c0a371ca  ti_uia_runtime_LogSync_Module__loggerDefined__C                     
c0a371cc  ti_uia_runtime_LoggerCircBuf_Module__id__C                          
c0a371ce  ti_uia_runtime_LoggerCircBuf_filterByLevel__C                       
c0a371d0  ti_uia_runtime_LoggerCircBuf_isTimestampEnabled__C                  
c0a371d2  ti_uia_runtime_ServiceMgr_Module__id__C                             
c0a371d4  ti_uia_runtime_ServiceMgr_supportControl__C                         
c0a371d6  ti_uia_services_Rta_Module__id__C                                   
c0a371d8  ti_uia_services_Rta_Module__loggerDefined__C                        
c0a371da  ti_uia_services_Rta_SERVICEID__C                                    
c0a371dc  xdc_runtime_Core_Module__id__C                                      
c0a371de  xdc_runtime_Error_Module__loggerDefined__C                          
c0a371e0  xdc_runtime_Error_maxDepth__C                                       
c0a371e2  xdc_runtime_Memory_Module__id__C                                    
c0a371e4  xdc_runtime_SysMin_flushAtExit__C                                   
c0a371e6  xdc_runtime_Text_charCnt__C                                         
c0a371e8  xdc_runtime_Text_isLoaded__C                                        
c0a371ea  xdc_runtime_Text_registryModsLastId__C                              
c0a371ec  xdc_runtime_Text_unnamedModsLastId__C                               
c0a37400  CmdLists                                                            
c0a37800  ti_sysbios_family_c64p_EventCombiner_Module__state__V               
c0a37c00  _ftable                                                             
c0a37de0  ti_sysbios_knl_Task_Object__table__V                                
c0a37e30  TSK_idle                                                            
c0a37f20  ti_uia_runtime_LoggerCircBuf_Object__table__V                       
c0a38040  g_sCmdTable                                                         
c0a38100  _ipcfg                                                              
c0a381b4  _lock                                                               
c0a381b8  _stream                                                             
c0a38258  ti_sysbios_utils_Load_Module__state__V                              
c0a382f0  ti_sysbios_family_c64p_Hwi_Object__table__V                         
c0a3837c  _unlock                                                             
c0a38380  ti_sysbios_knl_Swi_Module_State_0_readyQ__A                         
c0a38400  ti_sysbios_knl_Task_Module_State_0_readyQ__A                        
c0a38480  _device                                                             
c0a384f8  ti_sysbios_utils_Load_Module_State_0_taskEnv__A                     
c0a38568  ti_sysbios_family_c64p_Hwi_Module__state__V                         
c0a385d0  ti_sysbios_timers_timer64_Timer_Module_State_0_device__A            
c0a38630  ti_sysbios_knl_Semaphore_Object__table__V                           
c0a38684  __TI_ft_end                                                         
c0a386d8  ti_sysbios_gates_GateMutex_Object__table__V                         
c0a38728  ti_sysbios_timers_timer64_Timer_Object__table__V                    
c0a38778  ulDataPatternTable                                                  
c0a38818  ti_sysbios_knl_Task_Module__state__V                                
c0a3885c  ti_uia_sysbios_Adaptor_Module__state__V                             
c0a3898c  __errno                                                             
c0a3898c  errno                                                               
c0a38990  ti_sysbios_knl_Swi_Object__table__V                                 
c0a389c4  ti_sysbios_family_c64p_Cache_Module__state__V                       
c0a389f8  ti_sysbios_family_c64p_Exception_Module__state__V                   
c0a38a28  ti_sysbios_knl_Clock_Module__state__V                               
c0a38a74  ti_sysbios_family_c64p_primus_TimerSupport_Module__state__V         
c0a38a9c  _oscfg                                                              
c0a38ac0  ti_sysbios_knl_Clock_Object__table__V                               
c0a38ae4  xdc_runtime_Memory_Module__state__V                                 
c0a38ae8  palette_32b                                                         
c0a38b08  pstrMsgName                                                         
c0a38b28  ti_sysbios_BIOS_Module__state__V                                    
c0a38b48  ti_sysbios_knl_Queue_Object__table__V                               
c0a38b68  ti_sysbios_timers_timer64_Timer_Module_State_0_gctrl__A             
c0a38b88  ti_sysbios_timers_timer64_Timer_Module_State_0_handles__A           
c0a38ba8  ti_sysbios_timers_timer64_Timer_Module_State_0_intFreqs__A          
c0a38bc8  xdc_runtime_System_Module_State_0_atexitHandlers__A                 
c0a38c24  ti_sysbios_utils_Load_Module__root__V                               
c0a38c26  xdc_runtime_Error_Module__state__V                                  
c0a38c28  ti_ndk_config_Global_Id2Size                                        
c0a38c48  ti_sysbios_heaps_HeapMem_Object__table__V                           
c0a38c64  ti_sysbios_knl_Swi_Module__state__V                                 
c0a38cb0  ti_uia_services_Rta_Module__state__V                                
c0a38cc8  LinkStr                                                             
c0a38d3c  ti_sysbios_timers_timer64_Timer_Module__state__V                    
c0a38d50  SEGVal                                                              
c0a38d60  ti_sysbios_knl_Event_Object__table__V                               
c0a38d70  ti_sysbios_syncs_SyncEvent_Object__table__V                         
c0a38d80  __TI_cleanup_ptr                                                    
c0a38d84  __TI_dtors_ptr                                                      
c0a38d88  __TI_enable_exit_profile_output                                     
c0a38d8c  ti_sysbios_family_c64p_Hwi_Module__root__V                          
c0a38d98  ti_sysbios_hal_Hwi_Module__root__V                                  
c0a38da8  ti_sysbios_hal_Hwi_Object__table__V                                 
c0a38db8  ti_sysbios_hal_Timer_Object__table__V                               
c0a38dc4  ti_sysbios_knl_Clock_Module__root__V                                
c0a38dd0  ti_sysbios_knl_Event_Module__root__V                                
c0a38ddc  ti_sysbios_knl_Semaphore_Module__root__V                            
c0a38de8  ti_sysbios_knl_Swi_Module__root__V                                  
c0a38df4  ti_sysbios_knl_Task_Module__root__V                                 
c0a38e00  ti_uia_runtime_LogSync_Module__state__V                             
c0a38e0c  ti_uia_runtime_QueueDescriptor_Module__state__V                     
c0a38e18  ti_uia_services_Rta_Module_State_0_loggers__A                       
c0a38e28  xdc_runtime_LoggerSys_Object__table__V                              
c0a38e34  xdc_runtime_SysMin_Module__state__V                                 
c0a38e40  xdc_runtime_System_Module__state__V                                 
c0a38e70  NIMUDeviceTable                                                     
c0a38e78  ti_sysbios_family_c64p_primus_TimerSupport_Module_State_0_suspSrc__A
c0a38e80  ti_sysbios_gates_GateHwi_Module__root__V                            
c0a38e88  ti_sysbios_gates_GateHwi_Object__table__V                           
c0a38e90  ti_sysbios_gates_GateMutex_Module__root__V                          
c0a38e98  ti_sysbios_heaps_HeapMem_Module__root__V                            
c0a38ea0  ti_sysbios_knl_Queue_Module__root__V                                
c0a38ea8  ti_sysbios_syncs_SyncEvent_Module__root__V                          
c0a38eb0  ti_sysbios_timers_timer64_Timer_Module__root__V                     
c0a38eb8  ti_uia_runtime_LoggerCircBuf_Module__root__V                        
c0a38ec0  ti_uia_runtime_LoggerCircBuf_Module__state__V                       
c0a38ec8  ti_uia_runtime_ServiceMgr_Module__state__V                          
c0a38ed0  xdc_runtime_LoggerSys_Module__root__V                               
c0a38ed8  xdc_runtime_Registry_Module__state__V                               
c0a38ee0  xdc_runtime_Startup_Module__state__V                                
c0a38ef0  LEDNixieVal                                                         
c0a38ef8  ti_sysbios_knl_Task_Module_State_0_idleTask__A                      
c0a38f00  ti_sysbios_utils_Load_Module_State_0_runningTask__A                 
c0a38f08  ti_sysbios_utils_Load_Module_State_0_taskStartTime__A               
c0a39538  __TI_STATIC_BASE                                                    
c0a39550  _IGMPInDiscard                                                      
c0a39554  _IGMPInQuery                                                        
c0a39558  _IGMPInQueryGroup                                                   
c0a3955c  _IGMPInResponse                                                     
c0a39560  _IGMPOutResponse                                                    
c0a395e8  KEY4SwiHandle                                                       
c0a395ec  KEY6SwiHandle                                                       
c0a395f0  LV_LAYOUT_FLEX                                                      
c0a395f4  LV_LAYOUT_GRID                                                      
c0a395f8  LV_STYLE_FLEX_CROSS_PLACE                                           
c0a395fc  LV_STYLE_FLEX_FLOW                                                  
c0a39600  LV_STYLE_FLEX_GROW                                                  
c0a39604  LV_STYLE_FLEX_MAIN_PLACE                                            
c0a39608  LV_STYLE_FLEX_TRACK_PLACE                                           
c0a3960c  LV_STYLE_GRID_CELL_COLUMN_POS                                       
c0a39610  LV_STYLE_GRID_CELL_COLUMN_SPAN                                      
c0a39614  LV_STYLE_GRID_CELL_ROW_POS                                          
c0a39618  LV_STYLE_GRID_CELL_ROW_SPAN                                         
c0a3961c  LV_STYLE_GRID_CELL_X_ALIGN                                          
c0a39620  LV_STYLE_GRID_CELL_Y_ALIGN                                          
c0a39624  LV_STYLE_GRID_COLUMN_ALIGN                                          
c0a39628  LV_STYLE_GRID_COLUMN_DSC_ARRAY                                      
c0a3962c  LV_STYLE_GRID_ROW_ALIGN                                             
c0a39630  LV_STYLE_GRID_ROW_DSC_ARRAY                                         
c0a39634  UARTConsoleSemHandle                                                
c0a39638  UARTConsoleTaskHandle                                               
c0a3963c  _lv_grad_cache_mem                                                  
c0a39640  _lv_layout_list                                                     
c0a39644  _lv_style_custom_prop_flag_lookup_table                             
c0a39648  _lv_theme_basic_styles                                              
c0a3964c  _lv_theme_default_styles                                            
c0a39650  _lv_timer_act                                                       
c0a39654  p_rx                                                                
c0a39658  p_tx                                                                
c0a3965c  rx_len                                                              
c0a39660  tx_len                                                              
c0a3966c  PITCount                                                            
c0a39670  PITUsed                                                             
c0a39674  PITHigh                                                             
c0a39690  _lv_txt_encoded_size                                                
c0a39694  _lv_txt_unicode_to_encoded                                          
c0a39698  _lv_txt_encoded_conv_wc                                             
c0a3969c  _lv_txt_encoded_next                                                
c0a396a0  _lv_txt_encoded_prev                                                
c0a396a4  _lv_txt_encoded_get_byte_id                                         
c0a396a8  _lv_txt_encoded_get_char_id                                         
c0a396ac  _lv_txt_get_encoded_length                                          
c0a39744  _IGMPForceVersion1                                                  
c0a3975c  TxChanEnable_all                                                    
c0a39760  RxChanEnable_all                                                    
c0a39764  TransportNdk_tcpPort                                                
c0a39766  TransportNdk_udpPort                                                
c0a39768  TransportNdk_failedUDPPacket                                        
c0a3976c  TransportNdk_failedTCPPacket                                        
c0a39779  CmdHistorySaveNo                                                    
c0a3977a  CmdHistorySaveIndex                                                 
c0a3977b  CmdHistoryDisplayIndex                                              
c0a3977c  sataRegs                                                            
c0a39780  temp                                                                
c0a397b4  _ICMPInErrors                                                       
c0a397b8  _ICMPOutErrors                                                      
c0a397bc  _IPExecuting                                                        
c0a397cc  gFragQList                                                          
c0a397e4  tcp_iss                                                             
c0a397e8  ptTimeFirst                                                         
c0a397ec  pt6TimeFirst                                                        
c0a397f0  tcp6_iss                                                            
c0a397fc  ti_uia_runtime_QueueDescriptor_gPtrToFirstDescriptor                
c0a39800  ti_uia_runtime_QueueDescriptor_gUpdateCount                         
c0a39804  _lv_style_custom_prop_flag_lookup_table_size                        
c0a3980f  LED_OP                                                              
c0a39810  spi_flag                                                            
c0a39814  SoftPWM                                                             
c0a39818  ti_ndk_config_Global_HostName                                       
c0a3981c  OSCINFreq                                                           
c0a39840  _IPReasmPtr                                                         
c0a3984c  gMLDNodeList                                                        
c0a39864  ti_uia_runtime_LogSync_gNumTimesHalted                              
c0a39870  IPV6_MAX_MULTICAST_SOLICIT                                          
c0a39874  IPV6_MAX_UNICAST_SOLICIT                                            
c0a39878  IPV6_RETRANS_TIME                                                   
c0a3987c  IPV6_DELAY_FIRST_PROBE_TIME                                         
c0a39880  IPV6_REACHABLE_TIME                                                 
c0a39884  IPV6_MAX_RTR_SOLICITATION_DELAY                                     
c0a39888  IPV6_RTR_SOLICITATION_INTERVAL                                      
c0a3988c  IPV6_MAX_RTR_SOLICITATIONS                                          
c0a39890  INFINITE_LT                                                         
c0a39894  ti_ndk_config_Global_rawPageSize                                    
c0a39898  ti_ndk_config_Global_rawPageCount                                   
c0a3989c  ti_ndk_config_Global_smallest                                       
c0a398a0  ti_ndk_config_Global_largest                                        
c0a398a4  ti_ndk_config_Global_numFrameBuf                                    
c0a398a8  ti_ndk_config_Global_sizeFrameBuf                                   
c0a398ac  SystemHeap                                                          
c0a398b0  __CIOBUF_                                                           
c0a39c00  ti_sysbios_family_c64p_Hwi0                                         
c0a39c00  ti_sysbios_family_c64p_Hwi_int0                                     
c0a39c20  ti_sysbios_family_c64p_Hwi_int1                                     
c0a39c40  ti_sysbios_family_c64p_Hwi_int2                                     
c0a39c60  ti_sysbios_family_c64p_Hwi_int3                                     
c0a39c80  ti_sysbios_family_c64p_Hwi_int4                                     
c0a39ca0  ti_sysbios_family_c64p_Hwi_int5                                     
c0a39cc0  ti_sysbios_family_c64p_Hwi_int6                                     
c0a39ce0  ti_sysbios_family_c64p_Hwi_int7                                     
c0a39d00  ti_sysbios_family_c64p_Hwi_int8                                     
c0a39d20  ti_sysbios_family_c64p_Hwi_int9                                     
c0a39d40  ti_sysbios_family_c64p_Hwi_int10                                    
c0a39d60  ti_sysbios_family_c64p_Hwi_int11                                    
c0a39d80  ti_sysbios_family_c64p_Hwi_int12                                    
c0a39da0  ti_sysbios_family_c64p_Hwi_int13                                    
c0a39dc0  ti_sysbios_family_c64p_Hwi_int14                                    
c0a39de0  ti_sysbios_family_c64p_Hwi_int15                                    
c0a3af18  __TI_Handler_Table_Base                                             
c0a3af20  __TI_CINIT_Base                                                     
c0a3af20  __TI_Handler_Table_Limit                                            
c0a3af50  __TI_CINIT_Limit                                                    
ffffffff  __TI_pprof_out_hndl                                                 
ffffffff  __TI_prof_data_size                                                 
ffffffff  __TI_prof_data_start                                                
ffffffff  __binit__                                                           
ffffffff  __c_args__                                                          
ffffffff  binit                                                               
UNDEFED   __TI_INITARRAY_Base                                                 
UNDEFED   __TI_INITARRAY_Limit                                                

[3294 symbols]
