******************************************************************************
               TMS320C6x Linker PC v8.3.12                     
******************************************************************************
>> Linked Wed May 11 14:30:23 2022

OUTPUT FILE NAME:   <Board_C674x.out>
ENTRY POINT SYMBOL: "_c_int00"  address: c3000000


MEMORY CONFIGURATION

         name            origin    length      used     unused   attr    fill
----------------------  --------  ---------  --------  --------  ----  --------
  DSPL2RAM              00800000   00040000  00004000  0003c000  RW  
  SHRAM                 80000000   00020000  00000004  0001fffc  RW X
  DDR2                  c0000000   08000000  02908fb0  056f7050  RW X


SEGMENT ALLOCATION MAP

run origin  load origin   length   init length attrs members
----------  ----------- ---------- ----------- ----- -------
00800000    00800000    00004000   00000000    rw-
  00800000    00800000    00004000   00000000    rw- .stack
80000000    80000000    00000004   00000000    rw-
  80000000    80000000    00000004   00000000    rw- .LEDNixieVal
c0000000    c0000000    02000000   00000000    rw-
  c0000000    c0000000    02000000   00000000    rw- SystemHeap
c2000000    c2000000    00437600   00437600    r-x
  c2000000    c2000000    004375c2   004375c2    r-- .const
  c24375c4    c24375c4    0000001c   0000001c    r-- .switch.1
  c24375e0    c24375e0    00000020   00000020    r-x .text.1
c2437600    c2437600    003a7c44   00000000    rw-
  c2437600    c2437600    003a7c44   00000000    rw- .far
c27df244    c27df244    0000001c   0000001c    r--
  c27df244    c27df244    0000001c   0000001c    r-- .switch.2
c27df260    c27df260    001255a0   001255a0    r-x
  c27df260    c27df260    001252a0   001252a0    r-x .text.2
  c2904500    c2904500    00000300   00000300    r-- .switch.3
c2904800    c2904800    00001efa   00000000    rw-
  c2904800    c2904800    00001efa   00000000    rw- .fardata
c29066fc    c29066fc    000009e4   000009e4    r--
  c29066fc    c29066fc    000009e4   000009e4    r-- .switch.4
c29070e0    c29070e0    00000455   00000000    rw-
  c29070e0    c29070e0    0000017f   00000000    rw- .bss
  c2907260    c2907260    000002d5   00000000    rw- .neardata
c2907538    c2907538    0000003c   00000000    r--
  c2907538    c2907538    0000003c   00000000    r-- .rodata
c2907578    c2907578    00000120   00000000    rw-
  c2907578    c2907578    00000120   00000000    rw- .cio
c2907800    c2907800    00001860   00001860    r-x
  c2907800    c2907800    00000200   00000200    r-x .vecs
  c2907a00    c2907a00    00001660   00001660    r-- .cinit
c3000000    c3000000    000000c0   000000c0    r-x
  c3000000    c3000000    000000c0   000000c0    r-x .text:_c_int00


SECTION ALLOCATION MAP

 output                                  attributes/
section   page    origin      length       input sections
--------  ----  ----------  ----------   ----------------
.LEDNixieVal 
*          0    80000000    00000004     UNINITIALIZED
                  80000000    00000004     LEDNixie.obj (.LEDNixieVal)

.text:_c_int00 
*          0    c3000000    000000c0     
                  c3000000    000000a0     boot.ae674 : boot.oe674 (.text:_c_int00)
                  c30000a0    00000020     Local_pe674.oe674 ($Tramp$S$$xdc_runtime_Startup_reset__I)

.stack     0    00800000    00004000     UNINITIALIZED
                  00800000    00000008     boot.ae674 : boot.oe674 (.stack)
                  00800008    00003ff8     --HOLE--

.const     0    c2000000    004375c2     
                  c2000000    0026145d     SourceHanSansCN_Normal_16.obj (.const:.string:glyph_bitmap)
                  c226145d    00000001     --HOLE-- [fill = 0]
                  c226145e    00000002     Local_pe674.oe674 (.const:ti_sysbios_BIOS_Module__id__C)
                  c2261460    000bb800     imgBackground.obj (.const:.string:imgBackground_map)
                  c231cc60    0007f137     imgFanGif.obj (.const:.string:imgFanGif_map)
                  c239bd97    00000001     --HOLE-- [fill = 0]
                  c239bd98    00052420     SourceHanSansCN_Normal_16.obj (.const:glyph_dsc)
                  c23ee1b8    00016708     lv_font_montserrat_48.obj (.const:.string:glyph_bitmap)
                  c24048c0    00003b8d     console_min.ae674 : conipv6.oe674 (.const:.string)
                  c240844d    00000001     --HOLE-- [fill = 0]
                  c240844e    00000002     Local_pe674.oe674 (.const:ti_sysbios_family_c64p_EventCombiner_Module__id__C)
                  c2408450    00001cb0     imgLAN.obj (.const:.string:imgLAN_map)
                  c240a100    00001b00     imgBrightness.obj (.const:.string:imgBrightness_map)
                  c240bc00    00001b00     imgCalculator.obj (.const:.string:imgCalculator_map)
                  c240d700    00001b00     imgCalendar.obj (.const:.string:imgCalendar_map)
                  c240f200    00001b00     imgClock.obj (.const:.string:imgClock_map)
                  c2410d00    00001b00     imgFan.obj (.const:.string:imgFan_map)
                  c2412800    00001b00     imgFile.obj (.const:.string:imgFile_map)
                  c2414300    00001b00     imgGame.obj (.const:.string:imgGame_map)
                  c2415e00    00001b00     imgRoate.obj (.const:.string:imgRoate_map)
                  c2417900    00001b00     imgSnake.obj (.const:.string:imgSnake_map)
                  c2419400    00001b00     imgSystemInfo.obj (.const:.string:imgSystemInfo_map)
                  c241af00    00001b00     imgTetris.obj (.const:.string:imgTetris_map)
                  c241ca00    00001b00     imgTouch.obj (.const:.string:imgTouch_map)
                  c241e500    00001b00     imgWLAN.obj (.const:.string:imgWLAN_map)
                  c2420000    00001aa6     console_min.ae674 : contest.oe674 (.const:.string)
                  c2421aa6    00000002     Local_pe674.oe674 (.const:ti_sysbios_family_c64p_Exception_Module__id__C)
                  c2421aa8    00001709     Local_pe674.oe674 (.const:xdc_runtime_Text_charTab__A)
                  c24231b1    00000001     --HOLE-- [fill = 0]
                  c24231b2    00000002     Local_pe674.oe674 (.const:ti_sysbios_family_c64p_Exception_useInternalBuffer__C)
                  c24231b4    00001314     lodepng.obj (.const:.string)
                  c24244c8    00000f46     SourceHanSansCN_Normal_32.obj (.const:.string:glyph_bitmap)
                  c242540e    00000002     Local_pe674.oe674 (.const:ti_sysbios_family_c64p_Hwi_Module__id__C)
                  c2425410    00000da0     SourceHanSansCN_Normal_16.obj (.const:kern_pair_glyph_ids)
                  c24261b0    00000cca     console_min.ae674 : constat.oe674 (.const:.string)
                  c2426e7a    00000006     gifdec.obj (.const:$P$T4$1)
                  c2426e80    00000ca8     imgHandSec.obj (.const:.string:imgHandSec_map)
                  c2427b28    00000bad     lv_font_montserrat_48.obj (.const:.string:kern_class_values)
                  c24286d5    00000001     --HOLE-- [fill = 0]
                  c24286d6    00000002     Local_pe674.oe674 (.const:ti_sysbios_family_c64p_Hwi_Module__loggerDefined__C)
                  c24286d8    00000a8c     imgHandMin.obj (.const:.string:imgHandMin_map)
                  c2429164    00000004     lv_obj_scroll.obj (.const:$P$T0$1)
                  c2429168    000009e0     lv_font_montserrat_48.obj (.const:glyph_dsc)
                  c2429b48    0000092c     lv_tlsf.obj (.const:.string)
                  c242a474    00000893     console_min.ae674 : conipaddr.oe674 (.const:.string)
                  c242ad07    00000001     --HOLE-- [fill = 0]
                  c242ad08    00000870     imgHandHour.obj (.const:.string:imgHandHour_map)
                  c242b578    000006ac     LEDNixie.obj (.const:.string:PRU_Code)
                  c242bc24    00000004     lv_obj_scroll.obj (.const:$P$T1$2)
                  c242bc28    00000690     SourceHanSansCN_Normal_16.obj (.const:cmaps)
                  c242c2b8    00000603     console_min.ae674 : console.oe674 (.const:.string)
                  c242c8bb    00000001     --HOLE-- [fill = 0]
                  c242c8bc    00000588     sysbios.ae674 : BIOS.obj (.const:.string)
                  c242ce44    000004b6     console_min.ae674 : convlan.oe674 (.const:.string)
                  c242d2fa    00000412                       : conecho.oe674 (.const:.string)
                  c242d70c    00000004     lv_obj_pos.obj (.const:$P$T10$4)
                  c242d710    00000400     tjpgd.obj (.const:.string:Clip8)
                  c242db10    000003d8     Web.obj (.const:.string)
                  c242dee8    000003d0     LEDMatrix.obj (.const:.string:PRU_Code)
                  c242e2b8    000003c4     Command.obj (.const:.string)
                  c242e67c    000003b2     console_min.ae674 : condns.oe674 (.const:.string)
                  c242ea2e    00000002     Local_pe674.oe674 (.const:ti_sysbios_gates_GateMutex_Module__id__C)
                  c242ea30    00000368     Exception.obj (.const:.string)
                  c242ed98    00000368     SourceHanSansCN_Normal_16.obj (.const:.string:kern_pair_values)
                  c242f100    00000350     nettool.ae674 : httpsend.oe674 (.const:.string)
                  c242f450    0000032c     console_min.ae674 : conlli.oe674 (.const:.string)
                  c242f77c    000002dc                       : conroute.oe674 (.const:.string)
                  c242fa58    000002cc                       : conping.oe674 (.const:.string)
                  c242fd24    0000028c     lv_calendar_header_dropdown.obj (.const:.string)
                  c242ffb0    0000027d     console_min.ae674 : conacct.oe674 (.const:.string)
                  c243022d    0000025d     nettool.ae674 : dnscomn.oe674 (.const:.string)
                  c243048a    00000002     Local_pe674.oe674 (.const:ti_sysbios_hal_Hwi_Module__id__C)
                  c243048c    00000244     Net.obj (.const:.string)
                  c24306d0    0000021a     os.ae674 : task.oe674 (.const:.string)
                  c24308ea    00000205     console_min.ae674 : consock.oe674 (.const:.string)
                  c2430aef    000001e2     stk6_ppp_pppoe.ae674 : bind6.oe674 (.const:.string)
                  c2430cd1    00000001     --HOLE-- [fill = 0]
                  c2430cd2    00000002     Local_pe674.oe674 (.const:ti_sysbios_heaps_HeapMem_Module__id__C)
                  c2430cd4    000001a8     DDR2.obj (.const:.string)
                  c2430e7c    0000018c     console_min.ae674 : contftp.oe674 (.const:.string)
                  c2431008    00000184     lv_mem.obj (.const:.string)
                  c243118c    00000164     SystemInfo.obj (.const:.string)
                  c24312f0    0000015c     stk6_ppp_pppoe.ae674 : route6.oe674 (.const:.string)
                  c243144c    00000159                          : nimuppp.oe674 (.const:.string)
                  c24315a5    0000014f     os.ae674 : mem.oe674 (.const:.string)
                  c24316f4    00000144     ti.drv.omapl138.ae674 : ethdriver.oe674 (.const:.string)
                  c2431838    00000110     Flash.obj (.const:.string)
                  c2431948    00000107     stk6_ppp_pppoe.ae674 : vlan.oe674 (.const:.string)
                  c2431a4f    00000001     --HOLE-- [fill = 0]
                  c2431a50    00000101     rts6740_elf.lib : ctype.c.obj (.const:.string:_ctypes_)
                  c2431b51    00000001     --HOLE-- [fill = 0]
                  c2431b52    00000006     gifdec.obj (.const:$P$T6$2)
                  c2431b58    00000100     lv_draw_sw_letter.obj (.const:.string:_lv_bpp8_opa_table)
                  c2431c58    000000fd     stk6_ppp_pppoe.ae674 : icmpv6out.oe674 (.const:.string)
                  c2431d55    000000f2                          : icmpv6_ndisc.oe674 (.const:.string)
                  c2431e47    00000001     --HOLE-- [fill = 0]
                  c2431e48    000000f0     EEPROM.obj (.const:.string)
                  c2431f38    000000f0     Local_pe674.oe674 (.const:xdc_runtime_Text_nodeTab__A)
                  c2432028    000000ec     lv_chart.obj (.const:.string)
                  c2432114    000000ec     lv_table.obj (.const:.string)
                  c2432200    000000ec     lv_textarea.obj (.const:.string)
                  c24322ec    000000e8     lv_img_decoder.obj (.const:.string)
                  c24323d4    000000e8     lv_keyboard.obj (.const:.string)
                  c24324bc    000000e4     lv_draw_mask.obj (.const:.string)
                  c24325a0    000000dc     lv_hal_disp.obj (.const:.string)
                  c243267c    000000d8     EMAC.obj (.const:.string)
                  c2432754    000000d8     SYSCFG.obj (.const:.string)
                  c243282c    000000d8     stk6_ppp_pppoe.ae674 : node.oe674 (.const:.string)
                  c2432904    000000d7     nettool.ae674 : httpstr.oe674 (.const:.string)
                  c24329db    00000001     --HOLE-- [fill = 0]
                  c24329dc    000000d4     ti.drv.omapl138.ae674 : nimu_eth.oe674 (.const:.string)
                  c2432ab0    000000d0     lv_label.obj (.const:.string)
                  c2432b80    000000cf     stk6_ppp_pppoe.ae674 : rtc.oe674 (.const:.string)
                  c2432c4f    00000001     --HOLE-- [fill = 0]
                  c2432c50    000000cc     lv_obj.obj (.const:.string)
                  c2432d1c    000000c8     lv_dropdown.obj (.const:.string)
                  c2432de4    00000004     lv_draw_sw_gradient.obj (.const:$P$T2$4)
                  c2432de8    000000c0     LEDMatrix.obj (.const:.string:PRU_Data)
                  c2432ea8    000000c0     SourceHanSansCN_Normal_32.obj (.const:glyph_dsc)
                  c2432f68    000000bf     stk6_ppp_pppoe.ae674 : lliout.oe674 (.const:.string)
                  c2433027    00000001     --HOLE-- [fill = 0]
                  c2433028    000000be     lv_color.obj (.const:colors$2)
                  c24330e6    00000002     Local_pe674.oe674 (.const:ti_sysbios_knl_Clock_Module__id__C)
                  c24330e8    000000bc     Home.obj (.const:.string)
                  c24331a4    000000bc     servers_min.ae674 : newservers.oe674 (.const:.string)
                  c2433260    000000b6     lv_math.obj (.const:sin0_90_table)
                  c2433316    00000002     Local_pe674.oe674 (.const:ti_sysbios_knl_Clock_Module__loggerDefined__C)
                  c2433318    000000b4     Calendar.obj (.const:.string)
                  c24333cc    000000b4     Network.obj (.const:.string)
                  c2433480    000000b1     nettool.ae674 : dnsclnt.oe674 (.const:.string)
                  c2433531    00000001     --HOLE-- [fill = 0]
                  c2433532    00000002     Local_pe674.oe674 (.const:ti_sysbios_knl_Semaphore_Module__id__C)
                  c2433534    000000b0     Calculator.obj (.const:.string)
                  c24335e4    000000b0     lv_hal_indev.obj (.const:.string)
                  c2433694    00000004     lv_obj_pos.obj (.const:$P$T9$3)
                  c2433698    000000b0     lv_keyboard.obj (.const:default_kb_map_lc)
                  c2433748    000000b0     lv_keyboard.obj (.const:default_kb_map_spec)
                  c24337f8    000000b0     lv_keyboard.obj (.const:default_kb_map_uc)
                  c24338a8    000000a9     stk6_ppp_pppoe.ae674 : lli6.oe674 (.const:.string)
                  c2433951    000000a7     nettool.ae674 : ipaddr.oe674 (.const:.string)
                  c24339f8    000000a7     stk6_ppp_pppoe.ae674 : nimu.oe674 (.const:.string)
                  c2433a9f    00000001     --HOLE-- [fill = 0]
                  c2433aa0    000000a4     LVGLTask.obj (.const:.string)
                  c2433b44    000000a2     stk6_ppp_pppoe.ae674 : nimupppoe.oe674 (.const:.string)
                  c2433be6    00000002     Local_pe674.oe674 (.const:ti_sysbios_knl_Semaphore_Module__loggerDefined__C)
                  c2433be8    000000a0     lv_btnmatrix.obj (.const:.string)
                  c2433c88    0000009e     lv_font_montserrat_48.obj (.const:.string:kern_left_class_mapping)
                  c2433d26    00000002     Local_pe674.oe674 (.const:ti_sysbios_knl_Swi_Module__id__C)
                  c2433d28    0000009e     lv_font_montserrat_48.obj (.const:.string:kern_right_class_mapping)
                  c2433dc6    00000002     Local_pe674.oe674 (.const:ti_sysbios_knl_Swi_Module__loggerDefined__C)
                  c2433dc8    00000098     lv_refr.obj (.const:.string)
                  c2433e60    00000098     lv_color.obj (.const:colors$3)
                  c2433ef8    00000091     stk6_ppp_pppoe.ae674 : tcp6time.oe674 (.const:.string)
                  c2433f89    00000001     --HOLE-- [fill = 0]
                  c2433f8a    00000002     Local_pe674.oe674 (.const:ti_sysbios_knl_Task_Module__id__C)
                  c2433f8c    00000090     lv_calendar.obj (.const:.string)
                  c243401c    0000008d     stk6_ppp_pppoe.ae674 : tcptime.oe674 (.const:.string)
                  c24340a9    00000001     --HOLE-- [fill = 0]
                  c24340aa    00000002     Local_pe674.oe674 (.const:ti_sysbios_knl_Task_Module__loggerDefined__C)
                  c24340ac    0000008c     lv_fs.obj (.const:.string)
                  c2434138    0000008c     lv_roller.obj (.const:.string)
                  c24341c4    00000084     lv_bmp.obj (.const:.string)
                  c2434248    00000080     Fan.obj (.const:.string)
                  c24342c8    00000080     lv_draw_sw_gradient.obj (.const:.string)
                  c2434348    00000080     lv_style.obj (.const:.string)
                  c24343c8    00000080     tjpgd.obj (.const:Ipsf)
                  c2434448    00000080     rts6740_elf.lib : strtod.c.obj (.const:digits)
                  c24344c8    0000007c     UARTConsole.obj (.const:.string)
                  c2434544    0000007c     main.obj (.const:.string)
                  c24345c0    0000007c     lv_font_montserrat_48.obj (.const:unicode_list_1)
                  c243463c    00000078     lv_meter.obj (.const:.string)
                  c24346b4    00000004     SysMinProvide.obj (.const:.string)
                  c24346b8    00000078     lodepng.obj (.const:DISTANCEBASE)
                  c2434730    00000078     lodepng.obj (.const:DISTANCEEXTRA)
                  c24347a8    00000077     stk6_ppp_pppoe.ae674 : sock6.oe674 (.const:.string)
                  c243481f    00000076                          : mld.oe674 (.const:.string)
                  c2434895    00000001     --HOLE-- [fill = 0]
                  c2434896    00000002     Local_pe674.oe674 (.const:ti_sysbios_knl_Task_initStackFlag__C)
                  c2434898    00000074     lv_font.obj (.const:.string)
                  c243490c    00000004     lv_draw_label.obj (.const:.string)
                  c2434910    00000074     lodepng.obj (.const:LENGTHBASE)
                  c2434984    00000004     lv_menu.obj (.const:.string)
                  c2434988    00000074     lodepng.obj (.const:LENGTHEXTRA)
                  c24349fc    00000070     lv_obj_style.obj (.const:.string)
                  c2434a6c    00000004     lv_png.obj (.const:.string)
                  c2434a70    00000070     SourceHanSansCN_Normal_16.obj (.const:unicode_list_83)
                  c2434ae0    0000006c     lv_event.obj (.const:.string)
                  c2434b4c    0000006c     rts6740_elf.lib : asctime.c.obj (.const:.string)
                  c2434bb8    00000068     lv_calendar_header_arrow.obj (.const:.string)
                  c2434c20    00000068     lv_flex.obj (.const:.string)
                  c2434c88    00000068     lv_group.obj (.const:.string)
                  c2434cf0    00000064     lv_obj_pos.obj (.const:.string)
                  c2434d54    00000064     Local_pe674.oe674 (.const:ti_sysbios_timers_timer64_Timer_Object__PARAMS__C)
                  c2434db8    00000060     lv_txt.obj (.const:.string)
                  c2434e18    00000060     stk6_ppp_pppoe.ae674 : sb.oe674 (.const:.string)
                  c2434e78    0000005c     lv_anim.obj (.const:.string)
                  c2434ed4    0000005c     lv_img.obj (.const:.string)
                  c2434f30    0000005c     lv_timer.obj (.const:.string)
                  c2434f8c    00000058     ti.targets.rts6000.ae674 : Error.oe674 (.const:.string)
                  c2434fe4    00000056     os.ae674 : semaphore.oe674 (.const:.string)
                  c243503a    00000006     nettool.ae674 : tftp.oe674 (.const:.string)
                  c2435040    00000054     stk6_ppp_pppoe.ae674 : sockprot.oe674 (.const:Code2Err)
                  c2435094    00000004     lv_spinbox.obj (.const:.string)
                  c2435098    00000054     lv_keyboard.obj (.const:default_kb_map_num)
                  c24350ec    00000051     nettool.ae674 : dhcpmain.oe674 (.const:.string)
                  c243513d    00000050     stk6_ppp_pppoe.ae674 : bind.oe674 (.const:.string)
                  c243518d    00000001     --HOLE-- [fill = 0]
                  c243518e    00000002     Local_pe674.oe674 (.const:ti_sysbios_timers_timer64_Timer_Module__id__C)
                  c2435190    00000050     lv_keyboard.obj (.const:default_kb_ctrl_lc_map)
                  c24351e0    00000050     lv_keyboard.obj (.const:default_kb_ctrl_spec_map)
                  c2435230    00000050     lv_keyboard.obj (.const:default_kb_ctrl_uc_map)
                  c2435280    0000004e     stk6_ppp_pppoe.ae674 : rtable.oe674 (.const:.string)
                  c24352ce    00000002     Local_pe674.oe674 (.const:ti_sysbios_timers_timer64_Timer_startupNeeded__C)
                  c24352d0    0000004c     Clock.obj (.const:.string)
                  c243531c    0000004c     lv_log.obj (.const:.string)
                  c2435368    0000004c     lodepng.obj (.const:CLCL_ORDER)
                  c24353b4    00000048     LCDBrightness.obj (.const:.string)
                  c24353fc    00000048     Local_pe674.oe674 (.const:.string)
                  c2435444    00000048     ti.targets.rts6000.ae674 : Log.oe674 (.const:.string)
                  c243548c    00000004     lv_tabview.obj (.const:.string)
                  c2435490    00000048     rts6740_elf.lib : strtod.c.obj (.const:powerof10)
                  c24354d8    00000048     Local_pe674.oe674 (.const:ti_sysbios_knl_Task_hooks__A)
                  c2435520    00000044     netctrl.ae674 : netctrl.oe674 (.const:.string)
                  c2435564    00000041     nettool.ae674 : httpclie.oe674 (.const:.string)
                  c24355a5    00000041     stk6_ppp_pppoe.ae674 : sb6.oe674 (.const:.string)
                  c24355e6    00000002     Local_pe674.oe674 (.const:ti_sysbios_utils_Load_Module__id__C)
                  c24355e8    00000040     tjpgd.obj (.const:.string:Zig)
                  c2435628    00000040     lv_draw_sw_dither.obj (.const:.string:dither_ordered_threshold_matrix)
                  c2435668    00000040     ti.targets.rts6000.ae674 : Text.oe674 (.const:.string)
                  c24356a8    0000003e     stk6_ppp_pppoe.ae674 : ipv6.oe674 (.const:.string)
                  c24356e6    0000003c                          : ipv6_exthdrs.oe674 (.const:.string)
                  c2435722    00000002     Local_pe674.oe674 (.const:ti_sysbios_utils_Load_Module__loggerDefined__C)
                  c2435724    0000003c     Local_pe674.oe674 (.const:ti_sysbios_knl_Task_Object__PARAMS__C)
                  c2435760    00000038     SATATest.obj (.const:.string)
                  c2435798    00000038     stk6_ppp_pppoe.ae674 : icmpv6in.oe674 (.const:.string)
                  c24357d0    00000038                          : sock.oe674 (.const:.string)
                  c2435808    00000034     cgi.ae674 : cgiparsem.oe674 (.const:.string)
                  c243583c    00000034     Local_pe674.oe674 (.const:xdc_runtime_LoggerSys_Module__FXNS__C)
                  c2435870    00000034     Local_pe674.oe674 (.const:xdc_runtime_Startup_sfxnTab__A)
                  c24358a4    00000031     stk6_ppp_pppoe.ae674 : pbm.oe674 (.const:.string)
                  c24358d5    00000001     --HOLE-- [fill = 0]
                  c24358d6    00000002     Local_pe674.oe674 (.const:ti_sysbios_utils_Load_autoAddTasks__C)
                  c24358d8    00000030     rts6740_elf.lib : asctime.c.obj (.const:mon)
                  c2435908    00000030     Local_pe674.oe674 (.const:ti_sysbios_family_c64p_Hwi_Object__PARAMS__C)
                  c2435938    0000002c     ti.drv.omapl138.ae674 : csl_mdio.oe674 (.const:.string)
                  c2435964    0000002c     ti.targets.rts6000.ae674 : Startup.oe674 (.const:.string)
                  c2435990    0000002c     Local_pe674.oe674 (.const:ti_sysbios_hal_Hwi_Object__PARAMS__C)
                  c24359bc    00000004     lv_theme_default.obj (.const:.string)
                  c24359c0    0000002c     lv_theme_default.obj (.const:trans_props$1)
                  c24359ec    00000004     nettool.ae674 : telnetd.oe674 (.const:.string)
                  c24359f0    00000028     lv_font_montserrat_48.obj (.const:cmaps)
                  c2435a18    00000028     Local_pe674.oe674 (.const:ti_sysbios_heaps_HeapMem_Module__FXNS__C)
                  c2435a40    00000028     Local_pe674.oe674 (.const:ti_sysbios_knl_Swi_Object__PARAMS__C)
                  c2435a68    00000026     lv_event.obj (.const:.string:$P$T2$4)
                  c2435a8e    00000002     Local_pe674.oe674 (.const:ti_sysbios_utils_Load_hwiEnabled__C)
                  c2435a90    00000026     lv_color.obj (.const:colors$1)
                  c2435ab6    00000002     Local_pe674.oe674 (.const:ti_sysbios_utils_Load_updateInIdle__C)
                  c2435ab8    00000024     rts6740_elf.lib : _printfi.c.obj (.const:.string)
                  c2435adc    00000024     Local_pe674.oe674 (.const:ti_sysbios_gates_GateHwi_Module__FXNS__C)
                  c2435b00    00000024     Local_pe674.oe674 (.const:ti_sysbios_gates_GateMutex_Module__FXNS__C)
                  c2435b24    00000024     Local_pe674.oe674 (.const:ti_sysbios_heaps_HeapMem_Object__PARAMS__C)
                  c2435b48    00000024     Local_pe674.oe674 (.const:ti_sysbios_knl_Clock_Object__PARAMS__C)
                  c2435b6c    00000024     Local_pe674.oe674 (.const:ti_sysbios_knl_Semaphore_Object__PARAMS__C)
                  c2435b90    00000022     lv_calendar.obj (.const:.string:$P$T0$1)
                  c2435bb2    00000006     nettool.ae674 : tftp6.oe674 (.const:.string)
                  c2435bb8    00000022     lv_keyboard.obj (.const:default_kb_ctrl_num_map)
                  c2435bda    00000006     stk6_ppp_pppoe.ae674 : auth.oe674 (.const:.string)
                  c2435be0    00000021     lv_textarea.obj (.const:.string:$P$T5$6)
                  c2435c01    00000001     --HOLE-- [fill = 0]
                  c2435c02    00000002     Local_pe674.oe674 (.const:xdc_runtime_Core_Module__id__C)
                  c2435c04    00000004     ti.targets.rts6000.ae674 : Assert.oe674 (.const:.string)
                  c2435c08    00000021     lv_draw_sw_line.obj (.const:.string:wcorr$1)
                  c2435c29    00000001     --HOLE-- [fill = 0]
                  c2435c2a    00000002     Local_pe674.oe674 (.const:xdc_runtime_Error_Module__loggerDefined__C)
                  c2435c2c    00000004     Local_pe674.oe674 (.const:ti_sysbios_BIOS_Module__diagsEnabled__C)
                  c2435c30    00000020     lv_btnmatrix.obj (.const:.string:$P$T0$1)
                  c2435c50    00000020     lv_obj_style.obj (.const:.string:$P$T2$1)
                  c2435c70    00000020     Local_pe674.oe674 (.const:ti_sysbios_family_c64p_Hwi_Object__DESC__C)
                  c2435c90    00000020     Local_pe674.oe674 (.const:ti_sysbios_gates_GateHwi_Object__DESC__C)
                  c2435cb0    00000020     Local_pe674.oe674 (.const:ti_sysbios_gates_GateMutex_Object__DESC__C)
                  c2435cd0    00000020     Local_pe674.oe674 (.const:ti_sysbios_hal_Hwi_Object__DESC__C)
                  c2435cf0    00000020     Local_pe674.oe674 (.const:ti_sysbios_heaps_HeapMem_Object__DESC__C)
                  c2435d10    00000020     Local_pe674.oe674 (.const:ti_sysbios_knl_Clock_Object__DESC__C)
                  c2435d30    00000020     Local_pe674.oe674 (.const:ti_sysbios_knl_Queue_Object__DESC__C)
                  c2435d50    00000020     Local_pe674.oe674 (.const:ti_sysbios_knl_Semaphore_Object__DESC__C)
                  c2435d70    00000020     Local_pe674.oe674 (.const:ti_sysbios_knl_Swi_Object__DESC__C)
                  c2435d90    00000020     Local_pe674.oe674 (.const:ti_sysbios_knl_Task_Object__DESC__C)
                  c2435db0    00000020     Local_pe674.oe674 (.const:ti_sysbios_timers_timer64_Timer_Object__DESC__C)
                  c2435dd0    00000020     Local_pe674.oe674 (.const:xdc_runtime_LoggerSys_Object__DESC__C)
                  c2435df0    0000001f     lv_dropdown.obj (.const:.string:$P$T1$2)
                  c2435e0f    00000001     --HOLE-- [fill = 0]
                  c2435e10    0000001e     lv_textarea.obj (.const:.string:$P$T6$7)
                  c2435e2e    0000001e     nettool.ae674 : daemon.oe674 (.const:.string)
                  c2435e4c    00000004     Local_pe674.oe674 (.const:ti_sysbios_BIOS_Module__diagsIncluded__C)
                  c2435e50    0000001d     lv_chart.obj (.const:.string:$P$T2$3)
                  c2435e6d    00000001     --HOLE-- [fill = 0]
                  c2435e6e    00000002     Local_pe674.oe674 (.const:xdc_runtime_Error_maxDepth__C)
                  c2435e70    0000001d     lv_img_decoder.obj (.const:.string:$P$T4$4)
                  c2435e8d    0000001d     stk6_ppp_pppoe.ae674 : lli.oe674 (.const:.string)
                  c2435eaa    00000002     Local_pe674.oe674 (.const:xdc_runtime_Memory_Module__id__C)
                  c2435eac    0000001c     lv_draw_sw_rect.obj (.const:$P$T0$1)
                  c2435ec8    0000001c     lv_table.obj (.const:.string:$P$T1$2)
                  c2435ee4    00000004     Local_pe674.oe674 (.const:ti_sysbios_BIOS_Module__diagsMask__C)
                  c2435ee8    0000001c     lodepng.obj (.const:ADAM7_DX)
                  c2435f04    00000004     Local_pe674.oe674 (.const:ti_sysbios_BIOS_installedErrorHook__C)
                  c2435f08    0000001c     lodepng.obj (.const:ADAM7_DY)
                  c2435f24    00000004     Local_pe674.oe674 (.const:ti_sysbios_family_c62_TaskSupport_stackAlignment__C)
                  c2435f28    0000001c     lodepng.obj (.const:ADAM7_IX)
                  c2435f44    00000004     Local_pe674.oe674 (.const:ti_sysbios_family_c64p_Cache_EMIFA_BASE__C)
                  c2435f48    0000001c     lodepng.obj (.const:ADAM7_IY)
                  c2435f64    0000001c     SourceHanSansCN_Normal_16.obj (.const:SourceHanSansCN_Normal_16)
                  c2435f80    0000001c     SourceHanSansCN_Normal_32.obj (.const:SourceHanSansCN_Normal_32)
                  c2435f9c    00000004     Local_pe674.oe674 (.const:ti_sysbios_family_c64p_Cache_EMIFA_CFG__C)
                  c2435fa0    0000001c     rts6740_elf.lib : asctime.c.obj (.const:day)
                  c2435fbc    0000001c     lv_arc.obj (.const:lv_arc_class)
                  c2435fd8    0000001c     lv_bar.obj (.const:lv_bar_class)
                  c2435ff4    0000001c     lv_btn.obj (.const:lv_btn_class)
                  c2436010    0000001c     lv_btnmatrix.obj (.const:lv_btnmatrix_class)
                  c243602c    0000001c     lv_calendar.obj (.const:lv_calendar_class)
                  c2436048    0000001c     lv_calendar_header_arrow.obj (.const:lv_calendar_header_arrow_class)
                  c2436064    0000001c     lv_calendar_header_dropdown.obj (.const:lv_calendar_header_dropdown_class)
                  c2436080    0000001c     lv_chart.obj (.const:lv_chart_class)
                  c243609c    0000001c     lv_checkbox.obj (.const:lv_checkbox_class)
                  c24360b8    0000001c     lv_colorwheel.obj (.const:lv_colorwheel_class)
                  c24360d4    0000001c     lv_dropdown.obj (.const:lv_dropdown_class)
                  c24360f0    0000001c     lv_dropdown.obj (.const:lv_dropdownlist_class)
                  c243610c    0000001c     lv_font_montserrat_48.obj (.const:lv_font_montserrat_48)
                  c2436128    0000001c     lv_gif.obj (.const:lv_gif_class)
                  c2436144    0000001c     lv_img.obj (.const:lv_img_class)
                  c2436160    0000001c     lv_imgbtn.obj (.const:lv_imgbtn_class)
                  c243617c    0000001c     lv_keyboard.obj (.const:lv_keyboard_class)
                  c2436198    0000001c     lv_label.obj (.const:lv_label_class)
                  c24361b4    0000001c     lv_led.obj (.const:lv_led_class)
                  c24361d0    0000001c     lv_line.obj (.const:lv_line_class)
                  c24361ec    0000001c     lv_list.obj (.const:lv_list_btn_class)
                  c2436208    0000001c     lv_list.obj (.const:lv_list_class)
                  c2436224    0000001c     lv_list.obj (.const:lv_list_text_class)
                  c2436240    0000001c     lv_menu.obj (.const:lv_menu_class)
                  c243625c    0000001c     lv_menu.obj (.const:lv_menu_cont_class)
                  c2436278    0000001c     lv_menu.obj (.const:lv_menu_main_cont_class)
                  c2436294    0000001c     lv_menu.obj (.const:lv_menu_main_header_cont_class)
                  c24362b0    0000001c     lv_menu.obj (.const:lv_menu_page_class)
                  c24362cc    0000001c     lv_menu.obj (.const:lv_menu_section_class)
                  c24362e8    0000001c     lv_menu.obj (.const:lv_menu_separator_class)
                  c2436304    0000001c     lv_menu.obj (.const:lv_menu_sidebar_cont_class)
                  c2436320    0000001c     lv_menu.obj (.const:lv_menu_sidebar_header_cont_class)
                  c243633c    0000001c     lv_meter.obj (.const:lv_meter_class)
                  c2436358    0000001c     lv_msgbox.obj (.const:lv_msgbox_backdrop_class)
                  c2436374    0000001c     lv_msgbox.obj (.const:lv_msgbox_class)
                  c2436390    0000001c     lv_obj.obj (.const:lv_obj_class)
                  c24363ac    0000001c     lv_roller.obj (.const:lv_roller_class)
                  c24363c8    0000001c     lv_roller.obj (.const:lv_roller_label_class)
                  c24363e4    0000001c     lv_slider.obj (.const:lv_slider_class)
                  c2436400    0000001c     lv_spinbox.obj (.const:lv_spinbox_class)
                  c243641c    0000001c     lv_spinner.obj (.const:lv_spinner_class)
                  c2436438    0000001c     lv_switch.obj (.const:lv_switch_class)
                  c2436454    0000001c     lv_table.obj (.const:lv_table_class)
                  c2436470    0000001c     lv_tabview.obj (.const:lv_tabview_class)
                  c243648c    0000001c     lv_textarea.obj (.const:lv_textarea_class)
                  c24364a8    0000001c     lv_tileview.obj (.const:lv_tileview_class)
                  c24364c4    0000001c     lv_tileview.obj (.const:lv_tileview_tile_class)
                  c24364e0    0000001c     lv_win.obj (.const:lv_win_class)
                  c24364fc    00000004     Local_pe674.oe674 (.const:ti_sysbios_family_c64p_Cache_EMIFA_LENGTH__C)
                  c2436500    0000001b     lv_chart.obj (.const:.string:$P$T1$2)
                  c243651b    00000001     --HOLE-- [fill = 0]
                  c243651c    00000004     Local_pe674.oe674 (.const:ti_sysbios_family_c64p_Cache_EMIFB_BASE__C)
                  c2436520    0000001b     lv_draw_sw_gradient.obj (.const:.string:$P$T1$2)
                  c243653b    00000001     --HOLE-- [fill = 0]
                  c243653c    00000004     Local_pe674.oe674 (.const:ti_sysbios_family_c64p_Cache_EMIFB_CFG__C)
                  c2436540    0000001b     lv_label.obj (.const:.string:$P$T5$5)
                  c243655b    00000001     --HOLE-- [fill = 0]
                  c243655c    00000004     Local_pe674.oe674 (.const:ti_sysbios_family_c64p_Cache_EMIFB_LENGTH__C)
                  c2436560    0000001b     lv_chart.obj (.const:.string:$P$T7$8)
                  c243657b    00000001     --HOLE-- [fill = 0]
                  c243657c    00000004     Local_pe674.oe674 (.const:ti_sysbios_family_c64p_Cache_EMIFC_BASE__C)
                  c2436580    0000001a     lv_obj.obj (.const:.string:$P$T1$2)
                  c243659a    00000002     Local_pe674.oe674 (.const:xdc_runtime_SysMin_flushAtExit__C)
                  c243659c    00000004     Local_pe674.oe674 (.const:ti_sysbios_family_c64p_Cache_EMIFC_CFG__C)
                  c24365a0    0000001a     lv_chart.obj (.const:.string:$P$T12$11)
                  c24365ba    00000002     Local_pe674.oe674 (.const:xdc_runtime_Text_charCnt__C)
                  c24365bc    00000004     Local_pe674.oe674 (.const:ti_sysbios_family_c64p_Cache_EMIFC_LENGTH__C)
                  c24365c0    0000001a     lv_chart.obj (.const:.string:$P$T13$12)
                  c24365da    00000002     Local_pe674.oe674 (.const:xdc_runtime_Text_isLoaded__C)
                  c24365dc    00000004     Local_pe674.oe674 (.const:ti_sysbios_family_c64p_Cache_MAR0_31__C)
                  c24365e0    0000001a     lv_chart.obj (.const:.string:$P$T18$17)
                  c24365fa    00000002     Local_pe674.oe674 (.const:xdc_runtime_Text_registryModsLastId__C)
                  c24365fc    00000004     Local_pe674.oe674 (.const:ti_sysbios_family_c64p_Cache_MAR128_159__C)
                  c2436600    0000001a     lv_chart.obj (.const:.string:$P$T6$7)
                  c243661a    00000002     Local_pe674.oe674 (.const:xdc_runtime_Text_unnamedModsLastId__C)
                  c243661c    00000004     Local_pe674.oe674 (.const:ti_sysbios_family_c64p_Cache_MAR160_191__C)
                  c2436620    0000001a     Local_pe674.oe674 (.const:xdc_runtime_Startup_sfxnRts__A)
                  c243663a    00000002     --HOLE-- [fill = 0]
                  c243663c    00000004     Local_pe674.oe674 (.const:ti_sysbios_family_c64p_Cache_MAR192_223__C)
                  c2436640    00000019     lv_font.obj (.const:.string:$P$T0$1)
                  c2436659    00000003     --HOLE-- [fill = 0]
                  c243665c    00000004     Local_pe674.oe674 (.const:ti_sysbios_family_c64p_Cache_MAR224_255__C)
                  c2436660    00000019     lv_draw_mask.obj (.const:.string:$P$T1$2)
                  c2436679    00000003     --HOLE-- [fill = 0]
                  c243667c    00000004     Local_pe674.oe674 (.const:ti_sysbios_family_c64p_Cache_MAR32_63__C)
                  c2436680    00000019     lv_meter.obj (.const:.string:$P$T1$2)
                  c2436699    00000003     --HOLE-- [fill = 0]
                  c243669c    00000004     Local_pe674.oe674 (.const:ti_sysbios_family_c64p_Cache_MAR64_95__C)
                  c24366a0    00000019     lv_chart.obj (.const:.string:$P$T16$15)
                  c24366b9    00000003     --HOLE-- [fill = 0]
                  c24366bc    00000004     Local_pe674.oe674 (.const:ti_sysbios_family_c64p_Cache_MAR96_127__C)
                  c24366c0    00000019     lv_chart.obj (.const:.string:$P$T17$16)
                  c24366d9    00000003     --HOLE-- [fill = 0]
                  c24366dc    00000004     Local_pe674.oe674 (.const:ti_sysbios_family_c64p_EventCombiner_E_unpluggedEvent__C)
                  c24366e0    00000019     lv_chart.obj (.const:.string:$P$T19$18)
                  c24366f9    00000003     --HOLE-- [fill = 0]
                  c24366fc    00000004     Local_pe674.oe674 (.const:ti_sysbios_family_c64p_Exception_E_exceptionMax__C)
                  c2436700    00000019     lv_chart.obj (.const:.string:$P$T20$19)
                  c2436719    00000003     --HOLE-- [fill = 0]
                  c243671c    00000004     Local_pe674.oe674 (.const:ti_sysbios_family_c64p_Exception_exceptionHook__C)
                  c2436720    00000019     lv_meter.obj (.const:.string:$P$T4$5)
                  c2436739    00000003     --HOLE-- [fill = 0]
                  c243673c    00000004     Local_pe674.oe674 (.const:ti_sysbios_family_c64p_Exception_externalHook__C)
                  c2436740    00000019     lv_table.obj (.const:.string:$P$T5$6)
                  c2436759    00000003     --HOLE-- [fill = 0]
                  c243675c    00000004     Local_pe674.oe674 (.const:ti_sysbios_family_c64p_Exception_internalHook__C)
                  c2436760    00000018     lv_draw_mask.obj (.const:.string:$P$T0$1)
                  c2436778    00000018     lv_dropdown.obj (.const:.string:$P$T0$1)
                  c2436790    00000018     lv_hal_disp.obj (.const:.string:$P$T0$1)
                  c24367a8    00000018     lv_table.obj (.const:.string:$P$T0$1)
                  c24367c0    00000018     lv_chart.obj (.const:.string:$P$T11$10)
                  c24367d8    00000018     lv_chart.obj (.const:.string:$P$T15$14)
                  c24367f0    00000018     lv_label.obj (.const:.string:$P$T2$3)
                  c2436808    00000018     lv_meter.obj (.const:.string:$P$T2$3)
                  c2436820    00000018     lv_font.obj (.const:.string:$P$T3$3)
                  c2436838    00000018     lv_event.obj (.const:.string:$P$T3$5)
                  c2436850    00000018     nettool.ae674 : config.oe674 (.const:.string)
                  c2436868    00000018     stk6_ppp_pppoe.ae674 : exec.oe674 (.const:.string)
                  c2436880    00000018     SourceHanSansCN_Normal_16.obj (.const:font_dsc)
                  c2436898    00000018     SourceHanSansCN_Normal_32.obj (.const:font_dsc)
                  c24368b0    00000018     lv_font_montserrat_48.obj (.const:font_dsc)
                  c24368c8    00000018     Local_pe674.oe674 (.const:ti_sysbios_gates_GateHwi_Object__PARAMS__C)
                  c24368e0    00000018     Local_pe674.oe674 (.const:ti_sysbios_gates_GateMutex_Object__PARAMS__C)
                  c24368f8    00000018     Local_pe674.oe674 (.const:ti_sysbios_knl_Queue_Object__PARAMS__C)
                  c2436910    00000018     Local_pe674.oe674 (.const:ti_sysbios_knl_Swi_hooks__A)
                  c2436928    00000018     Local_pe674.oe674 (.const:xdc_runtime_LoggerSys_Object__PARAMS__C)
                  c2436940    00000017     lv_event.obj (.const:.string:$P$T1$3)
                  c2436957    00000001     --HOLE-- [fill = 0]
                  c2436958    00000017     lv_chart.obj (.const:.string:$P$T14$13)
                  c243696f    00000001     --HOLE-- [fill = 0]
                  c2436970    00000017     lv_dropdown.obj (.const:.string:$P$T2$3)
                  c2436987    00000001     --HOLE-- [fill = 0]
                  c2436988    00000017     lv_label.obj (.const:.string:$P$T3$4)
                  c243699f    00000001     --HOLE-- [fill = 0]
                  c24369a0    00000017     lv_chart.obj (.const:.string:$P$T4$5)
                  c24369b7    00000001     --HOLE-- [fill = 0]
                  c24369b8    00000017     lv_table.obj (.const:.string:$P$T4$5)
                  c24369cf    00000017     stk6_ppp_pppoe.ae674 : ipout.oe674 (.const:.string)
                  c24369e6    00000002     --HOLE-- [fill = 0]
                  c24369e8    00000016     lv_hal_indev.obj (.const:.string:$P$T0$1)
                  c24369fe    00000002     --HOLE-- [fill = 0]
                  c2436a00    00000016     lv_roller.obj (.const:.string:$P$T0$1)
                  c2436a16    00000002     --HOLE-- [fill = 0]
                  c2436a18    00000016     lv_txt.obj (.const:.string:$P$T0$1)
                  c2436a2e    00000002     --HOLE-- [fill = 0]
                  c2436a30    00000016     lv_label.obj (.const:.string:$P$T1$2)
                  c2436a46    00000002     --HOLE-- [fill = 0]
                  c2436a48    00000016     lv_font.obj (.const:.string:$P$T2$2)
                  c2436a5e    00000002     --HOLE-- [fill = 0]
                  c2436a60    00000016     lv_img_decoder.obj (.const:.string:$P$T3$3)
                  c2436a76    00000002     --HOLE-- [fill = 0]
                  c2436a78    00000016     lv_tlsf.obj (.const:.string:$P$T6$6)
                  c2436a8e    00000016     stk6_ppp_pppoe.ae674 : ipv6out.oe674 (.const:.string)
                  c2436aa4    00000004     Local_pe674.oe674 (.const:ti_sysbios_family_c64p_Exception_nmiHook__C)
                  c2436aa8    00000016     SourceHanSansCN_Normal_32.obj (.const:unicode_list_0)
                  c2436abe    00000002     --HOLE-- [fill = 0]
                  c2436ac0    00000015     lv_textarea.obj (.const:.string:$P$T0$1)
                  c2436ad5    00000003     --HOLE-- [fill = 0]
                  c2436ad8    00000015     lv_img_decoder.obj (.const:.string:$P$T1$1)
                  c2436aed    00000003     --HOLE-- [fill = 0]
                  c2436af0    00000015     lv_textarea.obj (.const:.string:$P$T1$2)
                  c2436b05    00000003     --HOLE-- [fill = 0]
                  c2436b08    00000015     lv_style.obj (.const:.string:$P$T2$3)
                  c2436b1d    00000003     --HOLE-- [fill = 0]
                  c2436b20    00000015     lv_table.obj (.const:.string:$P$T2$3)
                  c2436b35    00000003     --HOLE-- [fill = 0]
                  c2436b38    00000015     lv_textarea.obj (.const:.string:$P$T2$3)
                  c2436b4d    00000003     --HOLE-- [fill = 0]
                  c2436b50    00000015     lv_hal_disp.obj (.const:.string:$P$T2$8)
                  c2436b65    00000003     --HOLE-- [fill = 0]
                  c2436b68    00000015     lv_chart.obj (.const:.string:$P$T21$20)
                  c2436b7d    00000003     --HOLE-- [fill = 0]
                  c2436b80    00000015     lv_chart.obj (.const:.string:$P$T22$21)
                  c2436b95    00000003     --HOLE-- [fill = 0]
                  c2436b98    00000015     lv_table.obj (.const:.string:$P$T3$4)
                  c2436bad    00000003     --HOLE-- [fill = 0]
                  c2436bb0    00000015     lv_textarea.obj (.const:.string:$P$T4$5)
                  c2436bc5    00000003     --HOLE-- [fill = 0]
                  c2436bc8    00000015     lv_chart.obj (.const:.string:$P$T5$6)
                  c2436bdd    00000003     --HOLE-- [fill = 0]
                  c2436be0    00000015     lv_label.obj (.const:.string:$P$T7$7)
                  c2436bf5    00000003     --HOLE-- [fill = 0]
                  c2436bf8    00000014     lv_event.obj (.const:.string:$P$T0$2)
                  c2436c0c    00000004     Local_pe674.oe674 (.const:ti_sysbios_family_c64p_Hwi_E_alreadyDefined__C)
                  c2436c10    00000014     lv_hal_indev.obj (.const:.string:$P$T1$2)
                  c2436c24    00000004     Local_pe674.oe674 (.const:ti_sysbios_family_c64p_Hwi_E_handleNotFound__C)
                  c2436c28    00000014     lv_chart.obj (.const:.string:$P$T10$9)
                  c2436c3c    00000004     Local_pe674.oe674 (.const:ti_sysbios_family_c64p_Hwi_LD_end__C)
                  c2436c40    00000014     lv_img_decoder.obj (.const:.string:$P$T2$2)
                  c2436c54    00000004     Local_pe674.oe674 (.const:ti_sysbios_family_c64p_Hwi_LM_begin__C)
                  c2436c58    00000014     lv_tlsf.obj (.const:.string:$P$T23$22)
                  c2436c6c    00000004     Local_pe674.oe674 (.const:ti_sysbios_family_c64p_Hwi_Module__diagsEnabled__C)
                  c2436c70    00000014     lv_chart.obj (.const:.string:$P$T3$4)
                  c2436c84    00000014     gifdec.obj (.const:.string)
                  c2436c98    00000014     lv_sjpg.obj (.const:.string)
                  c2436cac    00000004     Local_pe674.oe674 (.const:ti_sysbios_family_c64p_Hwi_Module__diagsIncluded__C)
                  c2436cb0    00000014     SourceHanSansCN_Normal_32.obj (.const:cmaps)
                  c2436cc4    00000004     Local_pe674.oe674 (.const:ti_sysbios_family_c64p_Hwi_Module__diagsMask__C)
                  c2436cc8    00000014     Local_pe674.oe674 (.const:ti_sysbios_family_c64p_Hwi_hooks__A)
                  c2436cdc    00000004     Local_pe674.oe674 (.const:ti_sysbios_family_c64p_Hwi_Module__loggerFxn1__C)
                  c2436ce0    00000013     lv_meter.obj (.const:.string:$P$T0$1)
                  c2436cf3    00000001     --HOLE-- [fill = 0]
                  c2436cf4    00000004     Local_pe674.oe674 (.const:ti_sysbios_family_c64p_Hwi_Module__loggerFxn8__C)
                  c2436cf8    00000013     lv_obj_pos.obj (.const:.string:$P$T0$2)
                  c2436d0b    00000001     --HOLE-- [fill = 0]
                  c2436d0c    00000004     Local_pe674.oe674 (.const:ti_sysbios_family_c64p_Hwi_Module__loggerObj__C)
                  c2436d10    00000013     lv_tlsf.obj (.const:.string:$P$T17$16)
                  c2436d23    00000001     --HOLE-- [fill = 0]
                  c2436d24    00000004     Local_pe674.oe674 (.const:ti_sysbios_family_c64p_Hwi_Object__heap__C)
                  c2436d28    00000013     lv_fs.obj (.const:.string:$P$T3$3)
                  c2436d3b    00000001     --HOLE-- [fill = 0]
                  c2436d3c    00000004     Local_pe674.oe674 (.const:ti_sysbios_gates_GateMutex_A_badContext__C)
                  c2436d40    00000013     lv_mem.obj (.const:.string:$P$T4$5)
                  c2436d53    00000013     stk6_ppp_pppoe.ae674 : fileuser.oe674 (.const:.string)
                  c2436d66    00000002     --HOLE-- [fill = 0]
                  c2436d68    00000012     lv_chart.obj (.const:.string:$P$T0$1)
                  c2436d7a    00000002     --HOLE-- [fill = 0]
                  c2436d7c    00000004     Local_pe674.oe674 (.const:ti_sysbios_gates_GateMutex_Instance_State_sem__O)
                  c2436d80    00000012     lv_label.obj (.const:.string:$P$T0$1)
                  c2436d92    00000002     --HOLE-- [fill = 0]
                  c2436d94    00000004     Local_pe674.oe674 (.const:ti_sysbios_gates_GateMutex_Module__diagsEnabled__C)
                  c2436d98    00000012     lv_tlsf.obj (.const:.string:$P$T16$15)
                  c2436daa    00000002     --HOLE-- [fill = 0]
                  c2436dac    00000004     Local_pe674.oe674 (.const:ti_sysbios_gates_GateMutex_Module__diagsIncluded__C)
                  c2436db0    00000012     lv_fs.obj (.const:.string:$P$T2$2)
                  c2436dc2    00000002     --HOLE-- [fill = 0]
                  c2436dc4    00000004     Local_pe674.oe674 (.const:ti_sysbios_gates_GateMutex_Module__diagsMask__C)
                  c2436dc8    00000012     lv_refr.obj (.const:.string:$P$T2$2)
                  c2436dda    00000002     --HOLE-- [fill = 0]
                  c2436ddc    00000004     Local_pe674.oe674 (.const:ti_sysbios_hal_Hwi_E_stackOverflow__C)
                  c2436de0    00000012     lv_style.obj (.const:.string:$P$T3$4)
                  c2436df2    00000002     --HOLE-- [fill = 0]
                  c2436df4    00000004     Local_pe674.oe674 (.const:ti_sysbios_heaps_HeapMem_A_align__C)
                  c2436df8    00000012     lv_label.obj (.const:.string:$P$T6$6)
                  c2436e0a    00000002     --HOLE-- [fill = 0]
                  c2436e0c    00000004     Local_pe674.oe674 (.const:ti_sysbios_heaps_HeapMem_A_heapSize__C)
                  c2436e10    00000012     lv_tlsf.obj (.const:.string:$P$T7$7)
                  c2436e22    00000002     --HOLE-- [fill = 0]
                  c2436e24    00000004     Local_pe674.oe674 (.const:ti_sysbios_heaps_HeapMem_A_invalidFree__C)
                  c2436e28    00000012     lv_tlsf.obj (.const:.string:$P$T8$8)
                  c2436e3a    00000002     --HOLE-- [fill = 0]
                  c2436e3c    00000004     Local_pe674.oe674 (.const:ti_sysbios_heaps_HeapMem_A_zeroBlock__C)
                  c2436e40    00000011     lv_group.obj (.const:.string:$P$T1$2)
                  c2436e51    00000003     --HOLE-- [fill = 0]
                  c2436e54    00000004     Local_pe674.oe674 (.const:ti_sysbios_heaps_HeapMem_E_memory__C)
                  c2436e58    00000011     lv_tlsf.obj (.const:.string:$P$T12$11)
                  c2436e69    00000003     --HOLE-- [fill = 0]
                  c2436e6c    00000004     Local_pe674.oe674 (.const:ti_sysbios_heaps_HeapMem_Module__diagsEnabled__C)
                  c2436e70    00000011     lv_tlsf.obj (.const:.string:$P$T13$12)
                  c2436e81    00000003     --HOLE-- [fill = 0]
                  c2436e84    00000004     Local_pe674.oe674 (.const:ti_sysbios_heaps_HeapMem_Module__diagsIncluded__C)
                  c2436e88    00000011     lv_tlsf.obj (.const:.string:$P$T18$17)
                  c2436e99    00000003     --HOLE-- [fill = 0]
                  c2436e9c    00000004     Local_pe674.oe674 (.const:ti_sysbios_heaps_HeapMem_Module__diagsMask__C)
                  c2436ea0    00000011     lv_tlsf.obj (.const:.string:$P$T22$21)
                  c2436eb1    00000003     --HOLE-- [fill = 0]
                  c2436eb4    00000004     Local_pe674.oe674 (.const:ti_sysbios_heaps_HeapMem_Module__gateObj__C)
                  c2436eb8    00000011     lv_chart.obj (.const:.string:$P$T23$22)
                  c2436ec9    00000003     --HOLE-- [fill = 0]
                  c2436ecc    00000004     Local_pe674.oe674 (.const:ti_sysbios_heaps_HeapMem_Object__count__C)
                  c2436ed0    00000011     lv_tlsf.obj (.const:.string:$P$T27$24)
                  c2436ee1    00000003     --HOLE-- [fill = 0]
                  c2436ee4    00000004     Local_pe674.oe674 (.const:ti_sysbios_heaps_HeapMem_Object__table__C)
                  c2436ee8    00000011     lv_meter.obj (.const:.string:$P$T3$4)
                  c2436ef9    00000011     stk6_ppp_pppoe.ae674 : tcp6prot.oe674 (.const:.string)
                  c2436f0a    00000011                          : tcpprot.oe674 (.const:.string)
                  c2436f1b    00000001     --HOLE-- [fill = 0]
                  c2436f1c    00000004     Local_pe674.oe674 (.const:ti_sysbios_heaps_HeapMem_reqAlign__C)
                  c2436f20    00000011     ti.targets.rts6000.ae674 : System.oe674 (.const:digtohex)
                  c2436f31    00000003     --HOLE-- [fill = 0]
                  c2436f34    00000004     Local_pe674.oe674 (.const:ti_sysbios_knl_Clock_A_badThreadType__C)
                  c2436f38    00000010     lv_group.obj (.const:.string:$P$T0$1)
                  c2436f48    00000010     lv_refr.obj (.const:.string:$P$T1$1)
                  c2436f58    00000010     lv_timer.obj (.const:.string:$P$T1$5)
                  c2436f68    00000010     lv_tlsf.obj (.const:.string:$P$T14$13)
                  c2436f78    00000010     lv_tlsf.obj (.const:.string:$P$T15$14)
                  c2436f88    00000010     lv_img_buf.obj (.const:.string:$P$T2$2)
                  c2436f98    00000010     lv_hal_indev.obj (.const:.string:$P$T2$3)
                  c2436fa8    00000010     lv_obj_style.obj (.const:.string:$P$T3$2)
                  c2436fb8    00000010     lv_tlsf.obj (.const:.string:$P$T30$26)
                  c2436fc8    00000010     lv_img_decoder.obj (.const:.string:$P$T7$7)
                  c2436fd8    00000010     lv_draw_sw_letter.obj (.const:.string:_lv_bpp4_opa_table)
                  c2436fe8    00000010     rts6740_elf.lib : _scanfi.c.obj (.const:.string)
                  c2436ff8    00000010     lv_font_montserrat_48.obj (.const:kern_classes)
                  c2437008    00000010     Local_pe674.oe674 (.const:ti_sysbios_family_c64p_EventCombiner_EVTMASK__C)
                  c2437018    0000000f     lv_flex.obj (.const:.string:$P$T0$1)
                  c2437027    00000001     --HOLE-- [fill = 0]
                  c2437028    0000000f     lv_img.obj (.const:.string:$P$T0$1)
                  c2437037    00000001     --HOLE-- [fill = 0]
                  c2437038    0000000f     lv_style.obj (.const:.string:$P$T1$1)
                  c2437047    00000001     --HOLE-- [fill = 0]
                  c2437048    0000000f     lv_mem.obj (.const:.string:$P$T1$3)
                  c2437057    00000001     --HOLE-- [fill = 0]
                  c2437058    0000000f     lv_tlsf.obj (.const:.string:$P$T20$19)
                  c2437067    00000001     --HOLE-- [fill = 0]
                  c2437068    0000000f     lv_tlsf.obj (.const:.string:$P$T24$23)
                  c2437077    00000001     --HOLE-- [fill = 0]
                  c2437078    0000000f     lv_mem.obj (.const:.string:$P$T3$4)
                  c2437087    00000001     --HOLE-- [fill = 0]
                  c2437088    0000000e     lv_anim.obj (.const:.string:$P$T0$1)
                  c2437096    00000002     --HOLE-- [fill = 0]
                  c2437098    0000000e     lv_draw_sw_gradient.obj (.const:.string:$P$T0$1)
                  c24370a6    00000002     --HOLE-- [fill = 0]
                  c24370a8    0000000e     lv_tlsf.obj (.const:.string:$P$T19$18)
                  c24370b6    00000002     --HOLE-- [fill = 0]
                  c24370b8    0000000e     lv_draw_mask.obj (.const:.string:$P$T2$3)
                  c24370c6    0000000e     stk6_ppp_pppoe.ae674 : timer.oe674 (.const:.string)
                  c24370d4    00000004     Local_pe674.oe674 (.const:ti_sysbios_knl_Clock_A_clockDisabled__C)
                  c24370d8    0000000d     lv_bmp.obj (.const:.string:$P$T0$1)
                  c24370e5    00000003     --HOLE-- [fill = 0]
                  c24370e8    0000000d     lv_mem.obj (.const:.string:$P$T0$2)
                  c24370f5    00000003     --HOLE-- [fill = 0]
                  c24370f8    0000000d     lv_tlsf.obj (.const:.string:$P$T11$10)
                  c2437105    00000003     --HOLE-- [fill = 0]
                  c2437108    0000000d     lv_tlsf.obj (.const:.string:$P$T29$25)
                  c2437115    0000000d     os.ae674 : ossys.oe674 (.const:.string)
                  c2437122    00000002     --HOLE-- [fill = 0]
                  c2437124    00000004     Local_pe674.oe674 (.const:ti_sysbios_knl_Clock_LM_begin__C)
                  c2437128    0000000c     lv_tlsf.obj (.const:.string:$P$T10$9)
                  c2437134    0000000c     lv_checkbox.obj (.const:.string)
                  c2437140    0000000c     os.ae674 : efs.oe674 (.const:.string)
                  c243714c    0000000c     imgBackground.obj (.const:imgBackground)
                  c2437158    0000000c     imgBrightness.obj (.const:imgBrightness)
                  c2437164    0000000c     imgCalculator.obj (.const:imgCalculator)
                  c2437170    0000000c     imgCalendar.obj (.const:imgCalendar)
                  c243717c    0000000c     imgClock.obj (.const:imgClock)
                  c2437188    0000000c     imgFan.obj (.const:imgFan)
                  c2437194    0000000c     imgFanGif.obj (.const:imgFanGif)
                  c24371a0    0000000c     imgFile.obj (.const:imgFile)
                  c24371ac    0000000c     imgGame.obj (.const:imgGame)
                  c24371b8    0000000c     imgHandHour.obj (.const:imgHandHour)
                  c24371c4    0000000c     imgHandMin.obj (.const:imgHandMin)
                  c24371d0    0000000c     imgHandSec.obj (.const:imgHandSec)
                  c24371dc    0000000c     imgLAN.obj (.const:imgLAN)
                  c24371e8    0000000c     imgRoate.obj (.const:imgRoate)
                  c24371f4    0000000c     imgSnake.obj (.const:imgSnake)
                  c2437200    0000000c     imgSystemInfo.obj (.const:imgSystemInfo)
                  c243720c    0000000c     imgTetris.obj (.const:imgTetris)
                  c2437218    0000000c     imgTouch.obj (.const:imgTouch)
                  c2437224    0000000c     imgWLAN.obj (.const:imgWLAN)
                  c2437230    0000000c     SourceHanSansCN_Normal_16.obj (.const:kern_pairs)
                  c243723c    0000000c     Local_pe674.oe674 (.const:ti_sysbios_family_c64p_Cache_initSize__C)
                  c2437248    0000000c     Local_pe674.oe674 (.const:ti_sysbios_knl_Idle_coreList__A)
                  c2437254    00000004     Local_pe674.oe674 (.const:ti_sysbios_knl_Clock_LM_tick__C)
                  c2437258    0000000c     Local_pe674.oe674 (.const:ti_sysbios_knl_Idle_funcList__A)
                  c2437264    00000004     Local_pe674.oe674 (.const:ti_sysbios_knl_Clock_LW_delayed__C)
                  c2437268    0000000b     lv_fs.obj (.const:.string:$P$T1$1)
                  c2437273    00000001     --HOLE-- [fill = 0]
                  c2437274    00000004     Local_pe674.oe674 (.const:ti_sysbios_knl_Clock_Module_State_clockQ__O)
                  c2437278    0000000b     lv_tlsf.obj (.const:.string:$P$T1$1)
                  c2437283    00000001     --HOLE-- [fill = 0]
                  c2437284    00000004     Local_pe674.oe674 (.const:ti_sysbios_knl_Clock_Module__diagsEnabled__C)
                  c2437288    0000000b     lv_tlsf.obj (.const:.string:$P$T2$2)
                  c2437293    00000001     --HOLE-- [fill = 0]
                  c2437294    00000004     Local_pe674.oe674 (.const:ti_sysbios_knl_Clock_Module__diagsIncluded__C)
                  c2437298    0000000b     lv_tlsf.obj (.const:.string:$P$T4$4)
                  c24372a3    0000000b     stk6_ppp_pppoe.ae674 : route.oe674 (.const:.string)
                  c24372ae    00000002     --HOLE-- [fill = 0]
                  c24372b0    0000000a     lv_sjpg.obj (.const:.string:$P$T1$1)
                  c24372ba    00000002     --HOLE-- [fill = 0]
                  c24372bc    00000004     Local_pe674.oe674 (.const:ti_sysbios_knl_Clock_Module__diagsMask__C)
                  c24372c0    0000000a     lv_tlsf.obj (.const:.string:$P$T5$5)
                  c24372ca    00000002     --HOLE-- [fill = 0]
                  c24372cc    00000004     Local_pe674.oe674 (.const:ti_sysbios_knl_Clock_Module__loggerFxn1__C)
                  c24372d0    00000009     Calculator.obj (.const:.string:$P$T0$1)
                  c24372d9    00000003     --HOLE-- [fill = 0]
                  c24372dc    00000004     Local_pe674.oe674 (.const:ti_sysbios_knl_Clock_Module__loggerFxn2__C)
                  c24372e0    00000009     Calendar.obj (.const:.string:$P$T0$1)
                  c24372e9    00000003     --HOLE-- [fill = 0]
                  c24372ec    00000004     Local_pe674.oe674 (.const:ti_sysbios_knl_Clock_Module__loggerObj__C)
                  c24372f0    00000009     Fan.obj (.const:.string:$P$T0$1)
                  c24372f9    00000003     --HOLE-- [fill = 0]
                  c24372fc    00000004     Local_pe674.oe674 (.const:ti_sysbios_knl_Semaphore_A_badContext__C)
                  c2437300    00000009     LCDBrightness.obj (.const:.string:$P$T0$1)
                  c2437309    00000003     --HOLE-- [fill = 0]
                  c243730c    00000004     Local_pe674.oe674 (.const:ti_sysbios_knl_Semaphore_A_noEvents__C)
                  c2437310    00000009     Network.obj (.const:.string:$P$T0$1)
                  c2437319    00000003     --HOLE-- [fill = 0]
                  c243731c    00000004     Local_pe674.oe674 (.const:ti_sysbios_knl_Semaphore_A_overflow__C)
                  c2437320    00000009     SystemInfo.obj (.const:.string:$P$T0$1)
                  c2437329    00000003     --HOLE-- [fill = 0]
                  c243732c    00000004     Local_pe674.oe674 (.const:ti_sysbios_knl_Semaphore_A_pendTaskDisabled__C)
                  c2437330    00000009     Clock.obj (.const:.string:$P$T1$1)
                  c2437339    00000003     --HOLE-- [fill = 0]
                  c243733c    00000004     Local_pe674.oe674 (.const:ti_sysbios_knl_Semaphore_Instance_State_pendQ__O)
                  c2437340    00000009     lv_tlsf.obj (.const:.string:$P$T3$3)
                  c2437349    00000001     --HOLE-- [fill = 0]
                  c243734a    00000008     lv_draw_sw_polygon.obj (.const:$P$T0$1)
                  c2437352    00000002     --HOLE-- [fill = 0]
                  c2437354    00000008     lv_tlsf.obj (.const:$P$T21$20)
                  c243735c    00000004     Local_pe674.oe674 (.const:ti_sysbios_knl_Semaphore_LM_pend__C)
                  c2437360    00000008     lv_obj.obj (.const:.string:$P$T0$1)
                  c2437368    00000008     lv_png.obj (.const:.string:$P$T1$1)
                  c2437370    00000008     lodepng.obj (.const:.string:$P$T25$3)
                  c2437378    00000008     lv_draw_img.obj (.const:.string)
                  c2437380    00000008     ti.targets.rts6000.ae674 : System.oe674 (.const:.string)
                  c2437388    00000008     Local_pe674.oe674 (.const:ti_sysbios_family_c64p_Hwi_hooks__C)
                  c2437390    00000008     Local_pe674.oe674 (.const:ti_sysbios_knl_Idle_coreList__C)
                  c2437398    00000008     Local_pe674.oe674 (.const:ti_sysbios_knl_Idle_funcList__C)
                  c24373a0    00000008     Local_pe674.oe674 (.const:ti_sysbios_knl_Swi_hooks__C)
                  c24373a8    00000008     Local_pe674.oe674 (.const:ti_sysbios_knl_Task_hooks__C)
                  c24373b0    00000008     Local_pe674.oe674 (.const:xdc_runtime_Startup_firstFxns__A)
                  c24373b8    00000008     Local_pe674.oe674 (.const:xdc_runtime_Startup_firstFxns__C)
                  c24373c0    00000008     Local_pe674.oe674 (.const:xdc_runtime_Startup_lastFxns__C)
                  c24373c8    00000007     rts6740_elf.lib : _scanfi.c.obj (.const:.string:flit$1)
                  c24373cf    00000001     --HOLE-- [fill = 0]
                  c24373d0    00000006                     : _scanfi.c.obj (.const:.string:barr$2)
                  c24373d6    00000002     --HOLE-- [fill = 0]
                  c24373d8    00000004     lv_img_buf.obj (.const:.string:$P$T1$1)
                  c24373dc    00000004     Local_pe674.oe674 (.const:ti_sysbios_knl_Semaphore_LM_post__C)
                  c24373e0    00000004     lv_img_decoder.obj (.const:.string:$P$T6$6)
                  c24373e4    00000004     Local_pe674.oe674 (.const:ti_sysbios_knl_Semaphore_Module__diagsEnabled__C)
                  c24373e8    00000004     lv_draw_sw_letter.obj (.const:.string:_lv_bpp2_opa_table)
                  c24373ec    00000004     Local_pe674.oe674 (.const:ti_sysbios_knl_Semaphore_Module__diagsIncluded__C)
                  c24373f0    00000004     Local_pe674.oe674 (.const:ti_sysbios_knl_Semaphore_Module__diagsMask__C)
                  c24373f4    00000004     Local_pe674.oe674 (.const:ti_sysbios_knl_Semaphore_Module__loggerFxn2__C)
                  c24373f8    00000004     Local_pe674.oe674 (.const:ti_sysbios_knl_Semaphore_Module__loggerFxn4__C)
                  c24373fc    00000004     Local_pe674.oe674 (.const:ti_sysbios_knl_Semaphore_Module__loggerObj__C)
                  c2437400    00000004     Local_pe674.oe674 (.const:ti_sysbios_knl_Swi_A_badPriority__C)
                  c2437404    00000004     Local_pe674.oe674 (.const:ti_sysbios_knl_Swi_A_swiDisabled__C)
                  c2437408    00000004     Local_pe674.oe674 (.const:ti_sysbios_knl_Swi_LD_end__C)
                  c243740c    00000004     Local_pe674.oe674 (.const:ti_sysbios_knl_Swi_LM_begin__C)
                  c2437410    00000004     Local_pe674.oe674 (.const:ti_sysbios_knl_Swi_LM_post__C)
                  c2437414    00000004     Local_pe674.oe674 (.const:ti_sysbios_knl_Swi_Module__diagsEnabled__C)
                  c2437418    00000004     Local_pe674.oe674 (.const:ti_sysbios_knl_Swi_Module__diagsIncluded__C)
                  c243741c    00000004     Local_pe674.oe674 (.const:ti_sysbios_knl_Swi_Module__diagsMask__C)
                  c2437420    00000004     Local_pe674.oe674 (.const:ti_sysbios_knl_Swi_Module__loggerFxn1__C)
                  c2437424    00000004     Local_pe674.oe674 (.const:ti_sysbios_knl_Swi_Module__loggerFxn4__C)
                  c2437428    00000004     Local_pe674.oe674 (.const:ti_sysbios_knl_Swi_Module__loggerObj__C)
                  c243742c    00000004     Local_pe674.oe674 (.const:ti_sysbios_knl_Swi_Object__count__C)
                  c2437430    00000004     Local_pe674.oe674 (.const:ti_sysbios_knl_Swi_Object__heap__C)
                  c2437434    00000004     Local_pe674.oe674 (.const:ti_sysbios_knl_Swi_Object__table__C)
                  c2437438    00000004     Local_pe674.oe674 (.const:ti_sysbios_knl_Swi_numConstructedSwis__C)
                  c243743c    00000004     Local_pe674.oe674 (.const:ti_sysbios_knl_Task_A_badPriority__C)
                  c2437440    00000004     Local_pe674.oe674 (.const:ti_sysbios_knl_Task_A_badTaskState__C)
                  c2437444    00000004     Local_pe674.oe674 (.const:ti_sysbios_knl_Task_A_badThreadType__C)
                  c2437448    00000004     Local_pe674.oe674 (.const:ti_sysbios_knl_Task_A_badTimeout__C)
                  c243744c    00000004     Local_pe674.oe674 (.const:ti_sysbios_knl_Task_A_noPendElem__C)
                  c2437450    00000004     Local_pe674.oe674 (.const:ti_sysbios_knl_Task_A_sleepTaskDisabled__C)
                  c2437454    00000004     Local_pe674.oe674 (.const:ti_sysbios_knl_Task_A_taskDisabled__C)
                  c2437458    00000004     Local_pe674.oe674 (.const:ti_sysbios_knl_Task_E_deleteNotAllowed__C)
                  c243745c    00000004     Local_pe674.oe674 (.const:ti_sysbios_knl_Task_E_spOutOfBounds__C)
                  c2437460    00000004     Local_pe674.oe674 (.const:ti_sysbios_knl_Task_E_stackOverflow__C)
                  c2437464    00000004     Local_pe674.oe674 (.const:ti_sysbios_knl_Task_LD_block__C)
                  c2437468    00000004     Local_pe674.oe674 (.const:ti_sysbios_knl_Task_LD_exit__C)
                  c243746c    00000004     Local_pe674.oe674 (.const:ti_sysbios_knl_Task_LD_ready__C)
                  c2437470    00000004     Local_pe674.oe674 (.const:ti_sysbios_knl_Task_LM_setPri__C)
                  c2437474    00000004     Local_pe674.oe674 (.const:ti_sysbios_knl_Task_LM_sleep__C)
                  c2437478    00000004     Local_pe674.oe674 (.const:ti_sysbios_knl_Task_LM_switch__C)
                  c243747c    00000004     Local_pe674.oe674 (.const:ti_sysbios_knl_Task_Module_State_inactiveQ__O)
                  c2437480    00000004     Local_pe674.oe674 (.const:ti_sysbios_knl_Task_Module_State_terminatedQ__O)
                  c2437484    00000004     Local_pe674.oe674 (.const:ti_sysbios_knl_Task_Module__diagsEnabled__C)
                  c2437488    00000004     Local_pe674.oe674 (.const:ti_sysbios_knl_Task_Module__diagsIncluded__C)
                  c243748c    00000004     Local_pe674.oe674 (.const:ti_sysbios_knl_Task_Module__diagsMask__C)
                  c2437490    00000004     Local_pe674.oe674 (.const:ti_sysbios_knl_Task_Module__loggerFxn2__C)
                  c2437494    00000004     Local_pe674.oe674 (.const:ti_sysbios_knl_Task_Module__loggerFxn4__C)
                  c2437498    00000004     Local_pe674.oe674 (.const:ti_sysbios_knl_Task_Module__loggerObj__C)
                  c243749c    00000004     Local_pe674.oe674 (.const:ti_sysbios_knl_Task_Object__count__C)
                  c24374a0    00000004     Local_pe674.oe674 (.const:ti_sysbios_knl_Task_Object__heap__C)
                  c24374a4    00000004     Local_pe674.oe674 (.const:ti_sysbios_knl_Task_Object__table__C)
                  c24374a8    00000004     Local_pe674.oe674 (.const:ti_sysbios_knl_Task_allBlockedFunc__C)
                  c24374ac    00000004     Local_pe674.oe674 (.const:ti_sysbios_knl_Task_defaultStackHeap__C)
                  c24374b0    00000004     Local_pe674.oe674 (.const:ti_sysbios_knl_Task_defaultStackSize__C)
                  c24374b4    00000004     Local_pe674.oe674 (.const:ti_sysbios_knl_Task_numConstructedTasks__C)
                  c24374b8    00000004     Local_pe674.oe674 (.const:ti_sysbios_timers_timer64_Timer_A_notAvailable__C)
                  c24374bc    00000004     Local_pe674.oe674 (.const:ti_sysbios_timers_timer64_Timer_E_cannotSupport__C)
                  c24374c0    00000004     Local_pe674.oe674 (.const:ti_sysbios_timers_timer64_Timer_E_invalidTimer__C)
                  c24374c4    00000004     Local_pe674.oe674 (.const:ti_sysbios_timers_timer64_Timer_E_notAvailable__C)
                  c24374c8    00000004     Local_pe674.oe674 (.const:ti_sysbios_timers_timer64_Timer_Module__diagsEnabled__C)
                  c24374cc    00000004     Local_pe674.oe674 (.const:ti_sysbios_timers_timer64_Timer_Module__diagsIncluded__C)
                  c24374d0    00000004     Local_pe674.oe674 (.const:ti_sysbios_timers_timer64_Timer_Module__diagsMask__C)
                  c24374d4    00000004     Local_pe674.oe674 (.const:ti_sysbios_timers_timer64_Timer_anyMask__C)
                  c24374d8    00000004     Local_pe674.oe674 (.const:ti_sysbios_timers_timer64_Timer_defaultHalf__C)
                  c24374dc    00000004     Local_pe674.oe674 (.const:ti_sysbios_timers_timer64_Timer_freqDivisor__C)
                  c24374e0    00000004     Local_pe674.oe674 (.const:ti_sysbios_timers_timer64_Timer_numLocalTimers__C)
                  c24374e4    00000004     Local_pe674.oe674 (.const:ti_sysbios_timers_timer64_Timer_numTimerDevices__C)
                  c24374e8    00000004     Local_pe674.oe674 (.const:ti_sysbios_utils_Load_LS_cpuLoad__C)
                  c24374ec    00000004     Local_pe674.oe674 (.const:ti_sysbios_utils_Load_LS_hwiLoad__C)
                  c24374f0    00000004     Local_pe674.oe674 (.const:ti_sysbios_utils_Load_LS_swiLoad__C)
                  c24374f4    00000004     Local_pe674.oe674 (.const:ti_sysbios_utils_Load_LS_taskLoad__C)
                  c24374f8    00000004     Local_pe674.oe674 (.const:ti_sysbios_utils_Load_Module_State_taskList__O)
                  c24374fc    00000004     Local_pe674.oe674 (.const:ti_sysbios_utils_Load_Module__diagsEnabled__C)
                  c2437500    00000004     Local_pe674.oe674 (.const:ti_sysbios_utils_Load_Module__diagsIncluded__C)
                  c2437504    00000004     Local_pe674.oe674 (.const:ti_sysbios_utils_Load_Module__diagsMask__C)
                  c2437508    00000004     Local_pe674.oe674 (.const:ti_sysbios_utils_Load_Module__loggerFxn1__C)
                  c243750c    00000004     Local_pe674.oe674 (.const:ti_sysbios_utils_Load_Module__loggerFxn2__C)
                  c2437510    00000004     Local_pe674.oe674 (.const:ti_sysbios_utils_Load_Module__loggerFxn4__C)
                  c2437514    00000004     Local_pe674.oe674 (.const:ti_sysbios_utils_Load_Module__loggerObj__C)
                  c2437518    00000004     Local_pe674.oe674 (.const:ti_sysbios_utils_Load_postUpdate__C)
                  c243751c    00000004     Local_pe674.oe674 (.const:ti_sysbios_utils_Load_windowInMs__C)
                  c2437520    00000004     Local_pe674.oe674 (.const:xdc_runtime_Assert_E_assertFailed__C)
                  c2437524    00000004     Local_pe674.oe674 (.const:xdc_runtime_Core_A_initializedParams__C)
                  c2437528    00000004     Local_pe674.oe674 (.const:xdc_runtime_Core_Module__diagsEnabled__C)
                  c243752c    00000004     Local_pe674.oe674 (.const:xdc_runtime_Core_Module__diagsIncluded__C)
                  c2437530    00000004     Local_pe674.oe674 (.const:xdc_runtime_Core_Module__diagsMask__C)
                  c2437534    00000004     Local_pe674.oe674 (.const:xdc_runtime_Error_E_memory__C)
                  c2437538    00000004     Local_pe674.oe674 (.const:xdc_runtime_Error_Module__diagsEnabled__C)
                  c243753c    00000004     Local_pe674.oe674 (.const:xdc_runtime_Error_Module__diagsIncluded__C)
                  c2437540    00000004     Local_pe674.oe674 (.const:xdc_runtime_Error_Module__diagsMask__C)
                  c2437544    00000004     Local_pe674.oe674 (.const:xdc_runtime_Error_Module__loggerFxn8__C)
                  c2437548    00000004     Local_pe674.oe674 (.const:xdc_runtime_Error_Module__loggerObj__C)
                  c243754c    00000004     Local_pe674.oe674 (.const:xdc_runtime_Error_policy__C)
                  c2437550    00000004     Local_pe674.oe674 (.const:xdc_runtime_Error_raiseHook__C)
                  c2437554    00000004     Local_pe674.oe674 (.const:xdc_runtime_IGateProvider_Interface__BASE__C)
                  c2437558    00000004     Local_pe674.oe674 (.const:xdc_runtime_IHeap_Interface__BASE__C)
                  c243755c    00000004     Local_pe674.oe674 (.const:xdc_runtime_ILogger_Interface__BASE__C)
                  c2437560    00000004     Local_pe674.oe674 (.const:xdc_runtime_IModule_Interface__BASE__C)
                  c2437564    00000004     Local_pe674.oe674 (.const:xdc_runtime_Log_L_error__C)
                  c2437568    00000004     Local_pe674.oe674 (.const:xdc_runtime_Memory_defaultHeapInstance__C)
                  c243756c    00000004     Local_pe674.oe674 (.const:xdc_runtime_Startup_execImpl__C)
                  c2437570    00000004     Local_pe674.oe674 (.const:xdc_runtime_Startup_lastFxns__A)
                  c2437574    00000004     Local_pe674.oe674 (.const:xdc_runtime_Startup_maxPasses__C)
                  c2437578    00000004     Local_pe674.oe674 (.const:xdc_runtime_Startup_sfxnRts__C)
                  c243757c    00000004     Local_pe674.oe674 (.const:xdc_runtime_Startup_sfxnTab__C)
                  c2437580    00000004     Local_pe674.oe674 (.const:xdc_runtime_Startup_startModsFxn__C)
                  c2437584    00000004     Local_pe674.oe674 (.const:xdc_runtime_SysMin_bufSize__C)
                  c2437588    00000004     Local_pe674.oe674 (.const:xdc_runtime_SysMin_outputFunc__C)
                  c243758c    00000004     Local_pe674.oe674 (.const:xdc_runtime_System_Module__gateObj__C)
                  c2437590    00000004     Local_pe674.oe674 (.const:xdc_runtime_System_extendFxn__C)
                  c2437594    00000004     Local_pe674.oe674 (.const:xdc_runtime_System_maxAtexitHandlers__C)
                  c2437598    00000004     Local_pe674.oe674 (.const:xdc_runtime_Text_charTab__C)
                  c243759c    00000004     Local_pe674.oe674 (.const:xdc_runtime_Text_nameEmpty__C)
                  c24375a0    00000004     Local_pe674.oe674 (.const:xdc_runtime_Text_nameStatic__C)
                  c24375a4    00000004     Local_pe674.oe674 (.const:xdc_runtime_Text_nameUnknown__C)
                  c24375a8    00000004     Local_pe674.oe674 (.const:xdc_runtime_Text_nodeTab__C)
                  c24375ac    00000004     Local_pe674.oe674 (.const:xdc_runtime_Text_visitRopeFxn__C)
                  c24375b0    00000002     lv_textarea.obj (.const:.string:$P$T3$4)
                  c24375b2    00000006     --HOLE-- [fill = 0]
                  c24375b8    00000002     lv_img_decoder.obj (.const:.string:$P$T5$5)
                  c24375ba    00000006     --HOLE-- [fill = 0]
                  c24375c0    00000002     lv_draw_sw_letter.obj (.const:.string:_lv_bpp1_opa_table)

.switch.1 
*          0    c24375c4    0000001c     
                  c24375c4    0000001c     stk6_ppp_pppoe.ae674 : sock6int.oe674 (.switch:Sock6Notify)

.far       0    c2437600    003a7c44     UNINITIALIZED
                  c2437600    00100000     lv_mem.obj (.far:work_mem_int$1)
                  c2537600    000bb824     (.common:g_pucBuffer)
                  c25f2e24    00000004     (.common:swCtrlFeatures)
                  c25f2e28    000bb800     lv_port_disp_c674x.obj (.far:buf_1$2)
                  c26ae628    000bb800     lv_port_disp_c674x.obj (.far:buf_2$3)
                  c2769e28    0000004c     lv_port_disp_c674x.obj (.far:disp_drv$4)
[...]
c2904380  xdc_runtime_System_vsnprintf__F                                     
c29043a0  NDK_vsprintf                                                        
c29043a0  xdc_runtime_System_vsprintf__E                                      
c29043c0  xdc_runtime_System_sprintf_va__F                                    
c29043c0  xdc_runtime_System_vsprintf__F                                      
c29043e0  xdc_runtime_Text_cordText__E                                        
c2904400  xdc_runtime_Text_putLab__E                                          
c2904420  xdc_runtime_Text_putSite__E                                         
c2904440  xdc_runtime_Text_ropeText__E                                        
c2904460  xdc_runtime_Timestamp_SupportProxy_get32__E                         
c2904460  xdc_runtime_Timestamp_get32__F                                      
c2904480  xdc_runtime_Timestamp_SupportProxy_getFreq__E                       
c2904480  xdc_runtime_Timestamp_getFreq__F                                    
c29044a0  xdc_runtime_Timestamp_get32__E                                      
c29044c0  xdc_runtime_Timestamp_getFreq__E                                    
c2904800  CmdLists                                                            
c2905000  ti_sysbios_family_c64p_EventCombiner_Module__state__V               
c2905400  _ftable                                                             
c29055e0  icon                                                                
c29056f8  g_sCmdTable                                                         
c29057c4  _ipcfg                                                              
c2905878  _stream                                                             
c2905918  ti_sysbios_knl_Task_Object__table__V                                
c2905968  TSK_idle                                                            
c29059b8  ti_sysbios_utils_Load_Module__state__V                              
c2905a50  ti_sysbios_family_c64p_Hwi_Object__table__V                         
c2905adc  _lock                                                               
c2905ae0  ti_sysbios_knl_Swi_Module_State_0_readyQ__A                         
c2905b60  ti_sysbios_knl_Task_Module_State_0_readyQ__A                        
c2905be0  _device                                                             
c2905c58  ti_sysbios_family_c64p_Hwi_Module__state__V                         
c2905cc0  ti_sysbios_timers_timer64_Timer_Module_State_0_device__A            
c2905d20  BootModeStr                                                         
c2905d70  DNSErrorStrings                                                     
c2905e10  ti_sysbios_gates_GateMutex_Object__table__V                         
c2905e60  ti_sysbios_timers_timer64_Timer_Object__table__V                    
c2905eb0  ulDataPatternTable                                                  
c2905f50  ti_sysbios_knl_Task_Module__state__V                                
c2905f94  _unlock                                                             
c2906098  ti_sysbios_utils_Load_Module_State_0_taskEnv__A                     
c2906104  __TI_ft_end                                                         
c2906140  ti_sysbios_knl_Swi_Object__table__V                                 
c2906174  __errno                                                             
c2906174  errno                                                               
c29061a8  ti_sysbios_family_c64p_Exception_Module__state__V                   
c2906234  ti_sysbios_knl_Clock_Module__state__V                               
c290625c  ti_sysbios_family_c64p_Cache_Module__state__V                       
c2906284  ti_sysbios_family_c64p_primus_TimerSupport_Module__state__V         
c29062ac  _oscfg                                                              
c29062f0  palette_32b                                                         
c2906310  pstrMsgName                                                         
c2906330  ti_sysbios_BIOS_Module__state__V                                    
c2906350  ti_sysbios_timers_timer64_Timer_Module_State_0_gctrl__A             
c2906370  ti_sysbios_timers_timer64_Timer_Module_State_0_handles__A           
c2906390  ti_sysbios_timers_timer64_Timer_Module_State_0_intFreqs__A          
c29063b0  xdc_runtime_System_Module_State_0_atexitHandlers__A                 
c29063d0  WeekDayStr                                                          
c29063ec  xdc_runtime_Memory_Module__state__V                                 
c290642c  xdc_runtime_Error_Module__state__V                                  
c2906450  ti_ndk_config_Global_Id2Size                                        
c2906470  ti_sysbios_heaps_HeapMem_Object__table__V                           
c290648c  ti_sysbios_knl_Swi_Module__state__V                                 
c29064c0  TaskName                                                            
c29064d8  LinkStr                                                             
c29064f0  ReportStr                                                           
c2906508  StatusStr                                                           
c2906564  ti_sysbios_timers_timer64_Timer_Module__state__V                    
c2906578  GatewayIP                                                           
c2906588  LocalIPMask                                                         
c2906598  SEGVal                                                              
c29065a8  StaticIPAddr                                                        
c29065c8  __TI_cleanup_ptr                                                    
c29065cc  __TI_dtors_ptr                                                      
c29065d0  __TI_enable_exit_profile_output                                     
c29065d8  ti_sysbios_hal_Hwi_Object__table__V                                 
c29065e8  ti_sysbios_hal_Timer_Object__table__V                               
c29065f8  xdc_runtime_LoggerSys_Object__table__V                              
c2906604  xdc_runtime_SysMin_Module__state__V                                 
c2906610  xdc_runtime_System_Module__state__V                                 
c2906640  NIMUDeviceTable                                                     
c2906648  ti_sysbios_family_c64p_Hwi_Module__root__V                          
c2906650  ti_sysbios_family_c64p_primus_TimerSupport_Module_State_0_suspSrc__A
c2906658  ti_sysbios_gates_GateHwi_Module__root__V                            
c2906660  ti_sysbios_gates_GateHwi_Object__table__V                           
c2906668  ti_sysbios_gates_GateMutex_Module__root__V                          
c2906670  ti_sysbios_hal_Hwi_Module__root__V                                  
c2906678  ti_sysbios_heaps_HeapMem_Module__root__V                            
c2906680  ti_sysbios_knl_Clock_Module__root__V                                
c2906688  ti_sysbios_knl_Queue_Module__root__V                                
c2906690  ti_sysbios_knl_Semaphore_Module__root__V                            
c2906698  ti_sysbios_knl_Swi_Module__root__V                                  
c29066a0  ti_sysbios_knl_Task_Module__root__V                                 
c29066a8  ti_sysbios_timers_timer64_Timer_Module__root__V                     
c29066b0  xdc_runtime_LoggerSys_Module__root__V                               
c29066b8  xdc_runtime_Registry_Module__state__V                               
c29066c0  xdc_runtime_Startup_Module__state__V                                
c29066e0  ti_sysbios_knl_Task_Module_State_0_idleTask__A                      
c29066e8  ti_sysbios_utils_Load_Module_State_0_runningTask__A                 
c29066f0  ti_sysbios_utils_Load_Module_State_0_taskStartTime__A               
c29066f8  DHCP_OPTIONS                                                        
c29070e0  __TI_STATIC_BASE                                                    
c29070f8  _IGMPInDiscard                                                      
c29070fc  _IGMPInQuery                                                        
c2907100  _IGMPInQueryGroup                                                   
c2907104  _IGMPInResponse                                                     
c2907108  _IGMPOutResponse                                                    
c29071bc  BootMode                                                            
c29071c0  DHCPSw                                                              
c29071c4  KEY4SwiHandle                                                       
c29071c8  KEY6SwiHandle                                                       
c29071cc  LV_LAYOUT_FLEX                                                      
c29071d0  LV_LAYOUT_GRID                                                      
c29071d4  LV_STYLE_FLEX_CROSS_PLACE                                           
c29071d8  LV_STYLE_FLEX_FLOW                                                  
c29071dc  LV_STYLE_FLEX_GROW                                                  
c29071e0  LV_STYLE_FLEX_MAIN_PLACE                                            
c29071e4  LV_STYLE_FLEX_TRACK_PLACE                                           
c29071e8  LV_STYLE_GRID_CELL_COLUMN_POS                                       
c29071ec  LV_STYLE_GRID_CELL_COLUMN_SPAN                                      
c29071f0  LV_STYLE_GRID_CELL_ROW_POS                                          
c29071f4  LV_STYLE_GRID_CELL_ROW_SPAN                                         
c29071f8  LV_STYLE_GRID_CELL_X_ALIGN                                          
c29071fc  LV_STYLE_GRID_CELL_Y_ALIGN                                          
c2907200  LV_STYLE_GRID_COLUMN_ALIGN                                          
c2907204  LV_STYLE_GRID_COLUMN_DSC_ARRAY                                      
c2907208  LV_STYLE_GRID_ROW_ALIGN                                             
c290720c  LV_STYLE_GRID_ROW_DSC_ARRAY                                         
c2907210  UARTConsoleSemHandle                                                
c2907214  UARTConsoleTaskHandle                                               
c2907218  _lv_grad_cache_mem                                                  
c290721c  _lv_layout_list                                                     
c2907220  _lv_theme_basic_styles                                              
c2907224  _lv_theme_default_styles                                            
c2907228  _lv_timer_act                                                       
c290722c  indev_touchpad                                                      
c2907230  p_rx                                                                
c2907234  p_tx                                                                
c2907238  rh                                                                  
c290723c  rx_len                                                              
c2907240  t                                                                   
c2907244  temp_label                                                          
c2907248  time_label                                                          
c290724c  timelabel                                                           
c2907250  timer                                                               
c2907254  tx_len                                                              
c290725e  NDKFlag                                                             
c2907260  CONTENT_TYPE_APPLET                                                 
c2907264  CONTENT_TYPE_AU                                                     
c2907268  CONTENT_TYPE_CSS                                                    
c290726c  CONTENT_TYPE_DOC                                                    
c2907270  CONTENT_TYPE_GIF                                                    
c2907274  CONTENT_TYPE_HTML                                                   
c2907278  CONTENT_TYPE_JPG                                                    
c290727c  CONTENT_TYPE_MPEG                                                   
c2907280  CONTENT_TYPE_PDF                                                    
c2907284  CONTENT_TYPE_WAV                                                    
c2907288  CONTENT_TYPE_ZIP                                                    
c290728c  CONTENT_TYPE                                                        
c2907290  CONTENT_LENGTH                                                      
c2907294  CRLF                                                                
c2907298  DEFAULT_NAME                                                        
c290729c  HTTP_VER                                                            
c29072a0  SPACE                                                               
c29072b8  VerStr                                                              
c29072bc  DHCPMode                                                            
c29072c0  HostName                                                            
c29072c4  LocalIPAddr                                                         
c29072c8  DomainName                                                          
c29072cc  DNSServer                                                           
c29072d0  PITCount                                                            
c29072d4  PITUsed                                                             
c29072d8  PITHigh                                                             
c2907314  _lv_txt_encoded_size                                                
c2907318  _lv_txt_unicode_to_encoded                                          
c290731c  _lv_txt_encoded_conv_wc                                             
c2907320  _lv_txt_encoded_next                                                
c2907324  _lv_txt_encoded_prev                                                
c2907328  _lv_txt_encoded_get_byte_id                                         
c290732c  _lv_txt_encoded_get_char_id                                         
c2907330  _lv_txt_get_encoded_length                                          
c29073e0  _IGMPForceVersion1                                                  
c29073f8  TxChanEnable_all                                                    
c29073fc  RxChanEnable_all                                                    
c2907409  CmdHistorySaveNo                                                    
c290740a  CmdHistorySaveIndex                                                 
c290740b  CmdHistoryDisplayIndex                                              
c2907414  sataRegs                                                            
c2907418  temp                                                                
c2907454  _ICMPInErrors                                                       
c2907458  _ICMPOutErrors                                                      
c290745c  _IPExecuting                                                        
c290746c  gFragQList                                                          
c290748c  tcp_iss                                                             
c2907490  ptTimeFirst                                                         
c2907494  pt6TimeFirst                                                        
c2907498  tcp6_iss                                                            
c29074ac  spi_flag                                                            
c29074b4  SoftPWM                                                             
c29074b8  OSCINFreq                                                           
c29074d0  LODEPNG_VERSION_STRING                                              
c29074f0  httpErrorResponseHook                                               
c2907504  _IPReasmPtr                                                         
c2907510  gMLDNodeList                                                        
c290752a  roate                                                               
c290752b  SECLED                                                              
c290752e  LED_OP                                                              
c2907538  IPV6_MAX_MULTICAST_SOLICIT                                          
c290753c  IPV6_MAX_UNICAST_SOLICIT                                            
c2907540  IPV6_RETRANS_TIME                                                   
c2907544  IPV6_DELAY_FIRST_PROBE_TIME                                         
c2907548  IPV6_REACHABLE_TIME                                                 
c290754c  IPV6_MAX_RTR_SOLICITATION_DELAY                                     
c2907550  IPV6_RTR_SOLICITATION_INTERVAL                                      
c2907554  IPV6_MAX_RTR_SOLICITATIONS                                          
c2907558  INFINITE_LT                                                         
c290755c  ti_ndk_config_Global_rawPageSize                                    
c2907560  ti_ndk_config_Global_rawPageCount                                   
c2907564  ti_ndk_config_Global_smallest                                       
c2907568  ti_ndk_config_Global_largest                                        
c290756c  ti_ndk_config_Global_numFrameBuf                                    
c2907570  ti_ndk_config_Global_sizeFrameBuf                                   
c2907578  __CIOBUF_                                                           
c2907800  ti_sysbios_family_c64p_Hwi0                                         
c2907800  ti_sysbios_family_c64p_Hwi_int0                                     
c2907820  ti_sysbios_family_c64p_Hwi_int1                                     
c2907840  ti_sysbios_family_c64p_Hwi_int2                                     
c2907860  ti_sysbios_family_c64p_Hwi_int3                                     
c2907880  ti_sysbios_family_c64p_Hwi_int4                                     
c29078a0  ti_sysbios_family_c64p_Hwi_int5                                     
c29078c0  ti_sysbios_family_c64p_Hwi_int6                                     
c29078e0  ti_sysbios_family_c64p_Hwi_int7                                     
c2907900  ti_sysbios_family_c64p_Hwi_int8                                     
c2907920  ti_sysbios_family_c64p_Hwi_int9                                     
c2907940  ti_sysbios_family_c64p_Hwi_int10                                    
c2907960  ti_sysbios_family_c64p_Hwi_int11                                    
c2907980  ti_sysbios_family_c64p_Hwi_int12                                    
c29079a0  ti_sysbios_family_c64p_Hwi_int13                                    
c29079c0  ti_sysbios_family_c64p_Hwi_int14                                    
c29079e0  ti_sysbios_family_c64p_Hwi_int15                                    
c290901c  __TI_Handler_Table_Base                                             
c2909024  __TI_Handler_Table_Limit                                            
c2909028  __TI_CINIT_Base                                                     
c2909060  __TI_CINIT_Limit                                                    
c3000000  _c_int00                                                            
ffffffff  __TI_pprof_out_hndl                                                 
ffffffff  __TI_prof_data_size                                                 
ffffffff  __TI_prof_data_start                                                
ffffffff  __binit__                                                           
ffffffff  __c_args__                                                          
ffffffff  binit                                                               
UNDEFED   __TI_INITARRAY_Base                                                 
UNDEFED   __TI_INITARRAY_Limit                                                

[3433 symbols]
