******************************************************************************
               TMS320C6x Linker PC v8.3.12                     
******************************************************************************
>> Linked Sun May  8 22:59:17 2022

OUTPUT FILE NAME:   <Board_C674x.out>
ENTRY POINT SYMBOL: "_c_int00"  address: c3000000


MEMORY CONFIGURATION

         name            origin    length      used     unused   attr    fill
----------------------  --------  ---------  --------  --------  ----  --------
  DSPL2RAM              00800000   00040000  00004000  0003c000  RW  
  SHRAM                 80000000   00020000  00000004  0001fffc  RW X
  DDR2                  c0000000   08000000  0285d200  057a2e00  RW X


SEGMENT ALLOCATION MAP

run origin  load origin   length   init length attrs members
----------  ----------- ---------- ----------- ----- -------
00800000    00800000    00004000   00000000    rw-
  00800000    00800000    00004000   00000000    rw- .stack
80000000    80000000    00000004   00000000    rw-
  80000000    80000000    00000004   00000000    rw- .LEDNixieVal
c0000000    c0000000    023a7c2c   00000000    rw-
  c0000000    c0000000    02000000   00000000    rw- SystemHeap
  c2000000    c2000000    003a7c2c   00000000    rw- .far
c23a7c30    c23a7c30    0038f442   0038f442    r--
  c23a7c30    c23a7c30    0038f442   0038f442    r-- .const
c2737080    c2737080    00121b78   00121b78    r-x
  c2737080    c2737080    00121860   00121860    r-x .text
  c28588e0    c28588e0    00000318   00000318    r-- .switch.1
c2858c00    c2858c00    00001e3a   00000000    rw-
  c2858c00    c2858c00    00001e3a   00000000    rw- .fardata
c285aa3c    c285aa3c    00000a04   00000a04    r--
  c285aa3c    c285aa3c    00000a04   00000a04    r-- .switch.2
c285b440    c285b440    00000425   00000000    rw-
  c285b440    c285b440    0000015b   00000000    rw- .bss
  c285b59c    c285b59c    000002c9   00000000    rw- .neardata
c285b868    c285b868    0000003c   00000000    r--
  c285b868    c285b868    0000003c   00000000    r-- .rodata
c285b8a8    c285b8a8    00000120   00000000    rw-
  c285b8a8    c285b8a8    00000120   00000000    rw- .cio
c285bc00    c285bc00    00001798   00001798    r-x
  c285bc00    c285bc00    00000200   00000200    r-x .vecs
  c285be00    c285be00    00001598   00001598    r-- .cinit
c3000000    c3000000    000000c0   000000c0    r-x
  c3000000    c3000000    000000c0   000000c0    r-x .text:_c_int00


SECTION ALLOCATION MAP

 output                                  attributes/
section   page    origin      length       input sections
--------  ----  ----------  ----------   ----------------
.LEDNixieVal 
*          0    80000000    00000004     UNINITIALIZED
                  80000000    00000004     LEDNixie.obj (.LEDNixieVal)

.text:_c_int00 
*          0    c3000000    000000c0     
                  c3000000    000000a0     boot.ae674 : boot.oe674 (.text:_c_int00)
                  c30000a0    00000020     Local_pe674.oe674 ($Tramp$S$$xdc_runtime_Startup_reset__I)

.stack     0    00800000    00004000     UNINITIALIZED
                  00800000    00000008     boot.ae674 : boot.oe674 (.stack)
                  00800008    00003ff8     --HOLE--

.far       0    c2000000    003a7c2c     UNINITIALIZED
                  c2000000    00100000     lv_mem.obj (.far:work_mem_int$1)
                  c2100000    000bb824     (.common:g_pucBuffer)
                  c21bb824    00000004     (.common:swCtrlFeatures)
                  c21bb828    000bb800     lv_port_disp_c674x.obj (.far:buf_1$2)
                  c2277028    000bb800     lv_port_disp_c674x.obj (.far:buf_2$3)
                  c2332828    0000004c     lv_port_disp_c674x.obj (.far:disp_drv$4)
                  c2332874    0000000c     (.common:_lv_anim_ll)
                  c2332880    00052b00     stk6_ppp_pppoe.ae674 : pbm_data.oe674 (.far:NDK_PACKETMEM)
                  c2385380    00010000     (.common:buff)
                  c2395380    0000c1c0     os.ae674 : mem_data.oe674 (.far:NDK_MMBUFFER)
                  c23a1540    00002800     Local_pe674.oe674 (.far:taskStackSection)
                  c23a3d40    00001618     ti.drv.omapl138.ae674 : ethdriver.oe674 (.far)
                  c23a5358    00000800     (.common:CmdHistory)
                  c23a5b58    00000660     nettool.ae674 : daemon.oe674 (.far)
                  c23a61b8    00000474     ti.drv.omapl138.ae674 : csl_emac.oe674 (.far)
                  c23a662c    00000004     stk6_ppp_pppoe.ae674 : rawethsock_pcb.oe674 (.far)
                  c23a6630    00000400     (.common:xdc_runtime_SysMin_Module_State_0_outbuf__A)
                  c23a6a30    00000140     (.common:__TI_tmpnams)
                  c23a6b70    00000110                          : igmp.oe674 (.far)
                  c23a6c80    00000104     (.common:rx_data)
                  c23a6d84    00000002     lv_theme_default.obj (.far:color_card)
                  c23a6d86    00000002     lv_theme_default.obj (.far:color_grey)
                  c23a6d88    00000104     (.common:tx_data)
                  c23a6e8c    00000002     lv_theme_default.obj (.far:color_scr)
                  c23a6e8e    00000002     lv_theme_default.obj (.far:color_text)
                  c23a6e90    00000104     (.common:vrf_data)
                  c23a6f94    00000004     --HOLE--
                  c23a6f98    00000100     lv_draw_sw_letter.obj (.far:opa_table$1)
                  c23a7098    000000d8     netctrl.ae674 : netsrv.oe674 (.far)
                  c23a7170    000000c8     stk6_ppp_pppoe.ae674 : ipv6.oe674 (.far)
                  c23a7238    000000c4                          : tcp.oe674 (.far)
                  c23a72fc    000000b8                          : tcp6in.oe674 (.far)
                  c23a73b4    00000004     --HOLE--
                  c23a73b8    00000040     (.common:g_cCmdBuf)
                  c23a73f8    00000008     (.common:MacAddr)
                  c23a7400    000000a0     (.common:RcvFis)
                  c23a74a0    0000009c                          : icmp.oe674 (.far)
                  c23a753c    00000004     --HOLE--
                  c23a7540    00000080     (.common:_lv_draw_mask_list)
                  c23a75c0    00000080     (.common:lv_mem_buf)
                  c23a7640    00000080     UARTConsole.obj (.far:UARTWriteBuffer)
                  c23a76c0    0000007c     os.ae674 : mem.oe674 (.far)
                  c23a773c    00000004     --HOLE--
                  c23a7740    00000070     (.common:_lv_circle_cache)
                  c23a77b0    00000068     stk6_ppp_pppoe.ae674 : ip.oe674 (.far)
                  c23a7818    00000064                          : nimu.oe674 (.far)
                  c23a787c    00000030     (.common:pllcfg)
                  c23a78ac    00000030                          : udp.oe674 (.far)
                  c23a78dc    0000002c     (.common:_lv_img_cache_single)
                  c23a7908    0000002a     (.common:TouchInfo)
                  c23a7932    00000002     --HOLE--
                  c23a7934    00000028                          : vlan.oe674 (.far)
                  c23a795c    00000024     (.common:RTCTime)
                  c23a7980    00000024     cmdline.obj (.far:argv$1)
                  c23a79a4    00000024     stk6_ppp_pppoe.ae674 : udp6.oe674 (.far)
                  c23a79c8    00000024     lv_theme_default.obj (.far:theme)
                  c23a79ec    00000004     --HOLE--
                  c23a79f0    00000020     console_min.ae674 : console.oe674 (.far)
                  c23a7a10    00000020     lv_port_indev_c674x.obj (.far:indev_drv$1)
                  c23a7a30    0000001c     lv_port_disp_c674x.obj (.far:draw_buf_dsc$1)
                  c23a7a4c    00000004     --HOLE--
                  c23a7a50    0000001a     rts6740_elf.lib : asctime.c.obj (.far:time_buf)
                  c23a7a6a    00000002     --HOLE--
                  c23a7a6c    00000018     netctrl.ae674 : netctrl.oe674 (.far)
                  c23a7a84    00000018     lv_refr.obj (.far:perf_monitor)
                  c23a7a9c    00000018     stk6_ppp_pppoe.ae674 : icmpv6.oe674 (.far)
                  c23a7ab4    00000018     ti.drv.omapl138.ae674 : csl_mdio.oe674 (.far)
                  c23a7acc    00000004     --HOLE--
                  c23a7ad0    00000014     stk6_ppp_pppoe.ae674 : rtc.oe674 (.far)
                  c23a7ae4    00000014     lv_theme_default.obj (.far:trans_delayed$2)
                  c23a7af8    00000014     lv_theme_default.obj (.far:trans_normal$3)
                  c23a7b0c    00000004     --HOLE--
                  c23a7b10    00000010     (.common:IPAddress)
                  c23a7b20    00000010     stk6_ppp_pppoe.ae674 : raw.oe674 (.far)
                  c23a7b30    00000010                          : raw6.oe674 (.far)
                  c23a7b40    00000010                          : raweth.oe674 (.far)
                  c23a7b50    0000000c     (.common:_lv_disp_ll)
                  c23a7b5c    0000000c     (.common:_lv_fsdrv_ll)
                  c23a7b68    0000000c     (.common:_lv_group_ll)
                  c23a7b74    0000000c     (.common:_lv_img_decoder_ll)
                  c23a7b80    0000000c     (.common:_lv_indev_ll)
                  c23a7b8c    0000000c     (.common:_lv_obj_style_trans_ll)
                  c23a7b98    0000000c     (.common:_lv_timer_ll)
                  c23a7ba4    00000004     --HOLE--
                  c23a7ba8    0000000c     (.common:ti_sysbios_knl_Task_Instance_State_0_hookEnv__A)
                  c23a7bb4    00000004     --HOLE--
                  c23a7bb8    0000000c     (.common:ti_sysbios_knl_Task_Instance_State_1_hookEnv__A)
                  c23a7bc4    0000000c                          : pbm.oe674 (.far)
                  c23a7bd0    0000000a     (.common:I2CData)
                  c23a7bda    00000006     --HOLE--
                  c23a7be0    00000008     (.common:parmbuf)
                  c23a7be8    00000008     SourceHanSansCN_Normal_16.obj (.far:cache)
                  c23a7bf0    00000008     lv_theme_default.obj (.far:dark_filter$4)
                  c23a7bf8    00000008     lv_theme_default.obj (.far:grey_filter$5)
                  c23a7c00    00000004     (.common:ti_sysbios_family_c64p_Hwi_Instance_State_0_hookEnv__A)
                  c23a7c04    00000004     --HOLE--
                  c23a7c08    00000004     (.common:ti_sysbios_family_c64p_Hwi_Instance_State_1_hookEnv__A)
                  c23a7c0c    00000004     --HOLE--
                  c23a7c10    00000004     (.common:ti_sysbios_family_c64p_Hwi_Instance_State_2_hookEnv__A)
                  c23a7c14    00000004     --HOLE--
                  c23a7c18    00000004     (.common:ti_sysbios_family_c64p_Hwi_Instance_State_3_hookEnv__A)
                  c23a7c1c    00000004     --HOLE--
                  c23a7c20    00000004     (.common:ti_sysbios_family_c64p_Hwi_Instance_State_4_hookEnv__A)
                  c23a7c24    00000004     --HOLE--
                  c23a7c28    00000004     (.common:ti_sysbios_knl_Swi_Instance_State_0_hookEnv__A)

.const     0    c23a7c30    0038f442     
                  c23a7c30    00261226     SourceHanSansCN_Normal_16.obj (.const:.string:glyph_bitmap)
                  c2608e56    00000002     Local_pe674.oe674 (.const:ti_sysbios_BIOS_Module__id__C)
                  c2608e58    000bb800     imgBackground.obj (.const:.string:imgBackground_map)
                  c26c4658    000523e0     SourceHanSansCN_Normal_16.obj (.const:glyph_dsc)
                  c2716a38    00003b8d     console_min.ae674 : conipv6.oe674 (.const:.string)
                  c271a5c5    00000001     --HOLE-- [fill = 0]
                  c271a5c6    00000002     Local_pe674.oe674 (.const:ti_sysbios_family_c64p_EventCombiner_Module__id__C)
                  c271a5c8    00001cb0     imgLAN.obj (.const:.string:imgLAN_map)
                  c271c278    00001b00     imgCalculator.obj (.const:.string:imgCalculator_map)
                  c271dd78    00001b00     imgCalendar.obj (.const:.string:imgCalendar_map)
                  c271f878    00001b00     imgRoate.obj (.const:.string:imgRoate_map)
                  c2721378    00001b00     imgSystemInfo.obj (.const:.string:imgSystemInfo_map)
                  c2722e78    00001b00     imgWLAN.obj (.const:.string:imgWLAN_map)
                  c2724978    00001aa6     console_min.ae674 : contest.oe674 (.const:.string)
                  c272641e    00000002     Local_pe674.oe674 (.const:ti_sysbios_family_c64p_Exception_Module__id__C)
                  c2726420    00001709     Local_pe674.oe674 (.const:xdc_runtime_Text_charTab__A)
                  c2727b29    00000001     --HOLE-- [fill = 0]
                  c2727b2a    00000002     Local_pe674.oe674 (.const:ti_sysbios_family_c64p_Exception_useInternalBuffer__C)
                  c2727b2c    00001314     lodepng.obj (.const:.string)
                  c2728e40    00000da0     SourceHanSansCN_Normal_16.obj (.const:kern_pair_glyph_ids)
                  c2729be0    00000cca     console_min.ae674 : constat.oe674 (.const:.string)
                  c272a8aa    00000002     Local_pe674.oe674 (.const:ti_sysbios_family_c64p_Hwi_Module__id__C)
                  c272a8ac    0000092c     lv_tlsf.obj (.const:.string)
                  c272b1d8    00000893     console_min.ae674 : conipaddr.oe674 (.const:.string)
                  c272ba6b    00000001     --HOLE-- [fill = 0]
                  c272ba6c    00000004     lv_obj_scroll.obj (.const:$P$T0$1)
                  c272ba70    000006ac     LEDNixie.obj (.const:.string:PRU_Code)
                  c272c11c    00000004     lv_obj_scroll.obj (.const:$P$T1$2)
                  c272c120    00000690     SourceHanSansCN_Normal_16.obj (.const:cmaps)
                  c272c7b0    00000603     console_min.ae674 : console.oe674 (.const:.string)
                  c272cdb3    00000001     --HOLE-- [fill = 0]
                  c272cdb4    00000588     sysbios.ae674 : BIOS.obj (.const:.string)
                  c272d33c    000004b6     console_min.ae674 : convlan.oe674 (.const:.string)
                  c272d7f2    00000412                       : conecho.oe674 (.const:.string)
                  c272dc04    00000004     lv_obj_pos.obj (.const:$P$T10$4)
                  c272dc08    00000400     tjpgd.obj (.const:.string:Clip8)
                  c272e008    000003d8     Web.obj (.const:.string)
                  c272e3e0    000003c8     Command.obj (.const:.string)
                  c272e7a8    000003b2     console_min.ae674 : condns.oe674 (.const:.string)
                  c272eb5a    00000002     Local_pe674.oe674 (.const:ti_sysbios_family_c64p_Hwi_Module__loggerDefined__C)
                  c272eb5c    00000368     Exception.obj (.const:.string)
                  c272eec4    00000004     lv_draw_sw_gradient.obj (.const:$P$T2$4)
                  c272eec8    00000368     SourceHanSansCN_Normal_16.obj (.const:.string:kern_pair_values)
                  c272f230    00000350     nettool.ae674 : httpsend.oe674 (.const:.string)
                  c272f580    0000032c     console_min.ae674 : conlli.oe674 (.const:.string)
                  c272f8ac    000002dc                       : conroute.oe674 (.const:.string)
                  c272fb88    000002cc                       : conping.oe674 (.const:.string)
                  c272fe54    0000028c     lv_calendar_header_dropdown.obj (.const:.string)
                  c27300e0    0000027d     console_min.ae674 : conacct.oe674 (.const:.string)
                  c273035d    0000025d     nettool.ae674 : dnscomn.oe674 (.const:.string)
                  c27305ba    00000002     Local_pe674.oe674 (.const:ti_sysbios_gates_GateMutex_Module__id__C)
                  c27305bc    00000244     Net.obj (.const:.string)
                  c2730800    0000021a     os.ae674 : task.oe674 (.const:.string)
                  c2730a1a    00000205     console_min.ae674 : consock.oe674 (.const:.string)
                  c2730c1f    000001e2     stk6_ppp_pppoe.ae674 : bind6.oe674 (.const:.string)
                  c2730e01    00000001     --HOLE-- [fill = 0]
                  c2730e02    00000002     Local_pe674.oe674 (.const:ti_sysbios_hal_Hwi_Module__id__C)
                  c2730e04    000001a8     DDR2.obj (.const:.string)
                  c2730fac    0000018c     console_min.ae674 : contftp.oe674 (.const:.string)
                  c2731138    00000184     lv_mem.obj (.const:.string)
                  c27312bc    00000170     SystemInfo.obj (.const:.string)
                  c273142c    0000015c     stk6_ppp_pppoe.ae674 : route6.oe674 (.const:.string)
                  c2731588    00000159                          : nimuppp.oe674 (.const:.string)
                  c27316e1    0000014f     os.ae674 : mem.oe674 (.const:.string)
                  c2731830    00000144     ti.drv.omapl138.ae674 : ethdriver.oe674 (.const:.string)
                  c2731974    00000110     Flash.obj (.const:.string)
                  c2731a84    00000107     stk6_ppp_pppoe.ae674 : vlan.oe674 (.const:.string)
                  c2731b8b    00000001     --HOLE-- [fill = 0]
                  c2731b8c    00000004     lv_obj_pos.obj (.const:$P$T9$3)
                  c2731b90    00000101     rts6740_elf.lib : ctype.c.obj (.const:.string:_ctypes_)
                  c2731c91    00000006     nettool.ae674 : tftp.oe674 (.const:.string)
                  c2731c97    00000001     --HOLE-- [fill = 0]
                  c2731c98    00000100     lv_draw_sw_letter.obj (.const:.string:_lv_bpp8_opa_table)
                  c2731d98    000000fd     stk6_ppp_pppoe.ae674 : icmpv6out.oe674 (.const:.string)
                  c2731e95    000000f2                          : icmpv6_ndisc.oe674 (.const:.string)
                  c2731f87    00000001     --HOLE-- [fill = 0]
                  c2731f88    000000f0     EEPROM.obj (.const:.string)
                  c2732078    000000f0     Local_pe674.oe674 (.const:xdc_runtime_Text_nodeTab__A)
                  c2732168    000000ec     lv_chart.obj (.const:.string)
                  c2732254    000000ec     lv_table.obj (.const:.string)
                  c2732340    000000ec     lv_textarea.obj (.const:.string)
                  c273242c    000000e8     lv_img_decoder.obj (.const:.string)
                  c2732514    000000e8     lv_keyboard.obj (.const:.string)
                  c27325fc    000000e4     lv_draw_mask.obj (.const:.string)
                  c27326e0    000000dc     lv_hal_disp.obj (.const:.string)
                  c27327bc    000000d8     EMAC.obj (.const:.string)
                  c2732894    000000d8     SYSCFG.obj (.const:.string)
                  c273296c    000000d8     stk6_ppp_pppoe.ae674 : node.oe674 (.const:.string)
                  c2732a44    000000d7     nettool.ae674 : httpstr.oe674 (.const:.string)
                  c2732b1b    00000001     --HOLE-- [fill = 0]
                  c2732b1c    000000d4     ti.drv.omapl138.ae674 : nimu_eth.oe674 (.const:.string)
                  c2732bf0    000000d0     lv_label.obj (.const:.string)
                  c2732cc0    000000cf     stk6_ppp_pppoe.ae674 : rtc.oe674 (.const:.string)
                  c2732d8f    00000001     --HOLE-- [fill = 0]
                  c2732d90    000000cc     lv_obj.obj (.const:.string)
                  c2732e5c    000000c8     lv_dropdown.obj (.const:.string)
                  c2732f24    000000bf     stk6_ppp_pppoe.ae674 : lliout.oe674 (.const:.string)
                  c2732fe3    00000001     --HOLE-- [fill = 0]
                  c2732fe4    00000004     SysMinProvide.obj (.const:.string)
                  c2732fe8    000000be     lv_color.obj (.const:colors$2)
                  c27330a6    00000002     Local_pe674.oe674 (.const:ti_sysbios_heaps_HeapMem_Module__id__C)
                  c27330a8    000000bc     Calculator.obj (.const:.string)
                  c2733164    000000bc     Network.obj (.const:.string)
                  c2733220    000000bc     servers_min.ae674 : newservers.oe674 (.const:.string)
                  c27332dc    00000004     lv_draw_label.obj (.const:.string)
                  c27332e0    000000b6     lv_math.obj (.const:sin0_90_table)
                  c2733396    000000b1     nettool.ae674 : dnsclnt.oe674 (.const:.string)
                  c2733447    00000001     --HOLE-- [fill = 0]
                  c2733448    000000b0     lv_hal_indev.obj (.const:.string)
                  c27334f8    000000b0     lv_keyboard.obj (.const:default_kb_map_lc)
                  c27335a8    000000b0     lv_keyboard.obj (.const:default_kb_map_spec)
                  c2733658    000000b0     lv_keyboard.obj (.const:default_kb_map_uc)
                  c2733708    000000a9     stk6_ppp_pppoe.ae674 : lli6.oe674 (.const:.string)
                  c27337b1    000000a7     nettool.ae674 : ipaddr.oe674 (.const:.string)
                  c2733858    000000a7     stk6_ppp_pppoe.ae674 : nimu.oe674 (.const:.string)
                  c27338ff    00000001     --HOLE-- [fill = 0]
                  c2733900    000000a4     LVGLTask.obj (.const:.string)
                  c27339a4    000000a2     stk6_ppp_pppoe.ae674 : nimupppoe.oe674 (.const:.string)
                  c2733a46    00000002     Local_pe674.oe674 (.const:ti_sysbios_knl_Clock_Module__id__C)
                  c2733a48    000000a0     lv_btnmatrix.obj (.const:.string)
                  c2733ae8    00000098     lv_refr.obj (.const:.string)
                  c2733b80    00000098     lv_color.obj (.const:colors$3)
                  c2733c18    00000094     Touch.obj (.const:.string)
                  c2733cac    00000091     stk6_ppp_pppoe.ae674 : tcp6time.oe674 (.const:.string)
                  c2733d3d    00000001     --HOLE-- [fill = 0]
                  c2733d3e    00000002     Local_pe674.oe674 (.const:ti_sysbios_knl_Clock_Module__loggerDefined__C)
                  c2733d40    00000090     lv_calendar.obj (.const:.string)
                  c2733dd0    0000008d     stk6_ppp_pppoe.ae674 : tcptime.oe674 (.const:.string)
                  c2733e5d    00000001     --HOLE-- [fill = 0]
                  c2733e5e    00000002     Local_pe674.oe674 (.const:ti_sysbios_knl_Semaphore_Module__id__C)
                  c2733e60    0000008c     lv_fs.obj (.const:.string)
                  c2733eec    0000008c     lv_roller.obj (.const:.string)
                  c2733f78    00000084     lv_bmp.obj (.const:.string)
                  c2733ffc    00000080     lv_draw_sw_gradient.obj (.const:.string)
                  c273407c    00000080     lv_style.obj (.const:.string)
                  c27340fc    00000004     lv_menu.obj (.const:.string)
                  c2734100    00000080     tjpgd.obj (.const:Ipsf)
                  c2734180    00000080     rts6740_elf.lib : strtod.c.obj (.const:digits)
                  c2734200    0000007c     UARTConsole.obj (.const:.string)
                  c273427c    00000078     lv_meter.obj (.const:.string)
                  c27342f4    00000078     main.obj (.const:.string)
                  c273436c    00000004     lv_png.obj (.const:.string)
                  c2734370    00000078     lodepng.obj (.const:DISTANCEBASE)
                  c27343e8    00000078     lodepng.obj (.const:DISTANCEEXTRA)
                  c2734460    00000077     stk6_ppp_pppoe.ae674 : sock6.oe674 (.const:.string)
                  c27344d7    00000076                          : mld.oe674 (.const:.string)
                  c273454d    00000001     --HOLE-- [fill = 0]
                  c273454e    00000002     Local_pe674.oe674 (.const:ti_sysbios_knl_Semaphore_Module__loggerDefined__C)
                  c2734550    00000074     lv_font.obj (.const:.string)
                  c27345c4    00000004     lv_spinbox.obj (.const:.string)
                  c27345c8    00000074     lodepng.obj (.const:LENGTHBASE)
                  c273463c    00000004     lv_tabview.obj (.const:.string)
                  c2734640    00000074     lodepng.obj (.const:LENGTHEXTRA)
                  c27346b4    00000070     lv_obj_style.obj (.const:.string)
                  c2734724    00000004     lv_theme_default.obj (.const:.string)
                  c2734728    00000070     SourceHanSansCN_Normal_16.obj (.const:unicode_list_83)
                  c2734798    0000006c     lv_event.obj (.const:.string)
                  c2734804    0000006c     rts6740_elf.lib : asctime.c.obj (.const:.string)
                  c2734870    00000068     lv_flex.obj (.const:.string)
                  c27348d8    00000068     lv_group.obj (.const:.string)
                  c2734940    00000064     lv_calendar_header_arrow.obj (.const:.string)
                  c27349a4    00000064     lv_obj_pos.obj (.const:.string)
                  c2734a08    00000064     Local_pe674.oe674 (.const:ti_sysbios_timers_timer64_Timer_Object__PARAMS__C)
                  c2734a6c    00000060     lv_txt.obj (.const:.string)
                  c2734acc    00000060     stk6_ppp_pppoe.ae674 : sb.oe674 (.const:.string)
                  c2734b2c    0000005c     lv_anim.obj (.const:.string)
                  c2734b88    0000005c     lv_img.obj (.const:.string)
                  c2734be4    0000005c     lv_timer.obj (.const:.string)
                  c2734c40    00000058     Home.obj (.const:.string)
                  c2734c98    00000058     ti.targets.rts6000.ae674 : Error.oe674 (.const:.string)
                  c2734cf0    00000056     os.ae674 : semaphore.oe674 (.const:.string)
                  c2734d46    00000002     Local_pe674.oe674 (.const:ti_sysbios_knl_Swi_Module__id__C)
                  c2734d48    00000054     stk6_ppp_pppoe.ae674 : sockprot.oe674 (.const:Code2Err)
                  c2734d9c    00000004     nettool.ae674 : telnetd.oe674 (.const:.string)
                  c2734da0    00000054     lv_keyboard.obj (.const:default_kb_map_num)
                  c2734df4    00000051     nettool.ae674 : dhcpmain.oe674 (.const:.string)
                  c2734e45    00000050     stk6_ppp_pppoe.ae674 : bind.oe674 (.const:.string)
                  c2734e95    00000001     --HOLE-- [fill = 0]
                  c2734e96    00000002     Local_pe674.oe674 (.const:ti_sysbios_knl_Swi_Module__loggerDefined__C)
                  c2734e98    00000050     lv_keyboard.obj (.const:default_kb_ctrl_lc_map)
                  c2734ee8    00000050     lv_keyboard.obj (.const:default_kb_ctrl_spec_map)
                  c2734f38    00000050     lv_keyboard.obj (.const:default_kb_ctrl_uc_map)
                  c2734f88    0000004e     stk6_ppp_pppoe.ae674 : rtable.oe674 (.const:.string)
                  c2734fd6    00000002     Local_pe674.oe674 (.const:ti_sysbios_knl_Task_Module__id__C)
                  c2734fd8    0000004c     lv_log.obj (.const:.string)
                  c2735024    00000004     ti.targets.rts6000.ae674 : Assert.oe674 (.const:.string)
                  c2735028    0000004c     lodepng.obj (.const:CLCL_ORDER)
                  c2735074    00000048     Local_pe674.oe674 (.const:.string)
                  c27350bc    00000048     ti.targets.rts6000.ae674 : Log.oe674 (.const:.string)
                  c2735104    00000004     Local_pe674.oe674 (.const:ti_sysbios_BIOS_Module__diagsEnabled__C)
                  c2735108    00000048     rts6740_elf.lib : strtod.c.obj (.const:powerof10)
                  c2735150    00000048     Local_pe674.oe674 (.const:ti_sysbios_knl_Task_hooks__A)
                  c2735198    00000044     netctrl.ae674 : netctrl.oe674 (.const:.string)
                  c27351dc    00000041     nettool.ae674 : httpclie.oe674 (.const:.string)
                  c273521d    00000041     stk6_ppp_pppoe.ae674 : sb6.oe674 (.const:.string)
                  c273525e    00000002     Local_pe674.oe674 (.const:ti_sysbios_knl_Task_Module__loggerDefined__C)
                  c2735260    00000040     tjpgd.obj (.const:.string:Zig)
                  c27352a0    00000040     lv_draw_sw_dither.obj (.const:.string:dither_ordered_threshold_matrix)
                  c27352e0    00000040     ti.targets.rts6000.ae674 : Text.oe674 (.const:.string)
                  c2735320    0000003e     stk6_ppp_pppoe.ae674 : ipv6.oe674 (.const:.string)
                  c273535e    0000003c                          : ipv6_exthdrs.oe674 (.const:.string)
                  c273539a    00000002     Local_pe674.oe674 (.const:ti_sysbios_knl_Task_initStackFlag__C)
                  c273539c    0000003c     Local_pe674.oe674 (.const:ti_sysbios_knl_Task_Object__PARAMS__C)
                  c27353d8    00000038     SATATest.obj (.const:.string)
                  c2735410    00000038     stk6_ppp_pppoe.ae674 : icmpv6in.oe674 (.const:.string)
                  c2735448    00000038                          : sock.oe674 (.const:.string)
                  c2735480    00000034     cgi.ae674 : cgiparsem.oe674 (.const:.string)
                  c27354b4    00000034     Local_pe674.oe674 (.const:xdc_runtime_LoggerSys_Module__FXNS__C)
                  c27354e8    00000034     Local_pe674.oe674 (.const:xdc_runtime_Startup_sfxnTab__A)
                  c273551c    00000031     stk6_ppp_pppoe.ae674 : pbm.oe674 (.const:.string)
                  c273554d    00000001     --HOLE-- [fill = 0]
                  c273554e    00000002     Local_pe674.oe674 (.const:ti_sysbios_timers_timer64_Timer_Module__id__C)
                  c2735550    00000030     rts6740_elf.lib : asctime.c.obj (.const:mon)
                  c2735580    00000030     Local_pe674.oe674 (.const:ti_sysbios_family_c64p_Hwi_Object__PARAMS__C)
                  c27355b0    0000002c     ti.drv.omapl138.ae674 : csl_mdio.oe674 (.const:.string)
                  c27355dc    0000002c     ti.targets.rts6000.ae674 : Startup.oe674 (.const:.string)
                  c2735608    0000002c     Local_pe674.oe674 (.const:ti_sysbios_hal_Hwi_Object__PARAMS__C)
                  c2735634    00000004     Local_pe674.oe674 (.const:ti_sysbios_BIOS_Module__diagsIncluded__C)
                  c2735638    0000002c     lv_theme_default.obj (.const:trans_props$1)
                  c2735664    00000028     Local_pe674.oe674 (.const:ti_sysbios_heaps_HeapMem_Module__FXNS__C)
                  c273568c    00000028     Local_pe674.oe674 (.const:ti_sysbios_knl_Swi_Object__PARAMS__C)
                  c27356b4    00000004     Local_pe674.oe674 (.const:ti_sysbios_BIOS_Module__diagsMask__C)
                  c27356b8    00000026     lv_event.obj (.const:.string:$P$T2$4)
                  c27356de    00000002     Local_pe674.oe674 (.const:ti_sysbios_timers_timer64_Timer_startupNeeded__C)
                  c27356e0    00000026     lv_color.obj (.const:colors$1)
                  c2735706    00000002     Local_pe674.oe674 (.const:ti_sysbios_utils_Load_Module__id__C)
                  c2735708    00000024     rts6740_elf.lib : _printfi.c.obj (.const:.string)
                  c273572c    00000024     Local_pe674.oe674 (.const:ti_sysbios_gates_GateHwi_Module__FXNS__C)
                  c2735750    00000024     Local_pe674.oe674 (.const:ti_sysbios_gates_GateMutex_Module__FXNS__C)
                  c2735774    00000024     Local_pe674.oe674 (.const:ti_sysbios_heaps_HeapMem_Object__PARAMS__C)
                  c2735798    00000024     Local_pe674.oe674 (.const:ti_sysbios_knl_Clock_Object__PARAMS__C)
                  c27357bc    00000024     Local_pe674.oe674 (.const:ti_sysbios_knl_Semaphore_Object__PARAMS__C)
                  c27357e0    00000022     lv_calendar.obj (.const:.string:$P$T0$1)
                  c2735802    00000006     nettool.ae674 : tftp6.oe674 (.const:.string)
                  c2735808    00000022     lv_keyboard.obj (.const:default_kb_ctrl_num_map)
                  c273582a    00000006     stk6_ppp_pppoe.ae674 : auth.oe674 (.const:.string)
                  c2735830    00000021     lv_textarea.obj (.const:.string:$P$T5$6)
                  c2735851    00000001     --HOLE-- [fill = 0]
                  c2735852    00000002     Local_pe674.oe674 (.const:ti_sysbios_utils_Load_Module__loggerDefined__C)
                  c2735854    00000004     Local_pe674.oe674 (.const:ti_sysbios_BIOS_installedErrorHook__C)
                  c2735858    00000021     lv_draw_sw_line.obj (.const:.string:wcorr$1)
                  c2735879    00000001     --HOLE-- [fill = 0]
                  c273587a    00000002     Local_pe674.oe674 (.const:ti_sysbios_utils_Load_autoAddTasks__C)
                  c273587c    00000004     Local_pe674.oe674 (.const:ti_sysbios_family_c62_TaskSupport_stackAlignment__C)
                  c2735880    00000020     lv_btnmatrix.obj (.const:.string:$P$T0$1)
                  c27358a0    00000020     lv_obj_style.obj (.const:.string:$P$T2$1)
                  c27358c0    00000020     Local_pe674.oe674 (.const:ti_sysbios_family_c64p_Hwi_Object__DESC__C)
                  c27358e0    00000020     Local_pe674.oe674 (.const:ti_sysbios_gates_GateHwi_Object__DESC__C)
                  c2735900    00000020     Local_pe674.oe674 (.const:ti_sysbios_gates_GateMutex_Object__DESC__C)
                  c2735920    00000020     Local_pe674.oe674 (.const:ti_sysbios_hal_Hwi_Object__DESC__C)
                  c2735940    00000020     Local_pe674.oe674 (.const:ti_sysbios_heaps_HeapMem_Object__DESC__C)
                  c2735960    00000020     Local_pe674.oe674 (.const:ti_sysbios_knl_Clock_Object__DESC__C)
                  c2735980    00000020     Local_pe674.oe674 (.const:ti_sysbios_knl_Queue_Object__DESC__C)
                  c27359a0    00000020     Local_pe674.oe674 (.const:ti_sysbios_knl_Semaphore_Object__DESC__C)
                  c27359c0    00000020     Local_pe674.oe674 (.const:ti_sysbios_knl_Swi_Object__DESC__C)
                  c27359e0    00000020     Local_pe674.oe674 (.const:ti_sysbios_knl_Task_Object__DESC__C)
                  c2735a00    00000020     Local_pe674.oe674 (.const:ti_sysbios_timers_timer64_Timer_Object__DESC__C)
                  c2735a20    00000020     Local_pe674.oe674 (.const:xdc_runtime_LoggerSys_Object__DESC__C)
                  c2735a40    0000001f     lv_dropdown.obj (.const:.string:$P$T1$2)
                  c2735a5f    00000001     --HOLE-- [fill = 0]
                  c2735a60    0000001e     lv_textarea.obj (.const:.string:$P$T6$7)
                  c2735a7e    0000001e     nettool.ae674 : daemon.oe674 (.const:.string)
                  c2735a9c    00000004     Local_pe674.oe674 (.const:ti_sysbios_family_c64p_Cache_EMIFA_BASE__C)
                  c2735aa0    0000001d     lv_chart.obj (.const:.string:$P$T2$3)
                  c2735abd    00000001     --HOLE-- [fill = 0]
                  c2735abe    00000002     Local_pe674.oe674 (.const:ti_sysbios_utils_Load_hwiEnabled__C)
                  c2735ac0    0000001d     lv_img_decoder.obj (.const:.string:$P$T4$4)
                  c2735add    0000001d     stk6_ppp_pppoe.ae674 : lli.oe674 (.const:.string)
                  c2735afa    00000002     Local_pe674.oe674 (.const:ti_sysbios_utils_Load_updateInIdle__C)
                  c2735afc    0000001c     lv_draw_sw_rect.obj (.const:$P$T0$1)
                  c2735b18    0000001c     lv_table.obj (.const:.string:$P$T1$2)
                  c2735b34    00000004     Local_pe674.oe674 (.const:ti_sysbios_family_c64p_Cache_EMIFA_CFG__C)
                  c2735b38    0000001c     lodepng.obj (.const:ADAM7_DX)
                  c2735b54    00000004     Local_pe674.oe674 (.const:ti_sysbios_family_c64p_Cache_EMIFA_LENGTH__C)
                  c2735b58    0000001c     lodepng.obj (.const:ADAM7_DY)
                  c2735b74    00000004     Local_pe674.oe674 (.const:ti_sysbios_family_c64p_Cache_EMIFB_BASE__C)
                  c2735b78    0000001c     lodepng.obj (.const:ADAM7_IX)
                  c2735b94    00000004     Local_pe674.oe674 (.const:ti_sysbios_family_c64p_Cache_EMIFB_CFG__C)
                  c2735b98    0000001c     lodepng.obj (.const:ADAM7_IY)
                  c2735bb4    0000001c     SourceHanSansCN_Normal_16.obj (.const:SourceHanSansCN_Normal_16)
                  c2735bd0    0000001c     rts6740_elf.lib : asctime.c.obj (.const:day)
                  c2735bec    0000001c     lv_arc.obj (.const:lv_arc_class)
                  c2735c08    0000001c     lv_bar.obj (.const:lv_bar_class)
                  c2735c24    0000001c     lv_btn.obj (.const:lv_btn_class)
                  c2735c40    0000001c     lv_btnmatrix.obj (.const:lv_btnmatrix_class)
                  c2735c5c    0000001c     lv_calendar.obj (.const:lv_calendar_class)
                  c2735c78    0000001c     lv_calendar_header_arrow.obj (.const:lv_calendar_header_arrow_class)
                  c2735c94    0000001c     lv_calendar_header_dropdown.obj (.const:lv_calendar_header_dropdown_class)
                  c2735cb0    0000001c     lv_chart.obj (.const:lv_chart_class)
                  c2735ccc    0000001c     lv_checkbox.obj (.const:lv_checkbox_class)
                  c2735ce8    0000001c     lv_colorwheel.obj (.const:lv_colorwheel_class)
                  c2735d04    0000001c     lv_dropdown.obj (.const:lv_dropdown_class)
                  c2735d20    0000001c     lv_dropdown.obj (.const:lv_dropdownlist_class)
                  c2735d3c    0000001c     lv_img.obj (.const:lv_img_class)
                  c2735d58    0000001c     lv_imgbtn.obj (.const:lv_imgbtn_class)
                  c2735d74    0000001c     lv_keyboard.obj (.const:lv_keyboard_class)
                  c2735d90    0000001c     lv_label.obj (.const:lv_label_class)
                  c2735dac    0000001c     lv_led.obj (.const:lv_led_class)
                  c2735dc8    0000001c     lv_line.obj (.const:lv_line_class)
                  c2735de4    0000001c     lv_list.obj (.const:lv_list_btn_class)
                  c2735e00    0000001c     lv_list.obj (.const:lv_list_class)
                  c2735e1c    0000001c     lv_list.obj (.const:lv_list_text_class)
                  c2735e38    0000001c     lv_menu.obj (.const:lv_menu_class)
                  c2735e54    0000001c     lv_menu.obj (.const:lv_menu_cont_class)
                  c2735e70    0000001c     lv_menu.obj (.const:lv_menu_main_cont_class)
                  c2735e8c    0000001c     lv_menu.obj (.const:lv_menu_main_header_cont_class)
                  c2735ea8    0000001c     lv_menu.obj (.const:lv_menu_page_class)
                  c2735ec4    0000001c     lv_menu.obj (.const:lv_menu_section_class)
                  c2735ee0    0000001c     lv_menu.obj (.const:lv_menu_separator_class)
                  c2735efc    0000001c     lv_menu.obj (.const:lv_menu_sidebar_cont_class)
                  c2735f18    0000001c     lv_menu.obj (.const:lv_menu_sidebar_header_cont_class)
                  c2735f34    0000001c     lv_meter.obj (.const:lv_meter_class)
                  c2735f50    0000001c     lv_msgbox.obj (.const:lv_msgbox_backdrop_class)
                  c2735f6c    0000001c     lv_msgbox.obj (.const:lv_msgbox_class)
                  c2735f88    0000001c     lv_obj.obj (.const:lv_obj_class)
                  c2735fa4    0000001c     lv_roller.obj (.const:lv_roller_class)
                  c2735fc0    0000001c     lv_roller.obj (.const:lv_roller_label_class)
                  c2735fdc    0000001c     lv_slider.obj (.const:lv_slider_class)
                  c2735ff8    0000001c     lv_spinbox.obj (.const:lv_spinbox_class)
                  c2736014    0000001c     lv_spinner.obj (.const:lv_spinner_class)
                  c2736030    0000001c     lv_switch.obj (.const:lv_switch_class)
                  c273604c    0000001c     lv_table.obj (.const:lv_table_class)
                  c2736068    0000001c     lv_tabview.obj (.const:lv_tabview_class)
                  c2736084    0000001c     lv_textarea.obj (.const:lv_textarea_class)
                  c27360a0    0000001c     lv_tileview.obj (.const:lv_tileview_class)
                  c27360bc    0000001c     lv_tileview.obj (.const:lv_tileview_tile_class)
                  c27360d8    0000001c     lv_win.obj (.const:lv_win_class)
                  c27360f4    00000004     Local_pe674.oe674 (.const:ti_sysbios_family_c64p_Cache_EMIFB_LENGTH__C)
                  c27360f8    0000001b     lv_chart.obj (.const:.string:$P$T1$2)
                  c2736113    00000001     --HOLE-- [fill = 0]
                  c2736114    00000004     Local_pe674.oe674 (.const:ti_sysbios_family_c64p_Cache_EMIFC_BASE__C)
                  c2736118    0000001b     lv_draw_sw_gradient.obj (.const:.string:$P$T1$2)
                  c2736133    00000001     --HOLE-- [fill = 0]
                  c2736134    00000004     Local_pe674.oe674 (.const:ti_sysbios_family_c64p_Cache_EMIFC_CFG__C)
                  c2736138    0000001b     lv_label.obj (.const:.string:$P$T5$5)
                  c2736153    00000001     --HOLE-- [fill = 0]
                  c2736154    00000004     Local_pe674.oe674 (.const:ti_sysbios_family_c64p_Cache_EMIFC_LENGTH__C)
                  c2736158    0000001b     lv_chart.obj (.const:.string:$P$T7$8)
                  c2736173    00000001     --HOLE-- [fill = 0]
                  c2736174    00000004     Local_pe674.oe674 (.const:ti_sysbios_family_c64p_Cache_MAR0_31__C)
                  c2736178    0000001a     lv_obj.obj (.const:.string:$P$T1$2)
                  c2736192    00000002     Local_pe674.oe674 (.const:xdc_runtime_Core_Module__id__C)
                  c2736194    00000004     Local_pe674.oe674 (.const:ti_sysbios_family_c64p_Cache_MAR128_159__C)
                  c2736198    0000001a     lv_chart.obj (.const:.string:$P$T12$11)
                  c27361b2    00000002     Local_pe674.oe674 (.const:xdc_runtime_Error_Module__loggerDefined__C)
                  c27361b4    00000004     Local_pe674.oe674 (.const:ti_sysbios_family_c64p_Cache_MAR160_191__C)
                  c27361b8    0000001a     lv_chart.obj (.const:.string:$P$T13$12)
                  c27361d2    00000002     Local_pe674.oe674 (.const:xdc_runtime_Error_maxDepth__C)
                  c27361d4    00000004     Local_pe674.oe674 (.const:ti_sysbios_family_c64p_Cache_MAR192_223__C)
                  c27361d8    0000001a     lv_chart.obj (.const:.string:$P$T18$17)
                  c27361f2    00000002     Local_pe674.oe674 (.const:xdc_runtime_Memory_Module__id__C)
                  c27361f4    00000004     Local_pe674.oe674 (.const:ti_sysbios_family_c64p_Cache_MAR224_255__C)
                  c27361f8    0000001a     lv_chart.obj (.const:.string:$P$T6$7)
                  c2736212    00000002     Local_pe674.oe674 (.const:xdc_runtime_SysMin_flushAtExit__C)
                  c2736214    00000004     Local_pe674.oe674 (.const:ti_sysbios_family_c64p_Cache_MAR32_63__C)
                  c2736218    0000001a     Local_pe674.oe674 (.const:xdc_runtime_Startup_sfxnRts__A)
                  c2736232    00000002     Local_pe674.oe674 (.const:xdc_runtime_Text_charCnt__C)
                  c2736234    00000004     Local_pe674.oe674 (.const:ti_sysbios_family_c64p_Cache_MAR64_95__C)
                  c2736238    00000019     lv_font.obj (.const:.string:$P$T0$1)
                  c2736251    00000001     --HOLE-- [fill = 0]
                  c2736252    00000002     Local_pe674.oe674 (.const:xdc_runtime_Text_isLoaded__C)
                  c2736254    00000004     Local_pe674.oe674 (.const:ti_sysbios_family_c64p_Cache_MAR96_127__C)
                  c2736258    00000019     lv_draw_mask.obj (.const:.string:$P$T1$2)
                  c2736271    00000001     --HOLE-- [fill = 0]
                  c2736272    00000002     Local_pe674.oe674 (.const:xdc_runtime_Text_registryModsLastId__C)
                  c2736274    00000004     Local_pe674.oe674 (.const:ti_sysbios_family_c64p_EventCombiner_E_unpluggedEvent__C)
                  c2736278    00000019     lv_meter.obj (.const:.string:$P$T1$2)
                  c2736291    00000001     --HOLE-- [fill = 0]
                  c2736292    00000002     Local_pe674.oe674 (.const:xdc_runtime_Text_unnamedModsLastId__C)
                  c2736294    00000004     Local_pe674.oe674 (.const:ti_sysbios_family_c64p_Exception_E_exceptionMax__C)
                  c2736298    00000019     lv_chart.obj (.const:.string:$P$T16$15)
                  c27362b1    00000003     --HOLE-- [fill = 0]
                  c27362b4    00000004     Local_pe674.oe674 (.const:ti_sysbios_family_c64p_Exception_exceptionHook__C)
                  c27362b8    00000019     lv_chart.obj (.const:.string:$P$T17$16)
                  c27362d1    00000003     --HOLE-- [fill = 0]
                  c27362d4    00000004     Local_pe674.oe674 (.const:ti_sysbios_family_c64p_Exception_externalHook__C)
                  c27362d8    00000019     lv_chart.obj (.const:.string:$P$T19$18)
                  c27362f1    00000003     --HOLE-- [fill = 0]
                  c27362f4    00000004     Local_pe674.oe674 (.const:ti_sysbios_family_c64p_Exception_internalHook__C)
                  c27362f8    00000019     lv_chart.obj (.const:.string:$P$T20$19)
                  c2736311    00000003     --HOLE-- [fill = 0]
                  c2736314    00000004     Local_pe674.oe674 (.const:ti_sysbios_family_c64p_Exception_nmiHook__C)
                  c2736318    00000019     lv_meter.obj (.const:.string:$P$T4$5)
                  c2736331    00000003     --HOLE-- [fill = 0]
                  c2736334    00000004     Local_pe674.oe674 (.const:ti_sysbios_family_c64p_Hwi_E_alreadyDefined__C)
                  c2736338    00000019     lv_table.obj (.const:.string:$P$T5$6)
                  c2736351    00000003     --HOLE-- [fill = 0]
                  c2736354    00000004     Local_pe674.oe674 (.const:ti_sysbios_family_c64p_Hwi_E_handleNotFound__C)
                  c2736358    00000018     lv_draw_mask.obj (.const:.string:$P$T0$1)
                  c2736370    00000018     lv_dropdown.obj (.const:.string:$P$T0$1)
                  c2736388    00000018     lv_hal_disp.obj (.const:.string:$P$T0$1)
                  c27363a0    00000018     lv_table.obj (.const:.string:$P$T0$1)
                  c27363b8    00000018     lv_chart.obj (.const:.string:$P$T11$10)
                  c27363d0    00000018     lv_chart.obj (.const:.string:$P$T15$14)
                  c27363e8    00000018     lv_label.obj (.const:.string:$P$T2$3)
                  c2736400    00000018     lv_meter.obj (.const:.string:$P$T2$3)
                  c2736418    00000018     lv_font.obj (.const:.string:$P$T3$3)
                  c2736430    00000018     lv_event.obj (.const:.string:$P$T3$5)
                  c2736448    00000018     nettool.ae674 : config.oe674 (.const:.string)
                  c2736460    00000018     stk6_ppp_pppoe.ae674 : exec.oe674 (.const:.string)
                  c2736478    00000018     SourceHanSansCN_Normal_16.obj (.const:font_dsc)
                  c2736490    00000018     Local_pe674.oe674 (.const:ti_sysbios_gates_GateHwi_Object__PARAMS__C)
                  c27364a8    00000018     Local_pe674.oe674 (.const:ti_sysbios_gates_GateMutex_Object__PARAMS__C)
                  c27364c0    00000018     Local_pe674.oe674 (.const:ti_sysbios_knl_Queue_Object__PARAMS__C)
                  c27364d8    00000018     Local_pe674.oe674 (.const:ti_sysbios_knl_Swi_hooks__A)
                  c27364f0    00000018     Local_pe674.oe674 (.const:xdc_runtime_LoggerSys_Object__PARAMS__C)
                  c2736508    00000017     lv_event.obj (.const:.string:$P$T1$3)
                  c273651f    00000001     --HOLE-- [fill = 0]
                  c2736520    00000017     lv_chart.obj (.const:.string:$P$T14$13)
                  c2736537    00000001     --HOLE-- [fill = 0]
                  c2736538    00000017     lv_dropdown.obj (.const:.string:$P$T2$3)
                  c273654f    00000001     --HOLE-- [fill = 0]
                  c2736550    00000017     lv_label.obj (.const:.string:$P$T3$4)
                  c2736567    00000001     --HOLE-- [fill = 0]
                  c2736568    00000017     lv_chart.obj (.const:.string:$P$T4$5)
                  c273657f    00000001     --HOLE-- [fill = 0]
                  c2736580    00000017     lv_table.obj (.const:.string:$P$T4$5)
                  c2736597    00000017     stk6_ppp_pppoe.ae674 : ipout.oe674 (.const:.string)
                  c27365ae    00000002     --HOLE-- [fill = 0]
                  c27365b0    00000016     lv_hal_indev.obj (.const:.string:$P$T0$1)
                  c27365c6    00000002     --HOLE-- [fill = 0]
                  c27365c8    00000016     lv_roller.obj (.const:.string:$P$T0$1)
                  c27365de    00000002     --HOLE-- [fill = 0]
                  c27365e0    00000016     lv_txt.obj (.const:.string:$P$T0$1)
                  c27365f6    00000002     --HOLE-- [fill = 0]
                  c27365f8    00000016     lv_label.obj (.const:.string:$P$T1$2)
                  c273660e    00000002     --HOLE-- [fill = 0]
                  c2736610    00000016     lv_font.obj (.const:.string:$P$T2$2)
                  c2736626    00000002     --HOLE-- [fill = 0]
                  c2736628    00000016     lv_img_decoder.obj (.const:.string:$P$T3$3)
                  c273663e    00000002     --HOLE-- [fill = 0]
                  c2736640    00000016     lv_tlsf.obj (.const:.string:$P$T6$6)
                  c2736656    00000016     stk6_ppp_pppoe.ae674 : ipv6out.oe674 (.const:.string)
                  c273666c    00000004     Local_pe674.oe674 (.const:ti_sysbios_family_c64p_Hwi_LD_end__C)
                  c2736670    00000015     lv_textarea.obj (.const:.string:$P$T0$1)
                  c2736685    00000003     --HOLE-- [fill = 0]
                  c2736688    00000015     lv_img_decoder.obj (.const:.string:$P$T1$1)
                  c273669d    00000003     --HOLE-- [fill = 0]
                  c27366a0    00000015     lv_textarea.obj (.const:.string:$P$T1$2)
                  c27366b5    00000003     --HOLE-- [fill = 0]
                  c27366b8    00000015     lv_style.obj (.const:.string:$P$T2$3)
                  c27366cd    00000003     --HOLE-- [fill = 0]
                  c27366d0    00000015     lv_table.obj (.const:.string:$P$T2$3)
                  c27366e5    00000003     --HOLE-- [fill = 0]
                  c27366e8    00000015     lv_textarea.obj (.const:.string:$P$T2$3)
                  c27366fd    00000003     --HOLE-- [fill = 0]
                  c2736700    00000015     lv_hal_disp.obj (.const:.string:$P$T2$8)
                  c2736715    00000003     --HOLE-- [fill = 0]
                  c2736718    00000015     lv_chart.obj (.const:.string:$P$T21$20)
                  c273672d    00000003     --HOLE-- [fill = 0]
                  c2736730    00000015     lv_chart.obj (.const:.string:$P$T22$21)
                  c2736745    00000003     --HOLE-- [fill = 0]
                  c2736748    00000015     lv_table.obj (.const:.string:$P$T3$4)
                  c273675d    00000003     --HOLE-- [fill = 0]
                  c2736760    00000015     lv_textarea.obj (.const:.string:$P$T4$5)
                  c2736775    00000003     --HOLE-- [fill = 0]
                  c2736778    00000015     lv_chart.obj (.const:.string:$P$T5$6)
                  c273678d    00000003     --HOLE-- [fill = 0]
                  c2736790    00000015     lv_label.obj (.const:.string:$P$T7$7)
                  c27367a5    00000003     --HOLE-- [fill = 0]
                  c27367a8    00000014     lv_event.obj (.const:.string:$P$T0$2)
                  c27367bc    00000004     Local_pe674.oe674 (.const:ti_sysbios_family_c64p_Hwi_LM_begin__C)
                  c27367c0    00000014     lv_hal_indev.obj (.const:.string:$P$T1$2)
                  c27367d4    00000004     Local_pe674.oe674 (.const:ti_sysbios_family_c64p_Hwi_Module__diagsEnabled__C)
                  c27367d8    00000014     lv_chart.obj (.const:.string:$P$T10$9)
                  c27367ec    00000004     Local_pe674.oe674 (.const:ti_sysbios_family_c64p_Hwi_Module__diagsIncluded__C)
                  c27367f0    00000014     lv_img_decoder.obj (.const:.string:$P$T2$2)
                  c2736804    00000004     Local_pe674.oe674 (.const:ti_sysbios_family_c64p_Hwi_Module__diagsMask__C)
                  c2736808    00000014     lv_tlsf.obj (.const:.string:$P$T23$22)
                  c273681c    00000004     Local_pe674.oe674 (.const:ti_sysbios_family_c64p_Hwi_Module__loggerFxn1__C)
                  c2736820    00000014     lv_chart.obj (.const:.string:$P$T3$4)
                  c2736834    00000014     lv_sjpg.obj (.const:.string)
                  c2736848    00000014     Local_pe674.oe674 (.const:ti_sysbios_family_c64p_Hwi_hooks__A)
                  c273685c    00000004     Local_pe674.oe674 (.const:ti_sysbios_family_c64p_Hwi_Module__loggerFxn8__C)
                  c2736860    00000013     lv_meter.obj (.const:.string:$P$T0$1)
                  c2736873    00000001     --HOLE-- [fill = 0]
                  c2736874    00000004     Local_pe674.oe674 (.const:ti_sysbios_family_c64p_Hwi_Module__loggerObj__C)
                  c2736878    00000013     lv_obj_pos.obj (.const:.string:$P$T0$2)
                  c273688b    00000001     --HOLE-- [fill = 0]
                  c273688c    00000004     Local_pe674.oe674 (.const:ti_sysbios_family_c64p_Hwi_Object__heap__C)
                  c2736890    00000013     lv_tlsf.obj (.const:.string:$P$T17$16)
                  c27368a3    00000001     --HOLE-- [fill = 0]
                  c27368a4    00000004     Local_pe674.oe674 (.const:ti_sysbios_gates_GateMutex_A_badContext__C)
                  c27368a8    00000013     lv_fs.obj (.const:.string:$P$T3$3)
                  c27368bb    00000001     --HOLE-- [fill = 0]
                  c27368bc    00000004     Local_pe674.oe674 (.const:ti_sysbios_gates_GateMutex_Instance_State_sem__O)
                  c27368c0    00000013     lv_mem.obj (.const:.string:$P$T4$5)
                  c27368d3    00000013     stk6_ppp_pppoe.ae674 : fileuser.oe674 (.const:.string)
                  c27368e6    00000002     --HOLE-- [fill = 0]
                  c27368e8    00000012     lv_chart.obj (.const:.string:$P$T0$1)
                  c27368fa    00000002     --HOLE-- [fill = 0]
                  c27368fc    00000004     Local_pe674.oe674 (.const:ti_sysbios_gates_GateMutex_Module__diagsEnabled__C)
                  c2736900    00000012     lv_label.obj (.const:.string:$P$T0$1)
                  c2736912    00000002     --HOLE-- [fill = 0]
                  c2736914    00000004     Local_pe674.oe674 (.const:ti_sysbios_gates_GateMutex_Module__diagsIncluded__C)
                  c2736918    00000012     lv_tlsf.obj (.const:.string:$P$T16$15)
                  c273692a    00000002     --HOLE-- [fill = 0]
                  c273692c    00000004     Local_pe674.oe674 (.const:ti_sysbios_gates_GateMutex_Module__diagsMask__C)
                  c2736930    00000012     lv_fs.obj (.const:.string:$P$T2$2)
                  c2736942    00000002     --HOLE-- [fill = 0]
                  c2736944    00000004     Local_pe674.oe674 (.const:ti_sysbios_hal_Hwi_E_stackOverflow__C)
                  c2736948    00000012     lv_refr.obj (.const:.string:$P$T2$2)
                  c273695a    00000002     --HOLE-- [fill = 0]
                  c273695c    00000004     Local_pe674.oe674 (.const:ti_sysbios_heaps_HeapMem_A_align__C)
                  c2736960    00000012     lv_style.obj (.const:.string:$P$T3$4)
                  c2736972    00000002     --HOLE-- [fill = 0]
                  c2736974    00000004     Local_pe674.oe674 (.const:ti_sysbios_heaps_HeapMem_A_heapSize__C)
                  c2736978    00000012     lv_label.obj (.const:.string:$P$T6$6)
                  c273698a    00000002     --HOLE-- [fill = 0]
                  c273698c    00000004     Local_pe674.oe674 (.const:ti_sysbios_heaps_HeapMem_A_invalidFree__C)
                  c2736990    00000012     lv_tlsf.obj (.const:.string:$P$T7$7)
                  c27369a2    00000002     --HOLE-- [fill = 0]
                  c27369a4    00000004     Local_pe674.oe674 (.const:ti_sysbios_heaps_HeapMem_A_zeroBlock__C)
                  c27369a8    00000012     lv_tlsf.obj (.const:.string:$P$T8$8)
                  c27369ba    00000002     --HOLE-- [fill = 0]
                  c27369bc    00000004     Local_pe674.oe674 (.const:ti_sysbios_heaps_HeapMem_E_memory__C)
                  c27369c0    00000011     lv_group.obj (.const:.string:$P$T1$2)
                  c27369d1    00000003     --HOLE-- [fill = 0]
                  c27369d4    00000004     Local_pe674.oe674 (.const:ti_sysbios_heaps_HeapMem_Module__diagsEnabled__C)
                  c27369d8    00000011     lv_tlsf.obj (.const:.string:$P$T12$11)
                  c27369e9    00000003     --HOLE-- [fill = 0]
                  c27369ec    00000004     Local_pe674.oe674 (.const:ti_sysbios_heaps_HeapMem_Module__diagsIncluded__C)
                  c27369f0    00000011     lv_tlsf.obj (.const:.string:$P$T13$12)
                  c2736a01    00000003     --HOLE-- [fill = 0]
                  c2736a04    00000004     Local_pe674.oe674 (.const:ti_sysbios_heaps_HeapMem_Module__diagsMask__C)
                  c2736a08    00000011     lv_tlsf.obj (.const:.string:$P$T18$17)
                  c2736a19    00000003     --HOLE-- [fill = 0]
                  c2736a1c    00000004     Local_pe674.oe674 (.const:ti_sysbios_heaps_HeapMem_Module__gateObj__C)
                  c2736a20    00000011     lv_tlsf.obj (.const:.string:$P$T22$21)
                  c2736a31    00000003     --HOLE-- [fill = 0]
                  c2736a34    00000004     Local_pe674.oe674 (.const:ti_sysbios_heaps_HeapMem_Object__count__C)
                  c2736a38    00000011     lv_chart.obj (.const:.string:$P$T23$22)
                  c2736a49    00000003     --HOLE-- [fill = 0]
                  c2736a4c    00000004     Local_pe674.oe674 (.const:ti_sysbios_heaps_HeapMem_Object__table__C)
                  c2736a50    00000011     lv_tlsf.obj (.const:.string:$P$T27$24)
                  c2736a61    00000003     --HOLE-- [fill = 0]
                  c2736a64    00000004     Local_pe674.oe674 (.const:ti_sysbios_heaps_HeapMem_reqAlign__C)
                  c2736a68    00000011     lv_meter.obj (.const:.string:$P$T3$4)
                  c2736a79    00000011     stk6_ppp_pppoe.ae674 : tcp6prot.oe674 (.const:.string)
                  c2736a8a    00000011                          : tcpprot.oe674 (.const:.string)
                  c2736a9b    00000001     --HOLE-- [fill = 0]
                  c2736a9c    00000004     Local_pe674.oe674 (.const:ti_sysbios_knl_Clock_A_badThreadType__C)
                  c2736aa0    00000011     ti.targets.rts6000.ae674 : System.oe674 (.const:digtohex)
                  c2736ab1    00000003     --HOLE-- [fill = 0]
                  c2736ab4    00000004     Local_pe674.oe674 (.const:ti_sysbios_knl_Clock_A_clockDisabled__C)
                  c2736ab8    00000010     lv_group.obj (.const:.string:$P$T0$1)
                  c2736ac8    00000010     lv_refr.obj (.const:.string:$P$T1$1)
                  c2736ad8    00000010     lv_timer.obj (.const:.string:$P$T1$5)
                  c2736ae8    00000010     lv_tlsf.obj (.const:.string:$P$T14$13)
                  c2736af8    00000010     lv_tlsf.obj (.const:.string:$P$T15$14)
                  c2736b08    00000010     lv_img_buf.obj (.const:.string:$P$T2$2)
                  c2736b18    00000010     lv_hal_indev.obj (.const:.string:$P$T2$3)
                  c2736b28    00000010     lv_obj_style.obj (.const:.string:$P$T3$2)
                  c2736b38    00000010     lv_tlsf.obj (.const:.string:$P$T30$26)
                  c2736b48    00000010     lv_img_decoder.obj (.const:.string:$P$T7$7)
                  c2736b58    00000010     lv_draw_sw_letter.obj (.const:.string:_lv_bpp4_opa_table)
                  c2736b68    00000010     rts6740_elf.lib : _scanfi.c.obj (.const:.string)
                  c2736b78    00000010     Local_pe674.oe674 (.const:ti_sysbios_family_c64p_EventCombiner_EVTMASK__C)
                  c2736b88    0000000f     lv_flex.obj (.const:.string:$P$T0$1)
                  c2736b97    00000001     --HOLE-- [fill = 0]
                  c2736b98    0000000f     lv_img.obj (.const:.string:$P$T0$1)
                  c2736ba7    00000001     --HOLE-- [fill = 0]
                  c2736ba8    0000000f     lv_style.obj (.const:.string:$P$T1$1)
                  c2736bb7    00000001     --HOLE-- [fill = 0]
                  c2736bb8    0000000f     lv_mem.obj (.const:.string:$P$T1$3)
                  c2736bc7    00000001     --HOLE-- [fill = 0]
                  c2736bc8    0000000f     lv_tlsf.obj (.const:.string:$P$T20$19)
                  c2736bd7    00000001     --HOLE-- [fill = 0]
                  c2736bd8    0000000f     lv_tlsf.obj (.const:.string:$P$T24$23)
                  c2736be7    00000001     --HOLE-- [fill = 0]
                  c2736be8    0000000f     lv_mem.obj (.const:.string:$P$T3$4)
                  c2736bf7    00000001     --HOLE-- [fill = 0]
                  c2736bf8    0000000e     lv_anim.obj (.const:.string:$P$T0$1)
                  c2736c06    00000002     --HOLE-- [fill = 0]
                  c2736c08    0000000e     lv_draw_sw_gradient.obj (.const:.string:$P$T0$1)
                  c2736c16    00000002     --HOLE-- [fill = 0]
                  c2736c18    0000000e     lv_tlsf.obj (.const:.string:$P$T19$18)
                  c2736c26    00000002     --HOLE-- [fill = 0]
                  c2736c28    0000000e     lv_draw_mask.obj (.const:.string:$P$T2$3)
                  c2736c36    0000000e     stk6_ppp_pppoe.ae674 : timer.oe674 (.const:.string)
                  c2736c44    00000004     Local_pe674.oe674 (.const:ti_sysbios_knl_Clock_LM_begin__C)
                  c2736c48    0000000d     lv_bmp.obj (.const:.string:$P$T0$1)
                  c2736c55    00000003     --HOLE-- [fill = 0]
                  c2736c58    0000000d     lv_mem.obj (.const:.string:$P$T0$2)
                  c2736c65    00000003     --HOLE-- [fill = 0]
                  c2736c68    0000000d     lv_tlsf.obj (.const:.string:$P$T11$10)
                  c2736c75    00000003     --HOLE-- [fill = 0]
                  c2736c78    0000000d     lv_tlsf.obj (.const:.string:$P$T29$25)
                  c2736c85    0000000d     os.ae674 : ossys.oe674 (.const:.string)
                  c2736c92    00000002     --HOLE-- [fill = 0]
                  c2736c94    00000004     Local_pe674.oe674 (.const:ti_sysbios_knl_Clock_LM_tick__C)
                  c2736c98    0000000c     lv_tlsf.obj (.const:.string:$P$T10$9)
                  c2736ca4    0000000c     lv_checkbox.obj (.const:.string)
                  c2736cb0    0000000c     os.ae674 : efs.oe674 (.const:.string)
                  c2736cbc    0000000c     imgBackground.obj (.const:imgBackground)
                  c2736cc8    0000000c     imgCalculator.obj (.const:imgCalculator)
                  c2736cd4    0000000c     imgCalendar.obj (.const:imgCalendar)
                  c2736ce0    0000000c     imgLAN.obj (.const:imgLAN)
                  c2736cec    0000000c     imgRoate.obj (.const:imgRoate)
                  c2736cf8    0000000c     imgSystemInfo.obj (.const:imgSystemInfo)
                  c2736d04    0000000c     imgWLAN.obj (.const:imgWLAN)
                  c2736d10    0000000c     SourceHanSansCN_Normal_16.obj (.const:kern_pairs)
                  c2736d1c    0000000c     Local_pe674.oe674 (.const:ti_sysbios_family_c64p_Cache_initSize__C)
                  c2736d28    0000000c     Local_pe674.oe674 (.const:ti_sysbios_knl_Idle_coreList__A)
                  c2736d34    00000004     Local_pe674.oe674 (.const:ti_sysbios_knl_Clock_LW_delayed__C)
                  c2736d38    0000000c     Local_pe674.oe674 (.const:ti_sysbios_knl_Idle_funcList__A)
                  c2736d44    00000004     Local_pe674.oe674 (.const:ti_sysbios_knl_Clock_Module_State_clockQ__O)
                  c2736d48    0000000b     lv_fs.obj (.const:.string:$P$T1$1)
                  c2736d53    00000001     --HOLE-- [fill = 0]
                  c2736d54    00000004     Local_pe674.oe674 (.const:ti_sysbios_knl_Clock_Module__diagsEnabled__C)
                  c2736d58    0000000b     lv_tlsf.obj (.const:.string:$P$T1$1)
                  c2736d63    00000001     --HOLE-- [fill = 0]
                  c2736d64    00000004     Local_pe674.oe674 (.const:ti_sysbios_knl_Clock_Module__diagsIncluded__C)
                  c2736d68    0000000b     lv_tlsf.obj (.const:.string:$P$T2$2)
                  c2736d73    00000001     --HOLE-- [fill = 0]
                  c2736d74    00000004     Local_pe674.oe674 (.const:ti_sysbios_knl_Clock_Module__diagsMask__C)
                  c2736d78    0000000b     lv_tlsf.obj (.const:.string:$P$T4$4)
                  c2736d83    0000000b     stk6_ppp_pppoe.ae674 : route.oe674 (.const:.string)
                  c2736d8e    00000002     --HOLE-- [fill = 0]
                  c2736d90    0000000a     lv_sjpg.obj (.const:.string:$P$T1$1)
                  c2736d9a    00000002     --HOLE-- [fill = 0]
                  c2736d9c    00000004     Local_pe674.oe674 (.const:ti_sysbios_knl_Clock_Module__loggerFxn1__C)
                  c2736da0    0000000a     lv_tlsf.obj (.const:.string:$P$T5$5)
                  c2736daa    00000002     --HOLE-- [fill = 0]
                  c2736dac    00000004     Local_pe674.oe674 (.const:ti_sysbios_knl_Clock_Module__loggerFxn2__C)
                  c2736db0    00000009     Calculator.obj (.const:.string:$P$T0$1)
                  c2736db9    00000003     --HOLE-- [fill = 0]
                  c2736dbc    00000004     Local_pe674.oe674 (.const:ti_sysbios_knl_Clock_Module__loggerObj__C)
                  c2736dc0    00000009     Network.obj (.const:.string:$P$T0$1)
                  c2736dc9    00000003     --HOLE-- [fill = 0]
                  c2736dcc    00000004     Local_pe674.oe674 (.const:ti_sysbios_knl_Semaphore_A_badContext__C)
                  c2736dd0    00000009     SystemInfo.obj (.const:.string:$P$T0$1)
                  c2736dd9    00000003     --HOLE-- [fill = 0]
                  c2736ddc    00000004     Local_pe674.oe674 (.const:ti_sysbios_knl_Semaphore_A_noEvents__C)
                  c2736de0    00000009     lv_tlsf.obj (.const:.string:$P$T3$3)
                  c2736de9    00000001     --HOLE-- [fill = 0]
                  c2736dea    00000008     lv_draw_sw_polygon.obj (.const:$P$T0$1)
                  c2736df2    00000002     --HOLE-- [fill = 0]
                  c2736df4    00000008     lv_tlsf.obj (.const:$P$T21$20)
                  c2736dfc    00000004     Local_pe674.oe674 (.const:ti_sysbios_knl_Semaphore_A_overflow__C)
                  c2736e00    00000008     lv_obj.obj (.const:.string:$P$T0$1)
                  c2736e08    00000008     lv_png.obj (.const:.string:$P$T1$1)
                  c2736e10    00000008     lodepng.obj (.const:.string:$P$T25$3)
                  c2736e18    00000008     lv_draw_img.obj (.const:.string)
                  c2736e20    00000008     ti.targets.rts6000.ae674 : System.oe674 (.const:.string)
                  c2736e28    00000008     Local_pe674.oe674 (.const:ti_sysbios_family_c64p_Hwi_hooks__C)
                  c2736e30    00000008     Local_pe674.oe674 (.const:ti_sysbios_knl_Idle_coreList__C)
                  c2736e38    00000008     Local_pe674.oe674 (.const:ti_sysbios_knl_Idle_funcList__C)
                  c2736e40    00000008     Local_pe674.oe674 (.const:ti_sysbios_knl_Swi_hooks__C)
                  c2736e48    00000008     Local_pe674.oe674 (.const:ti_sysbios_knl_Task_hooks__C)
                  c2736e50    00000008     Local_pe674.oe674 (.const:xdc_runtime_Startup_firstFxns__A)
                  c2736e58    00000008     Local_pe674.oe674 (.const:xdc_runtime_Startup_firstFxns__C)
                  c2736e60    00000008     Local_pe674.oe674 (.const:xdc_runtime_Startup_lastFxns__C)
                  c2736e68    00000007     rts6740_elf.lib : _scanfi.c.obj (.const:.string:flit$1)
                  c2736e6f    00000001     --HOLE-- [fill = 0]
                  c2736e70    00000006                     : _scanfi.c.obj (.const:.string:barr$2)
                  c2736e76    00000002     --HOLE-- [fill = 0]
                  c2736e78    00000004     lv_img_buf.obj (.const:.string:$P$T1$1)
                  c2736e7c    00000004     Local_pe674.oe674 (.const:ti_sysbios_knl_Semaphore_A_pendTaskDisabled__C)
                  c2736e80    00000004     lv_img_decoder.obj (.const:.string:$P$T6$6)
                  c2736e84    00000004     Local_pe674.oe674 (.const:ti_sysbios_knl_Semaphore_Instance_State_pendQ__O)
                  c2736e88    00000004     lv_draw_sw_letter.obj (.const:.string:_lv_bpp2_opa_table)
                  c2736e8c    00000004     Local_pe674.oe674 (.const:ti_sysbios_knl_Semaphore_LM_pend__C)
                  c2736e90    00000004     Local_pe674.oe674 (.const:ti_sysbios_knl_Semaphore_LM_post__C)
                  c2736e94    00000004     Local_pe674.oe674 (.const:ti_sysbios_knl_Semaphore_Module__diagsEnabled__C)
                  c2736e98    00000004     Local_pe674.oe674 (.const:ti_sysbios_knl_Semaphore_Module__diagsIncluded__C)
                  c2736e9c    00000004     Local_pe674.oe674 (.const:ti_sysbios_knl_Semaphore_Module__diagsMask__C)
                  c2736ea0    00000004     Local_pe674.oe674 (.const:ti_sysbios_knl_Semaphore_Module__loggerFxn2__C)
                  c2736ea4    00000004     Local_pe674.oe674 (.const:ti_sysbios_knl_Semaphore_Module__loggerFxn4__C)
                  c2736ea8    00000004     Local_pe674.oe674 (.const:ti_sysbios_knl_Semaphore_Module__loggerObj__C)
                  c2736eac    00000004     Local_pe674.oe674 (.const:ti_sysbios_knl_Swi_A_badPriority__C)
                  c2736eb0    00000004     Local_pe674.oe674 (.const:ti_sysbios_knl_Swi_A_swiDisabled__C)
                  c2736eb4    00000004     Local_pe674.oe674 (.const:ti_sysbios_knl_Swi_LD_end__C)
                  c2736eb8    00000004     Local_pe674.oe674 (.const:ti_sysbios_knl_Swi_LM_begin__C)
                  c2736ebc    00000004     Local_pe674.oe674 (.const:ti_sysbios_knl_Swi_LM_post__C)
                  c2736ec0    00000004     Local_pe674.oe674 (.const:ti_sysbios_knl_Swi_Module__diagsEnabled__C)
                  c2736ec4    00000004     Local_pe674.oe674 (.const:ti_sysbios_knl_Swi_Module__diagsIncluded__C)
                  c2736ec8    00000004     Local_pe674.oe674 (.const:ti_sysbios_knl_Swi_Module__diagsMask__C)
                  c2736ecc    00000004     Local_pe674.oe674 (.const:ti_sysbios_knl_Swi_Module__loggerFxn1__C)
                  c2736ed0    00000004     Local_pe674.oe674 (.const:ti_sysbios_knl_Swi_Module__loggerFxn4__C)
                  c2736ed4    00000004     Local_pe674.oe674 (.const:ti_sysbios_knl_Swi_Module__loggerObj__C)
                  c2736ed8    00000004     Local_pe674.oe674 (.const:ti_sysbios_knl_Swi_Object__count__C)
                  c2736edc    00000004     Local_pe674.oe674 (.const:ti_sysbios_knl_Swi_Object__heap__C)
                  c2736ee0    00000004     Local_pe674.oe674 (.const:ti_sysbios_knl_Swi_Object__table__C)
                  c2736ee4    00000004     Local_pe674.oe674 (.const:ti_sysbios_knl_Swi_numConstructedSwis__C)
                  c2736ee8    00000004     Local_pe674.oe674 (.const:ti_sysbios_knl_Task_A_badPriority__C)
                  c2736eec    00000004     Local_pe674.oe674 (.const:ti_sysbios_knl_Task_A_badTaskState__C)
                  c2736ef0    00000004     Local_pe674.oe674 (.const:ti_sysbios_knl_Task_A_badThreadType__C)
                  c2736ef4    00000004     Local_pe674.oe674 (.const:ti_sysbios_knl_Task_A_badTimeout__C)
                  c2736ef8    00000004     Local_pe674.oe674 (.const:ti_sysbios_knl_Task_A_noPendElem__C)
                  c2736efc    00000004     Local_pe674.oe674 (.const:ti_sysbios_knl_Task_A_sleepTaskDisabled__C)
                  c2736f00    00000004     Local_pe674.oe674 (.const:ti_sysbios_knl_Task_A_taskDisabled__C)
                  c2736f04    00000004     Local_pe674.oe674 (.const:ti_sysbios_knl_Task_E_deleteNotAllowed__C)
                  c2736f08    00000004     Local_pe674.oe674 (.const:ti_sysbios_knl_Task_E_spOutOfBounds__C)
                  c2736f0c    00000004     Local_pe674.oe674 (.const:ti_sysbios_knl_Task_E_stackOverflow__C)
                  c2736f10    00000004     Local_pe674.oe674 (.const:ti_sysbios_knl_Task_LD_block__C)
                  c2736f14    00000004     Local_pe674.oe674 (.const:ti_sysbios_knl_Task_LD_exit__C)
                  c2736f18    00000004     Local_pe674.oe674 (.const:ti_sysbios_knl_Task_LD_ready__C)
                  c2736f1c    00000004     Local_pe674.oe674 (.const:ti_sysbios_knl_Task_LM_setPri__C)
                  c2736f20    00000004     Local_pe674.oe674 (.const:ti_sysbios_knl_Task_LM_sleep__C)
                  c2736f24    00000004     Local_pe674.oe674 (.const:ti_sysbios_knl_Task_LM_switch__C)
                  c2736f28    00000004     Local_pe674.oe674 (.const:ti_sysbios_knl_Task_Module_State_inactiveQ__O)
                  c2736f2c    00000004     Local_pe674.oe674 (.const:ti_sysbios_knl_Task_Module_State_terminatedQ__O)
                  c2736f30    00000004     Local_pe674.oe674 (.const:ti_sysbios_knl_Task_Module__diagsEnabled__C)
                  c2736f34    00000004     Local_pe674.oe674 (.const:ti_sysbios_knl_Task_Module__diagsIncluded__C)
                  c2736f38    00000004     Local_pe674.oe674 (.const:ti_sysbios_knl_Task_Module__diagsMask__C)
                  c2736f3c    00000004     Local_pe674.oe674 (.const:ti_sysbios_knl_Task_Module__loggerFxn2__C)
                  c2736f40    00000004     Local_pe674.oe674 (.const:ti_sysbios_knl_Task_Module__loggerFxn4__C)
                  c2736f44    00000004     Local_pe674.oe674 (.const:ti_sysbios_knl_Task_Module__loggerObj__C)
                  c2736f48    00000004     Local_pe674.oe674 (.const:ti_sysbios_knl_Task_Object__count__C)
                  c2736f4c    00000004     Local_pe674.oe674 (.const:ti_sysbios_knl_Task_Object__heap__C)
                  c2736f50    00000004     Local_pe674.oe674 (.const:ti_sysbios_knl_Task_Object__table__C)
                  c2736f54    00000004     Local_pe674.oe674 (.const:ti_sysbios_knl_Task_allBlockedFunc__C)
                  c2736f58    00000004     Local_pe674.oe674 (.const:ti_sysbios_knl_Task_defaultStackHeap__C)
                  c2736f5c    00000004     Local_pe674.oe674 (.const:ti_sysbios_knl_Task_defaultStackSize__C)
                  c2736f60    00000004     Local_pe674.oe674 (.const:ti_sysbios_knl_Task_numConstructedTasks__C)
                  c2736f64    00000004     Local_pe674.oe674 (.const:ti_sysbios_timers_timer64_Timer_A_notAvailable__C)
                  c2736f68    00000004     Local_pe674.oe674 (.const:ti_sysbios_timers_timer64_Timer_E_cannotSupport__C)
                  c2736f6c    00000004     Local_pe674.oe674 (.const:ti_sysbios_timers_timer64_Timer_E_invalidTimer__C)
                  c2736f70    00000004     Local_pe674.oe674 (.const:ti_sysbios_timers_timer64_Timer_E_notAvailable__C)
                  c2736f74    00000004     Local_pe674.oe674 (.const:ti_sysbios_timers_timer64_Timer_Module__diagsEnabled__C)
                  c2736f78    00000004     Local_pe674.oe674 (.const:ti_sysbios_timers_timer64_Timer_Module__diagsIncluded__C)
                  c2736f7c    00000004     Local_pe674.oe674 (.const:ti_sysbios_timers_timer64_Timer_Module__diagsMask__C)
                  c2736f80    00000004     Local_pe674.oe674 (.const:ti_sysbios_timers_timer64_Timer_anyMask__C)
                  c2736f84    00000004     Local_pe674.oe674 (.const:ti_sysbios_timers_timer64_Timer_defaultHalf__C)
                  c2736f88    00000004     Local_pe674.oe674 (.const:ti_sysbios_timers_timer64_Timer_freqDivisor__C)
                  c2736f8c    00000004     Local_pe674.oe674 (.const:ti_sysbios_timers_timer64_Timer_numLocalTimers__C)
                  c2736f90    00000004     Local_pe674.oe674 (.const:ti_sysbios_timers_timer64_Timer_numTimerDevices__C)
                  c2736f94    00000004     Local_pe674.oe674 (.const:ti_sysbios_utils_Load_LS_cpuLoad__C)
                  c2736f98    00000004     Local_pe674.oe674 (.const:ti_sysbios_utils_Load_LS_hwiLoad__C)
                  c2736f9c    00000004     Local_pe674.oe674 (.const:ti_sysbios_utils_Load_LS_swiLoad__C)
                  c2736fa0    00000004     Local_pe674.oe674 (.const:ti_sysbios_utils_Load_LS_taskLoad__C)
                  c2736fa4    00000004     Local_pe674.oe674 (.const:ti_sysbios_utils_Load_Module_State_taskList__O)
                  c2736fa8    00000004     Local_pe674.oe674 (.const:ti_sysbios_utils_Load_Module__diagsEnabled__C)
                  c2736fac    00000004     Local_pe674.oe674 (.const:ti_sysbios_utils_Load_Module__diagsIncluded__C)
                  c2736fb0    00000004     Local_pe674.oe674 (.const:ti_sysbios_utils_Load_Module__diagsMask__C)
                  c2736fb4    00000004     Local_pe674.oe674 (.const:ti_sysbios_utils_Load_Module__loggerFxn1__C)
                  c2736fb8    00000004     Local_pe674.oe674 (.const:ti_sysbios_utils_Load_Module__loggerFxn2__C)
                  c2736fbc    00000004     Local_pe674.oe674 (.const:ti_sysbios_utils_Load_Module__loggerFxn4__C)
                  c2736fc0    00000004     Local_pe674.oe674 (.const:ti_sysbios_utils_Load_Module__loggerObj__C)
                  c2736fc4    00000004     Local_pe674.oe674 (.const:ti_sysbios_utils_Load_postUpdate__C)
                  c2736fc8    00000004     Local_pe674.oe674 (.const:ti_sysbios_utils_Load_windowInMs__C)
                  c2736fcc    00000004     Local_pe674.oe674 (.const:xdc_runtime_Assert_E_assertFailed__C)
                  c2736fd0    00000004     Local_pe674.oe674 (.const:xdc_runtime_Core_A_initializedParams__C)
                  c2736fd4    00000004     Local_pe674.oe674 (.const:xdc_runtime_Core_Module__diagsEnabled__C)
                  c2736fd8    00000004     Local_pe674.oe674 (.const:xdc_runtime_Core_Module__diagsIncluded__C)
                  c2736fdc    00000004     Local_pe674.oe674 (.const:xdc_runtime_Core_Module__diagsMask__C)
                  c2736fe0    00000004     Local_pe674.oe674 (.const:xdc_runtime_Error_E_memory__C)
                  c2736fe4    00000004     Local_pe674.oe674 (.const:xdc_runtime_Error_Module__diagsEnabled__C)
                  c2736fe8    00000004     Local_pe674.oe674 (.const:xdc_runtime_Error_Module__diagsIncluded__C)
                  c2736fec    00000004     Local_pe674.oe674 (.const:xdc_runtime_Error_Module__diagsMask__C)
                  c2736ff0    00000004     Local_pe674.oe674 (.const:xdc_runtime_Error_Module__loggerFxn8__C)
                  c2736ff4    00000004     Local_pe674.oe674 (.const:xdc_runtime_Error_Module__loggerObj__C)
                  c2736ff8    00000004     Local_pe674.oe674 (.const:xdc_runtime_Error_policy__C)
                  c2736ffc    00000004     Local_pe674.oe674 (.const:xdc_runtime_Error_raiseHook__C)
                  c2737000    00000004     Local_pe674.oe674 (.const:xdc_runtime_IGateProvider_Interface__BASE__C)
                  c2737004    00000004     Local_pe674.oe674 (.const:xdc_runtime_IHeap_Interface__BASE__C)
                  c2737008    00000004     Local_pe674.oe674 (.const:xdc_runtime_ILogger_Interface__BASE__C)
                  c273700c    00000004     Local_pe674.oe674 (.const:xdc_runtime_IModule_Interface__BASE__C)
                  c2737010    00000004     Local_pe674.oe674 (.const:xdc_runtime_Log_L_error__C)
                  c2737014    00000004     Local_pe674.oe674 (.const:xdc_runtime_Memory_defaultHeapInstance__C)
                  c2737018    00000004     Local_pe674.oe674 (.const:xdc_runtime_Startup_execImpl__C)
                  c273701c    00000004     Local_pe674.oe674 (.const:xdc_runtime_Startup_maxPasses__C)
[...]
c2858760  xdc_runtime_System_vsnprintf__E                                     
c2858780  xdc_runtime_System_snprintf_va__F                                   
c2858780  xdc_runtime_System_vsnprintf__F                                     
c28587a0  NDK_vsprintf                                                        
c28587a0  xdc_runtime_System_vsprintf__E                                      
c28587c0  xdc_runtime_System_sprintf_va__F                                    
c28587c0  xdc_runtime_System_vsprintf__F                                      
c28587e0  xdc_runtime_Text_cordText__E                                        
c2858800  xdc_runtime_Text_putLab__E                                          
c2858820  xdc_runtime_Text_putSite__E                                         
c2858840  xdc_runtime_Text_ropeText__E                                        
c2858860  xdc_runtime_Timestamp_SupportProxy_get32__E                         
c2858860  xdc_runtime_Timestamp_get32__F                                      
c2858880  xdc_runtime_Timestamp_SupportProxy_getFreq__E                       
c2858880  xdc_runtime_Timestamp_getFreq__F                                    
c28588a0  xdc_runtime_Timestamp_get32__E                                      
c28588c0  xdc_runtime_Timestamp_getFreq__E                                    
c2858c00  CmdLists                                                            
c2859400  ti_sysbios_family_c64p_EventCombiner_Module__state__V               
c2859800  _ftable                                                             
c28599e0  g_sCmdTable                                                         
c2859aac  _ipcfg                                                              
c2859b60  _stream                                                             
c2859c00  ti_sysbios_knl_Task_Object__table__V                                
c2859c50  TSK_idle                                                            
c2859ca0  ti_sysbios_utils_Load_Module__state__V                              
c2859d38  ti_sysbios_family_c64p_Hwi_Object__table__V                         
c2859dc4  _lock                                                               
c2859dc8  ti_sysbios_knl_Swi_Module_State_0_readyQ__A                         
c2859e48  ti_sysbios_knl_Task_Module_State_0_readyQ__A                        
c2859ec8  _device                                                             
c2859f40  icon                                                                
c2859fb8  ti_sysbios_family_c64p_Hwi_Module__state__V                         
c285a020  ti_sysbios_timers_timer64_Timer_Module_State_0_device__A            
c285a080  BootModeStr                                                         
c285a0d0  DNSErrorStrings                                                     
c285a170  ti_sysbios_gates_GateMutex_Object__table__V                         
c285a1c0  ti_sysbios_timers_timer64_Timer_Object__table__V                    
c285a210  ulDataPatternTable                                                  
c285a2b0  ti_sysbios_knl_Task_Module__state__V                                
c285a2f4  _unlock                                                             
c285a3f8  ti_sysbios_utils_Load_Module_State_0_taskEnv__A                     
c285a464  __TI_ft_end                                                         
c285a4a0  ti_sysbios_knl_Swi_Object__table__V                                 
c285a4d4  __errno                                                             
c285a4d4  errno                                                               
c285a508  ti_sysbios_family_c64p_Exception_Module__state__V                   
c285a594  ti_sysbios_knl_Clock_Module__state__V                               
c285a5bc  ti_sysbios_family_c64p_Cache_Module__state__V                       
c285a5e4  ti_sysbios_family_c64p_primus_TimerSupport_Module__state__V         
c285a60c  _oscfg                                                              
c285a650  palette_32b                                                         
c285a670  pstrMsgName                                                         
c285a690  ti_sysbios_BIOS_Module__state__V                                    
c285a6b0  ti_sysbios_timers_timer64_Timer_Module_State_0_gctrl__A             
c285a6d0  ti_sysbios_timers_timer64_Timer_Module_State_0_handles__A           
c285a6f0  ti_sysbios_timers_timer64_Timer_Module_State_0_intFreqs__A          
c285a710  xdc_runtime_System_Module_State_0_atexitHandlers__A                 
c285a730  WeekDayStr                                                          
c285a74c  xdc_runtime_Memory_Module__state__V                                 
c285a78c  xdc_runtime_Error_Module__state__V                                  
c285a790  ti_ndk_config_Global_Id2Size                                        
c285a7b0  ti_sysbios_heaps_HeapMem_Object__table__V                           
c285a7cc  ti_sysbios_knl_Swi_Module__state__V                                 
c285a800  TaskName                                                            
c285a818  LinkStr                                                             
c285a830  ReportStr                                                           
c285a848  StatusStr                                                           
c285a8a4  ti_sysbios_timers_timer64_Timer_Module__state__V                    
c285a8b8  GatewayIP                                                           
c285a8c8  LocalIPMask                                                         
c285a8d8  SEGVal                                                              
c285a8e8  StaticIPAddr                                                        
c285a908  __TI_cleanup_ptr                                                    
c285a90c  __TI_dtors_ptr                                                      
c285a910  __TI_enable_exit_profile_output                                     
c285a918  ti_sysbios_hal_Hwi_Object__table__V                                 
c285a928  ti_sysbios_hal_Timer_Object__table__V                               
c285a938  xdc_runtime_LoggerSys_Object__table__V                              
c285a944  xdc_runtime_SysMin_Module__state__V                                 
c285a950  xdc_runtime_System_Module__state__V                                 
c285a980  NIMUDeviceTable                                                     
c285a988  ti_sysbios_family_c64p_Hwi_Module__root__V                          
c285a990  ti_sysbios_family_c64p_primus_TimerSupport_Module_State_0_suspSrc__A
c285a998  ti_sysbios_gates_GateHwi_Module__root__V                            
c285a9a0  ti_sysbios_gates_GateHwi_Object__table__V                           
c285a9a8  ti_sysbios_gates_GateMutex_Module__root__V                          
c285a9b0  ti_sysbios_hal_Hwi_Module__root__V                                  
c285a9b8  ti_sysbios_heaps_HeapMem_Module__root__V                            
c285a9c0  ti_sysbios_knl_Clock_Module__root__V                                
c285a9c8  ti_sysbios_knl_Queue_Module__root__V                                
c285a9d0  ti_sysbios_knl_Semaphore_Module__root__V                            
c285a9d8  ti_sysbios_knl_Swi_Module__root__V                                  
c285a9e0  ti_sysbios_knl_Task_Module__root__V                                 
c285a9e8  ti_sysbios_timers_timer64_Timer_Module__root__V                     
c285a9f0  xdc_runtime_LoggerSys_Module__root__V                               
c285a9f8  xdc_runtime_Registry_Module__state__V                               
c285aa00  xdc_runtime_Startup_Module__state__V                                
c285aa20  ti_sysbios_knl_Task_Module_State_0_idleTask__A                      
c285aa28  ti_sysbios_utils_Load_Module_State_0_runningTask__A                 
c285aa30  ti_sysbios_utils_Load_Module_State_0_taskStartTime__A               
c285aa38  DHCP_OPTIONS                                                        
c285b440  __TI_STATIC_BASE                                                    
c285b458  _IGMPInDiscard                                                      
c285b45c  _IGMPInQuery                                                        
c285b460  _IGMPInQueryGroup                                                   
c285b464  _IGMPInResponse                                                     
c285b468  _IGMPOutResponse                                                    
c285b500  BootMode                                                            
c285b504  DHCPSw                                                              
c285b508  KEY4SwiHandle                                                       
c285b50c  KEY6SwiHandle                                                       
c285b510  LV_LAYOUT_FLEX                                                      
c285b514  LV_LAYOUT_GRID                                                      
c285b518  LV_STYLE_FLEX_CROSS_PLACE                                           
c285b51c  LV_STYLE_FLEX_FLOW                                                  
c285b520  LV_STYLE_FLEX_GROW                                                  
c285b524  LV_STYLE_FLEX_MAIN_PLACE                                            
c285b528  LV_STYLE_FLEX_TRACK_PLACE                                           
c285b52c  LV_STYLE_GRID_CELL_COLUMN_POS                                       
c285b530  LV_STYLE_GRID_CELL_COLUMN_SPAN                                      
c285b534  LV_STYLE_GRID_CELL_ROW_POS                                          
c285b538  LV_STYLE_GRID_CELL_ROW_SPAN                                         
c285b53c  LV_STYLE_GRID_CELL_X_ALIGN                                          
c285b540  LV_STYLE_GRID_CELL_Y_ALIGN                                          
c285b544  LV_STYLE_GRID_COLUMN_ALIGN                                          
c285b548  LV_STYLE_GRID_COLUMN_DSC_ARRAY                                      
c285b54c  LV_STYLE_GRID_ROW_ALIGN                                             
c285b550  LV_STYLE_GRID_ROW_DSC_ARRAY                                         
c285b554  UARTConsoleSemHandle                                                
c285b558  UARTConsoleTaskHandle                                               
c285b55c  _lv_grad_cache_mem                                                  
c285b560  _lv_layout_list                                                     
c285b564  _lv_theme_basic_styles                                              
c285b568  _lv_theme_default_styles                                            
c285b56c  _lv_timer_act                                                       
c285b570  indev_touchpad                                                      
c285b574  p_rx                                                                
c285b578  p_tx                                                                
c285b57c  rh                                                                  
c285b580  rx_len                                                              
c285b584  t                                                                   
c285b588  temp_label                                                          
c285b58c  time_label                                                          
c285b590  tx_len                                                              
c285b59a  NDKFlag                                                             
c285b59c  CONTENT_TYPE_APPLET                                                 
c285b5a0  CONTENT_TYPE_AU                                                     
c285b5a4  CONTENT_TYPE_CSS                                                    
c285b5a8  CONTENT_TYPE_DOC                                                    
c285b5ac  CONTENT_TYPE_GIF                                                    
c285b5b0  CONTENT_TYPE_HTML                                                   
c285b5b4  CONTENT_TYPE_JPG                                                    
c285b5b8  CONTENT_TYPE_MPEG                                                   
c285b5bc  CONTENT_TYPE_PDF                                                    
c285b5c0  CONTENT_TYPE_WAV                                                    
c285b5c4  CONTENT_TYPE_ZIP                                                    
c285b5c8  CONTENT_TYPE                                                        
c285b5cc  CONTENT_LENGTH                                                      
c285b5d0  CRLF                                                                
c285b5d4  DEFAULT_NAME                                                        
c285b5d8  HTTP_VER                                                            
c285b5dc  SPACE                                                               
c285b5f4  VerStr                                                              
c285b5f8  DHCPMode                                                            
c285b5fc  HostName                                                            
c285b600  LocalIPAddr                                                         
c285b604  DomainName                                                          
c285b608  DNSServer                                                           
c285b60c  PITCount                                                            
c285b610  PITUsed                                                             
c285b614  PITHigh                                                             
c285b650  _lv_txt_encoded_size                                                
c285b654  _lv_txt_unicode_to_encoded                                          
c285b658  _lv_txt_encoded_conv_wc                                             
c285b65c  _lv_txt_encoded_next                                                
c285b660  _lv_txt_encoded_prev                                                
c285b664  _lv_txt_encoded_get_byte_id                                         
c285b668  _lv_txt_encoded_get_char_id                                         
c285b66c  _lv_txt_get_encoded_length                                          
c285b71c  _IGMPForceVersion1                                                  
c285b734  TxChanEnable_all                                                    
c285b738  RxChanEnable_all                                                    
c285b745  CmdHistorySaveNo                                                    
c285b746  CmdHistorySaveIndex                                                 
c285b747  CmdHistoryDisplayIndex                                              
c285b748  sataRegs                                                            
c285b74c  temp                                                                
c285b788  _ICMPInErrors                                                       
c285b78c  _ICMPOutErrors                                                      
c285b790  _IPExecuting                                                        
c285b7a0  gFragQList                                                          
c285b7c0  tcp_iss                                                             
c285b7c4  ptTimeFirst                                                         
c285b7c8  pt6TimeFirst                                                        
c285b7cc  tcp6_iss                                                            
c285b7e0  spi_flag                                                            
c285b7e4  SoftPWM                                                             
c285b7e8  OSCINFreq                                                           
c285b800  LODEPNG_VERSION_STRING                                              
c285b820  httpErrorResponseHook                                               
c285b834  _IPReasmPtr                                                         
c285b840  gMLDNodeList                                                        
c285b85a  roate                                                               
c285b85b  SECLED                                                              
c285b85e  LED_OP                                                              
c285b868  IPV6_MAX_MULTICAST_SOLICIT                                          
c285b86c  IPV6_MAX_UNICAST_SOLICIT                                            
c285b870  IPV6_RETRANS_TIME                                                   
c285b874  IPV6_DELAY_FIRST_PROBE_TIME                                         
c285b878  IPV6_REACHABLE_TIME                                                 
c285b87c  IPV6_MAX_RTR_SOLICITATION_DELAY                                     
c285b880  IPV6_RTR_SOLICITATION_INTERVAL                                      
c285b884  IPV6_MAX_RTR_SOLICITATIONS                                          
c285b888  INFINITE_LT                                                         
c285b88c  ti_ndk_config_Global_rawPageSize                                    
c285b890  ti_ndk_config_Global_rawPageCount                                   
c285b894  ti_ndk_config_Global_smallest                                       
c285b898  ti_ndk_config_Global_largest                                        
c285b89c  ti_ndk_config_Global_numFrameBuf                                    
c285b8a0  ti_ndk_config_Global_sizeFrameBuf                                   
c285b8a8  __CIOBUF_                                                           
c285bc00  ti_sysbios_family_c64p_Hwi0                                         
c285bc00  ti_sysbios_family_c64p_Hwi_int0                                     
c285bc20  ti_sysbios_family_c64p_Hwi_int1                                     
c285bc40  ti_sysbios_family_c64p_Hwi_int2                                     
c285bc60  ti_sysbios_family_c64p_Hwi_int3                                     
c285bc80  ti_sysbios_family_c64p_Hwi_int4                                     
c285bca0  ti_sysbios_family_c64p_Hwi_int5                                     
c285bcc0  ti_sysbios_family_c64p_Hwi_int6                                     
c285bce0  ti_sysbios_family_c64p_Hwi_int7                                     
c285bd00  ti_sysbios_family_c64p_Hwi_int8                                     
c285bd20  ti_sysbios_family_c64p_Hwi_int9                                     
c285bd40  ti_sysbios_family_c64p_Hwi_int10                                    
c285bd60  ti_sysbios_family_c64p_Hwi_int11                                    
c285bd80  ti_sysbios_family_c64p_Hwi_int12                                    
c285bda0  ti_sysbios_family_c64p_Hwi_int13                                    
c285bdc0  ti_sysbios_family_c64p_Hwi_int14                                    
c285bde0  ti_sysbios_family_c64p_Hwi_int15                                    
c285d354  __TI_Handler_Table_Base                                             
c285d35c  __TI_Handler_Table_Limit                                            
c285d360  __TI_CINIT_Base                                                     
c285d398  __TI_CINIT_Limit                                                    
c3000000  _c_int00                                                            
ffffffff  __TI_pprof_out_hndl                                                 
ffffffff  __TI_prof_data_size                                                 
ffffffff  __TI_prof_data_start                                                
ffffffff  __binit__                                                           
ffffffff  __c_args__                                                          
ffffffff  binit                                                               
UNDEFED   __TI_INITARRAY_Base                                                 
UNDEFED   __TI_INITARRAY_Limit                                                

[3359 symbols]
