******************************************************************************
               TMS320C6x Linker PC v8.3.12                     
******************************************************************************
>> Linked Tue Mar 29 19:23:46 2022

OUTPUT FILE NAME:   <Board_C674x.out>
ENTRY POINT SYMBOL: "_c_int00"  address: c0a5b640


MEMORY CONFIGURATION

         name            origin    length      used     unused   attr    fill
----------------------  --------  ---------  --------  --------  ----  --------
  DSPL2RAM              00800000   00040000  00004000  0003c000  RW  
  SHRAM                 80000000   00020000  00000000  00020000  RW X
  DDR2                  c0000000   08000000  00a6abd9  07595427  RW X


SEGMENT ALLOCATION MAP

run origin  load origin   length   init length attrs members
----------  ----------- ---------- ----------- ----- -------
00800000    00800000    00004000   00000000    rw-
  00800000    00800000    00004000   00000000    rw- .stack
c0000000    c0000000    0093cbcc   00000000    rw-
  c0000000    c0000000    00800000   00000000    rw- SystemHeap
  c0800000    c0800000    0013cbcc   00000000    rw- .far
c093cbd0    c093cbd0    000c6de1   000c6de1    r--
  c093cbd0    c093cbd0    000c6de1   000c6de1    r-- .const
c0a039c0    c0a039c0    00063e3c   00063e3c    r-x
  c0a039c0    c0a039c0    00063de0   00063de0    r-x .text
  c0a677a0    c0a677a0    0000005c   0000005c    r-- .switch.1
c0a67800    c0a67800    00001a8c   00000000    rw-
  c0a67800    c0a67800    00001a8c   00000000    rw- .fardata
c0a6928c    c0a6928c    0000034c   0000034c    r--
  c0a6928c    c0a6928c    0000034c   0000034c    r-- .switch.2
c0a695d8    c0a695d8    00000220   00000000    rw-
  c0a695d8    c0a695d8    00000098   00000000    rw- .bss
  c0a69670    c0a69670    00000188   00000000    rw- .neardata
c0a697f8    c0a697f8    00000040   00000000    r--
  c0a697f8    c0a697f8    00000040   00000000    r-- .rodata
c0a69838    c0a69838    00000120   00000000    rw-
  c0a69838    c0a69838    00000120   00000000    rw- .cio
c0a69c00    c0a69c00    00001298   00001298    r-x
  c0a69c00    c0a69c00    00000200   00000200    r-x .vecs
  c0a69e00    c0a69e00    00001098   00001098    r-- .cinit


SECTION ALLOCATION MAP

 output                                  attributes/
section   page    origin      length       input sections
--------  ----  ----------  ----------   ----------------
.stack     0    00800000    00004000     UNINITIALIZED
                  00800000    00000008     boot.ae674 : boot.oe674 (.stack)
                  00800008    00003ff8     --HOLE--

.bss       0    c0a695d8    00000098     UNINITIALIZED
                  c0a695d8    00000018     hal_timer_bios.ae674 : lltimer.oe674 (.bss)
                  c0a695f0    00000014     stk6.ae674 : igmp.oe674 (.bss)
                  c0a69604    00000012     grlib.lib : string.obj (.bss)
                  c0a69616    00000002               : offscr16bpp.obj (.bss)
                  c0a69618    0000000c     ti.uia.sysbios.ae674 : TransportNdk.oe674 (.bss)
                  c0a69624    00000008     netctrl_min.ae674 : netctrl.oe674 (.bss)
                  c0a6962c    00000008     nettool.ae674 : daemon.oe674 (.bss)
                  c0a69634    00000008     stk6.ae674 : ip.oe674 (.bss)
                  c0a6963c    00000004     nettool.ae674 : ipaddr.oe674 (.bss)
                  c0a69640    00000004     stk6.ae674 : ipv6_frag.oe674 (.bss)
                  c0a69644    00000004                : lli6.oe674 (.bss)
                  c0a69648    00000004                : rtable.oe674 (.bss)
                  c0a6964c    00000004     (.common:BootMode)
                  c0a69650    00000004     (.common:KEY4SwiHandle)
                  c0a69654    00000004     (.common:KEY6SwiHandle)
                  c0a69658    00000004     (.common:UARTConsoleSemHandle)
                  c0a6965c    00000004     (.common:UARTConsoleTaskHandle)
                  c0a69660    00000004     (.common:p_rx)
                  c0a69664    00000004     (.common:p_tx)
                  c0a69668    00000004     (.common:rx_len)
                  c0a6966c    00000004     (.common:tx_len)

.neardata 
*          0    c0a69670    00000188     UNINITIALIZED
                  c0a69670    00000024     os.ae674 : mem.oe674 (.neardata)
                  c0a69694    0000001c     netctrl_min.ae674 : netctrl.oe674 (.neardata)
                  c0a696b0    00000018     os.ae674 : task.oe674 (.neardata)
                  c0a696c8    00000014     stk6.ae674 : rtable.oe674 (.neardata)
                  c0a696dc    00000014     ti.drv.omapl138.ae674 : ethdriver.oe674 (.neardata)
                  c0a696f0    00000010     nettool.ae674 : daemon.oe674 (.neardata)
                  c0a69700    00000010     stk6.ae674 : bind6.oe674 (.neardata)
                  c0a69710    00000010                : igmp.oe674 (.neardata)
                  c0a69720    0000000c                : route6.oe674 (.neardata)
                  c0a6972c    0000000c     ti.drv.omapl138.ae674 : csl_emac.oe674 (.neardata)
                  c0a69738    0000000c     ti.uia.sysbios.ae674 : TransportNdk.oe674 (.neardata)
                  c0a69744    00000008     SATA.obj (.neardata)
                  c0a6974c    00000008     netctrl_min.ae674 : netsrv.oe674 (.neardata)
                  c0a69754    00000008     stk6.ae674 : exec.oe674 (.neardata)
                  c0a6975c    00000008                : icmp.oe674 (.neardata)
                  c0a69764    00000008                : ip.oe674 (.neardata)
                  c0a6976c    00000008                : ipin.oe674 (.neardata)
                  c0a69774    00000008                : ipv6_frag.oe674 (.neardata)
                  c0a6977c    00000008                : lli.oe674 (.neardata)
                  c0a69784    00000008                : rtc.oe674 (.neardata)
                  c0a6978c    00000008                : tcp.oe674 (.neardata)
                  c0a69794    00000008                : tcp6.oe674 (.neardata)
                  c0a6979c    00000008                : timer.oe674 (.neardata)
                  c0a697a4    00000008     ti.uia.runtime.ae674 : QueueDescriptor.oe674 (.neardata)
                  c0a697ac    00000004     Flash.obj (.neardata)
                  c0a697b0    00000004     LED.obj (.neardata)
                  c0a697b4    00000004     Local_pe674.oe674 (.neardata)
                  c0a697b8    00000004     PLL.obj (.neardata)
                  c0a697bc    00000004     UDP.obj (.neardata)
                  c0a697c0    00000004     hal_timer_bios.ae674 : lltimer.oe674 (.neardata)
                  c0a697c4    00000004     nettool.ae674 : config.oe674 (.neardata)
                  c0a697c8    00000004     stk6.ae674 : bind.oe674 (.neardata)
                  c0a697cc    00000004                : ipfrag.oe674 (.neardata)
                  c0a697d0    00000004                : lli6.oe674 (.neardata)
                  c0a697d4    00000004                : lliin.oe674 (.neardata)
                  c0a697d8    00000004                : mld.oe674 (.neardata)
                  c0a697dc    00000004                : node.oe674 (.neardata)
                  c0a697e0    00000004                : pbm.oe674 (.neardata)
                  c0a697e4    00000004                : sock6pcb.oe674 (.neardata)
                  c0a697e8    00000004                : sockpcb.oe674 (.neardata)
                  c0a697ec    00000004     ti.drv.omapl138.ae674 : csl_mdio.oe674 (.neardata)
                  c0a697f0    00000004     ti.uia.runtime.ae674 : LogSync.oe674 (.neardata)
                  c0a697f4    00000003     UARTConsole.obj (.neardata)
                  c0a697f7    00000001     Timer.obj (.neardata)

.rodata    0    c0a697f8    00000040     UNINITIALIZED
                  c0a697f8    00000024     stk6.ae674 : ipv6.oe674 (.rodata)
                  c0a6981c    0000001c     Local_pe674.oe674 (.rodata)

.cinit     0    c0a69e00    00001098     
                  c0a69e00    00000fa7     (.cinit..fardata.load) [load image, compression = rle]
                  c0a6ada7    00000050     (.cinit..neardata.load) [load image, compression = rle]
                  c0a6adf7    00000043     (.cinit..rodata.load) [load image, compression = rle]
                  c0a6ae3a    0000000d     (.cinit..far.load) [load image, compression = rle]
                  c0a6ae47    0000000d     (.cinit.SystemHeap.load) [load image, compression = rle]
                  c0a6ae54    00000009     (.cinit..bss.load) [load image, compression = rle]
                  c0a6ae5d    00000003     --HOLE-- [fill = 0]
                  c0a6ae60    00000008     (__TI_handler_table)
                  c0a6ae68    00000030     (__TI_cinit_table)

.init_array 
*          0    c0000000    00000000     UNINITIALIZED

SystemHeap 
*          0    c0000000    00800000     UNINITIALIZED
                  c0000000    00800000     Local_pe674.oe674 (SystemHeap)

.far       0    c0800000    0013cbcc     UNINITIALIZED
                  c0800000    000bb824     (.common:g_pucBuffer)
                  c08bb824    00000004     (.common:swCtrlFeatures)
                  c08bb828    00000040     (.common:g_cCmdBuf)
                  c08bb868    00000018     netctrl_min.ae674 : netctrl.oe674 (.far)
                  c08bb880    0004cb00     Local_pe674.oe674 (.far:NDK_PACKETMEM)
                  c0908380    00010000     (.common:buff)
                  c0918380    0000c1c0     Local_pe674.oe674 (.far:NDK_MMBUFFER)
                  c0924540    00008080     (.common:ti_uia_runtime_LoggerCircBuf_Instance_State_1_bufferArray__A)
                  c092c5c0    00008080     (.common:ti_uia_runtime_LoggerCircBuf_Instance_State_2_bufferArray__A)
                  c0934640    00003800     Local_pe674.oe674 (.far:taskStackSection)
                  c0937e40    00001618     ti.drv.omapl138.ae674 : ethdriver.oe674 (.far)
                  c0939458    00000b90     (.common:ti_uia_sysbios_Adaptor_eventBuf__A)
                  c0939fe8    00000800     (.common:CmdHistory)
                  c093a7e8    00000660     nettool.ae674 : daemon.oe674 (.far)
                  c093ae48    00000480     (.common:ti_uia_runtime_LoggerCircBuf_Instance_State_0_bufferArray__A)
                  c093b2c8    00000474     ti.drv.omapl138.ae674 : csl_emac.oe674 (.far)
                  c093b73c    00000004     stk6.ae674 : rawethsock_pcb.oe674 (.far)
                  c093b740    00000400     (.common:xdc_runtime_SysMin_Module_State_0_outbuf__A)
                  c093bb40    00000220     (.common:ti_uia_sysbios_Adaptor_msgBuf__A)
                  c093bd60    00000140     (.common:__TI_tmpnams)
                  c093bea0    00000110                : igmp.oe674 (.far)
                  c093bfb0    00000104     (.common:rx_data)
                  c093c0b4    00000004     --HOLE--
                  c093c0b8    00000104     (.common:tx_data)
                  c093c1bc    00000004     --HOLE--
                  c093c1c0    00000104     (.common:vrf_data)
                  c093c2c4    000000d8     netctrl_min.ae674 : netsrv.oe674 (.far)
                  c093c39c    000000c8     stk6.ae674 : ipv6.oe674 (.far)
                  c093c464    000000c4                : tcp.oe674 (.far)
                  c093c528    000000b8                : tcp6in.oe674 (.far)
                  c093c5e0    00000020     grlib.lib : image.obj (.far)
                  c093c600    000000a0     (.common:RcvFis)
                  c093c6a0    0000009c     stk6.ae674 : icmp.oe674 (.far)
                  c093c73c    00000004     --HOLE--
                  c093c740    00000080     UARTConsole.obj (.far:UARTWriteBuffer)
                  c093c7c0    0000007c     os.ae674 : mem.oe674 (.far)
                  c093c83c    00000068     stk6.ae674 : ip.oe674 (.far)
                  c093c8a4    00000064                : nimu.oe674 (.far)
                  c093c908    00000030     (.common:pllcfg)
                  c093c938    00000030                : udp.oe674 (.far)
                  c093c968    0000002a     (.common:TouchInfo)
                  c093c992    00000002     --HOLE--
                  c093c994    00000028     (.common:g_s800x480x16Display)
                  c093c9bc    00000028                : vlan.oe674 (.far)
                  c093c9e4    00000024     (.common:RTCTime)
                  c093ca08    00000024     cmdline.obj (.far:argv$1)
                  c093ca2c    00000024     stk6.ae674 : udp6.oe674 (.far)
                  c093ca50    00000020     ti.uia.sysbios.ae674 : TransportNdk.oe674 (.far)
                  c093ca70    0000001c     (.common:g_sContext)
                  c093ca8c    00000004     --HOLE--
                  c093ca90    0000001a     rts6740_elf.lib : asctime.c.obj (.far:time_buf)
                  c093caaa    00000002     --HOLE--
                  c093caac    00000018     stk6.ae674 : icmpv6.oe674 (.far)
                  c093cac4    00000018     ti.drv.omapl138.ae674 : csl_mdio.oe674 (.far)
                  c093cadc    00000004     --HOLE--
                  c093cae0    00000014     stk6.ae674 : rtc.oe674 (.far)
                  c093caf4    00000004     --HOLE--
                  c093caf8    00000010     (.common:StrIP)
                  c093cb08    00000010                : raw.oe674 (.far)
                  c093cb18    00000010                : raw6.oe674 (.far)
                  c093cb28    00000010                : raweth.oe674 (.far)
                  c093cb38    0000000c     (.common:ti_sysbios_knl_Task_Instance_State_0_hookEnv__A)
                  c093cb44    00000004     --HOLE--
                  c093cb48    0000000c     (.common:ti_sysbios_knl_Task_Instance_State_1_hookEnv__A)
                  c093cb54    00000004     --HOLE--
                  c093cb58    0000000c     (.common:ti_sysbios_knl_Task_Instance_State_2_hookEnv__A)
                  c093cb64    00000004     --HOLE--
                  c093cb68    0000000c     (.common:ti_sysbios_knl_Task_Instance_State_3_hookEnv__A)
                  c093cb74    0000000c                : pbm.oe674 (.far)
                  c093cb80    0000000a     (.common:I2CData)
                  c093cb8a    00000006     --HOLE--
                  c093cb90    00000008     (.common:MacAddr)
                  c093cb98    00000008     (.common:parmbuf)
                  c093cba0    00000004     (.common:ti_sysbios_family_c64p_Hwi_Instance_State_0_hookEnv__A)
                  c093cba4    00000004     --HOLE--
                  c093cba8    00000004     (.common:ti_sysbios_family_c64p_Hwi_Instance_State_1_hookEnv__A)
                  c093cbac    00000004     --HOLE--
                  c093cbb0    00000004     (.common:ti_sysbios_family_c64p_Hwi_Instance_State_2_hookEnv__A)
                  c093cbb4    00000004     --HOLE--
                  c093cbb8    00000004     (.common:ti_sysbios_family_c64p_Hwi_Instance_State_3_hookEnv__A)
                  c093cbbc    00000004     --HOLE--
                  c093cbc0    00000004     (.common:ti_sysbios_family_c64p_Hwi_Instance_State_4_hookEnv__A)
                  c093cbc4    00000004     --HOLE--
                  c093cbc8    00000004     (.common:ti_sysbios_knl_Swi_Instance_State_0_hookEnv__A)

.const     0    c093cbd0    000c6de1     
                  c093cbd0    000bb805     LCD.obj (.const:.string:image)
                  c09f83d5    00000001     --HOLE-- [fill = 0]
                  c09f83d6    00000002     Local_pe674.oe674 (.const:ti_sysbios_BIOS_Module__id__C)
                  c09f83d8    000048e8     LEDMatrix.obj (.const:.string:PRU_Code)
                  c09fccc0    000024dd     Local_pe674.oe674 (.const:xdc_runtime_Text_charTab__A)
                  c09ff19d    00000001     --HOLE-- [fill = 0]
                  c09ff19e    00000002     Local_pe674.oe674 (.const:ti_sysbios_family_c64p_EventCombiner_Module__id__C)
                  c09ff1a0    0000091e     grlib.lib : fontcmss22b.obj (.const:.string:g_pucCmss22bData)
                  c09ffabe    00000002     Local_pe674.oe674 (.const:ti_sysbios_family_c64p_Exception_Module__id__C)
                  c09ffac0    00000588     sysbios.ae674 : BIOS.obj (.const:.string)
                  c0a00048    00000368     Exception.obj (.const:.string)
                  c0a003b0    00000350     Command.obj (.const:.string)
                  c0a00700    0000021a     os.ae674 : task.oe674 (.const:.string)
                  c0a0091a    000001e2     stk6.ae674 : bind6.oe674 (.const:.string)
                  c0a00afc    000001a8     DDR2.obj (.const:.string)
                  c0a00ca4    0000015c     stk6.ae674 : route6.oe674 (.const:.string)
                  c0a00e00    00000154     Local_pe674.oe674 (.const:xdc_runtime_Text_nodeTab__A)
                  c0a00f54    00000150     Local_pe674.oe674 (.const:.string)
                  c0a010a4    0000014f     os.ae674 : mem.oe674 (.const:.string)
                  c0a011f3    00000001     --HOLE-- [fill = 0]
                  c0a011f4    00000144     ti.drv.omapl138.ae674 : ethdriver.oe674 (.const:.string)
                  c0a01338    00000134     LCD.obj (.const:.string)
                  c0a0146c    00000110     Flash.obj (.const:.string)
                  c0a0157c    00000107     stk6.ae674 : vlan.oe674 (.const:.string)
                  c0a01683    00000001     --HOLE-- [fill = 0]
                  c0a01684    00000004     SysMinProvide.obj (.const:.string)
                  c0a01688    00000101     rts6740_elf.lib : ctype.c.obj (.const:.string:_ctypes_)
                  c0a01789    000000fd     stk6.ae674 : icmpv6out.oe674 (.const:.string)
                  c0a01886    000000f2                : icmpv6_ndisc.oe674 (.const:.string)
                  c0a01978    000000f0     EEPROM.obj (.const:.string)
                  c0a01a68    000000d8     EMAC.obj (.const:.string)
                  c0a01b40    000000d8     SYSCFG.obj (.const:.string)
                  c0a01c18    000000d8     stk6.ae674 : node.oe674 (.const:.string)
                  c0a01cf0    000000d4     ti.drv.omapl138.ae674 : nimu_eth.oe674 (.const:.string)
                  c0a01dc4    000000cf     stk6.ae674 : rtc.oe674 (.const:.string)
                  c0a01e93    00000001     --HOLE-- [fill = 0]
                  c0a01e94    000000c8     grlib.lib : fontcmss22b.obj (.const)
                  c0a01f5c    000000bf     stk6.ae674 : lliout.oe674 (.const:.string)
                  c0a0201b    000000a9                : lli6.oe674 (.const:.string)
                  c0a020c4    000000a7     nettool.ae674 : ipaddr.oe674 (.const:.string)
                  c0a0216b    000000a7     stk6.ae674 : nimu.oe674 (.const:.string)
                  c0a02212    00000002     Local_pe674.oe674 (.const:ti_sysbios_family_c64p_Exception_useInternalBuffer__C)
                  c0a02214    00000094     Touch.obj (.const:.string)
                  c0a022a8    00000091     stk6.ae674 : tcp6time.oe674 (.const:.string)
                  c0a02339    0000008d                : tcptime.oe674 (.const:.string)
                  c0a023c6    00000002     Local_pe674.oe674 (.const:ti_sysbios_family_c64p_Hwi_Module__id__C)
                  c0a023c8    00000080     rts6740_elf.lib : strtod.c.obj (.const:digits)
                  c0a02448    0000007c     UARTConsole.obj (.const:.string)
                  c0a024c4    00000078     main.obj (.const:.string)
                  c0a0253c    00000077     stk6.ae674 : sock6.oe674 (.const:.string)
                  c0a025b3    00000076                : mld.oe674 (.const:.string)
                  c0a02629    00000001     --HOLE-- [fill = 0]
                  c0a0262a    00000002     Local_pe674.oe674 (.const:ti_sysbios_family_c64p_Hwi_Module__loggerDefined__C)
                  c0a0262c    00000070     SATATest.obj (.const:.string)
                  c0a0269c    00000070     ti.uia.sysbios.ae674 : TransportNdk.oe674 (.const:.string)
                  c0a0270c    0000006c     rts6740_elf.lib : asctime.c.obj (.const:.string)
                  c0a02778    00000064     Local_pe674.oe674 (.const:ti_sysbios_timers_timer64_Timer_Object__PARAMS__C)
                  c0a027dc    00000060     stk6.ae674 : sb.oe674 (.const:.string)
                  c0a0283c    00000060     Local_pe674.oe674 (.const:ti_uia_runtime_LoggerCircBuf_Module__FXNS__C)
                  c0a0289c    00000058     ti.targets.rts6000.ae674 : Error.oe674 (.const:.string)
                  c0a028f4    00000056     os.ae674 : semaphore.oe674 (.const:.string)
                  c0a0294a    00000002     Local_pe674.oe674 (.const:ti_sysbios_gates_GateMutex_Module__id__C)
                  c0a0294c    00000054     UDP.obj (.const:.string)
                  c0a029a0    00000054     stk6.ae674 : sockprot.oe674 (.const:Code2Err)
                  c0a029f4    00000051     nettool.ae674 : dhcpmain.oe674 (.const:.string)
                  c0a02a45    00000050     stk6.ae674 : bind.oe674 (.const:.string)
                  c0a02a95    0000004e                : rtable.oe674 (.const:.string)
                  c0a02ae3    00000001     --HOLE-- [fill = 0]
                  c0a02ae4    00000048     ti.targets.rts6000.ae674 : Log.oe674 (.const:.string)
                  c0a02b2c    00000004                              : Assert.oe674 (.const:.string)
                  c0a02b30    00000048     rts6740_elf.lib : strtod.c.obj (.const:powerof10)
                  c0a02b78    00000048     Local_pe674.oe674 (.const:ti_sysbios_knl_Task_hooks__A)
                  c0a02bc0    00000044     netctrl_min.ae674 : netctrl.oe674 (.const:.string)
                  c0a02c04    00000041     stk6.ae674 : sb6.oe674 (.const:.string)
                  c0a02c45    00000001     --HOLE-- [fill = 0]
                  c0a02c46    00000002     Local_pe674.oe674 (.const:ti_sysbios_hal_Hwi_Module__id__C)
                  c0a02c48    00000040     ti.targets.rts6000.ae674 : Text.oe674 (.const:.string)
                  c0a02c88    00000040     Local_pe674.oe674 (.const:xdc_runtime_Startup_sfxnTab__A)
                  c0a02cc8    0000003e     stk6.ae674 : ipv6.oe674 (.const:.string)
                  c0a02d06    0000003c                : ipv6_exthdrs.oe674 (.const:.string)
                  c0a02d42    00000002     Local_pe674.oe674 (.const:ti_sysbios_heaps_HeapMem_Module__id__C)
                  c0a02d44    0000003c     Local_pe674.oe674 (.const:ti_sysbios_knl_Task_Object__PARAMS__C)
                  c0a02d80    00000038     stk6.ae674 : icmpv6in.oe674 (.const:.string)
                  c0a02db8    00000038                : sock.oe674 (.const:.string)
                  c0a02df0    00000034     Local_pe674.oe674 (.const:ti_uia_runtime_LoggerCircBuf_Object__PARAMS__C)
                  c0a02e24    00000034     Local_pe674.oe674 (.const:xdc_runtime_LoggerSys_Module__FXNS__C)
                  c0a02e58    00000031     stk6.ae674 : pbm.oe674 (.const:.string)
                  c0a02e89    00000001     --HOLE-- [fill = 0]
                  c0a02e8a    00000002     Local_pe674.oe674 (.const:ti_sysbios_knl_Clock_Module__id__C)
                  c0a02e8c    00000004     Local_pe674.oe674 (.const:ti_sysbios_BIOS_Module__diagsEnabled__C)
                  c0a02e90    00000030     rts6740_elf.lib : asctime.c.obj (.const:mon)
                  c0a02ec0    00000030     Local_pe674.oe674 (.const:ti_sysbios_family_c64p_Hwi_Object__PARAMS__C)
                  c0a02ef0    0000002c     ti.drv.omapl138.ae674 : csl_mdio.oe674 (.const:.string)
                  c0a02f1c    0000002c     ti.targets.rts6000.ae674 : Startup.oe674 (.const:.string)
                  c0a02f48    0000002c     Local_pe674.oe674 (.const:ti_sysbios_hal_Hwi_Object__PARAMS__C)
                  c0a02f74    00000028     Local_pe674.oe674 (.const:ti_sysbios_heaps_HeapMem_Module__FXNS__C)
                  c0a02f9c    00000028     Local_pe674.oe674 (.const:ti_sysbios_knl_Swi_Object__PARAMS__C)
                  c0a02fc4    00000024     rts6740_elf.lib : _printfi.c.obj (.const:.string)
                  c0a02fe8    00000024     Local_pe674.oe674 (.const:ti_sysbios_gates_GateHwi_Module__FXNS__C)
                  c0a0300c    00000024     Local_pe674.oe674 (.const:ti_sysbios_gates_GateMutex_Module__FXNS__C)
                  c0a03030    00000024     Local_pe674.oe674 (.const:ti_sysbios_heaps_HeapMem_Object__PARAMS__C)
                  c0a03054    00000024     Local_pe674.oe674 (.const:ti_sysbios_knl_Clock_Object__PARAMS__C)
                  c0a03078    00000024     Local_pe674.oe674 (.const:ti_sysbios_knl_Semaphore_Object__PARAMS__C)
                  c0a0309c    00000024     Local_pe674.oe674 (.const:ti_sysbios_syncs_SyncEvent_Module__FXNS__C)
                  c0a030c0    00000020     Local_pe674.oe674 (.const:ti_sysbios_family_c64p_Hwi_Object__DESC__C)
                  c0a030e0    00000020     Local_pe674.oe674 (.const:ti_sysbios_gates_GateHwi_Object__DESC__C)
                  c0a03100    00000020     Local_pe674.oe674 (.const:ti_sysbios_gates_GateMutex_Object__DESC__C)
                  c0a03120    00000020     Local_pe674.oe674 (.const:ti_sysbios_hal_Hwi_Object__DESC__C)
                  c0a03140    00000020     Local_pe674.oe674 (.const:ti_sysbios_heaps_HeapMem_Object__DESC__C)
                  c0a03160    00000020     Local_pe674.oe674 (.const:ti_sysbios_knl_Clock_Object__DESC__C)
                  c0a03180    00000020     Local_pe674.oe674 (.const:ti_sysbios_knl_Queue_Object__DESC__C)
                  c0a031a0    00000020     Local_pe674.oe674 (.const:ti_sysbios_knl_Semaphore_Object__DESC__C)
                  c0a031c0    00000020     Local_pe674.oe674 (.const:ti_sysbios_knl_Swi_Object__DESC__C)
                  c0a031e0    00000020     Local_pe674.oe674 (.const:ti_sysbios_knl_Task_Object__DESC__C)
                  c0a03200    00000020     Local_pe674.oe674 (.const:ti_sysbios_syncs_SyncEvent_Object__DESC__C)
                  c0a03220    00000020     Local_pe674.oe674 (.const:ti_sysbios_syncs_SyncEvent_Object__PARAMS__C)
                  c0a03240    00000020     Local_pe674.oe674 (.const:ti_sysbios_timers_timer64_Timer_Object__DESC__C)
                  c0a03260    00000020     Local_pe674.oe674 (.const:ti_uia_runtime_LoggerCircBuf_Object__DESC__C)
                  c0a03280    00000020     Local_pe674.oe674 (.const:xdc_runtime_LoggerSys_Object__DESC__C)
                  c0a032a0    00000020     Local_pe674.oe674 (.const:xdc_runtime_Startup_sfxnRts__A)
                  c0a032c0    0000001e     nettool.ae674 : daemon.oe674 (.const:.string)
                  c0a032de    0000001d     stk6.ae674 : lli.oe674 (.const:.string)
                  c0a032fb    00000001     --HOLE-- [fill = 0]
                  c0a032fc    00000004     Local_pe674.oe674 (.const:ti_sysbios_BIOS_Module__diagsIncluded__C)
                  c0a03300    0000001c     rts6740_elf.lib : asctime.c.obj (.const:day)
                  c0a0331c    00000018     nettool.ae674 : config.oe674 (.const:.string)
                  c0a03334    00000018     stk6.ae674 : exec.oe674 (.const:.string)
                  c0a0334c    00000018     Local_pe674.oe674 (.const:ti_sysbios_gates_GateHwi_Object__PARAMS__C)
                  c0a03364    00000018     Local_pe674.oe674 (.const:ti_sysbios_gates_GateMutex_Object__PARAMS__C)
                  c0a0337c    00000018     Local_pe674.oe674 (.const:ti_sysbios_knl_Queue_Object__PARAMS__C)
                  c0a03394    00000004     Local_pe674.oe674 (.const:ti_sysbios_BIOS_Module__diagsMask__C)
                  c0a03398    00000018     Local_pe674.oe674 (.const:ti_sysbios_knl_Swi_hooks__A)
                  c0a033b0    00000018     Local_pe674.oe674 (.const:ti_uia_runtime_ServiceMgr_transportFxns__C)
                  c0a033c8    00000018     Local_pe674.oe674 (.const:xdc_runtime_LoggerSys_Object__PARAMS__C)
                  c0a033e0    00000017     stk6.ae674 : ipout.oe674 (.const:.string)
                  c0a033f7    00000016                : ipv6out.oe674 (.const:.string)
                  c0a0340d    00000001     --HOLE-- [fill = 0]
                  c0a0340e    00000002     Local_pe674.oe674 (.const:ti_sysbios_knl_Clock_Module__loggerDefined__C)
                  c0a03410    00000014     Local_pe674.oe674 (.const:ti_sysbios_family_c64p_Hwi_hooks__A)
                  c0a03424    00000013     stk6.ae674 : fileuser.oe674 (.const:.string)
                  c0a03437    00000011                : tcp6prot.oe674 (.const:.string)
                  c0a03448    00000011                : tcpprot.oe674 (.const:.string)
                  c0a03459    00000001     --HOLE-- [fill = 0]
                  c0a0345a    00000002     Local_pe674.oe674 (.const:ti_sysbios_knl_Event_Module__id__C)
                  c0a0345c    00000004     Local_pe674.oe674 (.const:ti_sysbios_BIOS_installedErrorHook__C)
                  c0a03460    00000011     ti.targets.rts6000.ae674 : System.oe674 (.const:digtohex)
                  c0a03471    00000001     --HOLE-- [fill = 0]
                  c0a03472    00000002     Local_pe674.oe674 (.const:ti_sysbios_knl_Event_Module__loggerDefined__C)
                  c0a03474    00000010     rts6740_elf.lib : _scanfi.c.obj (.const:.string)
                  c0a03484    00000004     Local_pe674.oe674 (.const:ti_sysbios_family_c62_TaskSupport_stackAlignment__C)
                  c0a03488    00000010     Local_pe674.oe674 (.const:ti_sysbios_family_c64p_EventCombiner_EVTMASK__C)
                  c0a03498    00000010     Local_pe674.oe674 (.const:ti_uia_runtime_ServiceMgr_processCallbackFxn__A)
                  c0a034a8    00000010     Local_pe674.oe674 (.const:ti_uia_sysbios_Adaptor_period__A)
                  c0a034b8    00000010     Local_pe674.oe674 (.const:ti_uia_sysbios_Adaptor_scheduled__A)
                  c0a034c8    0000000f     UDP.obj (.const:.string:$P$T0$1)
                  c0a034d7    0000000e     stk6.ae674 : timer.oe674 (.const:.string)
                  c0a034e5    0000000d     os.ae674 : ossys.oe674 (.const:.string)
                  c0a034f2    00000002     Local_pe674.oe674 (.const:ti_sysbios_knl_Semaphore_Module__id__C)
                  c0a034f4    0000000c     Local_pe674.oe674 (.const:ti_sysbios_family_c64p_Cache_initSize__C)
                  c0a03500    0000000c     Local_pe674.oe674 (.const:ti_sysbios_knl_Idle_coreList__A)
                  c0a0350c    00000004     Local_pe674.oe674 (.const:ti_sysbios_family_c64p_Cache_EMIFA_BASE__C)
                  c0a03510    0000000c     Local_pe674.oe674 (.const:ti_sysbios_knl_Idle_funcList__A)
                  c0a0351c    0000000b     stk6.ae674 : route.oe674 (.const:.string)
                  c0a03527    00000001     --HOLE-- [fill = 0]
                  c0a03528    00000008     ti.targets.rts6000.ae674 : System.oe674 (.const:.string)
                  c0a03530    00000008     Local_pe674.oe674 (.const:ti_sysbios_family_c64p_Hwi_hooks__C)
                  c0a03538    00000008     Local_pe674.oe674 (.const:ti_sysbios_knl_Idle_coreList__C)
                  c0a03540    00000008     Local_pe674.oe674 (.const:ti_sysbios_knl_Idle_funcList__C)
                  c0a03548    00000008     Local_pe674.oe674 (.const:ti_sysbios_knl_Swi_hooks__C)
                  c0a03550    00000008     Local_pe674.oe674 (.const:ti_sysbios_knl_Task_hooks__C)
                  c0a03558    00000008     Local_pe674.oe674 (.const:ti_uia_sysbios_Adaptor_reqEnergy__A)
                  c0a03560    00000008     Local_pe674.oe674 (.const:xdc_runtime_Startup_firstFxns__A)
                  c0a03568    00000008     Local_pe674.oe674 (.const:xdc_runtime_Startup_firstFxns__C)
                  c0a03570    00000008     Local_pe674.oe674 (.const:xdc_runtime_Startup_lastFxns__C)
                  c0a03578    00000007     rts6740_elf.lib : _scanfi.c.obj (.const:.string:flit$1)
                  c0a0357f    00000001     --HOLE-- [fill = 0]
                  c0a03580    00000006                     : _scanfi.c.obj (.const:.string:barr$2)
                  c0a03586    00000002     Local_pe674.oe674 (.const:ti_sysbios_knl_Semaphore_Module__loggerDefined__C)
                  c0a03588    00000004     Local_pe674.oe674 (.const:ti_sysbios_family_c64p_Cache_EMIFA_CFG__C)
                  c0a0358c    00000004     Local_pe674.oe674 (.const:ti_sysbios_family_c64p_Cache_EMIFA_LENGTH__C)
                  c0a03590    00000004     Local_pe674.oe674 (.const:ti_sysbios_family_c64p_Cache_EMIFB_BASE__C)
                  c0a03594    00000004     Local_pe674.oe674 (.const:ti_sysbios_family_c64p_Cache_EMIFB_CFG__C)
                  c0a03598    00000004     Local_pe674.oe674 (.const:ti_sysbios_family_c64p_Cache_EMIFB_LENGTH__C)
                  c0a0359c    00000004     Local_pe674.oe674 (.const:ti_sysbios_family_c64p_Cache_EMIFC_BASE__C)
                  c0a035a0    00000004     Local_pe674.oe674 (.const:ti_sysbios_family_c64p_Cache_EMIFC_CFG__C)
                  c0a035a4    00000004     Local_pe674.oe674 (.const:ti_sysbios_family_c64p_Cache_EMIFC_LENGTH__C)
                  c0a035a8    00000004     Local_pe674.oe674 (.const:ti_sysbios_family_c64p_Cache_MAR0_31__C)
                  c0a035ac    00000004     Local_pe674.oe674 (.const:ti_sysbios_family_c64p_Cache_MAR128_159__C)
                  c0a035b0    00000004     Local_pe674.oe674 (.const:ti_sysbios_family_c64p_Cache_MAR160_191__C)
                  c0a035b4    00000004     Local_pe674.oe674 (.const:ti_sysbios_family_c64p_Cache_MAR192_223__C)
                  c0a035b8    00000004     Local_pe674.oe674 (.const:ti_sysbios_family_c64p_Cache_MAR224_255__C)
                  c0a035bc    00000004     Local_pe674.oe674 (.const:ti_sysbios_family_c64p_Cache_MAR32_63__C)
                  c0a035c0    00000004     Local_pe674.oe674 (.const:ti_sysbios_family_c64p_Cache_MAR64_95__C)
                  c0a035c4    00000004     Local_pe674.oe674 (.const:ti_sysbios_family_c64p_Cache_MAR96_127__C)
                  c0a035c8    00000004     Local_pe674.oe674 (.const:ti_sysbios_family_c64p_EventCombiner_E_unpluggedEvent__C)
                  c0a035cc    00000004     Local_pe674.oe674 (.const:ti_sysbios_family_c64p_Exception_E_exceptionMax__C)
                  c0a035d0    00000004     Local_pe674.oe674 (.const:ti_sysbios_family_c64p_Exception_exceptionHook__C)
                  c0a035d4    00000004     Local_pe674.oe674 (.const:ti_sysbios_family_c64p_Exception_externalHook__C)
                  c0a035d8    00000004     Local_pe674.oe674 (.const:ti_sysbios_family_c64p_Exception_internalHook__C)
                  c0a035dc    00000004     Local_pe674.oe674 (.const:ti_sysbios_family_c64p_Exception_nmiHook__C)
                  c0a035e0    00000004     Local_pe674.oe674 (.const:ti_sysbios_family_c64p_Hwi_E_alreadyDefined__C)
                  c0a035e4    00000004     Local_pe674.oe674 (.const:ti_sysbios_family_c64p_Hwi_E_handleNotFound__C)
                  c0a035e8    00000004     Local_pe674.oe674 (.const:ti_sysbios_family_c64p_Hwi_LD_end__C)
                  c0a035ec    00000004     Local_pe674.oe674 (.const:ti_sysbios_family_c64p_Hwi_LM_begin__C)
                  c0a035f0    00000004     Local_pe674.oe674 (.const:ti_sysbios_family_c64p_Hwi_Module__diagsEnabled__C)
                  c0a035f4    00000004     Local_pe674.oe674 (.const:ti_sysbios_family_c64p_Hwi_Module__diagsIncluded__C)
                  c0a035f8    00000004     Local_pe674.oe674 (.const:ti_sysbios_family_c64p_Hwi_Module__diagsMask__C)
                  c0a035fc    00000004     Local_pe674.oe674 (.const:ti_sysbios_family_c64p_Hwi_Module__loggerFxn1__C)
                  c0a03600    00000004     Local_pe674.oe674 (.const:ti_sysbios_family_c64p_Hwi_Module__loggerFxn8__C)
                  c0a03604    00000004     Local_pe674.oe674 (.const:ti_sysbios_family_c64p_Hwi_Module__loggerObj__C)
                  c0a03608    00000004     Local_pe674.oe674 (.const:ti_sysbios_family_c64p_Hwi_Object__heap__C)
                  c0a0360c    00000004     Local_pe674.oe674 (.const:ti_sysbios_gates_GateMutex_A_badContext__C)
                  c0a03610    00000004     Local_pe674.oe674 (.const:ti_sysbios_gates_GateMutex_Instance_State_sem__O)
                  c0a03614    00000004     Local_pe674.oe674 (.const:ti_sysbios_gates_GateMutex_Module__diagsEnabled__C)
                  c0a03618    00000004     Local_pe674.oe674 (.const:ti_sysbios_gates_GateMutex_Module__diagsIncluded__C)
                  c0a0361c    00000004     Local_pe674.oe674 (.const:ti_sysbios_gates_GateMutex_Module__diagsMask__C)
                  c0a03620    00000004     Local_pe674.oe674 (.const:ti_sysbios_hal_Hwi_E_stackOverflow__C)
                  c0a03624    00000004     Local_pe674.oe674 (.const:ti_sysbios_heaps_HeapMem_A_align__C)
                  c0a03628    00000004     Local_pe674.oe674 (.const:ti_sysbios_heaps_HeapMem_A_heapSize__C)
                  c0a0362c    00000004     Local_pe674.oe674 (.const:ti_sysbios_heaps_HeapMem_A_invalidFree__C)
                  c0a03630    00000004     Local_pe674.oe674 (.const:ti_sysbios_heaps_HeapMem_A_zeroBlock__C)
                  c0a03634    00000004     Local_pe674.oe674 (.const:ti_sysbios_heaps_HeapMem_E_memory__C)
                  c0a03638    00000004     Local_pe674.oe674 (.const:ti_sysbios_heaps_HeapMem_Module__diagsEnabled__C)
                  c0a0363c    00000004     Local_pe674.oe674 (.const:ti_sysbios_heaps_HeapMem_Module__diagsIncluded__C)
                  c0a03640    00000004     Local_pe674.oe674 (.const:ti_sysbios_heaps_HeapMem_Module__diagsMask__C)
                  c0a03644    00000004     Local_pe674.oe674 (.const:ti_sysbios_heaps_HeapMem_Module__gateObj__C)
                  c0a03648    00000004     Local_pe674.oe674 (.const:ti_sysbios_heaps_HeapMem_Object__count__C)
                  c0a0364c    00000004     Local_pe674.oe674 (.const:ti_sysbios_heaps_HeapMem_Object__table__C)
                  c0a03650    00000004     Local_pe674.oe674 (.const:ti_sysbios_heaps_HeapMem_reqAlign__C)
                  c0a03654    00000004     Local_pe674.oe674 (.const:ti_sysbios_knl_Clock_A_badThreadType__C)
                  c0a03658    00000004     Local_pe674.oe674 (.const:ti_sysbios_knl_Clock_A_clockDisabled__C)
                  c0a0365c    00000004     Local_pe674.oe674 (.const:ti_sysbios_knl_Clock_LM_begin__C)
                  c0a03660    00000004     Local_pe674.oe674 (.const:ti_sysbios_knl_Clock_LM_tick__C)
                  c0a03664    00000004     Local_pe674.oe674 (.const:ti_sysbios_knl_Clock_LW_delayed__C)
                  c0a03668    00000004     Local_pe674.oe674 (.const:ti_sysbios_knl_Clock_Module_State_clockQ__O)
                  c0a0366c    00000004     Local_pe674.oe674 (.const:ti_sysbios_knl_Clock_Module__diagsEnabled__C)
                  c0a03670    00000004     Local_pe674.oe674 (.const:ti_sysbios_knl_Clock_Module__diagsIncluded__C)
                  c0a03674    00000004     Local_pe674.oe674 (.const:ti_sysbios_knl_Clock_Module__diagsMask__C)
                  c0a03678    00000004     Local_pe674.oe674 (.const:ti_sysbios_knl_Clock_Module__loggerFxn1__C)
                  c0a0367c    00000004     Local_pe674.oe674 (.const:ti_sysbios_knl_Clock_Module__loggerFxn2__C)
                  c0a03680    00000004     Local_pe674.oe674 (.const:ti_sysbios_knl_Clock_Module__loggerObj__C)
                  c0a03684    00000004     Local_pe674.oe674 (.const:ti_sysbios_knl_Clock_tickPeriod__C)
                  c0a03688    00000004     Local_pe674.oe674 (.const:ti_sysbios_knl_Event_A_badContext__C)
                  c0a0368c    00000004     Local_pe674.oe674 (.const:ti_sysbios_knl_Event_A_eventInUse__C)
                  c0a03690    00000004     Local_pe674.oe674 (.const:ti_sysbios_knl_Event_A_nullEventId__C)
                  c0a03694    00000004     Local_pe674.oe674 (.const:ti_sysbios_knl_Event_A_nullEventMasks__C)
                  c0a03698    00000004     Local_pe674.oe674 (.const:ti_sysbios_knl_Event_A_pendTaskDisabled__C)
                  c0a0369c    00000004     Local_pe674.oe674 (.const:ti_sysbios_knl_Event_Instance_State_pendQ__O)
                  c0a036a0    00000004     Local_pe674.oe674 (.const:ti_sysbios_knl_Event_LM_pend__C)
                  c0a036a4    00000004     Local_pe674.oe674 (.const:ti_sysbios_knl_Event_LM_post__C)
                  c0a036a8    00000004     Local_pe674.oe674 (.const:ti_sysbios_knl_Event_Module__diagsEnabled__C)
                  c0a036ac    00000004     Local_pe674.oe674 (.const:ti_sysbios_knl_Event_Module__diagsIncluded__C)
                  c0a036b0    00000004     Local_pe674.oe674 (.const:ti_sysbios_knl_Event_Module__diagsMask__C)
                  c0a036b4    00000004     Local_pe674.oe674 (.const:ti_sysbios_knl_Event_Module__loggerFxn4__C)
                  c0a036b8    00000004     Local_pe674.oe674 (.const:ti_sysbios_knl_Event_Module__loggerFxn8__C)
                  c0a036bc    00000004     Local_pe674.oe674 (.const:ti_sysbios_knl_Event_Module__loggerObj__C)
                  c0a036c0    00000004     Local_pe674.oe674 (.const:ti_sysbios_knl_Queue_Object__table__C)
                  c0a036c4    00000004     Local_pe674.oe674 (.const:ti_sysbios_knl_Semaphore_A_badContext__C)
                  c0a036c8    00000004     Local_pe674.oe674 (.const:ti_sysbios_knl_Semaphore_A_noEvents__C)
                  c0a036cc    00000004     Local_pe674.oe674 (.const:ti_sysbios_knl_Semaphore_A_overflow__C)
                  c0a036d0    00000004     Local_pe674.oe674 (.const:ti_sysbios_knl_Semaphore_A_pendTaskDisabled__C)
                  c0a036d4    00000004     Local_pe674.oe674 (.const:ti_sysbios_knl_Semaphore_Instance_State_pendQ__O)
                  c0a036d8    00000004     Local_pe674.oe674 (.const:ti_sysbios_knl_Semaphore_LM_pend__C)
                  c0a036dc    00000004     Local_pe674.oe674 (.const:ti_sysbios_knl_Semaphore_LM_post__C)
                  c0a036e0    00000004     Local_pe674.oe674 (.const:ti_sysbios_knl_Semaphore_Module__diagsEnabled__C)
                  c0a036e4    00000004     Local_pe674.oe674 (.const:ti_sysbios_knl_Semaphore_Module__diagsIncluded__C)
                  c0a036e8    00000004     Local_pe674.oe674 (.const:ti_sysbios_knl_Semaphore_Module__diagsMask__C)
                  c0a036ec    00000004     Local_pe674.oe674 (.const:ti_sysbios_knl_Semaphore_Module__loggerFxn2__C)
                  c0a036f0    00000004     Local_pe674.oe674 (.const:ti_sysbios_knl_Semaphore_Module__loggerFxn4__C)
                  c0a036f4    00000004     Local_pe674.oe674 (.const:ti_sysbios_knl_Semaphore_Module__loggerObj__C)
                  c0a036f8    00000004     Local_pe674.oe674 (.const:ti_sysbios_knl_Swi_A_badPriority__C)
                  c0a036fc    00000004     Local_pe674.oe674 (.const:ti_sysbios_knl_Swi_A_swiDisabled__C)
                  c0a03700    00000004     Local_pe674.oe674 (.const:ti_sysbios_knl_Swi_LD_end__C)
                  c0a03704    00000004     Local_pe674.oe674 (.const:ti_sysbios_knl_Swi_LM_begin__C)
                  c0a03708    00000004     Local_pe674.oe674 (.const:ti_sysbios_knl_Swi_LM_post__C)
                  c0a0370c    00000004     Local_pe674.oe674 (.const:ti_sysbios_knl_Swi_Module__diagsEnabled__C)
                  c0a03710    00000004     Local_pe674.oe674 (.const:ti_sysbios_knl_Swi_Module__diagsIncluded__C)
                  c0a03714    00000004     Local_pe674.oe674 (.const:ti_sysbios_knl_Swi_Module__diagsMask__C)
                  c0a03718    00000004     Local_pe674.oe674 (.const:ti_sysbios_knl_Swi_Module__loggerFxn1__C)
                  c0a0371c    00000004     Local_pe674.oe674 (.const:ti_sysbios_knl_Swi_Module__loggerFxn4__C)
                  c0a03720    00000004     Local_pe674.oe674 (.const:ti_sysbios_knl_Swi_Module__loggerObj__C)
                  c0a03724    00000004     Local_pe674.oe674 (.const:ti_sysbios_knl_Swi_Object__count__C)
                  c0a03728    00000004     Local_pe674.oe674 (.const:ti_sysbios_knl_Swi_Object__heap__C)
                  c0a0372c    00000004     Local_pe674.oe674 (.const:ti_sysbios_knl_Swi_Object__table__C)
                  c0a03730    00000004     Local_pe674.oe674 (.const:ti_sysbios_knl_Swi_numConstructedSwis__C)
                  c0a03734    00000004     Local_pe674.oe674 (.const:ti_sysbios_knl_Task_A_badPriority__C)
                  c0a03738    00000004     Local_pe674.oe674 (.const:ti_sysbios_knl_Task_A_badTaskState__C)
                  c0a0373c    00000004     Local_pe674.oe674 (.const:ti_sysbios_knl_Task_A_badThreadType__C)
                  c0a03740    00000004     Local_pe674.oe674 (.const:ti_sysbios_knl_Task_A_badTimeout__C)
                  c0a03744    00000004     Local_pe674.oe674 (.const:ti_sysbios_knl_Task_A_noPendElem__C)
                  c0a03748    00000004     Local_pe674.oe674 (.const:ti_sysbios_knl_Task_A_sleepTaskDisabled__C)
                  c0a0374c    00000004     Local_pe674.oe674 (.const:ti_sysbios_knl_Task_A_taskDisabled__C)
                  c0a03750    00000004     Local_pe674.oe674 (.const:ti_sysbios_knl_Task_E_deleteNotAllowed__C)
                  c0a03754    00000004     Local_pe674.oe674 (.const:ti_sysbios_knl_Task_E_spOutOfBounds__C)
                  c0a03758    00000004     Local_pe674.oe674 (.const:ti_sysbios_knl_Task_E_stackOverflow__C)
                  c0a0375c    00000004     Local_pe674.oe674 (.const:ti_sysbios_knl_Task_LD_block__C)
                  c0a03760    00000004     Local_pe674.oe674 (.const:ti_sysbios_knl_Task_LD_exit__C)
                  c0a03764    00000004     Local_pe674.oe674 (.const:ti_sysbios_knl_Task_LD_ready__C)
                  c0a03768    00000004     Local_pe674.oe674 (.const:ti_sysbios_knl_Task_LM_setPri__C)
                  c0a0376c    00000004     Local_pe674.oe674 (.const:ti_sysbios_knl_Task_LM_sleep__C)
                  c0a03770    00000004     Local_pe674.oe674 (.const:ti_sysbios_knl_Task_LM_switch__C)
                  c0a03774    00000004     Local_pe674.oe674 (.const:ti_sysbios_knl_Task_LM_yield__C)
                  c0a03778    00000004     Local_pe674.oe674 (.const:ti_sysbios_knl_Task_Module_State_inactiveQ__O)
                  c0a0377c    00000004     Local_pe674.oe674 (.const:ti_sysbios_knl_Task_Module_State_terminatedQ__O)
                  c0a03780    00000004     Local_pe674.oe674 (.const:ti_sysbios_knl_Task_Module__diagsEnabled__C)
                  c0a03784    00000004     Local_pe674.oe674 (.const:ti_sysbios_knl_Task_Module__diagsIncluded__C)
                  c0a03788    00000004     Local_pe674.oe674 (.const:ti_sysbios_knl_Task_Module__diagsMask__C)
                  c0a0378c    00000004     Local_pe674.oe674 (.const:ti_sysbios_knl_Task_Module__loggerFxn2__C)
                  c0a03790    00000004     Local_pe674.oe674 (.const:ti_sysbios_knl_Task_Module__loggerFxn4__C)
                  c0a03794    00000004     Local_pe674.oe674 (.const:ti_sysbios_knl_Task_Module__loggerObj__C)
                  c0a03798    00000004     Local_pe674.oe674 (.const:ti_sysbios_knl_Task_Object__count__C)
                  c0a0379c    00000004     Local_pe674.oe674 (.const:ti_sysbios_knl_Task_Object__heap__C)
                  c0a037a0    00000004     Local_pe674.oe674 (.const:ti_sysbios_knl_Task_Object__table__C)
                  c0a037a4    00000004     Local_pe674.oe674 (.const:ti_sysbios_knl_Task_allBlockedFunc__C)
                  c0a037a8    00000004     Local_pe674.oe674 (.const:ti_sysbios_knl_Task_defaultStackHeap__C)
                  c0a037ac    00000004     Local_pe674.oe674 (.const:ti_sysbios_knl_Task_defaultStackSize__C)
                  c0a037b0    00000004     Local_pe674.oe674 (.const:ti_sysbios_knl_Task_numConstructedTasks__C)
                  c0a037b4    00000004     Local_pe674.oe674 (.const:ti_sysbios_syncs_SyncEvent_A_nullHandle__C)
                  c0a037b8    00000004     Local_pe674.oe674 (.const:ti_sysbios_syncs_SyncEvent_Module__diagsEnabled__C)
                  c0a037bc    00000004     Local_pe674.oe674 (.const:ti_sysbios_syncs_SyncEvent_Module__diagsIncluded__C)
                  c0a037c0    00000004     Local_pe674.oe674 (.const:ti_sysbios_syncs_SyncEvent_Module__diagsMask__C)
                  c0a037c4    00000004     Local_pe674.oe674 (.const:ti_sysbios_timers_timer64_Timer_A_notAvailable__C)
                  c0a037c8    00000004     Local_pe674.oe674 (.const:ti_sysbios_timers_timer64_Timer_E_cannotSupport__C)
                  c0a037cc    00000004     Local_pe674.oe674 (.const:ti_sysbios_timers_timer64_Timer_E_invalidTimer__C)
                  c0a037d0    00000004     Local_pe674.oe674 (.const:ti_sysbios_timers_timer64_Timer_E_notAvailable__C)
                  c0a037d4    00000004     Local_pe674.oe674 (.const:ti_sysbios_timers_timer64_Timer_Module__diagsEnabled__C)
                  c0a037d8    00000004     Local_pe674.oe674 (.const:ti_sysbios_timers_timer64_Timer_Module__diagsIncluded__C)
                  c0a037dc    00000004     Local_pe674.oe674 (.const:ti_sysbios_timers_timer64_Timer_Module__diagsMask__C)
                  c0a037e0    00000004     Local_pe674.oe674 (.const:ti_sysbios_timers_timer64_Timer_anyMask__C)
                  c0a037e4    00000004     Local_pe674.oe674 (.const:ti_sysbios_timers_timer64_Timer_defaultHalf__C)
                  c0a037e8    00000004     Local_pe674.oe674 (.const:ti_sysbios_timers_timer64_Timer_freqDivisor__C)
                  c0a037ec    00000004     Local_pe674.oe674 (.const:ti_sysbios_timers_timer64_Timer_numLocalTimers__C)
                  c0a037f0    00000004     Local_pe674.oe674 (.const:ti_sysbios_timers_timer64_Timer_numTimerDevices__C)
                  c0a037f4    00000004     Local_pe674.oe674 (.const:ti_sysbios_utils_Load_LS_cpuLoad__C)
                  c0a037f8    00000004     Local_pe674.oe674 (.const:ti_sysbios_utils_Load_LS_hwiLoad__C)
                  c0a037fc    00000004     Local_pe674.oe674 (.const:ti_sysbios_utils_Load_LS_swiLoad__C)
                  c0a03800    00000004     Local_pe674.oe674 (.const:ti_sysbios_utils_Load_LS_taskLoad__C)
                  c0a03804    00000004     Local_pe674.oe674 (.const:ti_sysbios_utils_Load_Module_State_taskList__O)
                  c0a03808    00000004     Local_pe674.oe674 (.const:ti_sysbios_utils_Load_Module__diagsEnabled__C)
                  c0a0380c    00000004     Local_pe674.oe674 (.const:ti_sysbios_utils_Load_Module__diagsIncluded__C)
                  c0a03810    00000004     Local_pe674.oe674 (.const:ti_sysbios_utils_Load_Module__diagsMask__C)
                  c0a03814    00000004     Local_pe674.oe674 (.const:ti_sysbios_utils_Load_Module__loggerFxn1__C)
                  c0a03818    00000004     Local_pe674.oe674 (.const:ti_sysbios_utils_Load_Module__loggerFxn2__C)
                  c0a0381c    00000004     Local_pe674.oe674 (.const:ti_sysbios_utils_Load_Module__loggerFxn4__C)
                  c0a03820    00000004     Local_pe674.oe674 (.const:ti_sysbios_utils_Load_Module__loggerObj__C)
                  c0a03824    00000004     Local_pe674.oe674 (.const:ti_sysbios_utils_Load_postUpdate__C)
                  c0a03828    00000004     Local_pe674.oe674 (.const:ti_sysbios_utils_Load_windowInMs__C)
                  c0a0382c    00000004     Local_pe674.oe674 (.const:ti_uia_events_UIASync_globalTimerFreq__C)
                  c0a03830    00000004     Local_pe674.oe674 (.const:ti_uia_events_UIASync_syncPointAfterHalt__C)
                  c0a03834    00000004     Local_pe674.oe674 (.const:ti_uia_events_UIASync_syncPoint__C)
                  c0a03838    00000004     Local_pe674.oe674 (.const:ti_uia_runtime_ILoggerSnapshot_Interface__BASE__C)
                  c0a0383c    00000004     Local_pe674.oe674 (.const:ti_uia_runtime_IUIATransfer_Interface__BASE__C)
                  c0a03840    00000004     Local_pe674.oe674 (.const:ti_uia_runtime_LogSync_Module__loggerObj__C)
                  c0a03844    00000004     Local_pe674.oe674 (.const:ti_uia_runtime_LogSync_cpuTimestampCyclesPerTick__C)
                  c0a03848    00000004     Local_pe674.oe674 (.const:ti_uia_runtime_LogSync_globalTimestampCpuCyclesPerTick__C)
                  c0a0384c    00000004     Local_pe674.oe674 (.const:ti_uia_runtime_LogSync_injectIntoTraceFxn__C)
                  c0a03850    00000004     Local_pe674.oe674 (.const:ti_uia_runtime_LoggerCircBuf_E_badLevel__C)
                  c0a03854    00000004     Local_pe674.oe674 (.const:ti_uia_runtime_LoggerCircBuf_Object__count__C)
                  c0a03858    00000004     Local_pe674.oe674 (.const:ti_uia_runtime_LoggerCircBuf_Object__table__C)
                  c0a0385c    00000004     Local_pe674.oe674 (.const:ti_uia_runtime_LoggerCircBuf_overflowLogger__C)
                  c0a03860    00000004     Local_pe674.oe674 (.const:ti_uia_runtime_LoggerCircBuf_statusLogger__C)
                  c0a03864    00000004     Local_pe674.oe674 (.const:ti_uia_runtime_ServiceMgr_A_invalidProcessCallbackFxn__C)
                  c0a03868    00000004     Local_pe674.oe674 (.const:ti_uia_runtime_ServiceMgr_A_invalidServiceId__C)
                  c0a0386c    00000004     Local_pe674.oe674 (.const:ti_uia_runtime_ServiceMgr_Module__diagsEnabled__C)
                  c0a03870    00000004     Local_pe674.oe674 (.const:ti_uia_runtime_ServiceMgr_Module__diagsIncluded__C)
                  c0a03874    00000004     Local_pe674.oe674 (.const:ti_uia_runtime_ServiceMgr_Module__diagsMask__C)
                  c0a03878    00000004     Local_pe674.oe674 (.const:ti_uia_runtime_ServiceMgr_maxCtrlPacketSize__C)
                  c0a0387c    00000004     Local_pe674.oe674 (.const:ti_uia_runtime_ServiceMgr_maxEventPacketSize__C)
                  c0a03880    00000004     Local_pe674.oe674 (.const:ti_uia_runtime_ServiceMgr_numEventPacketBufs__C)
                  c0a03884    00000004     Local_pe674.oe674 (.const:ti_uia_runtime_ServiceMgr_numIncomingCtrlPacketBufs__C)
                  c0a03888    00000004     Local_pe674.oe674 (.const:ti_uia_runtime_ServiceMgr_numOutgoingCtrlPacketBufs__C)
                  c0a0388c    00000004     Local_pe674.oe674 (.const:ti_uia_runtime_ServiceMgr_periodInMs__C)
                  c0a03890    00000004     Local_pe674.oe674 (.const:ti_uia_runtime_ServiceMgr_processCallbackFxn__C)
                  c0a03894    00000004     Local_pe674.oe674 (.const:ti_uia_services_Rta_LD_cmdRcvd__C)
                  c0a03898    00000004     Local_pe674.oe674 (.const:ti_uia_services_Rta_LD_recordsSent__C)
                  c0a0389c    00000004     Local_pe674.oe674 (.const:ti_uia_services_Rta_LD_writeMask__C)
                  c0a038a0    00000004     Local_pe674.oe674 (.const:ti_uia_services_Rta_Module__diagsEnabled__C)
                  c0a038a4    00000004     Local_pe674.oe674 (.const:ti_uia_services_Rta_Module__diagsIncluded__C)
                  c0a038a8    00000004     Local_pe674.oe674 (.const:ti_uia_services_Rta_Module__diagsMask__C)
                  c0a038ac    00000004     Local_pe674.oe674 (.const:ti_uia_services_Rta_Module__loggerFxn2__C)
                  c0a038b0    00000004     Local_pe674.oe674 (.const:ti_uia_services_Rta_Module__loggerFxn4__C)
                  c0a038b4    00000004     Local_pe674.oe674 (.const:ti_uia_services_Rta_Module__loggerObj__C)
                  c0a038b8    00000004     Local_pe674.oe674 (.const:ti_uia_services_Rta_periodInMs__C)
                  c0a038bc    00000004     Local_pe674.oe674 (.const:ti_uia_sysbios_Adaptor_eventBuf__C)
                  c0a038c0    00000004     Local_pe674.oe674 (.const:ti_uia_sysbios_Adaptor_msgBuf__C)
                  c0a038c4    00000004     Local_pe674.oe674 (.const:ti_uia_sysbios_Adaptor_period__C)
                  c0a038c8    00000004     Local_pe674.oe674 (.const:ti_uia_sysbios_Adaptor_reqEnergy__C)
                  c0a038cc    00000004     Local_pe674.oe674 (.const:ti_uia_sysbios_Adaptor_scheduled__C)
                  c0a038d0    00000004     Local_pe674.oe674 (.const:xdc_runtime_Assert_E_assertFailed__C)
                  c0a038d4    00000004     Local_pe674.oe674 (.const:xdc_runtime_Core_A_initializedParams__C)
                  c0a038d8    00000004     Local_pe674.oe674 (.const:xdc_runtime_Core_Module__diagsEnabled__C)
                  c0a038dc    00000004     Local_pe674.oe674 (.const:xdc_runtime_Core_Module__diagsIncluded__C)
                  c0a038e0    00000004     Local_pe674.oe674 (.const:xdc_runtime_Core_Module__diagsMask__C)
                  c0a038e4    00000004     Local_pe674.oe674 (.const:xdc_runtime_Error_E_memory__C)
                  c0a038e8    00000004     Local_pe674.oe674 (.const:xdc_runtime_Error_Module__diagsEnabled__C)
                  c0a038ec    00000004     Local_pe674.oe674 (.const:xdc_runtime_Error_Module__diagsIncluded__C)
                  c0a038f0    00000004     Local_pe674.oe674 (.const:xdc_runtime_Error_Module__diagsMask__C)
                  c0a038f4    00000004     Local_pe674.oe674 (.const:xdc_runtime_Error_Module__loggerFxn8__C)
                  c0a038f8    00000004     Local_pe674.oe674 (.const:xdc_runtime_Error_Module__loggerObj__C)
                  c0a038fc    00000004     Local_pe674.oe674 (.const:xdc_runtime_Error_policy__C)
                  c0a03900    00000004     Local_pe674.oe674 (.const:xdc_runtime_Error_raiseHook__C)
                  c0a03904    00000004     Local_pe674.oe674 (.const:xdc_runtime_IFilterLogger_Interface__BASE__C)
                  c0a03908    00000004     Local_pe674.oe674 (.const:xdc_runtime_IGateProvider_Interface__BASE__C)
                  c0a0390c    00000004     Local_pe674.oe674 (.const:xdc_runtime_IHeap_Interface__BASE__C)
                  c0a03910    00000004     Local_pe674.oe674 (.const:xdc_runtime_ILogger_Interface__BASE__C)
                  c0a03914    00000004     Local_pe674.oe674 (.const:xdc_runtime_IModule_Interface__BASE__C)
                  c0a03918    00000004     Local_pe674.oe674 (.const:xdc_runtime_Log_L_error__C)
                  c0a0391c    00000004     Local_pe674.oe674 (.const:xdc_runtime_Memory_defaultHeapInstance__C)
                  c0a03920    00000004     Local_pe674.oe674 (.const:xdc_runtime_Startup_execImpl__C)
                  c0a03924    00000004     Local_pe674.oe674 (.const:xdc_runtime_Startup_maxPasses__C)
                  c0a03928    00000004     Local_pe674.oe674 (.const:xdc_runtime_Startup_lastFxns__A)
                  c0a0392c    00000004     Local_pe674.oe674 (.const:xdc_runtime_Startup_sfxnRts__C)
                  c0a03930    00000004     Local_pe674.oe674 (.const:xdc_runtime_Startup_sfxnTab__C)
                  c0a03934    00000004     Local_pe674.oe674 (.const:xdc_runtime_Startup_startModsFxn__C)
                  c0a03938    00000004     Local_pe674.oe674 (.const:xdc_runtime_SysMin_bufSize__C)
                  c0a0393c    00000004     Local_pe674.oe674 (.const:xdc_runtime_SysMin_outputFunc__C)
                  c0a03940    00000004     Local_pe674.oe674 (.const:xdc_runtime_System_Module__gateObj__C)
                  c0a03944    00000004     Local_pe674.oe674 (.const:xdc_runtime_System_extendFxn__C)
                  c0a03948    00000004     Local_pe674.oe674 (.const:xdc_runtime_System_maxAtexitHandlers__C)
                  c0a0394c    00000004     Local_pe674.oe674 (.const:xdc_runtime_Text_charTab__C)
                  c0a03950    00000004     Local_pe674.oe674 (.const:xdc_runtime_Text_nameEmpty__C)
                  c0a03954    00000004     Local_pe674.oe674 (.const:xdc_runtime_Text_nameStatic__C)
                  c0a03958    00000004     Local_pe674.oe674 (.const:xdc_runtime_Text_nameUnknown__C)
                  c0a0395c    00000004     Local_pe674.oe674 (.const:xdc_runtime_Text_nodeTab__C)
                  c0a03960    00000004     Local_pe674.oe674 (.const:xdc_runtime_Text_visitRopeFxn__C)
                  c0a03964    00000004     Local_pe674.oe674 (.const:xdc_runtime_knl_ISync_Interface__BASE__C)
                  c0a03968    00000003     LCD.obj (.const:.string:$P$T0$1)
                  c0a0396b    00000001     --HOLE-- [fill = 0]
                  c0a0396c    00000002     Local_pe674.oe674 (.const:ti_sysbios_knl_Swi_Module__id__C)
                  c0a0396e    00000002     Local_pe674.oe674 (.const:ti_sysbios_knl_Swi_Module__loggerDefined__C)
                  c0a03970    00000002     Local_pe674.oe674 (.const:ti_sysbios_knl_Task_Module__id__C)
                  c0a03972    00000002     Local_pe674.oe674 (.const:ti_sysbios_knl_Task_Module__loggerDefined__C)
                  c0a03974    00000002     Local_pe674.oe674 (.const:ti_sysbios_knl_Task_initStackFlag__C)
                  c0a03976    00000002     Local_pe674.oe674 (.const:ti_sysbios_syncs_SyncEvent_Module__id__C)
                  c0a03978    00000002     Local_pe674.oe674 (.const:ti_sysbios_timers_timer64_Timer_Module__id__C)
                  c0a0397a    00000002     Local_pe674.oe674 (.const:ti_sysbios_timers_timer64_Timer_startupNeeded__C)
                  c0a0397c    00000002     Local_pe674.oe674 (.const:ti_sysbios_utils_Load_Module__id__C)
                  c0a0397e    00000002     Local_pe674.oe674 (.const:ti_sysbios_utils_Load_Module__loggerDefined__C)
                  c0a03980    00000002     Local_pe674.oe674 (.const:ti_sysbios_utils_Load_autoAddTasks__C)
                  c0a03982    00000002     Local_pe674.oe674 (.const:ti_sysbios_utils_Load_hwiEnabled__C)
                  c0a03984    00000002     Local_pe674.oe674 (.const:ti_sysbios_utils_Load_updateInIdle__C)
                  c0a03986    00000002     Local_pe674.oe674 (.const:ti_uia_runtime_LogSync_Module__id__C)
                  c0a03988    00000002     Local_pe674.oe674 (.const:ti_uia_runtime_LogSync_Module__loggerDefined__C)
                  c0a0398a    00000002     Local_pe674.oe674 (.const:ti_uia_runtime_LoggerCircBuf_Module__id__C)
                  c0a0398c    00000002     Local_pe674.oe674 (.const:ti_uia_runtime_LoggerCircBuf_filterByLevel__C)
                  c0a0398e    00000002     Local_pe674.oe674 (.const:ti_uia_runtime_LoggerCircBuf_isTimestampEnabled__C)
                  c0a03990    00000002     Local_pe674.oe674 (.const:ti_uia_runtime_ServiceMgr_Module__id__C)
                  c0a03992    00000002     Local_pe674.oe674 (.const:ti_uia_runtime_ServiceMgr_supportControl__C)
                  c0a03994    00000002     Local_pe674.oe674 (.const:ti_uia_services_Rta_Module__id__C)
                  c0a03996    00000002     Local_pe674.oe674 (.const:ti_uia_services_Rta_Module__loggerDefined__C)
                  c0a03998    00000002     Local_pe674.oe674 (.const:ti_uia_services_Rta_SERVICEID__C)
                  c0a0399a    00000002     Local_pe674.oe674 (.const:xdc_runtime_Core_Module__id__C)
                  c0a0399c    00000002     Local_pe674.oe674 (.const:xdc_runtime_Error_Module__loggerDefined__C)
                  c0a0399e    00000002     Local_pe674.oe674 (.const:xdc_runtime_Error_maxDepth__C)
                  c0a039a0    00000002     Local_pe674.oe674 (.const:xdc_runtime_Memory_Module__id__C)
                  c0a039a2    00000002     Local_pe674.oe674 (.const:xdc_runtime_SysMin_flushAtExit__C)
                  c0a039a4    00000002     Local_pe674.oe674 (.const:xdc_runtime_Text_charCnt__C)
                  c0a039a6    00000002     Local_pe674.oe674 (.const:xdc_runtime_Text_isLoaded__C)
                  c0a039a8    00000002     Local_pe674.oe674 (.const:xdc_runtime_Text_registryModsLastId__C)
                  c0a039aa    00000002     Local_pe674.oe674 (.const:xdc_runtime_Text_unnamedModsLastId__C)
                  c0a039ac    00000004     --HOLE-- [fill = 0]
                  c0a039b0    00000001     Local_pe674.oe674 (.const:.string:$P$T0$1)

.switch.1 
*          0    c0a677a0    0000005c     
                  c0a677a0    0000005c     rts6740_elf.lib : _scanfi.c.obj (.switch:__TI_scanfi)

.vecs      0    c0a69c00    00000200     
                  c0a69c00    00000200     Local_pe674.oe674 (.vecs)

xdc.meta   0    c0000000    000000f0     COPY SECTION
                  c0000000    000000f0     Local_pe674.oe674 (xdc.meta)

.text      0    c0a039c0    00063de0     
                  c0a039c0    000020c0     rts6740_elf.lib : _printfi.c.obj (.text:__TI_printfi)
                  c0a05a80    00002080                     : _scanfi.c.obj (.text:__TI_scanfi)
                  c0a07b00    000019e0     stk6.ae674 : tcp6in.oe674 (.text:TCP6Input)
                  c0a094e0    000019e0                : tcpin.oe674 (.text:TcpInput)
                  c0a0aec0    000017a0     drivers.lib : rtc.obj (.text)
                  c0a0c660    00001220     stk6.ae674 : tcpout.oe674 (.text:TcpOutput)
                  c0a0d880    00001180                : tcp6out.oe674 (.text:TCP6Output)
                  c0a0ea00    00000f00     ti.drv.omapl138.ae674 : csl_emac.oe674 (.text:EMAC_open)
                  c0a0f900    00000e60     grlib.lib : string.obj (.text)
                  c0a10760    00000e40     LCD.obj (.text)
                  c0a115a0    00000e00     drivers.lib : raster.obj (.text)
                  c0a123a0    00000dc0                 : ehrpwm.obj (.text)
                  c0a13160    00000b80     stk6.ae674 : ipin.oe674 (.text:IPRxPacket)
                  c0a13ce0    00000a20     Flash.obj (.text)
                  c0a14700    000009c0     stk6.ae674 : ipout.oe674 (.text:IPTxPacket)
                  c0a150c0    000009a0     ti.drv.omapl138.ae674 : csl_mdio.oe674 (.text:MDIO_timerTick)
                  c0a15a60    000009a0     UARTConsole.obj (.text)
                  c0a16400    00000980     Command.obj (.text)
                  c0a16d80    00000920     rts6740_elf.lib : strtod.c.obj (.text:strtod)
                  c0a176a0    00000900     grlib.lib : offscr16bpp.obj (.text)
                  c0a17fa0    000008a0     ti.targets.rts6000.ae674 : System.oe674 (.text:xdc_runtime_System_doPrint__I)
                  c0a18840    000007c0     stk6.ae674 : sock.oe674 (.text:SockSet)
                  c0a19000    000007a0                : fileuser.oe674 (.text:fdPoll)
                  c0a197a0    00000780     sysbios.ae674 : BIOS.obj (.text:ti_sysbios_family_c64p_Exception_handler__I)
                  c0a19f20    00000780                   : BIOS.obj (.text:ti_sysbios_knl_Event_pend__E)
                  c0a1a6a0    00000720                   : BIOS.obj (.text:ti_sysbios_heaps_HeapMem_free__E)
                  c0a1adc0    000006c0     stk6.ae674 : sock6.oe674 (.text:Sock6Set)
                  c0a1b480    000006c0     grlib.lib : image.obj (.text)
                  c0a1bb40    000006c0               : line.obj (.text)
                  c0a1c200    000006a0     I2C.obj (.text)
                  c0a1c8a0    000006a0     stk6.ae674 : icmpv6_ndisc.oe674 (.text:ICMPv6RecvRA)
                  c0a1cf40    000006a0     SATA.obj (.text)
                  c0a1d5e0    000006a0     sysbios.ae674 : BIOS.obj (.text:ti_sysbios_knl_Semaphore_pend__E)
                  c0a1dc80    000006a0                   : BIOS.obj (.text:ti_sysbios_knl_Task_Instance_finalize__F)
                  c0a1e320    00000660     stk6.ae674 : route6.oe674 (.text:Rt6Create)
                  c0a1e980    00000660     Touch.obj (.text)
                  c0a1efe0    00000660     rts6740_elf.lib : _printfi.c.obj (.text:_pconv_a)
                  c0a1f640    00000620     sysbios.ae674 : BIOS.obj (.text:ti_sysbios_heaps_HeapMem_alloc__E)
                  c0a1fc60    00000600     rts6740_elf.lib : divd.c.obj (.text:__c6xabi_divd)
                  c0a20260    00000600     sysbios.ae674 : BIOS.obj (.text:ti_sysbios_knl_Task_Instance_init__F)
                  c0a20860    000005c0     DDR2.obj (.text)
                  c0a20e20    000005c0     stk6.ae674 : ipfrag.oe674 (.text:IPReasm)
                  c0a213e0    000005a0                : icmpin.oe674 (.text:ICMPInput)
                  c0a21980    000005a0     drivers.lib : spi.obj (.text)
                  c0a21f20    00000580                 : gpio.obj (.text)
                  c0a224a0    00000580                 : uart.obj (.text)
                  c0a22a20    00000560     stk6.ae674 : bind6.oe674 (.text:Bind6New)
                  c0a22f80    00000560                : ipv6.oe674 (.text:IPv6IPAddressToString)
                  c0a234e0    00000540                : sock6.oe674 (.text:Sock6Connect)
                  c0a23a20    00000520                : lliin.oe674 (.text:LLIRxPacket)
                  c0a23f40    00000520     ti.drv.omapl138.ae674 : csl_mdio.oe674 (.text:MDIO_initContinue)
                  c0a24460    00000520     stk6.ae674 : sock.oe674 (.text:SockNew)
                  c0a24980    000004e0     LEDNixie.obj (.text)
                  c0a24e60    000004e0     stk6.ae674 : udp.oe674 (.text:UdpInput)
                  c0a25340    000004e0     sysbios.ae674 : BIOS.obj (.text:ti_sysbios_timers_timer64_Timer_Module_startup__F)
                  c0a25820    000004c0     RTC.obj (.text)
                  c0a25ce0    000004c0     drivers.lib : i2c.obj (.text)
                  c0a261a0    000004c0     rts6740_elf.lib : strtoll.c.obj (.text:strtoll)
                  c0a26660    000004a0     stk6.ae674 : sock6.oe674 (.text:Sock6Recv)
                  c0a26b00    000004a0                : sock.oe674 (.text:SockRecv)
                  c0a26fa0    00000440                : sock6.oe674 (.text:Sock6New)
                  c0a273e0    00000440     rts6740_elf.lib : strtoull.c.obj (.text:strtoull)
                  c0a27820    00000420     nettool.ae674 : daemon.oe674 (.text:daemon)
                  c0a27c40    00000420     sysbios.ae674 : BIOS.obj (.text:ti_sysbios_knl_Task_sleep__E)
                  c0a28060    00000400     EEPROM.obj (.text)
                  c0a28460    00000400     EMAC.obj (.text)
                  c0a28860    00000400     LED.obj (.text)
                  c0a28c60    00000400     stk6.ae674 : sock6.oe674 (.text:Sock6Send)
                  c0a29060    00000400     rts6740_elf.lib : _printfi.c.obj (.text:_pconv_g)
                  c0a29460    00000400     sysbios.ae674 : BIOS.obj (.text:ti_sysbios_knl_Task_setPri__E)
                  c0a29860    000003e0     stk6.ae674 : ipv6_frag.oe674 (.text:IPv6TxFragPacket)
                  c0a29c40    000003e0     KEY.obj (.text)
                  c0a2a020    000003e0     PLL.obj (.text)
                  c0a2a400    000003c0     stk6.ae674 : ipv6out.oe674 (.text:IPv6TxPacket)
                  c0a2a7c0    000003c0                : lli6.oe674 (.text:LLI6TimerCheck)
                  c0a2ab80    000003c0                : sock.oe674 (.text:SockSend)
                  c0a2af40    000003c0                : tcp6.oe674 (.text:TCP6TimeoutCheck)
                  c0a2b300    000003c0                : tcp.oe674 (.text:TcpTimeoutCheck)
                  c0a2b6c0    000003c0     UDP.obj (.text)
                  c0a2ba80    000003c0     sysbios.ae674 : BIOS.obj (.text:ti_sysbios_family_c64p_Hwi_dispatchCore__I)
                  c0a2be40    000003c0                   : BIOS.obj (.text:ti_sysbios_heaps_HeapMem_Instance_init__F)
                  c0a2c200    000003c0                   : BIOS.obj (.text:ti_sysbios_timers_timer64_Timer_Instance_init__F)
                  c0a2c5c0    000003a0     ti.drv.omapl138.ae674 : csl_emac.oe674 (.text:EMAC_close)
                  c0a2c960    000003a0     stk6.ae674 : icmpv6in.oe674 (.text:ICMPv6RxPacket)
                  c0a2cd00    000003a0                : nimu.oe674 (.text:NIMUIoctl)
                  c0a2d0a0    000003a0                : route.oe674 (.text:RtCreate)
                  c0a2d440    000003a0                : sb.oe674 (.text:SBRead)
                  c0a2d7e0    000003a0     rts6740_elf.lib : strtol.c.obj (.text:strtol)
                  c0a2db80    000003a0     sysbios.ae674 : BIOS.obj (.text:ti_sysbios_knl_Swi_run__I)
                  c0a2df20    00000380     netctrl_min.ae674 : netctrl.oe674 (.text:NetScheduler)
                  c0a2e2a0    00000380     stk6.ae674 : sock.oe674 (.text:SockConnect)
                  c0a2e620    00000380     UART1.obj (.text)
                  c0a2e9a0    00000380     nettool.ae674 : dhcppkt.oe674 (.text:dhcpPacketProcess)
                  c0a2ed20    00000360     stk6.ae674 : icmpv6_ndisc.oe674 (.text:ICMPv6RecvRedirect)
                  c0a2f080    00000360                : icmpv6out.oe674 (.text:ICMPv6SendDstUnreachable)
                  c0a2f3e0    00000360                : igmp.oe674 (.text:IGMPInput)
                  c0a2f740    00000360                : ipv6_frag.oe674 (.text:IPv6FragReasm)
                  c0a2faa0    00000360                : sock6int.oe674 (.text:Sock6Notify)
                  c0a2fe00    00000360                : sockint.oe674 (.text:SockNotify)
                  c0a30160    00000360     sysbios.ae674 : BIOS.obj (.text:ti_sysbios_knl_Clock_Instance_init__F)
                  c0a304c0    00000360                   : BIOS.obj (.text:ti_sysbios_knl_Swi_Instance_init__F)
                  c0a30820    00000360                   : BIOS.obj (.text:ti_sysbios_timers_timer64_Timer_deviceConfig__I)
                  c0a30b80    00000340     stk6.ae674 : icmpv6_ndisc.oe674 (.text:ICMPv6RecvNS)
                  c0a30ec0    00000340                : icmpv6out.oe674 (.text:ICMPv6SendParameterProblem)
                  c0a31200    00000340                : icmpv6out.oe674 (.text:ICMPv6SendTimeExceeded)
                  c0a31540    00000340                : lliout.oe674 (.text:LLITxIpPacket)
                  c0a31880    00000340     os.ae674 : mem.oe674 (.text:mmAlloc)
                  c0a31bc0    00000340     Local_pe674.oe674 (.text:xdc_runtime_System_printfExtend__I)
                  c0a31f00    00000320     nettool.ae674 : config.oe674 (.text:CfgAddEntry)
                  c0a32220    00000320     stk6.ae674 : udp6.oe674 (.text:Udp6Input)
                  c0a32540    00000320     sysbios.ae674 : BIOS.obj (.text:ti_sysbios_knl_Event_post__E)
                  c0a32860    00000320                   : BIOS.obj (.text:ti_sysbios_timers_timer64_Timer_initObj__I)
                  c0a32b80    00000300     EHRPWM.obj (.text)
                  c0a32e80    00000300     ti.drv.omapl138.ae674 : nimu_eth.oe674 (.text:Emacioctl)
                  c0a33180    00000300     stk6.ae674 : sock6pcb.oe674 (.text:Sock6PcbBind)
                  c0a33480    00000300     rts6740_elf.lib : strtoul.c.obj (.text:strtoul)
                  c0a33780    00000300     sysbios.ae674 : BIOS.obj (.text:ti_sysbios_knl_Semaphore_post__E)
                  c0a33a80    00000300                   : BIOS.obj (.text:ti_sysbios_utils_Load_logLoads__I)
                  c0a33d80    00000300     ti.uia.services.ae674 : Rta.oe674 (.text:ti_uia_services_Rta_processMsg__I)
                  c0a34080    000002e0     stk6.ae674 : ipv6_exthdrs.oe674 (.text:IPv6ParseExtnHeaders)
                  c0a34360    000002e0                : route6.oe674 (.text:Rt6Find)
                  c0a34640    000002e0                : sock6pcb.oe674 (.text:Sock6PcbFind)
                  c0a34920    000002e0                : sock6pcb.oe674 (.text:Sock6PcbResolve)
                  c0a34c00    000002e0                : udp.oe674 (.text:UdpOutput)
                  c0a34ee0    000002e0     rts6740_elf.lib : fputs.c.obj (.text:fputs)
                  c0a351c0    000002e0     ti.uia.services.ae674 : Rta.oe674 (.text:ti_uia_services_Rta_flushLogger__I)
                  c0a354a0    000002c0     stk6.ae674 : bind.oe674 (.text:BindNew)
                  c0a35760    000002c0     ti.drv.omapl138.ae674 : ethdriver.oe674 (.text:HwPktOpen)
                  c0a35a20    000002c0     stk6.ae674 : ipv6_frag.oe674 (.text:IPv6FragQEnqueueFrag)
                  c0a35ce0    000002c0                : node.oe674 (.text:NodeAdd)
                  c0a35fa0    000002c0                : rtable.oe674 (.text:RtFind)
                  c0a36260    000002c0                : sb6.oe674 (.text:SB6Read)
                  c0a36520    000002c0     TempSensor.obj (.text)
                  c0a367e0    000002a0     nettool.ae674 : dhcpmain.oe674 (.text:DHCPOpen)
                  c0a36a80    000002a0     SATATest.obj (.text)
                  c0a36d20    000002a0     stk6.ae674 : sock6.oe674 (.text:Sock6Close)
                  c0a36fc0    000002a0                : sock.oe674 (.text:SockClose)
                  c0a37260    000002a0                : sockpcb.oe674 (.text:SockPcbResolve)
                  c0a37500    000002a0                : tcp6prot.oe674 (.text:TCP6PrSetOption)
                  c0a377a0    000002a0                : tcpprot.oe674 (.text:TcpPrSetOption)
                  c0a37a40    000002a0     rts6740_elf.lib : _printfi.c.obj (.text:_pconv_e)
                  c0a37ce0    000002a0                     : _printfi.c.obj (.text:fcvt)
                  c0a37f80    000002a0     sysbios.ae674 : BIOS.obj (.text:ti_sysbios_knl_Clock_workFunc__E)
                  c0a38220    000002a0     ti.uia.runtime.ae674 : LoggerCircBuf.oe674 (.text:ti_uia_runtime_LoggerCircBuf_write8__E)
                  c0a384c0    00000280     ti.drv.omapl138.ae674 : csl_emac.oe674 (.text:EMAC_setReceiveFilter)
                  c0a38740    00000280     stk6.ae674 : icmp.oe674 (.text:ICMPGenPacket)
                  c0a389c0    00000280                : lli6.oe674 (.text:LLI6NeighUnreachStateMachine)
                  c0a38c40    00000280                : lli6.oe674 (.text:LLI6TxIPPacket)
                  c0a38ec0    00000280                : route6.oe674 (.text:Rt6Free)
                  c0a39140    00000280                : sock.oe674 (.text:SockRecvNC)
                  c0a393c0    00000280                : udp6.oe674 (.text:Udp6Output)
                  c0a39640    00000280     sysbios.ae674 : BIOS.obj (.text:ti_sysbios_knl_Task_schedule__I)
                  c0a398c0    00000280                   : BIOS.obj (.text:ti_sysbios_knl_Task_startCore__E)
                  c0a39b40    00000280                   : BIOS.obj (.text:ti_sysbios_utils_Load_updateThreadContexts__E)
                  c0a39dc0    00000280     ti.targets.rts6000.ae674 : Error.oe674 (.text:xdc_runtime_Error_raiseX__F)
                  c0a3a040    00000260     ti.drv.omapl138.ae674 : csl_emac.oe674 (.text:EMAC_sendPacket)
                  c0a3a2a0    00000260     stk6.ae674 : icmpv6in.oe674 (.text:ICMPv6RecvEchoRequest)
                  c0a3a500    00000260                : icmpv6_ndisc.oe674 (.text:ICMPv6SendNS)
                  c0a3a760    00000260                : ipv6in.oe674 (.text:IPv6RxPacket)
                  c0a3a9c0    00000260                : rawethsock.oe674 (.text:RawEthSockSet)
                  c0a3ac20    00000260                : sb6.oe674 (.text:SB6Write)
                  c0a3ae80    00000260                : sb.oe674 (.text:SBWrite)
                  c0a3b0e0    00000260                : sockpcb.oe674 (.text:SockPcbBind)
                  c0a3b340    00000260                : tcp6out.oe674 (.text:TCP6GenPacket)
                  c0a3b5a0    00000260     rts6740_elf.lib : imath64.c.obj (.text:__c6xabi_divull)
                  c0a3b800    00000260     drivers.lib : pru.obj (.text)
                  c0a3ba60    00000260     sysbios.ae674 : BIOS.obj (.text:ti_sysbios_timers_timer64_Timer_start__E)
                  c0a3bcc0    00000260     ti.targets.rts6000.ae674 : Startup.oe674 (.text:xdc_runtime_Startup_startMods__I)
                  c0a3bf20    00000240     stk6.ae674 : bind6.oe674 (.text:Bind6Free)
                  c0a3c160    00000240                : bind6.oe674 (.text:Bind6RunDAD)
                  c0a3c3a0    00000240     nettool.ae674 : daemon.oe674 (.text:DaemonNew)
                  c0a3c5e0    00000240     Exception.obj (.text)
                  c0a3c820    00000240     stk6.ae674 : icmpv6_ndisc.oe674 (.text:ICMPv6RecvNA)
                  c0a3ca60    00000240                : icmpv6_ndisc.oe674 (.text:ICMPv6SendNA)
                  c0a3cca0    00000240                : pipe.oe674 (.text:PipeRecv)
[...]
c0a67060  xdc_runtime_Log_doPrint__E                                          
c0a67080  xdc_runtime_LoggerSys_Instance_init__F                              
c0a670a0  xdc_runtime_LoggerSys_TimestampProxy_get64__E                       
c0a670c0  xdc_runtime_LoggerSys_disable__E                                    
c0a670e0  xdc_runtime_LoggerSys_disable__F                                    
c0a67100  xdc_runtime_LoggerSys_enable__E                                     
c0a67120  xdc_runtime_LoggerSys_enable__F                                     
c0a67140  xdc_runtime_Memory_HeapProxy_alloc__E                               
c0a67160  xdc_runtime_Memory_HeapProxy_free__E                                
c0a67180  xdc_runtime_Memory_alloc__E                                         
c0a671a0  xdc_runtime_Memory_calloc__E                                        
c0a671c0  xdc_runtime_Memory_free__E                                          
c0a671e0  xdc_runtime_Registry_findById__E                                    
c0a67200  xdc_runtime_Startup_exec__E                                         
c0a67220  xdc_runtime_Startup_reset__I                                        
c0a67240  xdc_runtime_SysMin_Module_startup__E                                
c0a67260  xdc_runtime_SysMin_abort__E                                         
c0a67280  xdc_runtime_SysMin_exit__E                                          
c0a672a0  xdc_runtime_SysMin_flush__E                                         
c0a672c0  xdc_runtime_SysMin_output__I                                        
c0a672e0  xdc_runtime_SysMin_putch__E                                         
c0a67300  xdc_runtime_SysMin_ready__E                                         
c0a67320  xdc_runtime_SysMin_ready__F                                         
c0a67340  xdc_runtime_System_Module_GateProxy_enter__E                        
c0a67360  xdc_runtime_System_Module_GateProxy_leave__E                        
c0a67380  xdc_runtime_System_Module_startup__E                                
c0a673a0  xdc_runtime_System_Module_startup__F                                
c0a673c0  xdc_runtime_System_SupportProxy_abort__E                            
c0a673e0  xdc_runtime_System_SupportProxy_exit__E                             
c0a67400  xdc_runtime_System_SupportProxy_flush__E                            
c0a67400  xdc_runtime_System_flush__F                                         
c0a67420  xdc_runtime_System_SupportProxy_putch__E                            
c0a67440  xdc_runtime_System_SupportProxy_ready__E                            
c0a67460  xdc_runtime_System_abort__E                                         
c0a67480  xdc_runtime_System_atexit__E                                        
c0a674a0  xdc_runtime_System_exit__E                                          
c0a674c0  xdc_runtime_System_exit__F                                          
c0a674e0  xdc_runtime_System_flush__E                                         
c0a67500  xdc_runtime_System_lastFxn__I                                       
c0a67520  xdc_runtime_System_putch__E                                         
c0a67540  xdc_runtime_System_vprintf__E                                       
c0a67560  xdc_runtime_System_vsnprintf__E                                     
c0a67580  xdc_runtime_System_snprintf_va__F                                   
c0a67580  xdc_runtime_System_vsnprintf__F                                     
c0a675a0  NDK_vsprintf                                                        
c0a675a0  xdc_runtime_System_vsprintf__E                                      
c0a675c0  xdc_runtime_System_sprintf_va__F                                    
c0a675c0  xdc_runtime_System_vsprintf__F                                      
c0a675e0  xdc_runtime_Text_cordText__E                                        
c0a67600  xdc_runtime_Text_putLab__E                                          
c0a67620  xdc_runtime_Text_putSite__E                                         
c0a67640  xdc_runtime_Text_ropeText__E                                        
c0a67660  xdc_runtime_TimestampNull_Module__startupDone__S                    
c0a67680  xdc_runtime_TimestampNull_get64__E                                  
c0a676a0  xdc_runtime_TimestampNull_get64__F                                  
c0a676c0  xdc_runtime_TimestampNull_getFreq__E                                
c0a676e0  xdc_runtime_TimestampNull_getFreq__F                                
c0a67700  xdc_runtime_Timestamp_Module__startupDone__S                        
c0a67720  xdc_runtime_Timestamp_SupportProxy_get32__E                         
c0a67720  xdc_runtime_Timestamp_get32__F                                      
c0a67740  xdc_runtime_Timestamp_SupportProxy_getFreq__E                       
c0a67740  xdc_runtime_Timestamp_getFreq__F                                    
c0a67760  xdc_runtime_Timestamp_get32__E                                      
c0a67780  xdc_runtime_Timestamp_getFreq__E                                    
c0a67800  CmdLists                                                            
c0a67c00  ti_sysbios_family_c64p_EventCombiner_Module__state__V               
c0a68000  _ftable                                                             
c0a681e0  ti_sysbios_knl_Task_Object__table__V                                
c0a68230  TSK_idle                                                            
c0a68320  ti_uia_runtime_LoggerCircBuf_Object__table__V                       
c0a68440  g_sCmdTable                                                         
c0a684f4  _ipcfg                                                              
c0a685a8  _stream                                                             
c0a68648  ti_sysbios_utils_Load_Module__state__V                              
c0a686e0  ti_sysbios_family_c64p_Hwi_Object__table__V                         
c0a6876c  _lock                                                               
c0a68770  ti_sysbios_knl_Swi_Module_State_0_readyQ__A                         
c0a687f0  ti_sysbios_knl_Task_Module_State_0_readyQ__A                        
c0a68870  _device                                                             
c0a688e8  ti_sysbios_utils_Load_Module_State_0_taskEnv__A                     
c0a68958  ti_sysbios_family_c64p_Hwi_Module__state__V                         
c0a689c0  ti_sysbios_timers_timer64_Timer_Module_State_0_device__A            
c0a68a20  ti_sysbios_knl_Semaphore_Object__table__V                           
c0a68a74  _unlock                                                             
c0a68a78  BootModeStr                                                         
c0a68b18  ti_sysbios_gates_GateMutex_Object__table__V                         
c0a68b68  ti_sysbios_timers_timer64_Timer_Object__table__V                    
c0a68bb8  ulDataPatternTable                                                  
c0a68c56  ti_sysbios_utils_Load_Module__root__V                               
c0a68c58  ti_sysbios_knl_Task_Module__state__V                                
c0a68c9c  ti_uia_sysbios_Adaptor_Module__state__V                             
c0a68d94  __TI_ft_end                                                         
c0a68dd0  ti_sysbios_knl_Swi_Object__table__V                                 
c0a68e04  ti_sysbios_family_c64p_Exception_Module__state__V                   
c0a68e34  ti_sysbios_knl_Clock_Module__state__V                               
c0a68e5c  _oscfg                                                              
c0a68e80  ti_sysbios_knl_Clock_Object__table__V                               
c0a68ea4  __errno                                                             
c0a68ea4  errno                                                               
c0a68ea8  palette_32b                                                         
c0a68ec8  pstrMsgName                                                         
c0a68ee8  ti_sysbios_BIOS_Module__state__V                                    
c0a68f08  ti_sysbios_knl_Queue_Object__table__V                               
c0a68f28  ti_sysbios_timers_timer64_Timer_Module_State_0_gctrl__A             
c0a68f48  ti_sysbios_timers_timer64_Timer_Module_State_0_handles__A           
c0a68f68  ti_sysbios_timers_timer64_Timer_Module_State_0_intFreqs__A          
c0a68f88  xdc_runtime_System_Module_State_0_atexitHandlers__A                 
c0a68fa8  ti_ndk_config_Global_Id2Size                                        
c0a68fc4  ti_sysbios_family_c64p_Cache_Module__state__V                       
c0a68fc8  ti_sysbios_heaps_HeapMem_Object__table__V                           
c0a68fe4  ti_sysbios_knl_Swi_Module__state__V                                 
c0a69030  ti_uia_services_Rta_Module__state__V                                
c0a69048  LinkStr                                                             
c0a6905c  ti_sysbios_family_c64p_primus_TimerSupport_Module__state__V         
c0a69074  xdc_runtime_Memory_Module__state__V                                 
c0a6908c  xdc_runtime_Error_Module__state__V                                  
c0a690bc  ti_sysbios_timers_timer64_Timer_Module__state__V                    
c0a690d0  SEGVal                                                              
c0a690e0  ti_sysbios_knl_Event_Object__table__V                               
c0a690f0  ti_sysbios_syncs_SyncEvent_Object__table__V                         
c0a69100  __TI_cleanup_ptr                                                    
c0a69104  __TI_dtors_ptr                                                      
c0a69108  __TI_enable_exit_profile_output                                     
c0a6910c  ti_sysbios_family_c64p_Hwi_Module__root__V                          
c0a69118  ti_sysbios_hal_Hwi_Module__root__V                                  
c0a69128  ti_sysbios_hal_Hwi_Object__table__V                                 
c0a69138  ti_sysbios_hal_Timer_Object__table__V                               
c0a69144  ti_sysbios_knl_Clock_Module__root__V                                
c0a69150  ti_sysbios_knl_Event_Module__root__V                                
c0a6915c  ti_sysbios_knl_Semaphore_Module__root__V                            
c0a69168  ti_sysbios_knl_Swi_Module__root__V                                  
c0a69174  ti_sysbios_knl_Task_Module__root__V                                 
c0a69180  ti_uia_runtime_LogSync_Module__state__V                             
c0a6918c  ti_uia_runtime_QueueDescriptor_Module__state__V                     
c0a69198  ti_uia_services_Rta_Module_State_0_loggers__A                       
c0a691a8  xdc_runtime_LoggerSys_Object__table__V                              
c0a691b4  xdc_runtime_SysMin_Module__state__V                                 
c0a691c0  xdc_runtime_System_Module__state__V                                 
c0a691f0  NIMUDeviceTable                                                     
c0a691f8  ti_sysbios_family_c64p_primus_TimerSupport_Module_State_0_suspSrc__A
c0a69200  ti_sysbios_gates_GateHwi_Module__root__V                            
c0a69208  ti_sysbios_gates_GateHwi_Object__table__V                           
c0a69210  ti_sysbios_gates_GateMutex_Module__root__V                          
c0a69218  ti_sysbios_heaps_HeapMem_Module__root__V                            
c0a69220  ti_sysbios_knl_Queue_Module__root__V                                
c0a69228  ti_sysbios_syncs_SyncEvent_Module__root__V                          
c0a69230  ti_sysbios_timers_timer64_Timer_Module__root__V                     
c0a69238  ti_uia_runtime_LoggerCircBuf_Module__root__V                        
c0a69240  ti_uia_runtime_LoggerCircBuf_Module__state__V                       
c0a69248  ti_uia_runtime_ServiceMgr_Module__state__V                          
c0a69250  xdc_runtime_LoggerSys_Module__root__V                               
c0a69258  xdc_runtime_Registry_Module__state__V                               
c0a69260  xdc_runtime_Startup_Module__state__V                                
c0a69270  LEDNixieVal                                                         
c0a69278  ti_sysbios_knl_Task_Module_State_0_idleTask__A                      
c0a69280  ti_sysbios_utils_Load_Module_State_0_runningTask__A                 
c0a69288  ti_sysbios_utils_Load_Module_State_0_taskStartTime__A               
c0a695d8  __TI_STATIC_BASE                                                    
c0a695f0  _IGMPInDiscard                                                      
c0a695f4  _IGMPInQuery                                                        
c0a695f8  _IGMPInQueryGroup                                                   
c0a695fc  _IGMPInResponse                                                     
c0a69600  _IGMPOutResponse                                                    
c0a69616  offset                                                              
c0a6964c  BootMode                                                            
c0a69650  KEY4SwiHandle                                                       
c0a69654  KEY6SwiHandle                                                       
c0a69658  UARTConsoleSemHandle                                                
c0a6965c  UARTConsoleTaskHandle                                               
c0a69660  p_rx                                                                
c0a69664  p_tx                                                                
c0a69668  rx_len                                                              
c0a6966c  tx_len                                                              
c0a69670  PITCount                                                            
c0a69674  PITUsed                                                             
c0a69678  PITHigh                                                             
c0a69718  _IGMPForceVersion1                                                  
c0a69730  TxChanEnable_all                                                    
c0a69734  RxChanEnable_all                                                    
c0a69738  TransportNdk_tcpPort                                                
c0a6973a  TransportNdk_udpPort                                                
c0a6973c  TransportNdk_failedUDPPacket                                        
c0a69740  TransportNdk_failedTCPPacket                                        
c0a69744  sataRegs                                                            
c0a69748  temp                                                                
c0a6975c  _ICMPInErrors                                                       
c0a69760  _ICMPOutErrors                                                      
c0a69764  _IPExecuting                                                        
c0a69774  gFragQList                                                          
c0a6978c  tcp_iss                                                             
c0a69790  ptTimeFirst                                                         
c0a69794  pt6TimeFirst                                                        
c0a69798  tcp6_iss                                                            
c0a697a4  ti_uia_runtime_QueueDescriptor_gPtrToFirstDescriptor                
c0a697a8  ti_uia_runtime_QueueDescriptor_gUpdateCount                         
c0a697ac  spi_flag                                                            
c0a697b0  SoftPWM                                                             
c0a697b4  ti_ndk_config_Global_HostName                                       
c0a697b8  OSCINFreq                                                           
c0a697cc  _IPReasmPtr                                                         
c0a697d8  gMLDNodeList                                                        
c0a697f0  ti_uia_runtime_LogSync_gNumTimesHalted                              
c0a697f4  CmdHistorySaveNo                                                    
c0a697f5  CmdHistorySaveIndex                                                 
c0a697f6  CmdHistoryDisplayIndex                                              
c0a697f7  LED_OP                                                              
c0a697f8  IPV6_MAX_MULTICAST_SOLICIT                                          
c0a697fc  IPV6_MAX_UNICAST_SOLICIT                                            
c0a69800  IPV6_RETRANS_TIME                                                   
c0a69804  IPV6_DELAY_FIRST_PROBE_TIME                                         
c0a69808  IPV6_REACHABLE_TIME                                                 
c0a6980c  IPV6_MAX_RTR_SOLICITATION_DELAY                                     
c0a69810  IPV6_RTR_SOLICITATION_INTERVAL                                      
c0a69814  IPV6_MAX_RTR_SOLICITATIONS                                          
c0a69818  INFINITE_LT                                                         
c0a6981c  ti_ndk_config_Global_rawPageSize                                    
c0a69820  ti_ndk_config_Global_rawPageCount                                   
c0a69824  ti_ndk_config_Global_smallest                                       
c0a69828  ti_ndk_config_Global_largest                                        
c0a6982c  ti_ndk_config_Global_numFrameBuf                                    
c0a69830  ti_ndk_config_Global_sizeFrameBuf                                   
c0a69834  SystemHeap                                                          
c0a69838  __CIOBUF_                                                           
c0a69c00  ti_sysbios_family_c64p_Hwi0                                         
c0a69c00  ti_sysbios_family_c64p_Hwi_int0                                     
c0a69c20  ti_sysbios_family_c64p_Hwi_int1                                     
c0a69c40  ti_sysbios_family_c64p_Hwi_int2                                     
c0a69c60  ti_sysbios_family_c64p_Hwi_int3                                     
c0a69c80  ti_sysbios_family_c64p_Hwi_int4                                     
c0a69ca0  ti_sysbios_family_c64p_Hwi_int5                                     
c0a69cc0  ti_sysbios_family_c64p_Hwi_int6                                     
c0a69ce0  ti_sysbios_family_c64p_Hwi_int7                                     
c0a69d00  ti_sysbios_family_c64p_Hwi_int8                                     
c0a69d20  ti_sysbios_family_c64p_Hwi_int9                                     
c0a69d40  ti_sysbios_family_c64p_Hwi_int10                                    
c0a69d60  ti_sysbios_family_c64p_Hwi_int11                                    
c0a69d80  ti_sysbios_family_c64p_Hwi_int12                                    
c0a69da0  ti_sysbios_family_c64p_Hwi_int13                                    
c0a69dc0  ti_sysbios_family_c64p_Hwi_int14                                    
c0a69de0  ti_sysbios_family_c64p_Hwi_int15                                    
c0a6ae60  __TI_Handler_Table_Base                                             
c0a6ae68  __TI_CINIT_Base                                                     
c0a6ae68  __TI_Handler_Table_Limit                                            
c0a6ae98  __TI_CINIT_Limit                                                    
ffffffff  __TI_pprof_out_hndl                                                 
ffffffff  __TI_prof_data_size                                                 
ffffffff  __TI_prof_data_start                                                
ffffffff  __binit__                                                           
ffffffff  __c_args__                                                          
ffffffff  binit                                                               
UNDEFED   __TI_INITARRAY_Base                                                 
UNDEFED   __TI_INITARRAY_Limit                                                

[2185 symbols]
