******************************************************************************
               TMS320C6x Linker PC v8.3.12                     
******************************************************************************
>> Linked Thu May  5 19:49:15 2022

OUTPUT FILE NAME:   <Board_C674x.out>
ENTRY POINT SYMBOL: "_c_int00"  address: c3000000


MEMORY CONFIGURATION

         name            origin    length      used     unused   attr    fill
----------------------  --------  ---------  --------  --------  ----  --------
  DSPL2RAM              00800000   00040000  00004000  0003c000  RW  
  SHRAM                 80000000   00020000  00000004  0001fffc  RW X
  DDR2                  c0000000   08000000  02859f38  057a60c8  RW X


SEGMENT ALLOCATION MAP

run origin  load origin   length   init length attrs members
----------  ----------- ---------- ----------- ----- -------
00800000    00800000    00004000   00000000    rw-
  00800000    00800000    00004000   00000000    rw- .stack
80000000    80000000    00000004   00000000    rw-
  80000000    80000000    00000004   00000000    rw- .LEDNixieVal
c0000000    c0000000    023a7c2c   00000000    rw-
  c0000000    c0000000    02000000   00000000    rw- SystemHeap
  c2000000    c2000000    003a7c2c   00000000    rw- .far
c23a7c30    c23a7c30    0038bfb0   0038bfb0    r--
  c23a7c30    c23a7c30    0038bf92   0038bf92    r-- .const
  c2733bc4    c2733bc4    0000001c   0000001c    r-- .switch.1
c2733be0    c2733be0    00121c14   00121c14    r-x
  c2733be0    c2733be0    00121b40   00121b40    r-x .text
  c2855720    c2855720    000000d4   000000d4    r-- .switch.2
c2855800    c2855800    00001dc2   00000000    rw-
  c2855800    c2855800    00001dc2   00000000    rw- .fardata
c28575c4    c28575c4    00000c2c   00000c2c    r--
  c28575c4    c28575c4    00000c2c   00000c2c    r-- .switch.3
c28581f0    c28581f0    00000425   00000000    rw-
  c28581f0    c28581f0    0000015b   00000000    rw- .bss
  c285834c    c285834c    000002c9   00000000    rw- .neardata
c2858618    c2858618    0000003c   00000000    r--
  c2858618    c2858618    0000003c   00000000    r-- .rodata
c2858658    c2858658    00000120   00000000    rw-
  c2858658    c2858658    00000120   00000000    rw- .cio
c2858800    c2858800    00001718   00001718    r-x
  c2858800    c2858800    00000200   00000200    r-x .vecs
  c2858a00    c2858a00    00001518   00001518    r-- .cinit
c3000000    c3000000    000000c0   000000c0    r-x
  c3000000    c3000000    000000c0   000000c0    r-x .text:_c_int00


SECTION ALLOCATION MAP

 output                                  attributes/
section   page    origin      length       input sections
--------  ----  ----------  ----------   ----------------
.LEDNixieVal 
*          0    80000000    00000004     UNINITIALIZED
                  80000000    00000004     LEDNixie.obj (.LEDNixieVal)

.text:_c_int00 
*          0    c3000000    000000c0     
                  c3000000    000000a0     boot.ae674 : boot.oe674 (.text:_c_int00)
                  c30000a0    00000020     Local_pe674.oe674 ($Tramp$S$$xdc_runtime_Startup_reset__I)

.stack     0    00800000    00004000     UNINITIALIZED
                  00800000    00000008     boot.ae674 : boot.oe674 (.stack)
                  00800008    00003ff8     --HOLE--

.far       0    c2000000    003a7c2c     UNINITIALIZED
                  c2000000    00100000     lv_mem.obj (.far:work_mem_int$1)
                  c2100000    000bb824     (.common:g_pucBuffer)
                  c21bb824    00000004     (.common:swCtrlFeatures)
                  c21bb828    000bb800     lv_port_disp_c674x.obj (.far:buf_1$2)
                  c2277028    000bb800     lv_port_disp_c674x.obj (.far:buf_2$3)
                  c2332828    0000004c     lv_port_disp_c674x.obj (.far:disp_drv$4)
                  c2332874    0000000c     (.common:_lv_anim_ll)
                  c2332880    00052b00     stk6_ppp_pppoe.ae674 : pbm_data.oe674 (.far:NDK_PACKETMEM)
                  c2385380    00010000     (.common:buff)
                  c2395380    0000c1c0     os.ae674 : mem_data.oe674 (.far:NDK_MMBUFFER)
                  c23a1540    00002800     Local_pe674.oe674 (.far:taskStackSection)
                  c23a3d40    00001618     ti.drv.omapl138.ae674 : ethdriver.oe674 (.far)
                  c23a5358    00000800     (.common:CmdHistory)
                  c23a5b58    00000660     nettool.ae674 : daemon.oe674 (.far)
                  c23a61b8    00000474     ti.drv.omapl138.ae674 : csl_emac.oe674 (.far)
                  c23a662c    00000004     stk6_ppp_pppoe.ae674 : rawethsock_pcb.oe674 (.far)
                  c23a6630    00000400     (.common:xdc_runtime_SysMin_Module_State_0_outbuf__A)
                  c23a6a30    00000140     (.common:__TI_tmpnams)
                  c23a6b70    00000110                          : igmp.oe674 (.far)
                  c23a6c80    00000104     (.common:rx_data)
                  c23a6d84    00000002     lv_theme_default.obj (.far:color_card)
                  c23a6d86    00000002     lv_theme_default.obj (.far:color_grey)
                  c23a6d88    00000104     (.common:tx_data)
                  c23a6e8c    00000002     lv_theme_default.obj (.far:color_scr)
                  c23a6e8e    00000002     lv_theme_default.obj (.far:color_text)
                  c23a6e90    00000104     (.common:vrf_data)
                  c23a6f94    00000004     --HOLE--
                  c23a6f98    00000100     lv_draw_sw_letter.obj (.far:opa_table$1)
                  c23a7098    000000d8     netctrl.ae674 : netsrv.oe674 (.far)
                  c23a7170    000000c8     stk6_ppp_pppoe.ae674 : ipv6.oe674 (.far)
                  c23a7238    000000c4                          : tcp.oe674 (.far)
                  c23a72fc    000000b8                          : tcp6in.oe674 (.far)
                  c23a73b4    00000004     --HOLE--
                  c23a73b8    00000040     (.common:g_cCmdBuf)
                  c23a73f8    00000008     (.common:MacAddr)
                  c23a7400    000000a0     (.common:RcvFis)
                  c23a74a0    0000009c                          : icmp.oe674 (.far)
                  c23a753c    00000004     --HOLE--
                  c23a7540    00000080     (.common:_lv_draw_mask_list)
                  c23a75c0    00000080     (.common:lv_mem_buf)
                  c23a7640    00000080     UARTConsole.obj (.far:UARTWriteBuffer)
                  c23a76c0    0000007c     os.ae674 : mem.oe674 (.far)
                  c23a773c    00000004     --HOLE--
                  c23a7740    00000070     (.common:_lv_circle_cache)
                  c23a77b0    00000068     stk6_ppp_pppoe.ae674 : ip.oe674 (.far)
                  c23a7818    00000064                          : nimu.oe674 (.far)
                  c23a787c    00000030     (.common:pllcfg)
                  c23a78ac    00000030                          : udp.oe674 (.far)
                  c23a78dc    0000002c     (.common:_lv_img_cache_single)
                  c23a7908    0000002a     (.common:TouchInfo)
                  c23a7932    00000002     --HOLE--
                  c23a7934    00000028                          : vlan.oe674 (.far)
                  c23a795c    00000024     (.common:RTCTime)
                  c23a7980    00000024     cmdline.obj (.far:argv$1)
                  c23a79a4    00000024     stk6_ppp_pppoe.ae674 : udp6.oe674 (.far)
                  c23a79c8    00000024     lv_theme_default.obj (.far:theme)
                  c23a79ec    00000004     --HOLE--
                  c23a79f0    00000020     console_min.ae674 : console.oe674 (.far)
                  c23a7a10    00000020     lv_port_indev_c674x.obj (.far:indev_drv$1)
                  c23a7a30    0000001c     lv_port_disp_c674x.obj (.far:draw_buf_dsc$1)
                  c23a7a4c    00000004     --HOLE--
                  c23a7a50    0000001a     rts6740_elf.lib : asctime.c.obj (.far:time_buf)
                  c23a7a6a    00000002     --HOLE--
                  c23a7a6c    00000018     netctrl.ae674 : netctrl.oe674 (.far)
                  c23a7a84    00000018     lv_refr.obj (.far:perf_monitor)
                  c23a7a9c    00000018     stk6_ppp_pppoe.ae674 : icmpv6.oe674 (.far)
                  c23a7ab4    00000018     ti.drv.omapl138.ae674 : csl_mdio.oe674 (.far)
                  c23a7acc    00000004     --HOLE--
                  c23a7ad0    00000014     stk6_ppp_pppoe.ae674 : rtc.oe674 (.far)
                  c23a7ae4    00000014     lv_theme_default.obj (.far:trans_delayed$2)
                  c23a7af8    00000014     lv_theme_default.obj (.far:trans_normal$3)
                  c23a7b0c    00000004     --HOLE--
                  c23a7b10    00000010     (.common:IPAddress)
                  c23a7b20    00000010     stk6_ppp_pppoe.ae674 : raw.oe674 (.far)
                  c23a7b30    00000010                          : raw6.oe674 (.far)
                  c23a7b40    00000010                          : raweth.oe674 (.far)
                  c23a7b50    0000000c     (.common:_lv_disp_ll)
                  c23a7b5c    0000000c     (.common:_lv_fsdrv_ll)
                  c23a7b68    0000000c     (.common:_lv_group_ll)
                  c23a7b74    0000000c     (.common:_lv_img_decoder_ll)
                  c23a7b80    0000000c     (.common:_lv_indev_ll)
                  c23a7b8c    0000000c     (.common:_lv_obj_style_trans_ll)
                  c23a7b98    0000000c     (.common:_lv_timer_ll)
                  c23a7ba4    00000004     --HOLE--
                  c23a7ba8    0000000c     (.common:ti_sysbios_knl_Task_Instance_State_0_hookEnv__A)
                  c23a7bb4    00000004     --HOLE--
                  c23a7bb8    0000000c     (.common:ti_sysbios_knl_Task_Instance_State_1_hookEnv__A)
                  c23a7bc4    0000000c                          : pbm.oe674 (.far)
                  c23a7bd0    0000000a     (.common:I2CData)
                  c23a7bda    00000006     --HOLE--
                  c23a7be0    00000008     (.common:parmbuf)
                  c23a7be8    00000008     SourceHanSansCN_Normal_16.obj (.far:cache)
                  c23a7bf0    00000008     lv_theme_default.obj (.far:dark_filter$4)
                  c23a7bf8    00000008     lv_theme_default.obj (.far:grey_filter$5)
                  c23a7c00    00000004     (.common:ti_sysbios_family_c64p_Hwi_Instance_State_0_hookEnv__A)
                  c23a7c04    00000004     --HOLE--
                  c23a7c08    00000004     (.common:ti_sysbios_family_c64p_Hwi_Instance_State_1_hookEnv__A)
                  c23a7c0c    00000004     --HOLE--
                  c23a7c10    00000004     (.common:ti_sysbios_family_c64p_Hwi_Instance_State_2_hookEnv__A)
                  c23a7c14    00000004     --HOLE--
                  c23a7c18    00000004     (.common:ti_sysbios_family_c64p_Hwi_Instance_State_3_hookEnv__A)
                  c23a7c1c    00000004     --HOLE--
                  c23a7c20    00000004     (.common:ti_sysbios_family_c64p_Hwi_Instance_State_4_hookEnv__A)
                  c23a7c24    00000004     --HOLE--
                  c23a7c28    00000004     (.common:ti_sysbios_knl_Swi_Instance_State_0_hookEnv__A)

.const     0    c23a7c30    0038bf92     
                  c23a7c30    0025fc75     SourceHanSansCN_Normal_16.obj (.const:.string:glyph_bitmap)
                  c26078a5    00000001     --HOLE-- [fill = 0]
                  c26078a6    00000002     Local_pe674.oe674 (.const:ti_sysbios_BIOS_Module__id__C)
                  c26078a8    000bb800     imgBackground.obj (.const:.string:imgBackground_map)
                  c26c30a8    00052070     SourceHanSansCN_Normal_16.obj (.const:glyph_dsc)
                  c2715118    00003b8d     console_min.ae674 : conipv6.oe674 (.const:.string)
                  c2718ca5    00000001     --HOLE-- [fill = 0]
                  c2718ca6    00000002     Local_pe674.oe674 (.const:ti_sysbios_family_c64p_EventCombiner_Module__id__C)
                  c2718ca8    00001cb0     imgLAN.obj (.const:.string:imgLAN_map)
                  c271a958    00001b00     imgCalculator.obj (.const:.string:imgCalculator_map)
                  c271c458    00001b00     imgRoate.obj (.const:.string:imgRoate_map)
                  c271df58    00001b00     imgSystemInfo.obj (.const:.string:imgSystemInfo_map)
                  c271fa58    00001b00     imgWLAN.obj (.const:.string:imgWLAN_map)
                  c2721558    00001aa6     console_min.ae674 : contest.oe674 (.const:.string)
                  c2722ffe    00000002     Local_pe674.oe674 (.const:ti_sysbios_family_c64p_Exception_Module__id__C)
                  c2723000    00001709     Local_pe674.oe674 (.const:xdc_runtime_Text_charTab__A)
                  c2724709    00000001     --HOLE-- [fill = 0]
                  c272470a    00000002     Local_pe674.oe674 (.const:ti_sysbios_family_c64p_Exception_useInternalBuffer__C)
                  c272470c    00001314     lodepng.obj (.const:.string)
                  c2725a20    00000da0     SourceHanSansCN_Normal_16.obj (.const:kern_pair_glyph_ids)
                  c27267c0    00000cca     console_min.ae674 : constat.oe674 (.const:.string)
                  c272748a    00000002     Local_pe674.oe674 (.const:ti_sysbios_family_c64p_Hwi_Module__id__C)
                  c272748c    0000092c     lv_tlsf.obj (.const:.string)
                  c2727db8    00000893     console_min.ae674 : conipaddr.oe674 (.const:.string)
                  c272864b    00000001     --HOLE-- [fill = 0]
                  c272864c    00000004     lv_obj_scroll.obj (.const:$P$T0$1)
                  c2728650    000006ac     LEDNixie.obj (.const:.string:PRU_Code)
                  c2728cfc    00000004     lv_obj_scroll.obj (.const:$P$T1$2)
                  c2728d00    00000690     SourceHanSansCN_Normal_16.obj (.const:cmaps)
                  c2729390    00000603     console_min.ae674 : console.oe674 (.const:.string)
                  c2729993    00000001     --HOLE-- [fill = 0]
                  c2729994    00000588     sysbios.ae674 : BIOS.obj (.const:.string)
                  c2729f1c    000004b6     console_min.ae674 : convlan.oe674 (.const:.string)
                  c272a3d2    00000412                       : conecho.oe674 (.const:.string)
                  c272a7e4    00000004     lv_obj_pos.obj (.const:$P$T10$4)
                  c272a7e8    00000400     tjpgd.obj (.const:.string:Clip8)
                  c272abe8    000003d8     Web.obj (.const:.string)
                  c272afc0    000003c8     Command.obj (.const:.string)
                  c272b388    000003b2     console_min.ae674 : condns.oe674 (.const:.string)
                  c272b73a    00000002     Local_pe674.oe674 (.const:ti_sysbios_family_c64p_Hwi_Module__loggerDefined__C)
                  c272b73c    00000368     Exception.obj (.const:.string)
                  c272baa4    00000004     lv_draw_sw_gradient.obj (.const:$P$T2$4)
                  c272baa8    00000368     SourceHanSansCN_Normal_16.obj (.const:.string:kern_pair_values)
                  c272be10    00000350     nettool.ae674 : httpsend.oe674 (.const:.string)
                  c272c160    0000032c     console_min.ae674 : conlli.oe674 (.const:.string)
                  c272c48c    000002dc                       : conroute.oe674 (.const:.string)
                  c272c768    000002cc                       : conping.oe674 (.const:.string)
                  c272ca34    0000028c     lv_calendar_header_dropdown.obj (.const:.string)
                  c272ccc0    0000027d     console_min.ae674 : conacct.oe674 (.const:.string)
                  c272cf3d    0000025d     nettool.ae674 : dnscomn.oe674 (.const:.string)
                  c272d19a    00000002     Local_pe674.oe674 (.const:ti_sysbios_gates_GateMutex_Module__id__C)
                  c272d19c    00000244     Net.obj (.const:.string)
                  c272d3e0    0000021a     os.ae674 : task.oe674 (.const:.string)
                  c272d5fa    00000205     console_min.ae674 : consock.oe674 (.const:.string)
                  c272d7ff    000001e2     stk6_ppp_pppoe.ae674 : bind6.oe674 (.const:.string)
                  c272d9e1    00000001     --HOLE-- [fill = 0]
                  c272d9e2    00000002     Local_pe674.oe674 (.const:ti_sysbios_hal_Hwi_Module__id__C)
                  c272d9e4    000001a8     DDR2.obj (.const:.string)
                  c272db8c    0000018c     console_min.ae674 : contftp.oe674 (.const:.string)
                  c272dd18    00000184     lv_mem.obj (.const:.string)
                  c272de9c    00000170     SystemInfo.obj (.const:.string)
                  c272e00c    0000015c     stk6_ppp_pppoe.ae674 : route6.oe674 (.const:.string)
                  c272e168    00000159                          : nimuppp.oe674 (.const:.string)
                  c272e2c1    0000014f     os.ae674 : mem.oe674 (.const:.string)
                  c272e410    00000144     ti.drv.omapl138.ae674 : ethdriver.oe674 (.const:.string)
                  c272e554    00000110     Flash.obj (.const:.string)
                  c272e664    00000107     stk6_ppp_pppoe.ae674 : vlan.oe674 (.const:.string)
                  c272e76b    00000001     --HOLE-- [fill = 0]
                  c272e76c    00000004     lv_obj_pos.obj (.const:$P$T9$3)
                  c272e770    00000101     rts6740_elf.lib : ctype.c.obj (.const:.string:_ctypes_)
                  c272e871    00000006     nettool.ae674 : tftp.oe674 (.const:.string)
                  c272e877    00000001     --HOLE-- [fill = 0]
                  c272e878    00000100     lv_draw_sw_letter.obj (.const:.string:_lv_bpp8_opa_table)
                  c272e978    000000fd     stk6_ppp_pppoe.ae674 : icmpv6out.oe674 (.const:.string)
                  c272ea75    000000f2                          : icmpv6_ndisc.oe674 (.const:.string)
                  c272eb67    00000001     --HOLE-- [fill = 0]
                  c272eb68    000000f0     EEPROM.obj (.const:.string)
                  c272ec58    000000f0     Local_pe674.oe674 (.const:xdc_runtime_Text_nodeTab__A)
                  c272ed48    000000ec     lv_chart.obj (.const:.string)
                  c272ee34    000000ec     lv_table.obj (.const:.string)
                  c272ef20    000000ec     lv_textarea.obj (.const:.string)
                  c272f00c    000000e8     lv_img_decoder.obj (.const:.string)
                  c272f0f4    000000e8     lv_keyboard.obj (.const:.string)
                  c272f1dc    000000e4     lv_draw_mask.obj (.const:.string)
                  c272f2c0    000000dc     lv_hal_disp.obj (.const:.string)
                  c272f39c    000000d8     EMAC.obj (.const:.string)
                  c272f474    000000d8     SYSCFG.obj (.const:.string)
                  c272f54c    000000d8     stk6_ppp_pppoe.ae674 : node.oe674 (.const:.string)
                  c272f624    000000d7     nettool.ae674 : httpstr.oe674 (.const:.string)
                  c272f6fb    00000001     --HOLE-- [fill = 0]
                  c272f6fc    000000d4     ti.drv.omapl138.ae674 : nimu_eth.oe674 (.const:.string)
                  c272f7d0    000000d0     lv_label.obj (.const:.string)
                  c272f8a0    000000cf     stk6_ppp_pppoe.ae674 : rtc.oe674 (.const:.string)
                  c272f96f    00000001     --HOLE-- [fill = 0]
                  c272f970    000000cc     lv_obj.obj (.const:.string)
                  c272fa3c    000000c8     lv_dropdown.obj (.const:.string)
                  c272fb04    000000bf     stk6_ppp_pppoe.ae674 : lliout.oe674 (.const:.string)
                  c272fbc3    00000001     --HOLE-- [fill = 0]
                  c272fbc4    00000004     SysMinProvide.obj (.const:.string)
                  c272fbc8    000000be     lv_color.obj (.const:colors$2)
                  c272fc86    00000002     Local_pe674.oe674 (.const:ti_sysbios_heaps_HeapMem_Module__id__C)
                  c272fc88    000000bc     Network.obj (.const:.string)
                  c272fd44    000000bc     servers_min.ae674 : newservers.oe674 (.const:.string)
                  c272fe00    000000b8     Calculator.obj (.const:.string)
                  c272feb8    000000b6     lv_math.obj (.const:sin0_90_table)
                  c272ff6e    000000b1     nettool.ae674 : dnsclnt.oe674 (.const:.string)
                  c273001f    00000001     --HOLE-- [fill = 0]
                  c2730020    000000b0     lv_hal_indev.obj (.const:.string)
                  c27300d0    000000b0     lv_keyboard.obj (.const:default_kb_map_lc)
                  c2730180    000000b0     lv_keyboard.obj (.const:default_kb_map_spec)
                  c2730230    000000b0     lv_keyboard.obj (.const:default_kb_map_uc)
                  c27302e0    000000a9     stk6_ppp_pppoe.ae674 : lli6.oe674 (.const:.string)
                  c2730389    000000a7     nettool.ae674 : ipaddr.oe674 (.const:.string)
                  c2730430    000000a7     stk6_ppp_pppoe.ae674 : nimu.oe674 (.const:.string)
                  c27304d7    00000001     --HOLE-- [fill = 0]
                  c27304d8    000000a4     LVGLTask.obj (.const:.string)
                  c273057c    000000a2     stk6_ppp_pppoe.ae674 : nimupppoe.oe674 (.const:.string)
                  c273061e    00000002     Local_pe674.oe674 (.const:ti_sysbios_knl_Clock_Module__id__C)
                  c2730620    000000a0     lv_btnmatrix.obj (.const:.string)
                  c27306c0    00000098     lv_refr.obj (.const:.string)
                  c2730758    00000098     lv_color.obj (.const:colors$3)
                  c27307f0    00000094     Touch.obj (.const:.string)
                  c2730884    00000091     stk6_ppp_pppoe.ae674 : tcp6time.oe674 (.const:.string)
                  c2730915    00000001     --HOLE-- [fill = 0]
                  c2730916    00000002     Local_pe674.oe674 (.const:ti_sysbios_knl_Clock_Module__loggerDefined__C)
                  c2730918    00000090     lv_calendar.obj (.const:.string)
                  c27309a8    0000008d     stk6_ppp_pppoe.ae674 : tcptime.oe674 (.const:.string)
                  c2730a35    00000001     --HOLE-- [fill = 0]
                  c2730a36    00000002     Local_pe674.oe674 (.const:ti_sysbios_knl_Semaphore_Module__id__C)
                  c2730a38    0000008c     lv_fs.obj (.const:.string)
                  c2730ac4    0000008c     lv_roller.obj (.const:.string)
                  c2730b50    00000084     lv_bmp.obj (.const:.string)
                  c2730bd4    00000080     lv_draw_sw_gradient.obj (.const:.string)
                  c2730c54    00000080     lv_style.obj (.const:.string)
                  c2730cd4    00000004     lv_draw_label.obj (.const:.string)
                  c2730cd8    00000080     tjpgd.obj (.const:Ipsf)
                  c2730d58    00000080     rts6740_elf.lib : strtod.c.obj (.const:digits)
                  c2730dd8    0000007c     UARTConsole.obj (.const:.string)
                  c2730e54    00000078     lv_meter.obj (.const:.string)
                  c2730ecc    00000078     main.obj (.const:.string)
                  c2730f44    00000004     lv_menu.obj (.const:.string)
                  c2730f48    00000078     lodepng.obj (.const:DISTANCEBASE)
                  c2730fc0    00000078     lodepng.obj (.const:DISTANCEEXTRA)
                  c2731038    00000077     stk6_ppp_pppoe.ae674 : sock6.oe674 (.const:.string)
                  c27310af    00000076                          : mld.oe674 (.const:.string)
                  c2731125    00000001     --HOLE-- [fill = 0]
                  c2731126    00000002     Local_pe674.oe674 (.const:ti_sysbios_knl_Semaphore_Module__loggerDefined__C)
                  c2731128    00000074     lv_font.obj (.const:.string)
                  c273119c    00000004     lv_png.obj (.const:.string)
                  c27311a0    00000074     lodepng.obj (.const:LENGTHBASE)
                  c2731214    00000004     lv_spinbox.obj (.const:.string)
                  c2731218    00000074     lodepng.obj (.const:LENGTHEXTRA)
                  c273128c    00000070     lv_obj_style.obj (.const:.string)
                  c27312fc    0000006c     lv_event.obj (.const:.string)
                  c2731368    0000006c     rts6740_elf.lib : asctime.c.obj (.const:.string)
                  c27313d4    00000068     lv_flex.obj (.const:.string)
                  c273143c    00000068     lv_group.obj (.const:.string)
                  c27314a4    00000064     lv_calendar_header_arrow.obj (.const:.string)
                  c2731508    00000064     lv_obj_pos.obj (.const:.string)
                  c273156c    00000064     Local_pe674.oe674 (.const:ti_sysbios_timers_timer64_Timer_Object__PARAMS__C)
                  c27315d0    00000060     lv_txt.obj (.const:.string)
                  c2731630    00000060     stk6_ppp_pppoe.ae674 : sb.oe674 (.const:.string)
                  c2731690    0000005c     lv_anim.obj (.const:.string)
                  c27316ec    0000005c     lv_img.obj (.const:.string)
                  c2731748    0000005c     lv_timer.obj (.const:.string)
                  c27317a4    00000058     ti.targets.rts6000.ae674 : Error.oe674 (.const:.string)
                  c27317fc    00000056     os.ae674 : semaphore.oe674 (.const:.string)
                  c2731852    00000006     nettool.ae674 : tftp6.oe674 (.const:.string)
                  c2731858    00000054     stk6_ppp_pppoe.ae674 : sockprot.oe674 (.const:Code2Err)
                  c27318ac    00000004     lv_tabview.obj (.const:.string)
                  c27318b0    00000054     lv_keyboard.obj (.const:default_kb_map_num)
                  c2731904    00000051     nettool.ae674 : dhcpmain.oe674 (.const:.string)
                  c2731955    00000050     stk6_ppp_pppoe.ae674 : bind.oe674 (.const:.string)
                  c27319a5    00000001     --HOLE-- [fill = 0]
                  c27319a6    00000002     Local_pe674.oe674 (.const:ti_sysbios_knl_Swi_Module__id__C)
                  c27319a8    00000050     lv_keyboard.obj (.const:default_kb_ctrl_lc_map)
                  c27319f8    00000050     lv_keyboard.obj (.const:default_kb_ctrl_spec_map)
                  c2731a48    00000050     lv_keyboard.obj (.const:default_kb_ctrl_uc_map)
                  c2731a98    0000004e     stk6_ppp_pppoe.ae674 : rtable.oe674 (.const:.string)
                  c2731ae6    00000002     Local_pe674.oe674 (.const:ti_sysbios_knl_Swi_Module__loggerDefined__C)
                  c2731ae8    0000004c     Home.obj (.const:.string)
                  c2731b34    0000004c     lv_log.obj (.const:.string)
                  c2731b80    0000004c     lodepng.obj (.const:CLCL_ORDER)
                  c2731bcc    00000048     Local_pe674.oe674 (.const:.string)
                  c2731c14    00000048     ti.targets.rts6000.ae674 : Log.oe674 (.const:.string)
                  c2731c5c    00000004     lv_theme_default.obj (.const:.string)
                  c2731c60    00000048     rts6740_elf.lib : strtod.c.obj (.const:powerof10)
                  c2731ca8    00000048     Local_pe674.oe674 (.const:ti_sysbios_knl_Task_hooks__A)
                  c2731cf0    00000044     netctrl.ae674 : netctrl.oe674 (.const:.string)
                  c2731d34    00000041     nettool.ae674 : httpclie.oe674 (.const:.string)
                  c2731d75    00000041     stk6_ppp_pppoe.ae674 : sb6.oe674 (.const:.string)
                  c2731db6    00000002     Local_pe674.oe674 (.const:ti_sysbios_knl_Task_Module__id__C)
                  c2731db8    00000040     tjpgd.obj (.const:.string:Zig)
                  c2731df8    00000040     lv_draw_sw_dither.obj (.const:.string:dither_ordered_threshold_matrix)
                  c2731e38    00000040     ti.targets.rts6000.ae674 : Text.oe674 (.const:.string)
                  c2731e78    0000003e     stk6_ppp_pppoe.ae674 : ipv6.oe674 (.const:.string)
                  c2731eb6    0000003c                          : ipv6_exthdrs.oe674 (.const:.string)
                  c2731ef2    00000002     Local_pe674.oe674 (.const:ti_sysbios_knl_Task_Module__loggerDefined__C)
                  c2731ef4    0000003c     Local_pe674.oe674 (.const:ti_sysbios_knl_Task_Object__PARAMS__C)
                  c2731f30    00000038     SATATest.obj (.const:.string)
                  c2731f68    00000038     stk6_ppp_pppoe.ae674 : icmpv6in.oe674 (.const:.string)
                  c2731fa0    00000038                          : sock.oe674 (.const:.string)
                  c2731fd8    00000034     cgi.ae674 : cgiparsem.oe674 (.const:.string)
                  c273200c    00000034     Local_pe674.oe674 (.const:xdc_runtime_LoggerSys_Module__FXNS__C)
                  c2732040    00000034     Local_pe674.oe674 (.const:xdc_runtime_Startup_sfxnTab__A)
                  c2732074    00000031     stk6_ppp_pppoe.ae674 : pbm.oe674 (.const:.string)
                  c27320a5    00000001     --HOLE-- [fill = 0]
                  c27320a6    00000002     Local_pe674.oe674 (.const:ti_sysbios_knl_Task_initStackFlag__C)
                  c27320a8    00000030     rts6740_elf.lib : asctime.c.obj (.const:mon)
                  c27320d8    00000030     Local_pe674.oe674 (.const:ti_sysbios_family_c64p_Hwi_Object__PARAMS__C)
                  c2732108    0000002c     ti.drv.omapl138.ae674 : csl_mdio.oe674 (.const:.string)
                  c2732134    0000002c     ti.targets.rts6000.ae674 : Startup.oe674 (.const:.string)
                  c2732160    0000002c     Local_pe674.oe674 (.const:ti_sysbios_hal_Hwi_Object__PARAMS__C)
                  c273218c    00000004     nettool.ae674 : telnetd.oe674 (.const:.string)
                  c2732190    0000002c     lv_theme_default.obj (.const:trans_props$1)
                  c27321bc    00000028     Local_pe674.oe674 (.const:ti_sysbios_heaps_HeapMem_Module__FXNS__C)
                  c27321e4    00000028     Local_pe674.oe674 (.const:ti_sysbios_knl_Swi_Object__PARAMS__C)
                  c273220c    00000004     ti.targets.rts6000.ae674 : Assert.oe674 (.const:.string)
                  c2732210    00000026     lv_event.obj (.const:.string:$P$T2$4)
                  c2732236    00000002     Local_pe674.oe674 (.const:ti_sysbios_timers_timer64_Timer_Module__id__C)
                  c2732238    00000026     lv_color.obj (.const:colors$1)
                  c273225e    00000002     Local_pe674.oe674 (.const:ti_sysbios_timers_timer64_Timer_startupNeeded__C)
                  c2732260    00000024     rts6740_elf.lib : _printfi.c.obj (.const:.string)
                  c2732284    00000024     Local_pe674.oe674 (.const:ti_sysbios_gates_GateHwi_Module__FXNS__C)
                  c27322a8    00000024     Local_pe674.oe674 (.const:ti_sysbios_gates_GateMutex_Module__FXNS__C)
                  c27322cc    00000024     Local_pe674.oe674 (.const:ti_sysbios_heaps_HeapMem_Object__PARAMS__C)
                  c27322f0    00000024     Local_pe674.oe674 (.const:ti_sysbios_knl_Clock_Object__PARAMS__C)
                  c2732314    00000024     Local_pe674.oe674 (.const:ti_sysbios_knl_Semaphore_Object__PARAMS__C)
                  c2732338    00000022     lv_calendar.obj (.const:.string:$P$T0$1)
                  c273235a    00000006     stk6_ppp_pppoe.ae674 : auth.oe674 (.const:.string)
                  c2732360    00000022     lv_keyboard.obj (.const:default_kb_ctrl_num_map)
                  c2732382    00000002     Local_pe674.oe674 (.const:ti_sysbios_utils_Load_Module__id__C)
                  c2732384    00000004     Local_pe674.oe674 (.const:ti_sysbios_BIOS_Module__diagsEnabled__C)
                  c2732388    00000021     lv_textarea.obj (.const:.string:$P$T5$6)
                  c27323a9    00000001     --HOLE-- [fill = 0]
                  c27323aa    00000002     Local_pe674.oe674 (.const:ti_sysbios_utils_Load_Module__loggerDefined__C)
                  c27323ac    00000004     Local_pe674.oe674 (.const:ti_sysbios_BIOS_Module__diagsIncluded__C)
                  c27323b0    00000021     lv_draw_sw_line.obj (.const:.string:wcorr$1)
                  c27323d1    00000001     --HOLE-- [fill = 0]
                  c27323d2    00000002     Local_pe674.oe674 (.const:ti_sysbios_utils_Load_autoAddTasks__C)
                  c27323d4    00000004     Local_pe674.oe674 (.const:ti_sysbios_BIOS_Module__diagsMask__C)
                  c27323d8    00000020     lv_btnmatrix.obj (.const:.string:$P$T0$1)
                  c27323f8    00000020     lv_obj_style.obj (.const:.string:$P$T2$1)
                  c2732418    00000020     Local_pe674.oe674 (.const:ti_sysbios_family_c64p_Hwi_Object__DESC__C)
                  c2732438    00000020     Local_pe674.oe674 (.const:ti_sysbios_gates_GateHwi_Object__DESC__C)
                  c2732458    00000020     Local_pe674.oe674 (.const:ti_sysbios_gates_GateMutex_Object__DESC__C)
                  c2732478    00000020     Local_pe674.oe674 (.const:ti_sysbios_hal_Hwi_Object__DESC__C)
                  c2732498    00000020     Local_pe674.oe674 (.const:ti_sysbios_heaps_HeapMem_Object__DESC__C)
                  c27324b8    00000020     Local_pe674.oe674 (.const:ti_sysbios_knl_Clock_Object__DESC__C)
                  c27324d8    00000020     Local_pe674.oe674 (.const:ti_sysbios_knl_Queue_Object__DESC__C)
                  c27324f8    00000020     Local_pe674.oe674 (.const:ti_sysbios_knl_Semaphore_Object__DESC__C)
                  c2732518    00000020     Local_pe674.oe674 (.const:ti_sysbios_knl_Swi_Object__DESC__C)
                  c2732538    00000020     Local_pe674.oe674 (.const:ti_sysbios_knl_Task_Object__DESC__C)
                  c2732558    00000020     Local_pe674.oe674 (.const:ti_sysbios_timers_timer64_Timer_Object__DESC__C)
                  c2732578    00000020     Local_pe674.oe674 (.const:xdc_runtime_LoggerSys_Object__DESC__C)
                  c2732598    0000001f     lv_dropdown.obj (.const:.string:$P$T1$2)
                  c27325b7    00000001     --HOLE-- [fill = 0]
                  c27325b8    0000001e     lv_textarea.obj (.const:.string:$P$T6$7)
                  c27325d6    0000001e     nettool.ae674 : daemon.oe674 (.const:.string)
                  c27325f4    00000004     Local_pe674.oe674 (.const:ti_sysbios_BIOS_installedErrorHook__C)
                  c27325f8    0000001d     lv_chart.obj (.const:.string:$P$T2$3)
                  c2732615    00000001     --HOLE-- [fill = 0]
                  c2732616    00000002     Local_pe674.oe674 (.const:ti_sysbios_utils_Load_hwiEnabled__C)
                  c2732618    0000001d     lv_img_decoder.obj (.const:.string:$P$T4$4)
                  c2732635    0000001d     stk6_ppp_pppoe.ae674 : lli.oe674 (.const:.string)
                  c2732652    00000002     Local_pe674.oe674 (.const:ti_sysbios_utils_Load_updateInIdle__C)
                  c2732654    0000001c     lv_draw_sw_rect.obj (.const:$P$T0$1)
                  c2732670    0000001c     lv_table.obj (.const:.string:$P$T1$2)
                  c273268c    00000004     Local_pe674.oe674 (.const:ti_sysbios_family_c62_TaskSupport_stackAlignment__C)
                  c2732690    0000001c     lodepng.obj (.const:ADAM7_DX)
                  c27326ac    00000004     Local_pe674.oe674 (.const:ti_sysbios_family_c64p_Cache_EMIFA_BASE__C)
                  c27326b0    0000001c     lodepng.obj (.const:ADAM7_DY)
                  c27326cc    00000004     Local_pe674.oe674 (.const:ti_sysbios_family_c64p_Cache_EMIFA_CFG__C)
                  c27326d0    0000001c     lodepng.obj (.const:ADAM7_IX)
                  c27326ec    00000004     Local_pe674.oe674 (.const:ti_sysbios_family_c64p_Cache_EMIFA_LENGTH__C)
                  c27326f0    0000001c     lodepng.obj (.const:ADAM7_IY)
                  c273270c    0000001c     SourceHanSansCN_Normal_16.obj (.const:SourceHanSansCN_Normal_16)
                  c2732728    0000001c     rts6740_elf.lib : asctime.c.obj (.const:day)
                  c2732744    0000001c     lv_arc.obj (.const:lv_arc_class)
                  c2732760    0000001c     lv_bar.obj (.const:lv_bar_class)
                  c273277c    0000001c     lv_btn.obj (.const:lv_btn_class)
                  c2732798    0000001c     lv_btnmatrix.obj (.const:lv_btnmatrix_class)
                  c27327b4    0000001c     lv_calendar.obj (.const:lv_calendar_class)
                  c27327d0    0000001c     lv_calendar_header_arrow.obj (.const:lv_calendar_header_arrow_class)
                  c27327ec    0000001c     lv_calendar_header_dropdown.obj (.const:lv_calendar_header_dropdown_class)
                  c2732808    0000001c     lv_chart.obj (.const:lv_chart_class)
                  c2732824    0000001c     lv_checkbox.obj (.const:lv_checkbox_class)
                  c2732840    0000001c     lv_colorwheel.obj (.const:lv_colorwheel_class)
                  c273285c    0000001c     lv_dropdown.obj (.const:lv_dropdown_class)
                  c2732878    0000001c     lv_dropdown.obj (.const:lv_dropdownlist_class)
                  c2732894    0000001c     lv_img.obj (.const:lv_img_class)
                  c27328b0    0000001c     lv_imgbtn.obj (.const:lv_imgbtn_class)
                  c27328cc    0000001c     lv_keyboard.obj (.const:lv_keyboard_class)
                  c27328e8    0000001c     lv_label.obj (.const:lv_label_class)
                  c2732904    0000001c     lv_led.obj (.const:lv_led_class)
                  c2732920    0000001c     lv_line.obj (.const:lv_line_class)
                  c273293c    0000001c     lv_list.obj (.const:lv_list_btn_class)
                  c2732958    0000001c     lv_list.obj (.const:lv_list_class)
                  c2732974    0000001c     lv_list.obj (.const:lv_list_text_class)
                  c2732990    0000001c     lv_menu.obj (.const:lv_menu_class)
                  c27329ac    0000001c     lv_menu.obj (.const:lv_menu_cont_class)
                  c27329c8    0000001c     lv_menu.obj (.const:lv_menu_main_cont_class)
                  c27329e4    0000001c     lv_menu.obj (.const:lv_menu_main_header_cont_class)
                  c2732a00    0000001c     lv_menu.obj (.const:lv_menu_page_class)
                  c2732a1c    0000001c     lv_menu.obj (.const:lv_menu_section_class)
                  c2732a38    0000001c     lv_menu.obj (.const:lv_menu_separator_class)
                  c2732a54    0000001c     lv_menu.obj (.const:lv_menu_sidebar_cont_class)
                  c2732a70    0000001c     lv_menu.obj (.const:lv_menu_sidebar_header_cont_class)
                  c2732a8c    0000001c     lv_meter.obj (.const:lv_meter_class)
                  c2732aa8    0000001c     lv_msgbox.obj (.const:lv_msgbox_backdrop_class)
                  c2732ac4    0000001c     lv_msgbox.obj (.const:lv_msgbox_class)
                  c2732ae0    0000001c     lv_obj.obj (.const:lv_obj_class)
                  c2732afc    0000001c     lv_roller.obj (.const:lv_roller_class)
                  c2732b18    0000001c     lv_roller.obj (.const:lv_roller_label_class)
                  c2732b34    0000001c     lv_slider.obj (.const:lv_slider_class)
                  c2732b50    0000001c     lv_spinbox.obj (.const:lv_spinbox_class)
                  c2732b6c    0000001c     lv_spinner.obj (.const:lv_spinner_class)
                  c2732b88    0000001c     lv_switch.obj (.const:lv_switch_class)
                  c2732ba4    0000001c     lv_table.obj (.const:lv_table_class)
                  c2732bc0    0000001c     lv_tabview.obj (.const:lv_tabview_class)
                  c2732bdc    0000001c     lv_textarea.obj (.const:lv_textarea_class)
                  c2732bf8    0000001c     lv_tileview.obj (.const:lv_tileview_class)
                  c2732c14    0000001c     lv_tileview.obj (.const:lv_tileview_tile_class)
                  c2732c30    0000001c     lv_win.obj (.const:lv_win_class)
                  c2732c4c    00000004     Local_pe674.oe674 (.const:ti_sysbios_family_c64p_Cache_EMIFB_BASE__C)
                  c2732c50    0000001b     lv_chart.obj (.const:.string:$P$T1$2)
                  c2732c6b    00000001     --HOLE-- [fill = 0]
                  c2732c6c    00000004     Local_pe674.oe674 (.const:ti_sysbios_family_c64p_Cache_EMIFB_CFG__C)
                  c2732c70    0000001b     lv_draw_sw_gradient.obj (.const:.string:$P$T1$2)
                  c2732c8b    00000001     --HOLE-- [fill = 0]
                  c2732c8c    00000004     Local_pe674.oe674 (.const:ti_sysbios_family_c64p_Cache_EMIFB_LENGTH__C)
                  c2732c90    0000001b     lv_label.obj (.const:.string:$P$T5$5)
                  c2732cab    00000001     --HOLE-- [fill = 0]
                  c2732cac    00000004     Local_pe674.oe674 (.const:ti_sysbios_family_c64p_Cache_EMIFC_BASE__C)
                  c2732cb0    0000001b     lv_chart.obj (.const:.string:$P$T7$8)
                  c2732ccb    00000001     --HOLE-- [fill = 0]
                  c2732ccc    00000004     Local_pe674.oe674 (.const:ti_sysbios_family_c64p_Cache_EMIFC_CFG__C)
                  c2732cd0    0000001a     lv_obj.obj (.const:.string:$P$T1$2)
                  c2732cea    00000002     Local_pe674.oe674 (.const:xdc_runtime_Core_Module__id__C)
                  c2732cec    00000004     Local_pe674.oe674 (.const:ti_sysbios_family_c64p_Cache_EMIFC_LENGTH__C)
                  c2732cf0    0000001a     lv_chart.obj (.const:.string:$P$T12$11)
                  c2732d0a    00000002     Local_pe674.oe674 (.const:xdc_runtime_Error_Module__loggerDefined__C)
                  c2732d0c    00000004     Local_pe674.oe674 (.const:ti_sysbios_family_c64p_Cache_MAR0_31__C)
                  c2732d10    0000001a     lv_chart.obj (.const:.string:$P$T13$12)
                  c2732d2a    00000002     Local_pe674.oe674 (.const:xdc_runtime_Error_maxDepth__C)
                  c2732d2c    00000004     Local_pe674.oe674 (.const:ti_sysbios_family_c64p_Cache_MAR128_159__C)
                  c2732d30    0000001a     lv_chart.obj (.const:.string:$P$T18$17)
                  c2732d4a    00000002     Local_pe674.oe674 (.const:xdc_runtime_Memory_Module__id__C)
                  c2732d4c    00000004     Local_pe674.oe674 (.const:ti_sysbios_family_c64p_Cache_MAR160_191__C)
                  c2732d50    0000001a     lv_chart.obj (.const:.string:$P$T6$7)
                  c2732d6a    00000002     Local_pe674.oe674 (.const:xdc_runtime_SysMin_flushAtExit__C)
                  c2732d6c    00000004     Local_pe674.oe674 (.const:ti_sysbios_family_c64p_Cache_MAR192_223__C)
                  c2732d70    0000001a     Local_pe674.oe674 (.const:xdc_runtime_Startup_sfxnRts__A)
                  c2732d8a    00000002     Local_pe674.oe674 (.const:xdc_runtime_Text_charCnt__C)
                  c2732d8c    00000004     Local_pe674.oe674 (.const:ti_sysbios_family_c64p_Cache_MAR224_255__C)
                  c2732d90    00000019     lv_font.obj (.const:.string:$P$T0$1)
                  c2732da9    00000001     --HOLE-- [fill = 0]
                  c2732daa    00000002     Local_pe674.oe674 (.const:xdc_runtime_Text_isLoaded__C)
                  c2732dac    00000004     Local_pe674.oe674 (.const:ti_sysbios_family_c64p_Cache_MAR32_63__C)
                  c2732db0    00000019     lv_draw_mask.obj (.const:.string:$P$T1$2)
                  c2732dc9    00000001     --HOLE-- [fill = 0]
                  c2732dca    00000002     Local_pe674.oe674 (.const:xdc_runtime_Text_registryModsLastId__C)
                  c2732dcc    00000004     Local_pe674.oe674 (.const:ti_sysbios_family_c64p_Cache_MAR64_95__C)
                  c2732dd0    00000019     lv_meter.obj (.const:.string:$P$T1$2)
                  c2732de9    00000001     --HOLE-- [fill = 0]
                  c2732dea    00000002     Local_pe674.oe674 (.const:xdc_runtime_Text_unnamedModsLastId__C)
                  c2732dec    00000004     Local_pe674.oe674 (.const:ti_sysbios_family_c64p_Cache_MAR96_127__C)
                  c2732df0    00000019     lv_chart.obj (.const:.string:$P$T16$15)
                  c2732e09    00000003     --HOLE-- [fill = 0]
                  c2732e0c    00000004     Local_pe674.oe674 (.const:ti_sysbios_family_c64p_EventCombiner_E_unpluggedEvent__C)
                  c2732e10    00000019     lv_chart.obj (.const:.string:$P$T17$16)
                  c2732e29    00000003     --HOLE-- [fill = 0]
                  c2732e2c    00000004     Local_pe674.oe674 (.const:ti_sysbios_family_c64p_Exception_E_exceptionMax__C)
                  c2732e30    00000019     lv_chart.obj (.const:.string:$P$T19$18)
                  c2732e49    00000003     --HOLE-- [fill = 0]
                  c2732e4c    00000004     Local_pe674.oe674 (.const:ti_sysbios_family_c64p_Exception_exceptionHook__C)
                  c2732e50    00000019     lv_chart.obj (.const:.string:$P$T20$19)
                  c2732e69    00000003     --HOLE-- [fill = 0]
                  c2732e6c    00000004     Local_pe674.oe674 (.const:ti_sysbios_family_c64p_Exception_externalHook__C)
                  c2732e70    00000019     lv_meter.obj (.const:.string:$P$T4$5)
                  c2732e89    00000003     --HOLE-- [fill = 0]
                  c2732e8c    00000004     Local_pe674.oe674 (.const:ti_sysbios_family_c64p_Exception_internalHook__C)
                  c2732e90    00000019     lv_table.obj (.const:.string:$P$T5$6)
                  c2732ea9    00000003     --HOLE-- [fill = 0]
                  c2732eac    00000004     Local_pe674.oe674 (.const:ti_sysbios_family_c64p_Exception_nmiHook__C)
                  c2732eb0    00000018     lv_draw_mask.obj (.const:.string:$P$T0$1)
                  c2732ec8    00000018     lv_dropdown.obj (.const:.string:$P$T0$1)
                  c2732ee0    00000018     lv_hal_disp.obj (.const:.string:$P$T0$1)
                  c2732ef8    00000018     lv_table.obj (.const:.string:$P$T0$1)
                  c2732f10    00000018     lv_chart.obj (.const:.string:$P$T11$10)
                  c2732f28    00000018     lv_chart.obj (.const:.string:$P$T15$14)
                  c2732f40    00000018     lv_label.obj (.const:.string:$P$T2$3)
                  c2732f58    00000018     lv_meter.obj (.const:.string:$P$T2$3)
                  c2732f70    00000018     lv_font.obj (.const:.string:$P$T3$3)
                  c2732f88    00000018     lv_event.obj (.const:.string:$P$T3$5)
                  c2732fa0    00000018     nettool.ae674 : config.oe674 (.const:.string)
                  c2732fb8    00000018     stk6_ppp_pppoe.ae674 : exec.oe674 (.const:.string)
                  c2732fd0    00000018     SourceHanSansCN_Normal_16.obj (.const:font_dsc)
                  c2732fe8    00000018     Local_pe674.oe674 (.const:ti_sysbios_gates_GateHwi_Object__PARAMS__C)
                  c2733000    00000018     Local_pe674.oe674 (.const:ti_sysbios_gates_GateMutex_Object__PARAMS__C)
                  c2733018    00000018     Local_pe674.oe674 (.const:ti_sysbios_knl_Queue_Object__PARAMS__C)
                  c2733030    00000018     Local_pe674.oe674 (.const:ti_sysbios_knl_Swi_hooks__A)
                  c2733048    00000018     Local_pe674.oe674 (.const:xdc_runtime_LoggerSys_Object__PARAMS__C)
                  c2733060    00000017     lv_event.obj (.const:.string:$P$T1$3)
                  c2733077    00000001     --HOLE-- [fill = 0]
                  c2733078    00000017     lv_chart.obj (.const:.string:$P$T14$13)
                  c273308f    00000001     --HOLE-- [fill = 0]
                  c2733090    00000017     lv_dropdown.obj (.const:.string:$P$T2$3)
                  c27330a7    00000001     --HOLE-- [fill = 0]
                  c27330a8    00000017     lv_label.obj (.const:.string:$P$T3$4)
                  c27330bf    00000001     --HOLE-- [fill = 0]
                  c27330c0    00000017     lv_chart.obj (.const:.string:$P$T4$5)
                  c27330d7    00000001     --HOLE-- [fill = 0]
                  c27330d8    00000017     lv_table.obj (.const:.string:$P$T4$5)
                  c27330ef    00000017     stk6_ppp_pppoe.ae674 : ipout.oe674 (.const:.string)
                  c2733106    00000002     --HOLE-- [fill = 0]
                  c2733108    00000016     lv_hal_indev.obj (.const:.string:$P$T0$1)
                  c273311e    00000002     --HOLE-- [fill = 0]
                  c2733120    00000016     lv_roller.obj (.const:.string:$P$T0$1)
                  c2733136    00000002     --HOLE-- [fill = 0]
                  c2733138    00000016     lv_txt.obj (.const:.string:$P$T0$1)
                  c273314e    00000002     --HOLE-- [fill = 0]
                  c2733150    00000016     lv_label.obj (.const:.string:$P$T1$2)
                  c2733166    00000002     --HOLE-- [fill = 0]
                  c2733168    00000016     lv_font.obj (.const:.string:$P$T2$2)
                  c273317e    00000002     --HOLE-- [fill = 0]
                  c2733180    00000016     lv_img_decoder.obj (.const:.string:$P$T3$3)
                  c2733196    00000002     --HOLE-- [fill = 0]
                  c2733198    00000016     lv_tlsf.obj (.const:.string:$P$T6$6)
                  c27331ae    00000016     stk6_ppp_pppoe.ae674 : ipv6out.oe674 (.const:.string)
                  c27331c4    00000004     Local_pe674.oe674 (.const:ti_sysbios_family_c64p_Hwi_E_alreadyDefined__C)
                  c27331c8    00000015     lv_textarea.obj (.const:.string:$P$T0$1)
                  c27331dd    00000003     --HOLE-- [fill = 0]
                  c27331e0    00000015     lv_img_decoder.obj (.const:.string:$P$T1$1)
                  c27331f5    00000003     --HOLE-- [fill = 0]
                  c27331f8    00000015     lv_textarea.obj (.const:.string:$P$T1$2)
                  c273320d    00000003     --HOLE-- [fill = 0]
                  c2733210    00000015     lv_style.obj (.const:.string:$P$T2$3)
                  c2733225    00000003     --HOLE-- [fill = 0]
                  c2733228    00000015     lv_table.obj (.const:.string:$P$T2$3)
                  c273323d    00000003     --HOLE-- [fill = 0]
                  c2733240    00000015     lv_textarea.obj (.const:.string:$P$T2$3)
                  c2733255    00000003     --HOLE-- [fill = 0]
                  c2733258    00000015     lv_hal_disp.obj (.const:.string:$P$T2$8)
                  c273326d    00000003     --HOLE-- [fill = 0]
                  c2733270    00000015     lv_chart.obj (.const:.string:$P$T21$20)
                  c2733285    00000003     --HOLE-- [fill = 0]
                  c2733288    00000015     lv_chart.obj (.const:.string:$P$T22$21)
                  c273329d    00000003     --HOLE-- [fill = 0]
                  c27332a0    00000015     lv_table.obj (.const:.string:$P$T3$4)
                  c27332b5    00000003     --HOLE-- [fill = 0]
                  c27332b8    00000015     lv_textarea.obj (.const:.string:$P$T4$5)
                  c27332cd    00000003     --HOLE-- [fill = 0]
                  c27332d0    00000015     lv_chart.obj (.const:.string:$P$T5$6)
                  c27332e5    00000003     --HOLE-- [fill = 0]
                  c27332e8    00000015     lv_label.obj (.const:.string:$P$T7$7)
                  c27332fd    00000003     --HOLE-- [fill = 0]
                  c2733300    00000014     lv_event.obj (.const:.string:$P$T0$2)
                  c2733314    00000004     Local_pe674.oe674 (.const:ti_sysbios_family_c64p_Hwi_E_handleNotFound__C)
                  c2733318    00000014     lv_hal_indev.obj (.const:.string:$P$T1$2)
                  c273332c    00000004     Local_pe674.oe674 (.const:ti_sysbios_family_c64p_Hwi_LD_end__C)
                  c2733330    00000014     lv_chart.obj (.const:.string:$P$T10$9)
                  c2733344    00000004     Local_pe674.oe674 (.const:ti_sysbios_family_c64p_Hwi_LM_begin__C)
                  c2733348    00000014     lv_img_decoder.obj (.const:.string:$P$T2$2)
                  c273335c    00000004     Local_pe674.oe674 (.const:ti_sysbios_family_c64p_Hwi_Module__diagsEnabled__C)
                  c2733360    00000014     lv_tlsf.obj (.const:.string:$P$T23$22)
                  c2733374    00000004     Local_pe674.oe674 (.const:ti_sysbios_family_c64p_Hwi_Module__diagsIncluded__C)
                  c2733378    00000014     lv_chart.obj (.const:.string:$P$T3$4)
                  c273338c    00000014     lv_sjpg.obj (.const:.string)
                  c27333a0    00000014     Local_pe674.oe674 (.const:ti_sysbios_family_c64p_Hwi_hooks__A)
                  c27333b4    00000004     Local_pe674.oe674 (.const:ti_sysbios_family_c64p_Hwi_Module__diagsMask__C)
                  c27333b8    00000013     lv_meter.obj (.const:.string:$P$T0$1)
                  c27333cb    00000001     --HOLE-- [fill = 0]
                  c27333cc    00000004     Local_pe674.oe674 (.const:ti_sysbios_family_c64p_Hwi_Module__loggerFxn1__C)
                  c27333d0    00000013     lv_obj_pos.obj (.const:.string:$P$T0$2)
                  c27333e3    00000001     --HOLE-- [fill = 0]
                  c27333e4    00000004     Local_pe674.oe674 (.const:ti_sysbios_family_c64p_Hwi_Module__loggerFxn8__C)
                  c27333e8    00000013     lv_tlsf.obj (.const:.string:$P$T17$16)
                  c27333fb    00000001     --HOLE-- [fill = 0]
                  c27333fc    00000004     Local_pe674.oe674 (.const:ti_sysbios_family_c64p_Hwi_Module__loggerObj__C)
                  c2733400    00000013     lv_fs.obj (.const:.string:$P$T3$3)
                  c2733413    00000001     --HOLE-- [fill = 0]
                  c2733414    00000004     Local_pe674.oe674 (.const:ti_sysbios_family_c64p_Hwi_Object__heap__C)
                  c2733418    00000013     lv_mem.obj (.const:.string:$P$T4$5)
                  c273342b    00000013     stk6_ppp_pppoe.ae674 : fileuser.oe674 (.const:.string)
                  c273343e    00000002     --HOLE-- [fill = 0]
                  c2733440    00000012     lv_chart.obj (.const:.string:$P$T0$1)
                  c2733452    00000002     --HOLE-- [fill = 0]
                  c2733454    00000004     Local_pe674.oe674 (.const:ti_sysbios_gates_GateMutex_A_badContext__C)
                  c2733458    00000012     lv_label.obj (.const:.string:$P$T0$1)
                  c273346a    00000002     --HOLE-- [fill = 0]
                  c273346c    00000004     Local_pe674.oe674 (.const:ti_sysbios_gates_GateMutex_Instance_State_sem__O)
                  c2733470    00000012     lv_tlsf.obj (.const:.string:$P$T16$15)
                  c2733482    00000002     --HOLE-- [fill = 0]
                  c2733484    00000004     Local_pe674.oe674 (.const:ti_sysbios_gates_GateMutex_Module__diagsEnabled__C)
                  c2733488    00000012     lv_fs.obj (.const:.string:$P$T2$2)
                  c273349a    00000002     --HOLE-- [fill = 0]
                  c273349c    00000004     Local_pe674.oe674 (.const:ti_sysbios_gates_GateMutex_Module__diagsIncluded__C)
                  c27334a0    00000012     lv_refr.obj (.const:.string:$P$T2$2)
                  c27334b2    00000002     --HOLE-- [fill = 0]
                  c27334b4    00000004     Local_pe674.oe674 (.const:ti_sysbios_gates_GateMutex_Module__diagsMask__C)
                  c27334b8    00000012     lv_style.obj (.const:.string:$P$T3$4)
                  c27334ca    00000002     --HOLE-- [fill = 0]
                  c27334cc    00000004     Local_pe674.oe674 (.const:ti_sysbios_hal_Hwi_E_stackOverflow__C)
                  c27334d0    00000012     lv_label.obj (.const:.string:$P$T6$6)
                  c27334e2    00000002     --HOLE-- [fill = 0]
                  c27334e4    00000004     Local_pe674.oe674 (.const:ti_sysbios_heaps_HeapMem_A_align__C)
                  c27334e8    00000012     lv_tlsf.obj (.const:.string:$P$T7$7)
                  c27334fa    00000002     --HOLE-- [fill = 0]
                  c27334fc    00000004     Local_pe674.oe674 (.const:ti_sysbios_heaps_HeapMem_A_heapSize__C)
                  c2733500    00000012     lv_tlsf.obj (.const:.string:$P$T8$8)
                  c2733512    00000002     --HOLE-- [fill = 0]
                  c2733514    00000004     Local_pe674.oe674 (.const:ti_sysbios_heaps_HeapMem_A_invalidFree__C)
                  c2733518    00000011     lv_group.obj (.const:.string:$P$T1$2)
                  c2733529    00000003     --HOLE-- [fill = 0]
                  c273352c    00000004     Local_pe674.oe674 (.const:ti_sysbios_heaps_HeapMem_A_zeroBlock__C)
                  c2733530    00000011     lv_tlsf.obj (.const:.string:$P$T12$11)
                  c2733541    00000003     --HOLE-- [fill = 0]
                  c2733544    00000004     Local_pe674.oe674 (.const:ti_sysbios_heaps_HeapMem_E_memory__C)
                  c2733548    00000011     lv_tlsf.obj (.const:.string:$P$T13$12)
                  c2733559    00000003     --HOLE-- [fill = 0]
                  c273355c    00000004     Local_pe674.oe674 (.const:ti_sysbios_heaps_HeapMem_Module__diagsEnabled__C)
                  c2733560    00000011     lv_tlsf.obj (.const:.string:$P$T18$17)
                  c2733571    00000003     --HOLE-- [fill = 0]
                  c2733574    00000004     Local_pe674.oe674 (.const:ti_sysbios_heaps_HeapMem_Module__diagsIncluded__C)
                  c2733578    00000011     lv_tlsf.obj (.const:.string:$P$T22$21)
                  c2733589    00000003     --HOLE-- [fill = 0]
                  c273358c    00000004     Local_pe674.oe674 (.const:ti_sysbios_heaps_HeapMem_Module__diagsMask__C)
                  c2733590    00000011     lv_chart.obj (.const:.string:$P$T23$22)
                  c27335a1    00000003     --HOLE-- [fill = 0]
                  c27335a4    00000004     Local_pe674.oe674 (.const:ti_sysbios_heaps_HeapMem_Module__gateObj__C)
                  c27335a8    00000011     lv_tlsf.obj (.const:.string:$P$T27$24)
                  c27335b9    00000003     --HOLE-- [fill = 0]
                  c27335bc    00000004     Local_pe674.oe674 (.const:ti_sysbios_heaps_HeapMem_Object__count__C)
                  c27335c0    00000011     lv_meter.obj (.const:.string:$P$T3$4)
                  c27335d1    00000011     stk6_ppp_pppoe.ae674 : tcp6prot.oe674 (.const:.string)
                  c27335e2    00000011                          : tcpprot.oe674 (.const:.string)
                  c27335f3    00000001     --HOLE-- [fill = 0]
                  c27335f4    00000004     Local_pe674.oe674 (.const:ti_sysbios_heaps_HeapMem_Object__table__C)
                  c27335f8    00000011     ti.targets.rts6000.ae674 : System.oe674 (.const:digtohex)
                  c2733609    00000003     --HOLE-- [fill = 0]
                  c273360c    00000004     Local_pe674.oe674 (.const:ti_sysbios_heaps_HeapMem_reqAlign__C)
                  c2733610    00000010     lv_group.obj (.const:.string:$P$T0$1)
                  c2733620    00000010     lv_refr.obj (.const:.string:$P$T1$1)
                  c2733630    00000010     lv_timer.obj (.const:.string:$P$T1$5)
                  c2733640    00000010     lv_tlsf.obj (.const:.string:$P$T14$13)
                  c2733650    00000010     lv_tlsf.obj (.const:.string:$P$T15$14)
                  c2733660    00000010     lv_img_buf.obj (.const:.string:$P$T2$2)
                  c2733670    00000010     lv_hal_indev.obj (.const:.string:$P$T2$3)
                  c2733680    00000010     lv_obj_style.obj (.const:.string:$P$T3$2)
                  c2733690    00000010     lv_tlsf.obj (.const:.string:$P$T30$26)
                  c27336a0    00000010     lv_img_decoder.obj (.const:.string:$P$T7$7)
                  c27336b0    00000010     lv_draw_sw_letter.obj (.const:.string:_lv_bpp4_opa_table)
                  c27336c0    00000010     rts6740_elf.lib : _scanfi.c.obj (.const:.string)
                  c27336d0    00000010     Local_pe674.oe674 (.const:ti_sysbios_family_c64p_EventCombiner_EVTMASK__C)
                  c27336e0    0000000f     lv_flex.obj (.const:.string:$P$T0$1)
                  c27336ef    00000001     --HOLE-- [fill = 0]
                  c27336f0    0000000f     lv_img.obj (.const:.string:$P$T0$1)
                  c27336ff    00000001     --HOLE-- [fill = 0]
                  c2733700    0000000f     lv_style.obj (.const:.string:$P$T1$1)
                  c273370f    00000001     --HOLE-- [fill = 0]
                  c2733710    0000000f     lv_mem.obj (.const:.string:$P$T1$3)
                  c273371f    00000001     --HOLE-- [fill = 0]
                  c2733720    0000000f     lv_tlsf.obj (.const:.string:$P$T20$19)
                  c273372f    00000001     --HOLE-- [fill = 0]
                  c2733730    0000000f     lv_tlsf.obj (.const:.string:$P$T24$23)
                  c273373f    00000001     --HOLE-- [fill = 0]
                  c2733740    0000000f     lv_mem.obj (.const:.string:$P$T3$4)
                  c273374f    00000001     --HOLE-- [fill = 0]
                  c2733750    0000000e     lv_anim.obj (.const:.string:$P$T0$1)
                  c273375e    00000002     --HOLE-- [fill = 0]
                  c2733760    0000000e     lv_draw_sw_gradient.obj (.const:.string:$P$T0$1)
                  c273376e    00000002     --HOLE-- [fill = 0]
                  c2733770    0000000e     lv_tlsf.obj (.const:.string:$P$T19$18)
                  c273377e    00000002     --HOLE-- [fill = 0]
                  c2733780    0000000e     lv_draw_mask.obj (.const:.string:$P$T2$3)
                  c273378e    0000000e     stk6_ppp_pppoe.ae674 : timer.oe674 (.const:.string)
                  c273379c    00000004     Local_pe674.oe674 (.const:ti_sysbios_knl_Clock_A_badThreadType__C)
                  c27337a0    0000000d     lv_bmp.obj (.const:.string:$P$T0$1)
                  c27337ad    00000003     --HOLE-- [fill = 0]
                  c27337b0    0000000d     lv_mem.obj (.const:.string:$P$T0$2)
                  c27337bd    00000003     --HOLE-- [fill = 0]
                  c27337c0    0000000d     lv_tlsf.obj (.const:.string:$P$T11$10)
                  c27337cd    00000003     --HOLE-- [fill = 0]
                  c27337d0    0000000d     lv_tlsf.obj (.const:.string:$P$T29$25)
                  c27337dd    0000000d     os.ae674 : ossys.oe674 (.const:.string)
                  c27337ea    00000002     --HOLE-- [fill = 0]
                  c27337ec    00000004     Local_pe674.oe674 (.const:ti_sysbios_knl_Clock_A_clockDisabled__C)
                  c27337f0    0000000c     lv_tlsf.obj (.const:.string:$P$T10$9)
                  c27337fc    0000000c     lv_checkbox.obj (.const:.string)
                  c2733808    0000000c     os.ae674 : efs.oe674 (.const:.string)
                  c2733814    0000000c     imgBackground.obj (.const:imgBackground)
                  c2733820    0000000c     imgCalculator.obj (.const:imgCalculator)
                  c273382c    0000000c     imgLAN.obj (.const:imgLAN)
                  c2733838    0000000c     imgRoate.obj (.const:imgRoate)
                  c2733844    0000000c     imgSystemInfo.obj (.const:imgSystemInfo)
                  c2733850    0000000c     imgWLAN.obj (.const:imgWLAN)
                  c273385c    0000000c     SourceHanSansCN_Normal_16.obj (.const:kern_pairs)
                  c2733868    0000000c     Local_pe674.oe674 (.const:ti_sysbios_family_c64p_Cache_initSize__C)
                  c2733874    00000004     Local_pe674.oe674 (.const:ti_sysbios_knl_Clock_LM_begin__C)
                  c2733878    0000000c     Local_pe674.oe674 (.const:ti_sysbios_knl_Idle_coreList__A)
                  c2733884    00000004     Local_pe674.oe674 (.const:ti_sysbios_knl_Clock_LM_tick__C)
                  c2733888    0000000c     Local_pe674.oe674 (.const:ti_sysbios_knl_Idle_funcList__A)
                  c2733894    00000004     Local_pe674.oe674 (.const:ti_sysbios_knl_Clock_LW_delayed__C)
                  c2733898    0000000b     lv_fs.obj (.const:.string:$P$T1$1)
                  c27338a3    00000001     --HOLE-- [fill = 0]
                  c27338a4    00000004     Local_pe674.oe674 (.const:ti_sysbios_knl_Clock_Module_State_clockQ__O)
                  c27338a8    0000000b     lv_tlsf.obj (.const:.string:$P$T1$1)
                  c27338b3    00000001     --HOLE-- [fill = 0]
                  c27338b4    00000004     Local_pe674.oe674 (.const:ti_sysbios_knl_Clock_Module__diagsEnabled__C)
                  c27338b8    0000000b     lv_tlsf.obj (.const:.string:$P$T2$2)
                  c27338c3    00000001     --HOLE-- [fill = 0]
                  c27338c4    00000004     Local_pe674.oe674 (.const:ti_sysbios_knl_Clock_Module__diagsIncluded__C)
                  c27338c8    0000000b     lv_tlsf.obj (.const:.string:$P$T4$4)
                  c27338d3    0000000b     stk6_ppp_pppoe.ae674 : route.oe674 (.const:.string)
                  c27338de    00000002     --HOLE-- [fill = 0]
                  c27338e0    0000000a     lv_sjpg.obj (.const:.string:$P$T1$1)
                  c27338ea    00000002     --HOLE-- [fill = 0]
                  c27338ec    00000004     Local_pe674.oe674 (.const:ti_sysbios_knl_Clock_Module__diagsMask__C)
                  c27338f0    0000000a     lv_tlsf.obj (.const:.string:$P$T5$5)
                  c27338fa    00000002     --HOLE-- [fill = 0]
                  c27338fc    00000004     Local_pe674.oe674 (.const:ti_sysbios_knl_Clock_Module__loggerFxn1__C)
                  c2733900    00000009     Calculator.obj (.const:.string:$P$T0$1)
                  c2733909    00000003     --HOLE-- [fill = 0]
                  c273390c    00000004     Local_pe674.oe674 (.const:ti_sysbios_knl_Clock_Module__loggerFxn2__C)
                  c2733910    00000009     Network.obj (.const:.string:$P$T0$1)
                  c2733919    00000003     --HOLE-- [fill = 0]
                  c273391c    00000004     Local_pe674.oe674 (.const:ti_sysbios_knl_Clock_Module__loggerObj__C)
                  c2733920    00000009     SystemInfo.obj (.const:.string:$P$T0$1)
                  c2733929    00000003     --HOLE-- [fill = 0]
                  c273392c    00000004     Local_pe674.oe674 (.const:ti_sysbios_knl_Semaphore_A_badContext__C)
                  c2733930    00000009     lv_tlsf.obj (.const:.string:$P$T3$3)
                  c2733939    00000001     --HOLE-- [fill = 0]
                  c273393a    00000008     lv_draw_sw_polygon.obj (.const:$P$T0$1)
                  c2733942    00000002     --HOLE-- [fill = 0]
                  c2733944    00000008     lv_tlsf.obj (.const:$P$T21$20)
                  c273394c    00000004     Local_pe674.oe674 (.const:ti_sysbios_knl_Semaphore_A_noEvents__C)
                  c2733950    00000008     lv_obj.obj (.const:.string:$P$T0$1)
                  c2733958    00000008     lv_png.obj (.const:.string:$P$T1$1)
                  c2733960    00000008     lodepng.obj (.const:.string:$P$T25$3)
                  c2733968    00000008     lv_draw_img.obj (.const:.string)
                  c2733970    00000008     ti.targets.rts6000.ae674 : System.oe674 (.const:.string)
                  c2733978    00000008     Local_pe674.oe674 (.const:ti_sysbios_family_c64p_Hwi_hooks__C)
                  c2733980    00000008     Local_pe674.oe674 (.const:ti_sysbios_knl_Idle_coreList__C)
                  c2733988    00000008     Local_pe674.oe674 (.const:ti_sysbios_knl_Idle_funcList__C)
                  c2733990    00000008     Local_pe674.oe674 (.const:ti_sysbios_knl_Swi_hooks__C)
                  c2733998    00000008     Local_pe674.oe674 (.const:ti_sysbios_knl_Task_hooks__C)
                  c27339a0    00000008     Local_pe674.oe674 (.const:xdc_runtime_Startup_firstFxns__A)
                  c27339a8    00000008     Local_pe674.oe674 (.const:xdc_runtime_Startup_firstFxns__C)
                  c27339b0    00000008     Local_pe674.oe674 (.const:xdc_runtime_Startup_lastFxns__C)
                  c27339b8    00000007     rts6740_elf.lib : _scanfi.c.obj (.const:.string:flit$1)
                  c27339bf    00000001     --HOLE-- [fill = 0]
                  c27339c0    00000006                     : _scanfi.c.obj (.const:.string:barr$2)
                  c27339c6    00000002     --HOLE-- [fill = 0]
                  c27339c8    00000004     lv_img_buf.obj (.const:.string:$P$T1$1)
                  c27339cc    00000004     Local_pe674.oe674 (.const:ti_sysbios_knl_Semaphore_A_overflow__C)
                  c27339d0    00000004     lv_img_decoder.obj (.const:.string:$P$T6$6)
                  c27339d4    00000004     Local_pe674.oe674 (.const:ti_sysbios_knl_Semaphore_A_pendTaskDisabled__C)
                  c27339d8    00000004     lv_draw_sw_letter.obj (.const:.string:_lv_bpp2_opa_table)
                  c27339dc    00000004     Local_pe674.oe674 (.const:ti_sysbios_knl_Semaphore_Instance_State_pendQ__O)
                  c27339e0    00000004     Local_pe674.oe674 (.const:ti_sysbios_knl_Semaphore_LM_pend__C)
                  c27339e4    00000004     Local_pe674.oe674 (.const:ti_sysbios_knl_Semaphore_LM_post__C)
                  c27339e8    00000004     Local_pe674.oe674 (.const:ti_sysbios_knl_Semaphore_Module__diagsEnabled__C)
                  c27339ec    00000004     Local_pe674.oe674 (.const:ti_sysbios_knl_Semaphore_Module__diagsIncluded__C)
                  c27339f0    00000004     Local_pe674.oe674 (.const:ti_sysbios_knl_Semaphore_Module__diagsMask__C)
                  c27339f4    00000004     Local_pe674.oe674 (.const:ti_sysbios_knl_Semaphore_Module__loggerFxn2__C)
                  c27339f8    00000004     Local_pe674.oe674 (.const:ti_sysbios_knl_Semaphore_Module__loggerFxn4__C)
                  c27339fc    00000004     Local_pe674.oe674 (.const:ti_sysbios_knl_Semaphore_Module__loggerObj__C)
                  c2733a00    00000004     Local_pe674.oe674 (.const:ti_sysbios_knl_Swi_A_badPriority__C)
                  c2733a04    00000004     Local_pe674.oe674 (.const:ti_sysbios_knl_Swi_A_swiDisabled__C)
                  c2733a08    00000004     Local_pe674.oe674 (.const:ti_sysbios_knl_Swi_LD_end__C)
                  c2733a0c    00000004     Local_pe674.oe674 (.const:ti_sysbios_knl_Swi_LM_begin__C)
                  c2733a10    00000004     Local_pe674.oe674 (.const:ti_sysbios_knl_Swi_LM_post__C)
                  c2733a14    00000004     Local_pe674.oe674 (.const:ti_sysbios_knl_Swi_Module__diagsEnabled__C)
                  c2733a18    00000004     Local_pe674.oe674 (.const:ti_sysbios_knl_Swi_Module__diagsIncluded__C)
                  c2733a1c    00000004     Local_pe674.oe674 (.const:ti_sysbios_knl_Swi_Module__diagsMask__C)
                  c2733a20    00000004     Local_pe674.oe674 (.const:ti_sysbios_knl_Swi_Module__loggerFxn1__C)
                  c2733a24    00000004     Local_pe674.oe674 (.const:ti_sysbios_knl_Swi_Module__loggerFxn4__C)
                  c2733a28    00000004     Local_pe674.oe674 (.const:ti_sysbios_knl_Swi_Module__loggerObj__C)
                  c2733a2c    00000004     Local_pe674.oe674 (.const:ti_sysbios_knl_Swi_Object__count__C)
                  c2733a30    00000004     Local_pe674.oe674 (.const:ti_sysbios_knl_Swi_Object__heap__C)
                  c2733a34    00000004     Local_pe674.oe674 (.const:ti_sysbios_knl_Swi_Object__table__C)
                  c2733a38    00000004     Local_pe674.oe674 (.const:ti_sysbios_knl_Swi_numConstructedSwis__C)
                  c2733a3c    00000004     Local_pe674.oe674 (.const:ti_sysbios_knl_Task_A_badPriority__C)
                  c2733a40    00000004     Local_pe674.oe674 (.const:ti_sysbios_knl_Task_A_badTaskState__C)
                  c2733a44    00000004     Local_pe674.oe674 (.const:ti_sysbios_knl_Task_A_badThreadType__C)
                  c2733a48    00000004     Local_pe674.oe674 (.const:ti_sysbios_knl_Task_A_badTimeout__C)
                  c2733a4c    00000004     Local_pe674.oe674 (.const:ti_sysbios_knl_Task_A_noPendElem__C)
                  c2733a50    00000004     Local_pe674.oe674 (.const:ti_sysbios_knl_Task_A_sleepTaskDisabled__C)
                  c2733a54    00000004     Local_pe674.oe674 (.const:ti_sysbios_knl_Task_A_taskDisabled__C)
                  c2733a58    00000004     Local_pe674.oe674 (.const:ti_sysbios_knl_Task_E_deleteNotAllowed__C)
                  c2733a5c    00000004     Local_pe674.oe674 (.const:ti_sysbios_knl_Task_E_spOutOfBounds__C)
                  c2733a60    00000004     Local_pe674.oe674 (.const:ti_sysbios_knl_Task_E_stackOverflow__C)
                  c2733a64    00000004     Local_pe674.oe674 (.const:ti_sysbios_knl_Task_LD_block__C)
                  c2733a68    00000004     Local_pe674.oe674 (.const:ti_sysbios_knl_Task_LD_exit__C)
                  c2733a6c    00000004     Local_pe674.oe674 (.const:ti_sysbios_knl_Task_LD_ready__C)
                  c2733a70    00000004     Local_pe674.oe674 (.const:ti_sysbios_knl_Task_LM_setPri__C)
                  c2733a74    00000004     Local_pe674.oe674 (.const:ti_sysbios_knl_Task_LM_sleep__C)
                  c2733a78    00000004     Local_pe674.oe674 (.const:ti_sysbios_knl_Task_LM_switch__C)
                  c2733a7c    00000004     Local_pe674.oe674 (.const:ti_sysbios_knl_Task_Module_State_inactiveQ__O)
                  c2733a80    00000004     Local_pe674.oe674 (.const:ti_sysbios_knl_Task_Module_State_terminatedQ__O)
                  c2733a84    00000004     Local_pe674.oe674 (.const:ti_sysbios_knl_Task_Module__diagsEnabled__C)
                  c2733a88    00000004     Local_pe674.oe674 (.const:ti_sysbios_knl_Task_Module__diagsIncluded__C)
                  c2733a8c    00000004     Local_pe674.oe674 (.const:ti_sysbios_knl_Task_Module__diagsMask__C)
                  c2733a90    00000004     Local_pe674.oe674 (.const:ti_sysbios_knl_Task_Module__loggerFxn2__C)
                  c2733a94    00000004     Local_pe674.oe674 (.const:ti_sysbios_knl_Task_Module__loggerFxn4__C)
                  c2733a98    00000004     Local_pe674.oe674 (.const:ti_sysbios_knl_Task_Module__loggerObj__C)
                  c2733a9c    00000004     Local_pe674.oe674 (.const:ti_sysbios_knl_Task_Object__count__C)
                  c2733aa0    00000004     Local_pe674.oe674 (.const:ti_sysbios_knl_Task_Object__heap__C)
                  c2733aa4    00000004     Local_pe674.oe674 (.const:ti_sysbios_knl_Task_Object__table__C)
                  c2733aa8    00000004     Local_pe674.oe674 (.const:ti_sysbios_knl_Task_allBlockedFunc__C)
                  c2733aac    00000004     Local_pe674.oe674 (.const:ti_sysbios_knl_Task_defaultStackHeap__C)
                  c2733ab0    00000004     Local_pe674.oe674 (.const:ti_sysbios_knl_Task_defaultStackSize__C)
                  c2733ab4    00000004     Local_pe674.oe674 (.const:ti_sysbios_knl_Task_numConstructedTasks__C)
                  c2733ab8    00000004     Local_pe674.oe674 (.const:ti_sysbios_timers_timer64_Timer_A_notAvailable__C)
                  c2733abc    00000004     Local_pe674.oe674 (.const:ti_sysbios_timers_timer64_Timer_E_cannotSupport__C)
                  c2733ac0    00000004     Local_pe674.oe674 (.const:ti_sysbios_timers_timer64_Timer_E_invalidTimer__C)
                  c2733ac4    00000004     Local_pe674.oe674 (.const:ti_sysbios_timers_timer64_Timer_E_notAvailable__C)
                  c2733ac8    00000004     Local_pe674.oe674 (.const:ti_sysbios_timers_timer64_Timer_Module__diagsEnabled__C)
                  c2733acc    00000004     Local_pe674.oe674 (.const:ti_sysbios_timers_timer64_Timer_Module__diagsIncluded__C)
                  c2733ad0    00000004     Local_pe674.oe674 (.const:ti_sysbios_timers_timer64_Timer_Module__diagsMask__C)
                  c2733ad4    00000004     Local_pe674.oe674 (.const:ti_sysbios_timers_timer64_Timer_anyMask__C)
                  c2733ad8    00000004     Local_pe674.oe674 (.const:ti_sysbios_timers_timer64_Timer_defaultHalf__C)
                  c2733adc    00000004     Local_pe674.oe674 (.const:ti_sysbios_timers_timer64_Timer_freqDivisor__C)
                  c2733ae0    00000004     Local_pe674.oe674 (.const:ti_sysbios_timers_timer64_Timer_numLocalTimers__C)
                  c2733ae4    00000004     Local_pe674.oe674 (.const:ti_sysbios_timers_timer64_Timer_numTimerDevices__C)
                  c2733ae8    00000004     Local_pe674.oe674 (.const:ti_sysbios_utils_Load_LS_cpuLoad__C)
                  c2733aec    00000004     Local_pe674.oe674 (.const:ti_sysbios_utils_Load_LS_hwiLoad__C)
                  c2733af0    00000004     Local_pe674.oe674 (.const:ti_sysbios_utils_Load_LS_swiLoad__C)
                  c2733af4    00000004     Local_pe674.oe674 (.const:ti_sysbios_utils_Load_LS_taskLoad__C)
                  c2733af8    00000004     Local_pe674.oe674 (.const:ti_sysbios_utils_Load_Module_State_taskList__O)
                  c2733afc    00000004     Local_pe674.oe674 (.const:ti_sysbios_utils_Load_Module__diagsEnabled__C)
                  c2733b00    00000004     Local_pe674.oe674 (.const:ti_sysbios_utils_Load_Module__diagsIncluded__C)
                  c2733b04    00000004     Local_pe674.oe674 (.const:ti_sysbios_utils_Load_Module__diagsMask__C)
                  c2733b08    00000004     Local_pe674.oe674 (.const:ti_sysbios_utils_Load_Module__loggerFxn1__C)
                  c2733b0c    00000004     Local_pe674.oe674 (.const:ti_sysbios_utils_Load_Module__loggerFxn2__C)
                  c2733b10    00000004     Local_pe674.oe674 (.const:ti_sysbios_utils_Load_Module__loggerFxn4__C)
                  c2733b14    00000004     Local_pe674.oe674 (.const:ti_sysbios_utils_Load_Module__loggerObj__C)
                  c2733b18    00000004     Local_pe674.oe674 (.const:ti_sysbios_utils_Load_postUpdate__C)
                  c2733b1c    00000004     Local_pe674.oe674 (.const:ti_sysbios_utils_Load_windowInMs__C)
                  c2733b20    00000004     Local_pe674.oe674 (.const:xdc_runtime_Assert_E_assertFailed__C)
                  c2733b24    00000004     Local_pe674.oe674 (.const:xdc_runtime_Core_A_initializedParams__C)
                  c2733b28    00000004     Local_pe674.oe674 (.const:xdc_runtime_Core_Module__diagsEnabled__C)
                  c2733b2c    00000004     Local_pe674.oe674 (.const:xdc_runtime_Core_Module__diagsIncluded__C)
                  c2733b30    00000004     Local_pe674.oe674 (.const:xdc_runtime_Core_Module__diagsMask__C)
                  c2733b34    00000004     Local_pe674.oe674 (.const:xdc_runtime_Error_E_memory__C)
                  c2733b38    00000004     Local_pe674.oe674 (.const:xdc_runtime_Error_Module__diagsEnabled__C)
                  c2733b3c    00000004     Local_pe674.oe674 (.const:xdc_runtime_Error_Module__diagsIncluded__C)
                  c2733b40    00000004     Local_pe674.oe674 (.const:xdc_runtime_Error_Module__diagsMask__C)
                  c2733b44    00000004     Local_pe674.oe674 (.const:xdc_runtime_Error_Module__loggerFxn8__C)
                  c2733b48    00000004     Local_pe674.oe674 (.const:xdc_runtime_Error_Module__loggerObj__C)
                  c2733b4c    00000004     Local_pe674.oe674 (.const:xdc_runtime_Error_policy__C)
                  c2733b50    00000004     Local_pe674.oe674 (.const:xdc_runtime_Error_raiseHook__C)
                  c2733b54    00000004     Local_pe674.oe674 (.const:xdc_runtime_IGateProvider_Interface__BASE__C)
                  c2733b58    00000004     Local_pe674.oe674 (.const:xdc_runtime_IHeap_Interface__BASE__C)
                  c2733b5c    00000004     Local_pe674.oe674 (.const:xdc_runtime_ILogger_Interface__BASE__C)
                  c2733b60    00000004     Local_pe674.oe674 (.const:xdc_runtime_IModule_Interface__BASE__C)
                  c2733b64    00000004     Local_pe674.oe674 (.const:xdc_runtime_Log_L_error__C)
                  c2733b68    00000004     Local_pe674.oe674 (.const:xdc_runtime_Memory_defaultHeapInstance__C)
                  c2733b6c    00000004     Local_pe674.oe674 (.const:xdc_runtime_Startup_execImpl__C)
                  c2733b70    00000004     Local_pe674.oe674 (.const:xdc_runtime_Startup_lastFxns__A)
                  c2733b74    00000004     Local_pe674.oe674 (.const:xdc_runtime_Startup_maxPasses__C)
                  c2733b78    00000004     Local_pe674.oe674 (.const:xdc_runtime_Startup_sfxnRts__C)
[...]
c2855580  xdc_runtime_System_vprintf__E                                       
c28555a0  xdc_runtime_System_vsnprintf__E                                     
c28555c0  xdc_runtime_System_snprintf_va__F                                   
c28555c0  xdc_runtime_System_vsnprintf__F                                     
c28555e0  NDK_vsprintf                                                        
c28555e0  xdc_runtime_System_vsprintf__E                                      
c2855600  xdc_runtime_System_sprintf_va__F                                    
c2855600  xdc_runtime_System_vsprintf__F                                      
c2855620  xdc_runtime_Text_cordText__E                                        
c2855640  xdc_runtime_Text_putLab__E                                          
c2855660  xdc_runtime_Text_putSite__E                                         
c2855680  xdc_runtime_Text_ropeText__E                                        
c28556a0  xdc_runtime_Timestamp_SupportProxy_get32__E                         
c28556a0  xdc_runtime_Timestamp_get32__F                                      
c28556c0  xdc_runtime_Timestamp_SupportProxy_getFreq__E                       
c28556c0  xdc_runtime_Timestamp_getFreq__F                                    
c28556e0  xdc_runtime_Timestamp_get32__E                                      
c2855700  xdc_runtime_Timestamp_getFreq__E                                    
c2855800  CmdLists                                                            
c2856000  ti_sysbios_family_c64p_EventCombiner_Module__state__V               
c2856400  _ftable                                                             
c28565e0  g_sCmdTable                                                         
c28566ac  _ipcfg                                                              
c2856760  _stream                                                             
c2856800  ti_sysbios_knl_Task_Object__table__V                                
c2856850  TSK_idle                                                            
c28568a0  ti_sysbios_utils_Load_Module__state__V                              
c2856938  ti_sysbios_family_c64p_Hwi_Object__table__V                         
c28569c4  _lock                                                               
c28569c8  ti_sysbios_knl_Swi_Module_State_0_readyQ__A                         
c2856a48  ti_sysbios_knl_Task_Module_State_0_readyQ__A                        
c2856ac8  _device                                                             
c2856b40  ti_sysbios_family_c64p_Hwi_Module__state__V                         
c2856ba8  ti_sysbios_timers_timer64_Timer_Module_State_0_device__A            
c2856c08  BootModeStr                                                         
c2856c58  DNSErrorStrings                                                     
c2856cf8  ti_sysbios_gates_GateMutex_Object__table__V                         
c2856d48  ti_sysbios_timers_timer64_Timer_Object__table__V                    
c2856d98  ulDataPatternTable                                                  
c2856e38  ti_sysbios_knl_Task_Module__state__V                                
c2856e7c  _unlock                                                             
c2856f80  ti_sysbios_utils_Load_Module_State_0_taskEnv__A                     
c2856fec  __TI_ft_end                                                         
c2857028  ti_sysbios_knl_Swi_Object__table__V                                 
c285705c  __errno                                                             
c285705c  errno                                                               
c2857090  ti_sysbios_family_c64p_Exception_Module__state__V                   
c285711c  ti_sysbios_knl_Clock_Module__state__V                               
c2857144  ti_sysbios_family_c64p_Cache_Module__state__V                       
c285716c  ti_sysbios_family_c64p_primus_TimerSupport_Module__state__V         
c2857194  _oscfg                                                              
c28571d8  palette_32b                                                         
c28571f8  pstrMsgName                                                         
c2857218  ti_sysbios_BIOS_Module__state__V                                    
c2857238  ti_sysbios_timers_timer64_Timer_Module_State_0_gctrl__A             
c2857258  ti_sysbios_timers_timer64_Timer_Module_State_0_handles__A           
c2857278  ti_sysbios_timers_timer64_Timer_Module_State_0_intFreqs__A          
c2857298  xdc_runtime_System_Module_State_0_atexitHandlers__A                 
c28572b8  WeekDayStr                                                          
c28572d4  xdc_runtime_Memory_Module__state__V                                 
c2857314  xdc_runtime_Error_Module__state__V                                  
c2857318  ti_ndk_config_Global_Id2Size                                        
c2857338  ti_sysbios_heaps_HeapMem_Object__table__V                           
c2857354  ti_sysbios_knl_Swi_Module__state__V                                 
c2857388  TaskName                                                            
c28573a0  LinkStr                                                             
c28573b8  ReportStr                                                           
c28573d0  StatusStr                                                           
c285742c  ti_sysbios_timers_timer64_Timer_Module__state__V                    
c2857440  GatewayIP                                                           
c2857450  LocalIPMask                                                         
c2857460  SEGVal                                                              
c2857470  StaticIPAddr                                                        
c2857490  __TI_cleanup_ptr                                                    
c2857494  __TI_dtors_ptr                                                      
c2857498  __TI_enable_exit_profile_output                                     
c28574a0  ti_sysbios_hal_Hwi_Object__table__V                                 
c28574b0  ti_sysbios_hal_Timer_Object__table__V                               
c28574c0  xdc_runtime_LoggerSys_Object__table__V                              
c28574cc  xdc_runtime_SysMin_Module__state__V                                 
c28574d8  xdc_runtime_System_Module__state__V                                 
c2857508  NIMUDeviceTable                                                     
c2857510  ti_sysbios_family_c64p_Hwi_Module__root__V                          
c2857518  ti_sysbios_family_c64p_primus_TimerSupport_Module_State_0_suspSrc__A
c2857520  ti_sysbios_gates_GateHwi_Module__root__V                            
c2857528  ti_sysbios_gates_GateHwi_Object__table__V                           
c2857530  ti_sysbios_gates_GateMutex_Module__root__V                          
c2857538  ti_sysbios_hal_Hwi_Module__root__V                                  
c2857540  ti_sysbios_heaps_HeapMem_Module__root__V                            
c2857548  ti_sysbios_knl_Clock_Module__root__V                                
c2857550  ti_sysbios_knl_Queue_Module__root__V                                
c2857558  ti_sysbios_knl_Semaphore_Module__root__V                            
c2857560  ti_sysbios_knl_Swi_Module__root__V                                  
c2857568  ti_sysbios_knl_Task_Module__root__V                                 
c2857570  ti_sysbios_timers_timer64_Timer_Module__root__V                     
c2857578  xdc_runtime_LoggerSys_Module__root__V                               
c2857580  xdc_runtime_Registry_Module__state__V                               
c2857588  xdc_runtime_Startup_Module__state__V                                
c28575a8  ti_sysbios_knl_Task_Module_State_0_idleTask__A                      
c28575b0  ti_sysbios_utils_Load_Module_State_0_runningTask__A                 
c28575b8  ti_sysbios_utils_Load_Module_State_0_taskStartTime__A               
c28575c0  DHCP_OPTIONS                                                        
c28581f0  __TI_STATIC_BASE                                                    
c2858208  _IGMPInDiscard                                                      
c285820c  _IGMPInQuery                                                        
c2858210  _IGMPInQueryGroup                                                   
c2858214  _IGMPInResponse                                                     
c2858218  _IGMPOutResponse                                                    
c28582b0  BootMode                                                            
c28582b4  DHCPSw                                                              
c28582b8  KEY4SwiHandle                                                       
c28582bc  KEY6SwiHandle                                                       
c28582c0  LV_LAYOUT_FLEX                                                      
c28582c4  LV_LAYOUT_GRID                                                      
c28582c8  LV_STYLE_FLEX_CROSS_PLACE                                           
c28582cc  LV_STYLE_FLEX_FLOW                                                  
c28582d0  LV_STYLE_FLEX_GROW                                                  
c28582d4  LV_STYLE_FLEX_MAIN_PLACE                                            
c28582d8  LV_STYLE_FLEX_TRACK_PLACE                                           
c28582dc  LV_STYLE_GRID_CELL_COLUMN_POS                                       
c28582e0  LV_STYLE_GRID_CELL_COLUMN_SPAN                                      
c28582e4  LV_STYLE_GRID_CELL_ROW_POS                                          
c28582e8  LV_STYLE_GRID_CELL_ROW_SPAN                                         
c28582ec  LV_STYLE_GRID_CELL_X_ALIGN                                          
c28582f0  LV_STYLE_GRID_CELL_Y_ALIGN                                          
c28582f4  LV_STYLE_GRID_COLUMN_ALIGN                                          
c28582f8  LV_STYLE_GRID_COLUMN_DSC_ARRAY                                      
c28582fc  LV_STYLE_GRID_ROW_ALIGN                                             
c2858300  LV_STYLE_GRID_ROW_DSC_ARRAY                                         
c2858304  UARTConsoleSemHandle                                                
c2858308  UARTConsoleTaskHandle                                               
c285830c  _lv_grad_cache_mem                                                  
c2858310  _lv_layout_list                                                     
c2858314  _lv_theme_basic_styles                                              
c2858318  _lv_theme_default_styles                                            
c285831c  _lv_timer_act                                                       
c2858320  indev_touchpad                                                      
c2858324  p_rx                                                                
c2858328  p_tx                                                                
c285832c  rh                                                                  
c2858330  rx_len                                                              
c2858334  t                                                                   
c2858338  temp_label                                                          
c285833c  time_label                                                          
c2858340  tx_len                                                              
c285834a  NDKFlag                                                             
c285834c  CONTENT_TYPE_APPLET                                                 
c2858350  CONTENT_TYPE_AU                                                     
c2858354  CONTENT_TYPE_CSS                                                    
c2858358  CONTENT_TYPE_DOC                                                    
c285835c  CONTENT_TYPE_GIF                                                    
c2858360  CONTENT_TYPE_HTML                                                   
c2858364  CONTENT_TYPE_JPG                                                    
c2858368  CONTENT_TYPE_MPEG                                                   
c285836c  CONTENT_TYPE_PDF                                                    
c2858370  CONTENT_TYPE_WAV                                                    
c2858374  CONTENT_TYPE_ZIP                                                    
c2858378  CONTENT_TYPE                                                        
c285837c  CONTENT_LENGTH                                                      
c2858380  CRLF                                                                
c2858384  DEFAULT_NAME                                                        
c2858388  HTTP_VER                                                            
c285838c  SPACE                                                               
c28583a4  VerStr                                                              
c28583a8  DHCPMode                                                            
c28583ac  HostName                                                            
c28583b0  LocalIPAddr                                                         
c28583b4  DomainName                                                          
c28583b8  DNSServer                                                           
c28583bc  PITCount                                                            
c28583c0  PITUsed                                                             
c28583c4  PITHigh                                                             
c2858400  _lv_txt_encoded_size                                                
c2858404  _lv_txt_unicode_to_encoded                                          
c2858408  _lv_txt_encoded_conv_wc                                             
c285840c  _lv_txt_encoded_next                                                
c2858410  _lv_txt_encoded_prev                                                
c2858414  _lv_txt_encoded_get_byte_id                                         
c2858418  _lv_txt_encoded_get_char_id                                         
c285841c  _lv_txt_get_encoded_length                                          
c28584cc  _IGMPForceVersion1                                                  
c28584e4  TxChanEnable_all                                                    
c28584e8  RxChanEnable_all                                                    
c28584f5  CmdHistorySaveNo                                                    
c28584f6  CmdHistorySaveIndex                                                 
c28584f7  CmdHistoryDisplayIndex                                              
c28584f8  sataRegs                                                            
c28584fc  temp                                                                
c2858538  _ICMPInErrors                                                       
c285853c  _ICMPOutErrors                                                      
c2858540  _IPExecuting                                                        
c2858550  gFragQList                                                          
c2858570  tcp_iss                                                             
c2858574  ptTimeFirst                                                         
c2858578  pt6TimeFirst                                                        
c285857c  tcp6_iss                                                            
c2858590  spi_flag                                                            
c2858594  SoftPWM                                                             
c2858598  OSCINFreq                                                           
c28585b0  LODEPNG_VERSION_STRING                                              
c28585d0  httpErrorResponseHook                                               
c28585e4  _IPReasmPtr                                                         
c28585f0  gMLDNodeList                                                        
c285860a  roate                                                               
c285860b  SECLED                                                              
c285860e  LED_OP                                                              
c2858618  IPV6_MAX_MULTICAST_SOLICIT                                          
c285861c  IPV6_MAX_UNICAST_SOLICIT                                            
c2858620  IPV6_RETRANS_TIME                                                   
c2858624  IPV6_DELAY_FIRST_PROBE_TIME                                         
c2858628  IPV6_REACHABLE_TIME                                                 
c285862c  IPV6_MAX_RTR_SOLICITATION_DELAY                                     
c2858630  IPV6_RTR_SOLICITATION_INTERVAL                                      
c2858634  IPV6_MAX_RTR_SOLICITATIONS                                          
c2858638  INFINITE_LT                                                         
c285863c  ti_ndk_config_Global_rawPageSize                                    
c2858640  ti_ndk_config_Global_rawPageCount                                   
c2858644  ti_ndk_config_Global_smallest                                       
c2858648  ti_ndk_config_Global_largest                                        
c285864c  ti_ndk_config_Global_numFrameBuf                                    
c2858650  ti_ndk_config_Global_sizeFrameBuf                                   
c2858658  __CIOBUF_                                                           
c2858800  ti_sysbios_family_c64p_Hwi0                                         
c2858800  ti_sysbios_family_c64p_Hwi_int0                                     
c2858820  ti_sysbios_family_c64p_Hwi_int1                                     
c2858840  ti_sysbios_family_c64p_Hwi_int2                                     
c2858860  ti_sysbios_family_c64p_Hwi_int3                                     
c2858880  ti_sysbios_family_c64p_Hwi_int4                                     
c28588a0  ti_sysbios_family_c64p_Hwi_int5                                     
c28588c0  ti_sysbios_family_c64p_Hwi_int6                                     
c28588e0  ti_sysbios_family_c64p_Hwi_int7                                     
c2858900  ti_sysbios_family_c64p_Hwi_int8                                     
c2858920  ti_sysbios_family_c64p_Hwi_int9                                     
c2858940  ti_sysbios_family_c64p_Hwi_int10                                    
c2858960  ti_sysbios_family_c64p_Hwi_int11                                    
c2858980  ti_sysbios_family_c64p_Hwi_int12                                    
c28589a0  ti_sysbios_family_c64p_Hwi_int13                                    
c28589c0  ti_sysbios_family_c64p_Hwi_int14                                    
c28589e0  ti_sysbios_family_c64p_Hwi_int15                                    
c2859ed8  __TI_Handler_Table_Base                                             
c2859ee0  __TI_CINIT_Base                                                     
c2859ee0  __TI_Handler_Table_Limit                                            
c2859f18  __TI_CINIT_Limit                                                    
c3000000  _c_int00                                                            
ffffffff  __TI_pprof_out_hndl                                                 
ffffffff  __TI_prof_data_size                                                 
ffffffff  __TI_prof_data_start                                                
ffffffff  __binit__                                                           
ffffffff  __c_args__                                                          
ffffffff  binit                                                               
UNDEFED   __TI_INITARRAY_Base                                                 
UNDEFED   __TI_INITARRAY_Limit                                                

[3356 symbols]
