******************************************************************************
               TMS320C6x Linker PC v8.3.12                     
******************************************************************************
>> Linked Sat Mar 26 20:44:39 2022

OUTPUT FILE NAME:   <Board_C674x.out>
ENTRY POINT SYMBOL: "_c_int00"  address: c0a561e0


MEMORY CONFIGURATION

         name            origin    length      used     unused   attr    fill
----------------------  --------  ---------  --------  --------  ----  --------
  DSPL2RAM              00800000   00040000  00004000  0003c000  RW  
  SHRAM                 80000000   00020000  00000000  00020000  RW X
  DDR2                  c0000000   08000000  00a655b1  0759aa4f  RW X


SEGMENT ALLOCATION MAP

run origin  load origin   length   init length attrs members
----------  ----------- ---------- ----------- ----- -------
00800000    00800000    00004000   00000000    rw-
  00800000    00800000    00004000   00000000    rw- .stack
c0000000    c0000000    0093cb74   00000000    rw-
  c0000000    c0000000    00800000   00000000    rw- SystemHeap
  c0800000    c0800000    0013cb74   00000000    rw- .far
c093cb78    c093cb78    000c2368   000c2368    r--
  c093cb78    c093cb78    000c2349   000c2349    r-- .const
  c09feec4    c09feec4    0000001c   0000001c    r-- .switch.1
c09feee0    c09feee0    0006351c   0006351c    r-x
  c09feee0    c09feee0    00063400   00063400    r-x .text
  c0a622e0    c0a622e0    0000011c   0000011c    r-- .switch.2
c0a62400    c0a62400    00001a4c   00000000    rw-
  c0a62400    c0a62400    00001a4c   00000000    rw- .fardata
c0a63e4c    c0a63e4c    000001f4   000001f4    r--
  c0a63e4c    c0a63e4c    000001f4   000001f4    r-- .switch.3
c0a64040    c0a64040    00000234   00000000    rw-
  c0a64040    c0a64040    00000095   00000000    rw- .bss
  c0a640d8    c0a640d8    0000019c   00000000    rw- .neardata
c0a64274    c0a64274    00000040   00000000    r--
  c0a64274    c0a64274    00000040   00000000    r-- .rodata
c0a642b8    c0a642b8    00000120   00000000    rw-
  c0a642b8    c0a642b8    00000120   00000000    rw- .cio
c0a64400    c0a64400    000011e8   000011e8    r-x
  c0a64400    c0a64400    00000200   00000200    r-x .vecs
  c0a64600    c0a64600    00000fe8   00000fe8    r-- .cinit


SECTION ALLOCATION MAP

 output                                  attributes/
section   page    origin      length       input sections
--------  ----  ----------  ----------   ----------------
.stack     0    00800000    00004000     UNINITIALIZED
                  00800000    00000008     boot.ae674 : boot.oe674 (.stack)
                  00800008    00003ff8     --HOLE--

.bss       0    c0a64040    00000095     UNINITIALIZED
                  c0a64040    00000018     hal_timer_bios.ae674 : lltimer.oe674 (.bss)
                  c0a64058    00000014     stk6.ae674 : igmp.oe674 (.bss)
                  c0a6406c    00000012     grlib.lib : string.obj (.bss)
                  c0a6407e    00000002               : offscr16bpp.obj (.bss)
                  c0a64080    0000000c     ti.uia.sysbios.ae674 : TransportNdk.oe674 (.bss)
                  c0a6408c    00000008     netctrl_min.ae674 : netctrl.oe674 (.bss)
                  c0a64094    00000008     nettool.ae674 : daemon.oe674 (.bss)
                  c0a6409c    00000008     stk6.ae674 : ip.oe674 (.bss)
                  c0a640a4    00000004     nettool.ae674 : ipaddr.oe674 (.bss)
                  c0a640a8    00000004     stk6.ae674 : ipv6_frag.oe674 (.bss)
                  c0a640ac    00000004                : lli6.oe674 (.bss)
                  c0a640b0    00000004                : rtable.oe674 (.bss)
                  c0a640b4    00000004     (.common:KEY4SwiHandle)
                  c0a640b8    00000004     (.common:KEY6SwiHandle)
                  c0a640bc    00000004     (.common:UARTConsoleSemHandle)
                  c0a640c0    00000004     (.common:UARTConsoleTaskHandle)
                  c0a640c4    00000004     (.common:p_rx)
                  c0a640c8    00000004     (.common:p_tx)
                  c0a640cc    00000004     (.common:rx_len)
                  c0a640d0    00000004     (.common:tx_len)
                  c0a640d4    00000001     (.common:touch_flag)

.neardata 
*          0    c0a640d8    0000019c     UNINITIALIZED
                  c0a640d8    00000024     os.ae674 : mem.oe674 (.neardata)
                  c0a640fc    0000001c     netctrl_min.ae674 : netctrl.oe674 (.neardata)
                  c0a64118    00000018     os.ae674 : task.oe674 (.neardata)
                  c0a64130    00000014     stk6.ae674 : rtable.oe674 (.neardata)
                  c0a64144    00000014     ti.drv.omapl138.ae674 : ethdriver.oe674 (.neardata)
                  c0a64158    00000010     Touch.obj (.neardata)
                  c0a64168    00000010     nettool.ae674 : daemon.oe674 (.neardata)
                  c0a64178    00000010     stk6.ae674 : bind6.oe674 (.neardata)
                  c0a64188    00000010                : igmp.oe674 (.neardata)
                  c0a64198    0000000c                : route6.oe674 (.neardata)
                  c0a641a4    0000000c     ti.drv.omapl138.ae674 : csl_emac.oe674 (.neardata)
                  c0a641b0    0000000c     ti.uia.sysbios.ae674 : TransportNdk.oe674 (.neardata)
                  c0a641bc    00000008     SATA.obj (.neardata)
                  c0a641c4    00000008     UART1.obj (.neardata)
                  c0a641cc    00000008     netctrl_min.ae674 : netsrv.oe674 (.neardata)
                  c0a641d4    00000008     stk6.ae674 : exec.oe674 (.neardata)
                  c0a641dc    00000008                : icmp.oe674 (.neardata)
                  c0a641e4    00000008                : ip.oe674 (.neardata)
                  c0a641ec    00000008                : ipin.oe674 (.neardata)
                  c0a641f4    00000008                : ipv6_frag.oe674 (.neardata)
                  c0a641fc    00000008                : lli.oe674 (.neardata)
                  c0a64204    00000008                : rtc.oe674 (.neardata)
                  c0a6420c    00000008                : tcp.oe674 (.neardata)
                  c0a64214    00000008                : tcp6.oe674 (.neardata)
                  c0a6421c    00000008                : timer.oe674 (.neardata)
                  c0a64224    00000008     ti.uia.runtime.ae674 : QueueDescriptor.oe674 (.neardata)
                  c0a6422c    00000004     Flash.obj (.neardata)
                  c0a64230    00000004     LED.obj (.neardata)
                  c0a64234    00000004     Local_pe674.oe674 (.neardata)
                  c0a64238    00000004     UDP.obj (.neardata)
                  c0a6423c    00000004     hal_timer_bios.ae674 : lltimer.oe674 (.neardata)
                  c0a64240    00000004     nettool.ae674 : config.oe674 (.neardata)
                  c0a64244    00000004     stk6.ae674 : bind.oe674 (.neardata)
                  c0a64248    00000004                : ipfrag.oe674 (.neardata)
                  c0a6424c    00000004                : lli6.oe674 (.neardata)
                  c0a64250    00000004                : lliin.oe674 (.neardata)
                  c0a64254    00000004                : mld.oe674 (.neardata)
                  c0a64258    00000004                : node.oe674 (.neardata)
                  c0a6425c    00000004                : pbm.oe674 (.neardata)
                  c0a64260    00000004                : sock6pcb.oe674 (.neardata)
                  c0a64264    00000004                : sockpcb.oe674 (.neardata)
                  c0a64268    00000004     ti.drv.omapl138.ae674 : csl_mdio.oe674 (.neardata)
                  c0a6426c    00000004     ti.uia.runtime.ae674 : LogSync.oe674 (.neardata)
                  c0a64270    00000003     UARTConsole.obj (.neardata)
                  c0a64273    00000001     Timer.obj (.neardata)

.rodata    0    c0a64274    00000040     UNINITIALIZED
                  c0a64274    00000024     stk6.ae674 : ipv6.oe674 (.rodata)
                  c0a64298    0000001c     Local_pe674.oe674 (.rodata)

.cinit     0    c0a64600    00000fe8     
                  c0a64600    00000ee4     (.cinit..fardata.load) [load image, compression = rle]
                  c0a654e4    00000063     (.cinit..neardata.load) [load image, compression = rle]
                  c0a65547    00000043     (.cinit..rodata.load) [load image, compression = rle]
                  c0a6558a    0000000d     (.cinit..far.load) [load image, compression = rle]
                  c0a65597    0000000d     (.cinit.SystemHeap.load) [load image, compression = rle]
                  c0a655a4    00000009     (.cinit..bss.load) [load image, compression = rle]
                  c0a655ad    00000003     --HOLE-- [fill = 0]
                  c0a655b0    00000008     (__TI_handler_table)
                  c0a655b8    00000030     (__TI_cinit_table)

.init_array 
*          0    c0000000    00000000     UNINITIALIZED

SystemHeap 
*          0    c0000000    00800000     UNINITIALIZED
                  c0000000    00800000     Local_pe674.oe674 (SystemHeap)

.far       0    c0800000    0013cb74     UNINITIALIZED
                  c0800000    000bb824     (.common:g_pucBuffer)
                  c08bb824    00000004     (.common:swCtrlFeatures)
                  c08bb828    00000040     (.common:g_cCmdBuf)
                  c08bb868    00000018     netctrl_min.ae674 : netctrl.oe674 (.far)
                  c08bb880    0004cb00     Local_pe674.oe674 (.far:NDK_PACKETMEM)
                  c0908380    00010000     (.common:buff)
                  c0918380    0000c1c0     Local_pe674.oe674 (.far:NDK_MMBUFFER)
                  c0924540    00008080     (.common:ti_uia_runtime_LoggerCircBuf_Instance_State_1_bufferArray__A)
                  c092c5c0    00008080     (.common:ti_uia_runtime_LoggerCircBuf_Instance_State_2_bufferArray__A)
                  c0934640    00003800     Local_pe674.oe674 (.far:taskStackSection)
                  c0937e40    00001618     ti.drv.omapl138.ae674 : ethdriver.oe674 (.far)
                  c0939458    00000b90     (.common:ti_uia_sysbios_Adaptor_eventBuf__A)
                  c0939fe8    00000800     (.common:CmdHistory)
                  c093a7e8    00000660     nettool.ae674 : daemon.oe674 (.far)
                  c093ae48    00000480     (.common:ti_uia_runtime_LoggerCircBuf_Instance_State_0_bufferArray__A)
                  c093b2c8    00000474     ti.drv.omapl138.ae674 : csl_emac.oe674 (.far)
                  c093b73c    00000004     stk6.ae674 : rawethsock_pcb.oe674 (.far)
                  c093b740    00000400     (.common:xdc_runtime_SysMin_Module_State_0_outbuf__A)
                  c093bb40    00000220     (.common:ti_uia_sysbios_Adaptor_msgBuf__A)
                  c093bd60    00000140     (.common:__TI_tmpnams)
                  c093bea0    00000110                : igmp.oe674 (.far)
                  c093bfb0    00000104     (.common:rx_data)
                  c093c0b4    00000004     --HOLE--
                  c093c0b8    00000104     (.common:tx_data)
                  c093c1bc    00000004     --HOLE--
                  c093c1c0    00000104     (.common:vrf_data)
                  c093c2c4    000000d8     netctrl_min.ae674 : netsrv.oe674 (.far)
                  c093c39c    000000c8     stk6.ae674 : ipv6.oe674 (.far)
                  c093c464    000000c4                : tcp.oe674 (.far)
                  c093c528    000000b8                : tcp6in.oe674 (.far)
                  c093c5e0    00000020     grlib.lib : image.obj (.far)
                  c093c600    000000a0     (.common:RcvFis)
                  c093c6a0    0000009c     stk6.ae674 : icmp.oe674 (.far)
                  c093c73c    00000004     --HOLE--
                  c093c740    00000080     UARTConsole.obj (.far:UARTWriteBuffer)
                  c093c7c0    0000007c     os.ae674 : mem.oe674 (.far)
                  c093c83c    00000068     stk6.ae674 : ip.oe674 (.far)
                  c093c8a4    00000064                : nimu.oe674 (.far)
                  c093c908    00000030                : udp.oe674 (.far)
                  c093c938    00000028     (.common:g_s800x480x16Display)
                  c093c960    00000028                : vlan.oe674 (.far)
                  c093c988    00000024     (.common:RTCTime)
                  c093c9ac    00000004     --HOLE--
                  c093c9b0    00000024     cmdline.obj (.far:argv$1)
                  c093c9d4    00000024     stk6.ae674 : udp6.oe674 (.far)
                  c093c9f8    00000020     ti.uia.sysbios.ae674 : TransportNdk.oe674 (.far)
                  c093ca18    0000001c     (.common:g_sContext)
                  c093ca34    00000004     --HOLE--
                  c093ca38    0000001a     rts6740_elf.lib : asctime.c.obj (.far:time_buf)
                  c093ca52    00000002     --HOLE--
                  c093ca54    00000018     stk6.ae674 : icmpv6.oe674 (.far)
                  c093ca6c    00000018     ti.drv.omapl138.ae674 : csl_mdio.oe674 (.far)
                  c093ca84    00000004     --HOLE--
                  c093ca88    00000014     stk6.ae674 : rtc.oe674 (.far)
                  c093ca9c    00000004     --HOLE--
                  c093caa0    00000010     (.common:StrIP)
                  c093cab0    00000010                : raw.oe674 (.far)
                  c093cac0    00000010                : raw6.oe674 (.far)
                  c093cad0    00000010                : raweth.oe674 (.far)
                  c093cae0    0000000c     (.common:ti_sysbios_knl_Task_Instance_State_0_hookEnv__A)
                  c093caec    00000004     --HOLE--
                  c093caf0    0000000c     (.common:ti_sysbios_knl_Task_Instance_State_1_hookEnv__A)
                  c093cafc    00000004     --HOLE--
                  c093cb00    0000000c     (.common:ti_sysbios_knl_Task_Instance_State_2_hookEnv__A)
                  c093cb0c    00000004     --HOLE--
                  c093cb10    0000000c     (.common:ti_sysbios_knl_Task_Instance_State_3_hookEnv__A)
                  c093cb1c    0000000c                : pbm.oe674 (.far)
                  c093cb28    0000000a     (.common:I2CData)
                  c093cb32    00000006     --HOLE--
                  c093cb38    00000008     (.common:MacAddr)
                  c093cb40    00000008     (.common:parmbuf)
                  c093cb48    00000004     (.common:ti_sysbios_family_c64p_Hwi_Instance_State_0_hookEnv__A)
                  c093cb4c    00000004     --HOLE--
                  c093cb50    00000004     (.common:ti_sysbios_family_c64p_Hwi_Instance_State_1_hookEnv__A)
                  c093cb54    00000004     --HOLE--
                  c093cb58    00000004     (.common:ti_sysbios_family_c64p_Hwi_Instance_State_2_hookEnv__A)
                  c093cb5c    00000004     --HOLE--
                  c093cb60    00000004     (.common:ti_sysbios_family_c64p_Hwi_Instance_State_3_hookEnv__A)
                  c093cb64    00000004     --HOLE--
                  c093cb68    00000004     (.common:ti_sysbios_family_c64p_Hwi_Instance_State_4_hookEnv__A)
                  c093cb6c    00000004     --HOLE--
                  c093cb70    00000004     (.common:ti_sysbios_knl_Swi_Instance_State_0_hookEnv__A)

.const     0    c093cb78    000c2349     
                  c093cb78    000bb805     LCD.obj (.const:.string:image)
                  c09f837d    00000001     --HOLE-- [fill = 0]
                  c09f837e    00000002     Local_pe674.oe674 (.const:ti_sysbios_BIOS_Module__id__C)
                  c09f8380    000024dd     Local_pe674.oe674 (.const:xdc_runtime_Text_charTab__A)
                  c09fa85d    00000001     --HOLE-- [fill = 0]
                  c09fa85e    00000002     Local_pe674.oe674 (.const:ti_sysbios_family_c64p_EventCombiner_Module__id__C)
                  c09fa860    0000091e     grlib.lib : fontcmss22b.obj (.const:.string:g_pucCmss22bData)
                  c09fb17e    00000002     Local_pe674.oe674 (.const:ti_sysbios_family_c64p_Exception_Module__id__C)
                  c09fb180    00000588     sysbios.ae674 : BIOS.obj (.const:.string)
                  c09fb708    00000368     Exception.obj (.const:.string)
                  c09fba70    0000032c     Command.obj (.const:.string)
                  c09fbd9c    0000021a     os.ae674 : task.oe674 (.const:.string)
                  c09fbfb6    000001e2     stk6.ae674 : bind6.oe674 (.const:.string)
                  c09fc198    000001a8     DDR2.obj (.const:.string)
                  c09fc340    0000015c     stk6.ae674 : route6.oe674 (.const:.string)
                  c09fc49c    00000004     SysMinProvide.obj (.const:.string)
                  c09fc4a0    00000154     Local_pe674.oe674 (.const:xdc_runtime_Text_nodeTab__A)
                  c09fc5f4    00000150     Local_pe674.oe674 (.const:.string)
                  c09fc744    0000014f     os.ae674 : mem.oe674 (.const:.string)
                  c09fc893    00000001     --HOLE-- [fill = 0]
                  c09fc894    00000144     ti.drv.omapl138.ae674 : ethdriver.oe674 (.const:.string)
                  c09fc9d8    00000110     Flash.obj (.const:.string)
                  c09fcae8    00000107     stk6.ae674 : vlan.oe674 (.const:.string)
                  c09fcbef    00000001     --HOLE-- [fill = 0]
                  c09fcbf0    00000101     rts6740_elf.lib : ctype.c.obj (.const:.string:_ctypes_)
                  c09fccf1    000000fd     stk6.ae674 : icmpv6out.oe674 (.const:.string)
                  c09fcdee    000000f2                : icmpv6_ndisc.oe674 (.const:.string)
                  c09fcee0    000000f0     EEPROM.obj (.const:.string)
                  c09fcfd0    000000d8     EMAC.obj (.const:.string)
                  c09fd0a8    000000d8     stk6.ae674 : node.oe674 (.const:.string)
                  c09fd180    000000d4     ti.drv.omapl138.ae674 : nimu_eth.oe674 (.const:.string)
                  c09fd254    000000cf     stk6.ae674 : rtc.oe674 (.const:.string)
                  c09fd323    00000001     --HOLE-- [fill = 0]
                  c09fd324    000000c8     grlib.lib : fontcmss22b.obj (.const)
                  c09fd3ec    000000bf     stk6.ae674 : lliout.oe674 (.const:.string)
                  c09fd4ab    000000a9                : lli6.oe674 (.const:.string)
                  c09fd554    000000a7     nettool.ae674 : ipaddr.oe674 (.const:.string)
                  c09fd5fb    000000a7     stk6.ae674 : nimu.oe674 (.const:.string)
                  c09fd6a2    00000091                : tcp6time.oe674 (.const:.string)
                  c09fd733    0000008d                : tcptime.oe674 (.const:.string)
                  c09fd7c0    00000080     rts6740_elf.lib : strtod.c.obj (.const:digits)
                  c09fd840    0000007c     UARTConsole.obj (.const:.string)
                  c09fd8bc    00000078     main.obj (.const:.string)
                  c09fd934    00000077     stk6.ae674 : sock6.oe674 (.const:.string)
                  c09fd9ab    00000076                : mld.oe674 (.const:.string)
                  c09fda21    00000001     --HOLE-- [fill = 0]
                  c09fda22    00000002     Local_pe674.oe674 (.const:ti_sysbios_family_c64p_Exception_useInternalBuffer__C)
                  c09fda24    00000074     LCD.obj (.const:.string)
                  c09fda98    00000070     SATATest.obj (.const:.string)
                  c09fdb08    00000070     ti.uia.sysbios.ae674 : TransportNdk.oe674 (.const:.string)
                  c09fdb78    0000006c     rts6740_elf.lib : asctime.c.obj (.const:.string)
                  c09fdbe4    00000064     Local_pe674.oe674 (.const:ti_sysbios_timers_timer64_Timer_Object__PARAMS__C)
                  c09fdc48    00000060     stk6.ae674 : sb.oe674 (.const:.string)
                  c09fdca8    00000060     Local_pe674.oe674 (.const:ti_uia_runtime_LoggerCircBuf_Module__FXNS__C)
                  c09fdd08    0000005c     PruLED.obj (.const:PRU0_Code)
                  c09fdd64    00000058     ti.targets.rts6000.ae674 : Error.oe674 (.const:.string)
                  c09fddbc    00000056     os.ae674 : semaphore.oe674 (.const:.string)
                  c09fde12    00000002     Local_pe674.oe674 (.const:ti_sysbios_family_c64p_Hwi_Module__id__C)
                  c09fde14    00000054     UDP.obj (.const:.string)
                  c09fde68    00000054     stk6.ae674 : sockprot.oe674 (.const:Code2Err)
                  c09fdebc    00000051     nettool.ae674 : dhcpmain.oe674 (.const:.string)
                  c09fdf0d    00000050     stk6.ae674 : bind.oe674 (.const:.string)
                  c09fdf5d    0000004e                : rtable.oe674 (.const:.string)
                  c09fdfab    00000001     --HOLE-- [fill = 0]
                  c09fdfac    0000004c     PruLED.obj (.const:.string)
                  c09fdff8    00000048     ti.targets.rts6000.ae674 : Log.oe674 (.const:.string)
                  c09fe040    00000048     rts6740_elf.lib : strtod.c.obj (.const:powerof10)
                  c09fe088    00000048     Local_pe674.oe674 (.const:ti_sysbios_knl_Task_hooks__A)
                  c09fe0d0    00000044     netctrl_min.ae674 : netctrl.oe674 (.const:.string)
                  c09fe114    00000041     stk6.ae674 : sb6.oe674 (.const:.string)
                  c09fe155    00000001     --HOLE-- [fill = 0]
                  c09fe156    00000002     Local_pe674.oe674 (.const:ti_sysbios_family_c64p_Hwi_Module__loggerDefined__C)
                  c09fe158    00000040     ti.targets.rts6000.ae674 : Text.oe674 (.const:.string)
                  c09fe198    00000040     Local_pe674.oe674 (.const:xdc_runtime_Startup_sfxnTab__A)
                  c09fe1d8    0000003e     stk6.ae674 : ipv6.oe674 (.const:.string)
                  c09fe216    0000003c                : ipv6_exthdrs.oe674 (.const:.string)
                  c09fe252    00000002     Local_pe674.oe674 (.const:ti_sysbios_gates_GateMutex_Module__id__C)
                  c09fe254    0000003c     Local_pe674.oe674 (.const:ti_sysbios_knl_Task_Object__PARAMS__C)
                  c09fe290    00000038     stk6.ae674 : icmpv6in.oe674 (.const:.string)
                  c09fe2c8    00000038                : sock.oe674 (.const:.string)
                  c09fe300    00000034     Local_pe674.oe674 (.const:ti_uia_runtime_LoggerCircBuf_Object__PARAMS__C)
                  c09fe334    00000034     Local_pe674.oe674 (.const:xdc_runtime_LoggerSys_Module__FXNS__C)
                  c09fe368    00000031     stk6.ae674 : pbm.oe674 (.const:.string)
                  c09fe399    00000001     --HOLE-- [fill = 0]
                  c09fe39a    00000002     Local_pe674.oe674 (.const:ti_sysbios_hal_Hwi_Module__id__C)
                  c09fe39c    00000004     ti.targets.rts6000.ae674 : Assert.oe674 (.const:.string)
                  c09fe3a0    00000030     rts6740_elf.lib : asctime.c.obj (.const:mon)
                  c09fe3d0    00000030     Local_pe674.oe674 (.const:ti_sysbios_family_c64p_Hwi_Object__PARAMS__C)
                  c09fe400    0000002c     ti.drv.omapl138.ae674 : csl_mdio.oe674 (.const:.string)
                  c09fe42c    0000002c     ti.targets.rts6000.ae674 : Startup.oe674 (.const:.string)
                  c09fe458    0000002c     Local_pe674.oe674 (.const:ti_sysbios_hal_Hwi_Object__PARAMS__C)
                  c09fe484    00000028     Local_pe674.oe674 (.const:ti_sysbios_heaps_HeapMem_Module__FXNS__C)
                  c09fe4ac    00000028     Local_pe674.oe674 (.const:ti_sysbios_knl_Swi_Object__PARAMS__C)
                  c09fe4d4    00000024     rts6740_elf.lib : _printfi.c.obj (.const:.string)
                  c09fe4f8    00000024     Local_pe674.oe674 (.const:ti_sysbios_gates_GateHwi_Module__FXNS__C)
                  c09fe51c    00000024     Local_pe674.oe674 (.const:ti_sysbios_gates_GateMutex_Module__FXNS__C)
                  c09fe540    00000024     Local_pe674.oe674 (.const:ti_sysbios_heaps_HeapMem_Object__PARAMS__C)
                  c09fe564    00000024     Local_pe674.oe674 (.const:ti_sysbios_knl_Clock_Object__PARAMS__C)
                  c09fe588    00000024     Local_pe674.oe674 (.const:ti_sysbios_knl_Semaphore_Object__PARAMS__C)
                  c09fe5ac    00000024     Local_pe674.oe674 (.const:ti_sysbios_syncs_SyncEvent_Module__FXNS__C)
                  c09fe5d0    00000020     Local_pe674.oe674 (.const:ti_sysbios_family_c64p_Hwi_Object__DESC__C)
                  c09fe5f0    00000020     Local_pe674.oe674 (.const:ti_sysbios_gates_GateHwi_Object__DESC__C)
                  c09fe610    00000020     Local_pe674.oe674 (.const:ti_sysbios_gates_GateMutex_Object__DESC__C)
                  c09fe630    00000020     Local_pe674.oe674 (.const:ti_sysbios_hal_Hwi_Object__DESC__C)
                  c09fe650    00000020     Local_pe674.oe674 (.const:ti_sysbios_heaps_HeapMem_Object__DESC__C)
                  c09fe670    00000020     Local_pe674.oe674 (.const:ti_sysbios_knl_Clock_Object__DESC__C)
                  c09fe690    00000020     Local_pe674.oe674 (.const:ti_sysbios_knl_Queue_Object__DESC__C)
                  c09fe6b0    00000020     Local_pe674.oe674 (.const:ti_sysbios_knl_Semaphore_Object__DESC__C)
                  c09fe6d0    00000020     Local_pe674.oe674 (.const:ti_sysbios_knl_Swi_Object__DESC__C)
                  c09fe6f0    00000020     Local_pe674.oe674 (.const:ti_sysbios_knl_Task_Object__DESC__C)
                  c09fe710    00000020     Local_pe674.oe674 (.const:ti_sysbios_syncs_SyncEvent_Object__DESC__C)
                  c09fe730    00000020     Local_pe674.oe674 (.const:ti_sysbios_syncs_SyncEvent_Object__PARAMS__C)
                  c09fe750    00000020     Local_pe674.oe674 (.const:ti_sysbios_timers_timer64_Timer_Object__DESC__C)
                  c09fe770    00000020     Local_pe674.oe674 (.const:ti_uia_runtime_LoggerCircBuf_Object__DESC__C)
                  c09fe790    00000020     Local_pe674.oe674 (.const:xdc_runtime_LoggerSys_Object__DESC__C)
                  c09fe7b0    00000020     Local_pe674.oe674 (.const:xdc_runtime_Startup_sfxnRts__A)
                  c09fe7d0    0000001e     nettool.ae674 : daemon.oe674 (.const:.string)
                  c09fe7ee    0000001d     stk6.ae674 : lli.oe674 (.const:.string)
                  c09fe80b    00000001     --HOLE-- [fill = 0]
                  c09fe80c    00000004     Local_pe674.oe674 (.const:ti_sysbios_BIOS_Module__diagsEnabled__C)
                  c09fe810    0000001c     rts6740_elf.lib : asctime.c.obj (.const:day)
                  c09fe82c    00000018     nettool.ae674 : config.oe674 (.const:.string)
                  c09fe844    00000018     stk6.ae674 : exec.oe674 (.const:.string)
                  c09fe85c    00000018     Local_pe674.oe674 (.const:ti_sysbios_gates_GateHwi_Object__PARAMS__C)
                  c09fe874    00000018     Local_pe674.oe674 (.const:ti_sysbios_gates_GateMutex_Object__PARAMS__C)
                  c09fe88c    00000018     Local_pe674.oe674 (.const:ti_sysbios_knl_Queue_Object__PARAMS__C)
                  c09fe8a4    00000004     Local_pe674.oe674 (.const:ti_sysbios_BIOS_Module__diagsIncluded__C)
                  c09fe8a8    00000018     Local_pe674.oe674 (.const:ti_sysbios_knl_Swi_hooks__A)
                  c09fe8c0    00000018     Local_pe674.oe674 (.const:ti_uia_runtime_ServiceMgr_transportFxns__C)
                  c09fe8d8    00000018     Local_pe674.oe674 (.const:xdc_runtime_LoggerSys_Object__PARAMS__C)
                  c09fe8f0    00000017     stk6.ae674 : ipout.oe674 (.const:.string)
                  c09fe907    00000016                : ipv6out.oe674 (.const:.string)
                  c09fe91d    00000001     --HOLE-- [fill = 0]
                  c09fe91e    00000002     Local_pe674.oe674 (.const:ti_sysbios_heaps_HeapMem_Module__id__C)
                  c09fe920    00000014     Local_pe674.oe674 (.const:ti_sysbios_family_c64p_Hwi_hooks__A)
                  c09fe934    00000013     stk6.ae674 : fileuser.oe674 (.const:.string)
                  c09fe947    00000011                : tcp6prot.oe674 (.const:.string)
                  c09fe958    00000011                : tcpprot.oe674 (.const:.string)
                  c09fe969    00000001     --HOLE-- [fill = 0]
                  c09fe96a    00000002     Local_pe674.oe674 (.const:ti_sysbios_knl_Clock_Module__id__C)
                  c09fe96c    00000004     Local_pe674.oe674 (.const:ti_sysbios_BIOS_Module__diagsMask__C)
                  c09fe970    00000011     ti.targets.rts6000.ae674 : System.oe674 (.const:digtohex)
                  c09fe981    00000001     --HOLE-- [fill = 0]
                  c09fe982    00000002     Local_pe674.oe674 (.const:ti_sysbios_knl_Clock_Module__loggerDefined__C)
                  c09fe984    00000010     rts6740_elf.lib : _scanfi.c.obj (.const:.string)
                  c09fe994    00000004     Local_pe674.oe674 (.const:ti_sysbios_BIOS_installedErrorHook__C)
                  c09fe998    00000010     Local_pe674.oe674 (.const:ti_sysbios_family_c64p_EventCombiner_EVTMASK__C)
                  c09fe9a8    00000010     Local_pe674.oe674 (.const:ti_uia_runtime_ServiceMgr_processCallbackFxn__A)
                  c09fe9b8    00000010     Local_pe674.oe674 (.const:ti_uia_sysbios_Adaptor_period__A)
                  c09fe9c8    00000010     Local_pe674.oe674 (.const:ti_uia_sysbios_Adaptor_scheduled__A)
                  c09fe9d8    0000000f     UDP.obj (.const:.string:$P$T0$1)
                  c09fe9e7    0000000e     stk6.ae674 : timer.oe674 (.const:.string)
                  c09fe9f5    0000000d     os.ae674 : ossys.oe674 (.const:.string)
                  c09fea02    00000002     Local_pe674.oe674 (.const:ti_sysbios_knl_Event_Module__id__C)
                  c09fea04    0000000c     Local_pe674.oe674 (.const:ti_sysbios_family_c64p_Cache_initSize__C)
                  c09fea10    0000000c     Local_pe674.oe674 (.const:ti_sysbios_knl_Idle_coreList__A)
                  c09fea1c    00000004     Local_pe674.oe674 (.const:ti_sysbios_family_c62_TaskSupport_stackAlignment__C)
                  c09fea20    0000000c     Local_pe674.oe674 (.const:ti_sysbios_knl_Idle_funcList__A)
                  c09fea2c    0000000b     stk6.ae674 : route.oe674 (.const:.string)
                  c09fea37    00000001     --HOLE-- [fill = 0]
                  c09fea38    00000008     ti.targets.rts6000.ae674 : System.oe674 (.const:.string)
                  c09fea40    00000008     Local_pe674.oe674 (.const:ti_sysbios_family_c64p_Hwi_hooks__C)
                  c09fea48    00000008     Local_pe674.oe674 (.const:ti_sysbios_knl_Idle_coreList__C)
                  c09fea50    00000008     Local_pe674.oe674 (.const:ti_sysbios_knl_Idle_funcList__C)
                  c09fea58    00000008     Local_pe674.oe674 (.const:ti_sysbios_knl_Swi_hooks__C)
                  c09fea60    00000008     Local_pe674.oe674 (.const:ti_sysbios_knl_Task_hooks__C)
                  c09fea68    00000008     Local_pe674.oe674 (.const:ti_uia_sysbios_Adaptor_reqEnergy__A)
                  c09fea70    00000008     Local_pe674.oe674 (.const:xdc_runtime_Startup_firstFxns__A)
                  c09fea78    00000008     Local_pe674.oe674 (.const:xdc_runtime_Startup_firstFxns__C)
                  c09fea80    00000008     Local_pe674.oe674 (.const:xdc_runtime_Startup_lastFxns__C)
                  c09fea88    00000007     rts6740_elf.lib : _scanfi.c.obj (.const:.string:flit$1)
                  c09fea8f    00000001     --HOLE-- [fill = 0]
                  c09fea90    00000006                     : _scanfi.c.obj (.const:.string:barr$2)
                  c09fea96    00000002     Local_pe674.oe674 (.const:ti_sysbios_knl_Event_Module__loggerDefined__C)
                  c09fea98    00000004     Local_pe674.oe674 (.const:ti_sysbios_family_c64p_Cache_EMIFA_BASE__C)
                  c09fea9c    00000004     Local_pe674.oe674 (.const:ti_sysbios_family_c64p_Cache_EMIFA_CFG__C)
                  c09feaa0    00000004     Local_pe674.oe674 (.const:ti_sysbios_family_c64p_Cache_EMIFA_LENGTH__C)
                  c09feaa4    00000004     Local_pe674.oe674 (.const:ti_sysbios_family_c64p_Cache_EMIFB_BASE__C)
                  c09feaa8    00000004     Local_pe674.oe674 (.const:ti_sysbios_family_c64p_Cache_EMIFB_CFG__C)
                  c09feaac    00000004     Local_pe674.oe674 (.const:ti_sysbios_family_c64p_Cache_EMIFB_LENGTH__C)
                  c09feab0    00000004     Local_pe674.oe674 (.const:ti_sysbios_family_c64p_Cache_EMIFC_BASE__C)
                  c09feab4    00000004     Local_pe674.oe674 (.const:ti_sysbios_family_c64p_Cache_EMIFC_CFG__C)
                  c09feab8    00000004     Local_pe674.oe674 (.const:ti_sysbios_family_c64p_Cache_EMIFC_LENGTH__C)
                  c09feabc    00000004     Local_pe674.oe674 (.const:ti_sysbios_family_c64p_Cache_MAR0_31__C)
                  c09feac0    00000004     Local_pe674.oe674 (.const:ti_sysbios_family_c64p_Cache_MAR128_159__C)
                  c09feac4    00000004     Local_pe674.oe674 (.const:ti_sysbios_family_c64p_Cache_MAR160_191__C)
                  c09feac8    00000004     Local_pe674.oe674 (.const:ti_sysbios_family_c64p_Cache_MAR192_223__C)
                  c09feacc    00000004     Local_pe674.oe674 (.const:ti_sysbios_family_c64p_Cache_MAR224_255__C)
                  c09fead0    00000004     Local_pe674.oe674 (.const:ti_sysbios_family_c64p_Cache_MAR32_63__C)
                  c09fead4    00000004     Local_pe674.oe674 (.const:ti_sysbios_family_c64p_Cache_MAR64_95__C)
                  c09fead8    00000004     Local_pe674.oe674 (.const:ti_sysbios_family_c64p_Cache_MAR96_127__C)
                  c09feadc    00000004     Local_pe674.oe674 (.const:ti_sysbios_family_c64p_EventCombiner_E_unpluggedEvent__C)
                  c09feae0    00000004     Local_pe674.oe674 (.const:ti_sysbios_family_c64p_Exception_E_exceptionMax__C)
                  c09feae4    00000004     Local_pe674.oe674 (.const:ti_sysbios_family_c64p_Exception_exceptionHook__C)
                  c09feae8    00000004     Local_pe674.oe674 (.const:ti_sysbios_family_c64p_Exception_externalHook__C)
                  c09feaec    00000004     Local_pe674.oe674 (.const:ti_sysbios_family_c64p_Exception_internalHook__C)
                  c09feaf0    00000004     Local_pe674.oe674 (.const:ti_sysbios_family_c64p_Exception_nmiHook__C)
                  c09feaf4    00000004     Local_pe674.oe674 (.const:ti_sysbios_family_c64p_Hwi_E_alreadyDefined__C)
                  c09feaf8    00000004     Local_pe674.oe674 (.const:ti_sysbios_family_c64p_Hwi_E_handleNotFound__C)
                  c09feafc    00000004     Local_pe674.oe674 (.const:ti_sysbios_family_c64p_Hwi_LD_end__C)
                  c09feb00    00000004     Local_pe674.oe674 (.const:ti_sysbios_family_c64p_Hwi_LM_begin__C)
                  c09feb04    00000004     Local_pe674.oe674 (.const:ti_sysbios_family_c64p_Hwi_Module__diagsEnabled__C)
                  c09feb08    00000004     Local_pe674.oe674 (.const:ti_sysbios_family_c64p_Hwi_Module__diagsIncluded__C)
                  c09feb0c    00000004     Local_pe674.oe674 (.const:ti_sysbios_family_c64p_Hwi_Module__diagsMask__C)
                  c09feb10    00000004     Local_pe674.oe674 (.const:ti_sysbios_family_c64p_Hwi_Module__loggerFxn1__C)
                  c09feb14    00000004     Local_pe674.oe674 (.const:ti_sysbios_family_c64p_Hwi_Module__loggerFxn8__C)
                  c09feb18    00000004     Local_pe674.oe674 (.const:ti_sysbios_family_c64p_Hwi_Module__loggerObj__C)
                  c09feb1c    00000004     Local_pe674.oe674 (.const:ti_sysbios_family_c64p_Hwi_Object__heap__C)
                  c09feb20    00000004     Local_pe674.oe674 (.const:ti_sysbios_gates_GateMutex_A_badContext__C)
                  c09feb24    00000004     Local_pe674.oe674 (.const:ti_sysbios_gates_GateMutex_Instance_State_sem__O)
                  c09feb28    00000004     Local_pe674.oe674 (.const:ti_sysbios_gates_GateMutex_Module__diagsEnabled__C)
                  c09feb2c    00000004     Local_pe674.oe674 (.const:ti_sysbios_gates_GateMutex_Module__diagsIncluded__C)
                  c09feb30    00000004     Local_pe674.oe674 (.const:ti_sysbios_gates_GateMutex_Module__diagsMask__C)
                  c09feb34    00000004     Local_pe674.oe674 (.const:ti_sysbios_hal_Hwi_E_stackOverflow__C)
                  c09feb38    00000004     Local_pe674.oe674 (.const:ti_sysbios_heaps_HeapMem_A_align__C)
                  c09feb3c    00000004     Local_pe674.oe674 (.const:ti_sysbios_heaps_HeapMem_A_heapSize__C)
                  c09feb40    00000004     Local_pe674.oe674 (.const:ti_sysbios_heaps_HeapMem_A_invalidFree__C)
                  c09feb44    00000004     Local_pe674.oe674 (.const:ti_sysbios_heaps_HeapMem_A_zeroBlock__C)
                  c09feb48    00000004     Local_pe674.oe674 (.const:ti_sysbios_heaps_HeapMem_E_memory__C)
                  c09feb4c    00000004     Local_pe674.oe674 (.const:ti_sysbios_heaps_HeapMem_Module__diagsEnabled__C)
                  c09feb50    00000004     Local_pe674.oe674 (.const:ti_sysbios_heaps_HeapMem_Module__diagsIncluded__C)
                  c09feb54    00000004     Local_pe674.oe674 (.const:ti_sysbios_heaps_HeapMem_Module__diagsMask__C)
                  c09feb58    00000004     Local_pe674.oe674 (.const:ti_sysbios_heaps_HeapMem_Module__gateObj__C)
                  c09feb5c    00000004     Local_pe674.oe674 (.const:ti_sysbios_heaps_HeapMem_Object__count__C)
                  c09feb60    00000004     Local_pe674.oe674 (.const:ti_sysbios_heaps_HeapMem_Object__table__C)
                  c09feb64    00000004     Local_pe674.oe674 (.const:ti_sysbios_heaps_HeapMem_reqAlign__C)
                  c09feb68    00000004     Local_pe674.oe674 (.const:ti_sysbios_knl_Clock_A_badThreadType__C)
                  c09feb6c    00000004     Local_pe674.oe674 (.const:ti_sysbios_knl_Clock_A_clockDisabled__C)
                  c09feb70    00000004     Local_pe674.oe674 (.const:ti_sysbios_knl_Clock_LM_begin__C)
                  c09feb74    00000004     Local_pe674.oe674 (.const:ti_sysbios_knl_Clock_LM_tick__C)
                  c09feb78    00000004     Local_pe674.oe674 (.const:ti_sysbios_knl_Clock_LW_delayed__C)
                  c09feb7c    00000004     Local_pe674.oe674 (.const:ti_sysbios_knl_Clock_Module_State_clockQ__O)
                  c09feb80    00000004     Local_pe674.oe674 (.const:ti_sysbios_knl_Clock_Module__diagsEnabled__C)
                  c09feb84    00000004     Local_pe674.oe674 (.const:ti_sysbios_knl_Clock_Module__diagsIncluded__C)
                  c09feb88    00000004     Local_pe674.oe674 (.const:ti_sysbios_knl_Clock_Module__diagsMask__C)
                  c09feb8c    00000004     Local_pe674.oe674 (.const:ti_sysbios_knl_Clock_Module__loggerFxn1__C)
                  c09feb90    00000004     Local_pe674.oe674 (.const:ti_sysbios_knl_Clock_Module__loggerFxn2__C)
                  c09feb94    00000004     Local_pe674.oe674 (.const:ti_sysbios_knl_Clock_Module__loggerObj__C)
                  c09feb98    00000004     Local_pe674.oe674 (.const:ti_sysbios_knl_Clock_tickPeriod__C)
                  c09feb9c    00000004     Local_pe674.oe674 (.const:ti_sysbios_knl_Event_A_badContext__C)
                  c09feba0    00000004     Local_pe674.oe674 (.const:ti_sysbios_knl_Event_A_eventInUse__C)
                  c09feba4    00000004     Local_pe674.oe674 (.const:ti_sysbios_knl_Event_A_nullEventId__C)
                  c09feba8    00000004     Local_pe674.oe674 (.const:ti_sysbios_knl_Event_A_nullEventMasks__C)
                  c09febac    00000004     Local_pe674.oe674 (.const:ti_sysbios_knl_Event_A_pendTaskDisabled__C)
                  c09febb0    00000004     Local_pe674.oe674 (.const:ti_sysbios_knl_Event_Instance_State_pendQ__O)
                  c09febb4    00000004     Local_pe674.oe674 (.const:ti_sysbios_knl_Event_LM_pend__C)
                  c09febb8    00000004     Local_pe674.oe674 (.const:ti_sysbios_knl_Event_LM_post__C)
                  c09febbc    00000004     Local_pe674.oe674 (.const:ti_sysbios_knl_Event_Module__diagsEnabled__C)
                  c09febc0    00000004     Local_pe674.oe674 (.const:ti_sysbios_knl_Event_Module__diagsIncluded__C)
                  c09febc4    00000004     Local_pe674.oe674 (.const:ti_sysbios_knl_Event_Module__diagsMask__C)
                  c09febc8    00000004     Local_pe674.oe674 (.const:ti_sysbios_knl_Event_Module__loggerFxn4__C)
                  c09febcc    00000004     Local_pe674.oe674 (.const:ti_sysbios_knl_Event_Module__loggerFxn8__C)
                  c09febd0    00000004     Local_pe674.oe674 (.const:ti_sysbios_knl_Event_Module__loggerObj__C)
                  c09febd4    00000004     Local_pe674.oe674 (.const:ti_sysbios_knl_Queue_Object__table__C)
                  c09febd8    00000004     Local_pe674.oe674 (.const:ti_sysbios_knl_Semaphore_A_badContext__C)
                  c09febdc    00000004     Local_pe674.oe674 (.const:ti_sysbios_knl_Semaphore_A_noEvents__C)
                  c09febe0    00000004     Local_pe674.oe674 (.const:ti_sysbios_knl_Semaphore_A_overflow__C)
                  c09febe4    00000004     Local_pe674.oe674 (.const:ti_sysbios_knl_Semaphore_A_pendTaskDisabled__C)
                  c09febe8    00000004     Local_pe674.oe674 (.const:ti_sysbios_knl_Semaphore_Instance_State_pendQ__O)
                  c09febec    00000004     Local_pe674.oe674 (.const:ti_sysbios_knl_Semaphore_LM_pend__C)
                  c09febf0    00000004     Local_pe674.oe674 (.const:ti_sysbios_knl_Semaphore_LM_post__C)
                  c09febf4    00000004     Local_pe674.oe674 (.const:ti_sysbios_knl_Semaphore_Module__diagsEnabled__C)
                  c09febf8    00000004     Local_pe674.oe674 (.const:ti_sysbios_knl_Semaphore_Module__diagsIncluded__C)
                  c09febfc    00000004     Local_pe674.oe674 (.const:ti_sysbios_knl_Semaphore_Module__diagsMask__C)
                  c09fec00    00000004     Local_pe674.oe674 (.const:ti_sysbios_knl_Semaphore_Module__loggerFxn2__C)
                  c09fec04    00000004     Local_pe674.oe674 (.const:ti_sysbios_knl_Semaphore_Module__loggerFxn4__C)
                  c09fec08    00000004     Local_pe674.oe674 (.const:ti_sysbios_knl_Semaphore_Module__loggerObj__C)
                  c09fec0c    00000004     Local_pe674.oe674 (.const:ti_sysbios_knl_Swi_A_badPriority__C)
                  c09fec10    00000004     Local_pe674.oe674 (.const:ti_sysbios_knl_Swi_A_swiDisabled__C)
                  c09fec14    00000004     Local_pe674.oe674 (.const:ti_sysbios_knl_Swi_LD_end__C)
                  c09fec18    00000004     Local_pe674.oe674 (.const:ti_sysbios_knl_Swi_LM_begin__C)
                  c09fec1c    00000004     Local_pe674.oe674 (.const:ti_sysbios_knl_Swi_LM_post__C)
                  c09fec20    00000004     Local_pe674.oe674 (.const:ti_sysbios_knl_Swi_Module__diagsEnabled__C)
                  c09fec24    00000004     Local_pe674.oe674 (.const:ti_sysbios_knl_Swi_Module__diagsIncluded__C)
                  c09fec28    00000004     Local_pe674.oe674 (.const:ti_sysbios_knl_Swi_Module__diagsMask__C)
                  c09fec2c    00000004     Local_pe674.oe674 (.const:ti_sysbios_knl_Swi_Module__loggerFxn1__C)
                  c09fec30    00000004     Local_pe674.oe674 (.const:ti_sysbios_knl_Swi_Module__loggerFxn4__C)
                  c09fec34    00000004     Local_pe674.oe674 (.const:ti_sysbios_knl_Swi_Module__loggerObj__C)
                  c09fec38    00000004     Local_pe674.oe674 (.const:ti_sysbios_knl_Swi_Object__count__C)
                  c09fec3c    00000004     Local_pe674.oe674 (.const:ti_sysbios_knl_Swi_Object__heap__C)
                  c09fec40    00000004     Local_pe674.oe674 (.const:ti_sysbios_knl_Swi_Object__table__C)
                  c09fec44    00000004     Local_pe674.oe674 (.const:ti_sysbios_knl_Swi_numConstructedSwis__C)
                  c09fec48    00000004     Local_pe674.oe674 (.const:ti_sysbios_knl_Task_A_badPriority__C)
                  c09fec4c    00000004     Local_pe674.oe674 (.const:ti_sysbios_knl_Task_A_badTaskState__C)
                  c09fec50    00000004     Local_pe674.oe674 (.const:ti_sysbios_knl_Task_A_badThreadType__C)
                  c09fec54    00000004     Local_pe674.oe674 (.const:ti_sysbios_knl_Task_A_badTimeout__C)
                  c09fec58    00000004     Local_pe674.oe674 (.const:ti_sysbios_knl_Task_A_noPendElem__C)
                  c09fec5c    00000004     Local_pe674.oe674 (.const:ti_sysbios_knl_Task_A_sleepTaskDisabled__C)
                  c09fec60    00000004     Local_pe674.oe674 (.const:ti_sysbios_knl_Task_A_taskDisabled__C)
                  c09fec64    00000004     Local_pe674.oe674 (.const:ti_sysbios_knl_Task_E_deleteNotAllowed__C)
                  c09fec68    00000004     Local_pe674.oe674 (.const:ti_sysbios_knl_Task_E_spOutOfBounds__C)
                  c09fec6c    00000004     Local_pe674.oe674 (.const:ti_sysbios_knl_Task_E_stackOverflow__C)
                  c09fec70    00000004     Local_pe674.oe674 (.const:ti_sysbios_knl_Task_LD_block__C)
                  c09fec74    00000004     Local_pe674.oe674 (.const:ti_sysbios_knl_Task_LD_exit__C)
                  c09fec78    00000004     Local_pe674.oe674 (.const:ti_sysbios_knl_Task_LD_ready__C)
                  c09fec7c    00000004     Local_pe674.oe674 (.const:ti_sysbios_knl_Task_LM_setPri__C)
                  c09fec80    00000004     Local_pe674.oe674 (.const:ti_sysbios_knl_Task_LM_sleep__C)
                  c09fec84    00000004     Local_pe674.oe674 (.const:ti_sysbios_knl_Task_LM_switch__C)
                  c09fec88    00000004     Local_pe674.oe674 (.const:ti_sysbios_knl_Task_LM_yield__C)
                  c09fec8c    00000004     Local_pe674.oe674 (.const:ti_sysbios_knl_Task_Module_State_inactiveQ__O)
                  c09fec90    00000004     Local_pe674.oe674 (.const:ti_sysbios_knl_Task_Module_State_terminatedQ__O)
                  c09fec94    00000004     Local_pe674.oe674 (.const:ti_sysbios_knl_Task_Module__diagsEnabled__C)
                  c09fec98    00000004     Local_pe674.oe674 (.const:ti_sysbios_knl_Task_Module__diagsIncluded__C)
                  c09fec9c    00000004     Local_pe674.oe674 (.const:ti_sysbios_knl_Task_Module__diagsMask__C)
                  c09feca0    00000004     Local_pe674.oe674 (.const:ti_sysbios_knl_Task_Module__loggerFxn2__C)
                  c09feca4    00000004     Local_pe674.oe674 (.const:ti_sysbios_knl_Task_Module__loggerFxn4__C)
                  c09feca8    00000004     Local_pe674.oe674 (.const:ti_sysbios_knl_Task_Module__loggerObj__C)
                  c09fecac    00000004     Local_pe674.oe674 (.const:ti_sysbios_knl_Task_Object__count__C)
                  c09fecb0    00000004     Local_pe674.oe674 (.const:ti_sysbios_knl_Task_Object__heap__C)
                  c09fecb4    00000004     Local_pe674.oe674 (.const:ti_sysbios_knl_Task_Object__table__C)
                  c09fecb8    00000004     Local_pe674.oe674 (.const:ti_sysbios_knl_Task_allBlockedFunc__C)
                  c09fecbc    00000004     Local_pe674.oe674 (.const:ti_sysbios_knl_Task_defaultStackHeap__C)
                  c09fecc0    00000004     Local_pe674.oe674 (.const:ti_sysbios_knl_Task_defaultStackSize__C)
                  c09fecc4    00000004     Local_pe674.oe674 (.const:ti_sysbios_knl_Task_numConstructedTasks__C)
                  c09fecc8    00000004     Local_pe674.oe674 (.const:ti_sysbios_syncs_SyncEvent_A_nullHandle__C)
                  c09feccc    00000004     Local_pe674.oe674 (.const:ti_sysbios_syncs_SyncEvent_Module__diagsEnabled__C)
                  c09fecd0    00000004     Local_pe674.oe674 (.const:ti_sysbios_syncs_SyncEvent_Module__diagsIncluded__C)
                  c09fecd4    00000004     Local_pe674.oe674 (.const:ti_sysbios_syncs_SyncEvent_Module__diagsMask__C)
                  c09fecd8    00000004     Local_pe674.oe674 (.const:ti_sysbios_timers_timer64_Timer_A_notAvailable__C)
                  c09fecdc    00000004     Local_pe674.oe674 (.const:ti_sysbios_timers_timer64_Timer_E_cannotSupport__C)
                  c09fece0    00000004     Local_pe674.oe674 (.const:ti_sysbios_timers_timer64_Timer_E_invalidTimer__C)
                  c09fece4    00000004     Local_pe674.oe674 (.const:ti_sysbios_timers_timer64_Timer_E_notAvailable__C)
                  c09fece8    00000004     Local_pe674.oe674 (.const:ti_sysbios_timers_timer64_Timer_Module__diagsEnabled__C)
                  c09fecec    00000004     Local_pe674.oe674 (.const:ti_sysbios_timers_timer64_Timer_Module__diagsIncluded__C)
                  c09fecf0    00000004     Local_pe674.oe674 (.const:ti_sysbios_timers_timer64_Timer_Module__diagsMask__C)
                  c09fecf4    00000004     Local_pe674.oe674 (.const:ti_sysbios_timers_timer64_Timer_anyMask__C)
                  c09fecf8    00000004     Local_pe674.oe674 (.const:ti_sysbios_timers_timer64_Timer_defaultHalf__C)
                  c09fecfc    00000004     Local_pe674.oe674 (.const:ti_sysbios_timers_timer64_Timer_freqDivisor__C)
                  c09fed00    00000004     Local_pe674.oe674 (.const:ti_sysbios_timers_timer64_Timer_numLocalTimers__C)
                  c09fed04    00000004     Local_pe674.oe674 (.const:ti_sysbios_timers_timer64_Timer_numTimerDevices__C)
                  c09fed08    00000004     Local_pe674.oe674 (.const:ti_sysbios_utils_Load_LS_cpuLoad__C)
                  c09fed0c    00000004     Local_pe674.oe674 (.const:ti_sysbios_utils_Load_LS_hwiLoad__C)
                  c09fed10    00000004     Local_pe674.oe674 (.const:ti_sysbios_utils_Load_LS_swiLoad__C)
                  c09fed14    00000004     Local_pe674.oe674 (.const:ti_sysbios_utils_Load_LS_taskLoad__C)
                  c09fed18    00000004     Local_pe674.oe674 (.const:ti_sysbios_utils_Load_Module_State_taskList__O)
                  c09fed1c    00000004     Local_pe674.oe674 (.const:ti_sysbios_utils_Load_Module__diagsEnabled__C)
                  c09fed20    00000004     Local_pe674.oe674 (.const:ti_sysbios_utils_Load_Module__diagsIncluded__C)
                  c09fed24    00000004     Local_pe674.oe674 (.const:ti_sysbios_utils_Load_Module__diagsMask__C)
                  c09fed28    00000004     Local_pe674.oe674 (.const:ti_sysbios_utils_Load_Module__loggerFxn1__C)
                  c09fed2c    00000004     Local_pe674.oe674 (.const:ti_sysbios_utils_Load_Module__loggerFxn2__C)
                  c09fed30    00000004     Local_pe674.oe674 (.const:ti_sysbios_utils_Load_Module__loggerFxn4__C)
                  c09fed34    00000004     Local_pe674.oe674 (.const:ti_sysbios_utils_Load_Module__loggerObj__C)
                  c09fed38    00000004     Local_pe674.oe674 (.const:ti_sysbios_utils_Load_postUpdate__C)
                  c09fed3c    00000004     Local_pe674.oe674 (.const:ti_sysbios_utils_Load_windowInMs__C)
                  c09fed40    00000004     Local_pe674.oe674 (.const:ti_uia_events_UIASync_globalTimerFreq__C)
                  c09fed44    00000004     Local_pe674.oe674 (.const:ti_uia_events_UIASync_syncPointAfterHalt__C)
                  c09fed48    00000004     Local_pe674.oe674 (.const:ti_uia_events_UIASync_syncPoint__C)
                  c09fed4c    00000004     Local_pe674.oe674 (.const:ti_uia_runtime_ILoggerSnapshot_Interface__BASE__C)
                  c09fed50    00000004     Local_pe674.oe674 (.const:ti_uia_runtime_IUIATransfer_Interface__BASE__C)
                  c09fed54    00000004     Local_pe674.oe674 (.const:ti_uia_runtime_LogSync_Module__loggerObj__C)
                  c09fed58    00000004     Local_pe674.oe674 (.const:ti_uia_runtime_LogSync_cpuTimestampCyclesPerTick__C)
                  c09fed5c    00000004     Local_pe674.oe674 (.const:ti_uia_runtime_LogSync_globalTimestampCpuCyclesPerTick__C)
                  c09fed60    00000004     Local_pe674.oe674 (.const:ti_uia_runtime_LogSync_injectIntoTraceFxn__C)
                  c09fed64    00000004     Local_pe674.oe674 (.const:ti_uia_runtime_LoggerCircBuf_E_badLevel__C)
                  c09fed68    00000004     Local_pe674.oe674 (.const:ti_uia_runtime_LoggerCircBuf_Object__count__C)
                  c09fed6c    00000004     Local_pe674.oe674 (.const:ti_uia_runtime_LoggerCircBuf_Object__table__C)
                  c09fed70    00000004     Local_pe674.oe674 (.const:ti_uia_runtime_LoggerCircBuf_overflowLogger__C)
                  c09fed74    00000004     Local_pe674.oe674 (.const:ti_uia_runtime_LoggerCircBuf_statusLogger__C)
                  c09fed78    00000004     Local_pe674.oe674 (.const:ti_uia_runtime_ServiceMgr_A_invalidProcessCallbackFxn__C)
                  c09fed7c    00000004     Local_pe674.oe674 (.const:ti_uia_runtime_ServiceMgr_A_invalidServiceId__C)
                  c09fed80    00000004     Local_pe674.oe674 (.const:ti_uia_runtime_ServiceMgr_Module__diagsEnabled__C)
                  c09fed84    00000004     Local_pe674.oe674 (.const:ti_uia_runtime_ServiceMgr_Module__diagsIncluded__C)
                  c09fed88    00000004     Local_pe674.oe674 (.const:ti_uia_runtime_ServiceMgr_Module__diagsMask__C)
                  c09fed8c    00000004     Local_pe674.oe674 (.const:ti_uia_runtime_ServiceMgr_maxCtrlPacketSize__C)
                  c09fed90    00000004     Local_pe674.oe674 (.const:ti_uia_runtime_ServiceMgr_maxEventPacketSize__C)
                  c09fed94    00000004     Local_pe674.oe674 (.const:ti_uia_runtime_ServiceMgr_numEventPacketBufs__C)
                  c09fed98    00000004     Local_pe674.oe674 (.const:ti_uia_runtime_ServiceMgr_numIncomingCtrlPacketBufs__C)
                  c09fed9c    00000004     Local_pe674.oe674 (.const:ti_uia_runtime_ServiceMgr_numOutgoingCtrlPacketBufs__C)
                  c09feda0    00000004     Local_pe674.oe674 (.const:ti_uia_runtime_ServiceMgr_periodInMs__C)
                  c09feda4    00000004     Local_pe674.oe674 (.const:ti_uia_runtime_ServiceMgr_processCallbackFxn__C)
                  c09feda8    00000004     Local_pe674.oe674 (.const:ti_uia_services_Rta_LD_cmdRcvd__C)
                  c09fedac    00000004     Local_pe674.oe674 (.const:ti_uia_services_Rta_LD_recordsSent__C)
                  c09fedb0    00000004     Local_pe674.oe674 (.const:ti_uia_services_Rta_LD_writeMask__C)
                  c09fedb4    00000004     Local_pe674.oe674 (.const:ti_uia_services_Rta_Module__diagsEnabled__C)
                  c09fedb8    00000004     Local_pe674.oe674 (.const:ti_uia_services_Rta_Module__diagsIncluded__C)
                  c09fedbc    00000004     Local_pe674.oe674 (.const:ti_uia_services_Rta_Module__diagsMask__C)
                  c09fedc0    00000004     Local_pe674.oe674 (.const:ti_uia_services_Rta_Module__loggerFxn2__C)
                  c09fedc4    00000004     Local_pe674.oe674 (.const:ti_uia_services_Rta_Module__loggerFxn4__C)
                  c09fedc8    00000004     Local_pe674.oe674 (.const:ti_uia_services_Rta_Module__loggerObj__C)
                  c09fedcc    00000004     Local_pe674.oe674 (.const:ti_uia_services_Rta_periodInMs__C)
                  c09fedd0    00000004     Local_pe674.oe674 (.const:ti_uia_sysbios_Adaptor_eventBuf__C)
                  c09fedd4    00000004     Local_pe674.oe674 (.const:ti_uia_sysbios_Adaptor_msgBuf__C)
                  c09fedd8    00000004     Local_pe674.oe674 (.const:ti_uia_sysbios_Adaptor_period__C)
                  c09feddc    00000004     Local_pe674.oe674 (.const:ti_uia_sysbios_Adaptor_reqEnergy__C)
                  c09fede0    00000004     Local_pe674.oe674 (.const:ti_uia_sysbios_Adaptor_scheduled__C)
                  c09fede4    00000004     Local_pe674.oe674 (.const:xdc_runtime_Assert_E_assertFailed__C)
                  c09fede8    00000004     Local_pe674.oe674 (.const:xdc_runtime_Core_A_initializedParams__C)
                  c09fedec    00000004     Local_pe674.oe674 (.const:xdc_runtime_Core_Module__diagsEnabled__C)
                  c09fedf0    00000004     Local_pe674.oe674 (.const:xdc_runtime_Core_Module__diagsIncluded__C)
                  c09fedf4    00000004     Local_pe674.oe674 (.const:xdc_runtime_Core_Module__diagsMask__C)
                  c09fedf8    00000004     Local_pe674.oe674 (.const:xdc_runtime_Error_E_memory__C)
                  c09fedfc    00000004     Local_pe674.oe674 (.const:xdc_runtime_Error_Module__diagsEnabled__C)
                  c09fee00    00000004     Local_pe674.oe674 (.const:xdc_runtime_Error_Module__diagsIncluded__C)
                  c09fee04    00000004     Local_pe674.oe674 (.const:xdc_runtime_Error_Module__diagsMask__C)
                  c09fee08    00000004     Local_pe674.oe674 (.const:xdc_runtime_Error_Module__loggerFxn8__C)
                  c09fee0c    00000004     Local_pe674.oe674 (.const:xdc_runtime_Error_Module__loggerObj__C)
                  c09fee10    00000004     Local_pe674.oe674 (.const:xdc_runtime_Error_policy__C)
                  c09fee14    00000004     Local_pe674.oe674 (.const:xdc_runtime_Error_raiseHook__C)
                  c09fee18    00000004     Local_pe674.oe674 (.const:xdc_runtime_IFilterLogger_Interface__BASE__C)
                  c09fee1c    00000004     Local_pe674.oe674 (.const:xdc_runtime_IGateProvider_Interface__BASE__C)
                  c09fee20    00000004     Local_pe674.oe674 (.const:xdc_runtime_IHeap_Interface__BASE__C)
                  c09fee24    00000004     Local_pe674.oe674 (.const:xdc_runtime_ILogger_Interface__BASE__C)
                  c09fee28    00000004     Local_pe674.oe674 (.const:xdc_runtime_IModule_Interface__BASE__C)
                  c09fee2c    00000004     Local_pe674.oe674 (.const:xdc_runtime_Log_L_error__C)
                  c09fee30    00000004     Local_pe674.oe674 (.const:xdc_runtime_Memory_defaultHeapInstance__C)
                  c09fee34    00000004     Local_pe674.oe674 (.const:xdc_runtime_Startup_execImpl__C)
                  c09fee38    00000004     Local_pe674.oe674 (.const:xdc_runtime_Startup_lastFxns__A)
                  c09fee3c    00000004     Local_pe674.oe674 (.const:xdc_runtime_Startup_maxPasses__C)
                  c09fee40    00000004     Local_pe674.oe674 (.const:xdc_runtime_Startup_sfxnRts__C)
                  c09fee44    00000004     Local_pe674.oe674 (.const:xdc_runtime_Startup_sfxnTab__C)
                  c09fee48    00000004     Local_pe674.oe674 (.const:xdc_runtime_Startup_startModsFxn__C)
                  c09fee4c    00000004     Local_pe674.oe674 (.const:xdc_runtime_SysMin_bufSize__C)
                  c09fee50    00000004     Local_pe674.oe674 (.const:xdc_runtime_SysMin_outputFunc__C)
                  c09fee54    00000004     Local_pe674.oe674 (.const:xdc_runtime_System_Module__gateObj__C)
                  c09fee58    00000004     Local_pe674.oe674 (.const:xdc_runtime_System_extendFxn__C)
                  c09fee5c    00000004     Local_pe674.oe674 (.const:xdc_runtime_System_maxAtexitHandlers__C)
                  c09fee60    00000004     Local_pe674.oe674 (.const:xdc_runtime_Text_charTab__C)
                  c09fee64    00000004     Local_pe674.oe674 (.const:xdc_runtime_Text_nameEmpty__C)
                  c09fee68    00000004     Local_pe674.oe674 (.const:xdc_runtime_Text_nameStatic__C)
                  c09fee6c    00000004     Local_pe674.oe674 (.const:xdc_runtime_Text_nameUnknown__C)
                  c09fee70    00000004     Local_pe674.oe674 (.const:xdc_runtime_Text_nodeTab__C)
                  c09fee74    00000004     Local_pe674.oe674 (.const:xdc_runtime_Text_visitRopeFxn__C)
                  c09fee78    00000004     Local_pe674.oe674 (.const:xdc_runtime_knl_ISync_Interface__BASE__C)
                  c09fee7c    00000002     Local_pe674.oe674 (.const:ti_sysbios_knl_Semaphore_Module__id__C)
                  c09fee7e    00000002     Local_pe674.oe674 (.const:ti_sysbios_knl_Semaphore_Module__loggerDefined__C)
                  c09fee80    00000002     Local_pe674.oe674 (.const:ti_sysbios_knl_Swi_Module__id__C)
                  c09fee82    00000002     Local_pe674.oe674 (.const:ti_sysbios_knl_Swi_Module__loggerDefined__C)
                  c09fee84    00000002     Local_pe674.oe674 (.const:ti_sysbios_knl_Task_Module__id__C)
                  c09fee86    00000002     Local_pe674.oe674 (.const:ti_sysbios_knl_Task_Module__loggerDefined__C)
                  c09fee88    00000002     Local_pe674.oe674 (.const:ti_sysbios_knl_Task_initStackFlag__C)
                  c09fee8a    00000002     Local_pe674.oe674 (.const:ti_sysbios_syncs_SyncEvent_Module__id__C)
                  c09fee8c    00000002     Local_pe674.oe674 (.const:ti_sysbios_timers_timer64_Timer_Module__id__C)
                  c09fee8e    00000002     Local_pe674.oe674 (.const:ti_sysbios_timers_timer64_Timer_startupNeeded__C)
                  c09fee90    00000002     Local_pe674.oe674 (.const:ti_sysbios_utils_Load_Module__id__C)
                  c09fee92    00000002     Local_pe674.oe674 (.const:ti_sysbios_utils_Load_Module__loggerDefined__C)
                  c09fee94    00000002     Local_pe674.oe674 (.const:ti_sysbios_utils_Load_autoAddTasks__C)
                  c09fee96    00000002     Local_pe674.oe674 (.const:ti_sysbios_utils_Load_hwiEnabled__C)
                  c09fee98    00000002     Local_pe674.oe674 (.const:ti_sysbios_utils_Load_updateInIdle__C)
                  c09fee9a    00000002     Local_pe674.oe674 (.const:ti_uia_runtime_LogSync_Module__id__C)
                  c09fee9c    00000002     Local_pe674.oe674 (.const:ti_uia_runtime_LogSync_Module__loggerDefined__C)
                  c09fee9e    00000002     Local_pe674.oe674 (.const:ti_uia_runtime_LoggerCircBuf_Module__id__C)
                  c09feea0    00000002     Local_pe674.oe674 (.const:ti_uia_runtime_LoggerCircBuf_filterByLevel__C)
                  c09feea2    00000002     Local_pe674.oe674 (.const:ti_uia_runtime_LoggerCircBuf_isTimestampEnabled__C)
                  c09feea4    00000002     Local_pe674.oe674 (.const:ti_uia_runtime_ServiceMgr_Module__id__C)
                  c09feea6    00000002     Local_pe674.oe674 (.const:ti_uia_runtime_ServiceMgr_supportControl__C)
                  c09feea8    00000002     Local_pe674.oe674 (.const:ti_uia_services_Rta_Module__id__C)
                  c09feeaa    00000002     Local_pe674.oe674 (.const:ti_uia_services_Rta_Module__loggerDefined__C)
                  c09feeac    00000002     Local_pe674.oe674 (.const:ti_uia_services_Rta_SERVICEID__C)
                  c09feeae    00000002     Local_pe674.oe674 (.const:xdc_runtime_Core_Module__id__C)
                  c09feeb0    00000002     Local_pe674.oe674 (.const:xdc_runtime_Error_Module__loggerDefined__C)
                  c09feeb2    00000002     Local_pe674.oe674 (.const:xdc_runtime_Error_maxDepth__C)
                  c09feeb4    00000002     Local_pe674.oe674 (.const:xdc_runtime_Memory_Module__id__C)
                  c09feeb6    00000002     Local_pe674.oe674 (.const:xdc_runtime_SysMin_flushAtExit__C)
                  c09feeb8    00000002     Local_pe674.oe674 (.const:xdc_runtime_Text_charCnt__C)
                  c09feeba    00000002     Local_pe674.oe674 (.const:xdc_runtime_Text_isLoaded__C)
                  c09feebc    00000002     Local_pe674.oe674 (.const:xdc_runtime_Text_registryModsLastId__C)
                  c09feebe    00000002     Local_pe674.oe674 (.const:xdc_runtime_Text_unnamedModsLastId__C)
                  c09feec0    00000001     Local_pe674.oe674 (.const:.string:$P$T0$1)

.switch.1 
*          0    c09feec4    0000001c     
                  c09feec4    0000001c     stk6.ae674 : sock6int.oe674 (.switch:Sock6Notify)

.switch.2 
*          0    c0a622e0    0000011c     
                  c0a622e0    0000005c     rts6740_elf.lib : _scanfi.c.obj (.switch:__TI_scanfi)
                  c0a6233c    0000003c     stk6.ae674 : sock.oe674 (.switch:SockSet)
                  c0a62378    00000038                : icmpin.oe674 (.switch:ICMPInput)
                  c0a623b0    00000038                : icmpv6in.oe674 (.switch:ICMPv6RxPacket)
                  c0a623e8    00000014                : icmpv6in.oe674 (.switch:ICMPv6RecvDstUnreachable)

.vecs      0    c0a64400    00000200     
                  c0a64400    00000200     Local_pe674.oe674 (.vecs)

xdc.meta   0    c0000000    000000f0     COPY SECTION
                  c0000000    000000f0     Local_pe674.oe674 (xdc.meta)

.text      0    c09feee0    00063400     
                  c09feee0    000020c0     rts6740_elf.lib : _printfi.c.obj (.text:__TI_printfi)
                  c0a00fa0    00002080                     : _scanfi.c.obj (.text:__TI_scanfi)
                  c0a03020    000019e0     stk6.ae674 : tcp6in.oe674 (.text:TCP6Input)
                  c0a04a00    000019e0                : tcpin.oe674 (.text:TcpInput)
                  c0a063e0    000017a0     drivers.lib : rtc.obj (.text)
                  c0a07b80    00001220     stk6.ae674 : tcpout.oe674 (.text:TcpOutput)
                  c0a08da0    00001180                : tcp6out.oe674 (.text:TCP6Output)
                  c0a09f20    00000f00     ti.drv.omapl138.ae674 : csl_emac.oe674 (.text:EMAC_open)
                  c0a0ae20    00000e60     grlib.lib : string.obj (.text)
                  c0a0bc80    00000e00     drivers.lib : raster.obj (.text)
                  c0a0ca80    00000dc0                 : ehrpwm.obj (.text)
                  c0a0d840    00000b80     stk6.ae674 : ipin.oe674 (.text:IPRxPacket)
                  c0a0e3c0    00000a20     Flash.obj (.text)
                  c0a0ede0    000009c0     stk6.ae674 : ipout.oe674 (.text:IPTxPacket)
                  c0a0f7a0    000009c0     UARTConsole.obj (.text)
                  c0a10160    000009a0     ti.drv.omapl138.ae674 : csl_mdio.oe674 (.text:MDIO_timerTick)
                  c0a10b00    00000960     Touch.obj (.text)
                  c0a11460    00000920     rts6740_elf.lib : strtod.c.obj (.text:strtod)
                  c0a11d80    00000900     grlib.lib : offscr16bpp.obj (.text)
                  c0a12680    000008c0     Command.obj (.text)
                  c0a12f40    000008a0     ti.targets.rts6000.ae674 : System.oe674 (.text:xdc_runtime_System_doPrint__I)
                  c0a137e0    00000820     LCD.obj (.text)
                  c0a14000    000007c0     stk6.ae674 : sock.oe674 (.text:SockSet)
                  c0a147c0    000007a0                : fileuser.oe674 (.text:fdPoll)
                  c0a14f60    00000780     sysbios.ae674 : BIOS.obj (.text:ti_sysbios_family_c64p_Exception_handler__I)
                  c0a156e0    00000780                   : BIOS.obj (.text:ti_sysbios_knl_Event_pend__E)
                  c0a15e60    00000720                   : BIOS.obj (.text:ti_sysbios_heaps_HeapMem_free__E)
                  c0a16580    000006c0     stk6.ae674 : sock6.oe674 (.text:Sock6Set)
                  c0a16c40    000006c0     grlib.lib : image.obj (.text)
                  c0a17300    000006c0               : line.obj (.text)
                  c0a179c0    000006a0     stk6.ae674 : icmpv6_ndisc.oe674 (.text:ICMPv6RecvRA)
                  c0a18060    000006a0     SATA.obj (.text)
                  c0a18700    000006a0     sysbios.ae674 : BIOS.obj (.text:ti_sysbios_knl_Semaphore_pend__E)
                  c0a18da0    000006a0                   : BIOS.obj (.text:ti_sysbios_knl_Task_Instance_finalize__F)
                  c0a19440    00000660     stk6.ae674 : route6.oe674 (.text:Rt6Create)
                  c0a19aa0    00000660     rts6740_elf.lib : _printfi.c.obj (.text:_pconv_a)
                  c0a1a100    00000620     sysbios.ae674 : BIOS.obj (.text:ti_sysbios_heaps_HeapMem_alloc__E)
                  c0a1a720    00000600     rts6740_elf.lib : divd.c.obj (.text:__c6xabi_divd)
                  c0a1ad20    00000600     sysbios.ae674 : BIOS.obj (.text:ti_sysbios_knl_Task_Instance_init__F)
                  c0a1b320    000005c0     DDR2.obj (.text)
                  c0a1b8e0    000005c0     stk6.ae674 : ipfrag.oe674 (.text:IPReasm)
                  c0a1bea0    000005a0                : icmpin.oe674 (.text:ICMPInput)
                  c0a1c440    000005a0     drivers.lib : spi.obj (.text)
                  c0a1c9e0    00000580                 : gpio.obj (.text)
                  c0a1cf60    00000580                 : uart.obj (.text)
                  c0a1d4e0    00000560     stk6.ae674 : bind6.oe674 (.text:Bind6New)
                  c0a1da40    00000560                : ipv6.oe674 (.text:IPv6IPAddressToString)
                  c0a1dfa0    00000540                : sock6.oe674 (.text:Sock6Connect)
                  c0a1e4e0    00000520     I2C.obj (.text)
                  c0a1ea00    00000520     stk6.ae674 : lliin.oe674 (.text:LLIRxPacket)
                  c0a1ef20    00000520     ti.drv.omapl138.ae674 : csl_mdio.oe674 (.text:MDIO_initContinue)
                  c0a1f440    00000520     stk6.ae674 : sock.oe674 (.text:SockNew)
                  c0a1f960    000004e0     LEDNixie.obj (.text)
                  c0a1fe40    000004e0     stk6.ae674 : udp.oe674 (.text:UdpInput)
                  c0a20320    000004e0     sysbios.ae674 : BIOS.obj (.text:ti_sysbios_timers_timer64_Timer_Module_startup__F)
                  c0a20800    000004c0     RTC.obj (.text)
                  c0a20cc0    000004c0     drivers.lib : i2c.obj (.text)
                  c0a21180    000004c0     rts6740_elf.lib : strtoll.c.obj (.text:strtoll)
                  c0a21640    000004a0     stk6.ae674 : sock6.oe674 (.text:Sock6Recv)
                  c0a21ae0    000004a0                : sock.oe674 (.text:SockRecv)
                  c0a21f80    00000440     EEPROM.obj (.text)
                  c0a223c0    00000440     stk6.ae674 : sock6.oe674 (.text:Sock6New)
                  c0a22800    00000440     rts6740_elf.lib : strtoull.c.obj (.text:strtoull)
                  c0a22c40    00000420     EMAC.obj (.text)
                  c0a23060    00000420     KEY.obj (.text)
                  c0a23480    00000420     nettool.ae674 : daemon.oe674 (.text:daemon)
                  c0a238a0    00000420     sysbios.ae674 : BIOS.obj (.text:ti_sysbios_knl_Task_sleep__E)
                  c0a23cc0    00000400     LED.obj (.text)
                  c0a240c0    00000400     stk6.ae674 : sock6.oe674 (.text:Sock6Send)
                  c0a244c0    00000400     rts6740_elf.lib : _printfi.c.obj (.text:_pconv_g)
                  c0a248c0    00000400     sysbios.ae674 : BIOS.obj (.text:ti_sysbios_knl_Task_setPri__E)
                  c0a24cc0    000003e0     stk6.ae674 : ipv6_frag.oe674 (.text:IPv6TxFragPacket)
                  c0a250a0    000003c0                : ipv6out.oe674 (.text:IPv6TxPacket)
                  c0a25460    000003c0                : lli6.oe674 (.text:LLI6TimerCheck)
                  c0a25820    000003c0                : sock.oe674 (.text:SockSend)
                  c0a25be0    000003c0                : tcp6.oe674 (.text:TCP6TimeoutCheck)
                  c0a25fa0    000003c0                : tcp.oe674 (.text:TcpTimeoutCheck)
                  c0a26360    000003c0     UDP.obj (.text)
                  c0a26720    000003c0     sysbios.ae674 : BIOS.obj (.text:ti_sysbios_family_c64p_Hwi_dispatchCore__I)
                  c0a26ae0    000003c0                   : BIOS.obj (.text:ti_sysbios_heaps_HeapMem_Instance_init__F)
                  c0a26ea0    000003c0                   : BIOS.obj (.text:ti_sysbios_timers_timer64_Timer_Instance_init__F)
                  c0a27260    000003a0     ti.drv.omapl138.ae674 : csl_emac.oe674 (.text:EMAC_close)
                  c0a27600    000003a0     stk6.ae674 : icmpv6in.oe674 (.text:ICMPv6RxPacket)
                  c0a279a0    000003a0                : nimu.oe674 (.text:NIMUIoctl)
                  c0a27d40    000003a0                : route.oe674 (.text:RtCreate)
                  c0a280e0    000003a0                : sb.oe674 (.text:SBRead)
                  c0a28480    000003a0     rts6740_elf.lib : strtol.c.obj (.text:strtol)
                  c0a28820    000003a0     sysbios.ae674 : BIOS.obj (.text:ti_sysbios_knl_Swi_run__I)
                  c0a28bc0    00000380     netctrl_min.ae674 : netctrl.oe674 (.text:NetScheduler)
                  c0a28f40    00000380     stk6.ae674 : sock.oe674 (.text:SockConnect)
                  c0a292c0    00000380     nettool.ae674 : dhcppkt.oe674 (.text:dhcpPacketProcess)
                  c0a29640    00000360     stk6.ae674 : icmpv6_ndisc.oe674 (.text:ICMPv6RecvRedirect)
                  c0a299a0    00000360                : icmpv6out.oe674 (.text:ICMPv6SendDstUnreachable)
                  c0a29d00    00000360                : igmp.oe674 (.text:IGMPInput)
                  c0a2a060    00000360                : ipv6_frag.oe674 (.text:IPv6FragReasm)
                  c0a2a3c0    00000360                : sock6int.oe674 (.text:Sock6Notify)
                  c0a2a720    00000360                : sockint.oe674 (.text:SockNotify)
                  c0a2aa80    00000360     sysbios.ae674 : BIOS.obj (.text:ti_sysbios_knl_Clock_Instance_init__F)
                  c0a2ade0    00000360                   : BIOS.obj (.text:ti_sysbios_knl_Swi_Instance_init__F)
                  c0a2b140    00000360                   : BIOS.obj (.text:ti_sysbios_timers_timer64_Timer_deviceConfig__I)
                  c0a2b4a0    00000340     stk6.ae674 : icmpv6_ndisc.oe674 (.text:ICMPv6RecvNS)
                  c0a2b7e0    00000340                : icmpv6out.oe674 (.text:ICMPv6SendParameterProblem)
                  c0a2bb20    00000340                : icmpv6out.oe674 (.text:ICMPv6SendTimeExceeded)
                  c0a2be60    00000340                : lliout.oe674 (.text:LLITxIpPacket)
                  c0a2c1a0    00000340     os.ae674 : mem.oe674 (.text:mmAlloc)
                  c0a2c4e0    00000340     Local_pe674.oe674 (.text:xdc_runtime_System_printfExtend__I)
                  c0a2c820    00000320     nettool.ae674 : config.oe674 (.text:CfgAddEntry)
                  c0a2cb40    00000320     stk6.ae674 : udp6.oe674 (.text:Udp6Input)
                  c0a2ce60    00000320     sysbios.ae674 : BIOS.obj (.text:ti_sysbios_knl_Event_post__E)
                  c0a2d180    00000320                   : BIOS.obj (.text:ti_sysbios_timers_timer64_Timer_initObj__I)
                  c0a2d4a0    00000300     EHRPWM.obj (.text)
                  c0a2d7a0    00000300     ti.drv.omapl138.ae674 : nimu_eth.oe674 (.text:Emacioctl)
                  c0a2daa0    00000300     stk6.ae674 : sock6pcb.oe674 (.text:Sock6PcbBind)
                  c0a2dda0    00000300     rts6740_elf.lib : strtoul.c.obj (.text:strtoul)
                  c0a2e0a0    00000300     sysbios.ae674 : BIOS.obj (.text:ti_sysbios_knl_Semaphore_post__E)
                  c0a2e3a0    00000300                   : BIOS.obj (.text:ti_sysbios_utils_Load_logLoads__I)
                  c0a2e6a0    00000300     ti.uia.services.ae674 : Rta.oe674 (.text:ti_uia_services_Rta_processMsg__I)
                  c0a2e9a0    000002e0     stk6.ae674 : ipv6_exthdrs.oe674 (.text:IPv6ParseExtnHeaders)
                  c0a2ec80    000002e0                : route6.oe674 (.text:Rt6Find)
                  c0a2ef60    000002e0                : sock6pcb.oe674 (.text:Sock6PcbFind)
                  c0a2f240    000002e0                : sock6pcb.oe674 (.text:Sock6PcbResolve)
                  c0a2f520    000002e0                : udp.oe674 (.text:UdpOutput)
                  c0a2f800    000002e0     rts6740_elf.lib : fputs.c.obj (.text:fputs)
                  c0a2fae0    000002e0     ti.uia.services.ae674 : Rta.oe674 (.text:ti_uia_services_Rta_flushLogger__I)
                  c0a2fdc0    000002c0     stk6.ae674 : bind.oe674 (.text:BindNew)
                  c0a30080    000002c0     ti.drv.omapl138.ae674 : ethdriver.oe674 (.text:HwPktOpen)
                  c0a30340    000002c0     stk6.ae674 : ipv6_frag.oe674 (.text:IPv6FragQEnqueueFrag)
                  c0a30600    000002c0                : node.oe674 (.text:NodeAdd)
                  c0a308c0    000002c0                : rtable.oe674 (.text:RtFind)
                  c0a30b80    000002c0                : sb6.oe674 (.text:SB6Read)
                  c0a30e40    000002c0     UART1.obj (.text)
                  c0a31100    000002a0     nettool.ae674 : dhcpmain.oe674 (.text:DHCPOpen)
                  c0a313a0    000002a0     SATATest.obj (.text)
                  c0a31640    000002a0     stk6.ae674 : sock6.oe674 (.text:Sock6Close)
                  c0a318e0    000002a0                : sock.oe674 (.text:SockClose)
                  c0a31b80    000002a0                : sockpcb.oe674 (.text:SockPcbResolve)
                  c0a31e20    000002a0                : tcp6prot.oe674 (.text:TCP6PrSetOption)
                  c0a320c0    000002a0                : tcpprot.oe674 (.text:TcpPrSetOption)
                  c0a32360    000002a0     rts6740_elf.lib : _printfi.c.obj (.text:_pconv_e)
                  c0a32600    000002a0                     : _printfi.c.obj (.text:fcvt)
                  c0a328a0    000002a0     sysbios.ae674 : BIOS.obj (.text:ti_sysbios_knl_Clock_workFunc__E)
                  c0a32b40    000002a0     ti.uia.runtime.ae674 : LoggerCircBuf.oe674 (.text:ti_uia_runtime_LoggerCircBuf_write8__E)
                  c0a32de0    00000280     ti.drv.omapl138.ae674 : csl_emac.oe674 (.text:EMAC_setReceiveFilter)
                  c0a33060    00000280     stk6.ae674 : icmp.oe674 (.text:ICMPGenPacket)
                  c0a332e0    00000280                : lli6.oe674 (.text:LLI6NeighUnreachStateMachine)
                  c0a33560    00000280                : lli6.oe674 (.text:LLI6TxIPPacket)
                  c0a337e0    00000280                : route6.oe674 (.text:Rt6Free)
                  c0a33a60    00000280                : sock.oe674 (.text:SockRecvNC)
                  c0a33ce0    00000280     TempSensor.obj (.text)
                  c0a33f60    00000280     stk6.ae674 : udp6.oe674 (.text:Udp6Output)
                  c0a341e0    00000280     sysbios.ae674 : BIOS.obj (.text:ti_sysbios_knl_Task_schedule__I)
                  c0a34460    00000280                   : BIOS.obj (.text:ti_sysbios_knl_Task_startCore__E)
                  c0a346e0    00000280                   : BIOS.obj (.text:ti_sysbios_utils_Load_updateThreadContexts__E)
                  c0a34960    00000280     ti.targets.rts6000.ae674 : Error.oe674 (.text:xdc_runtime_Error_raiseX__F)
                  c0a34be0    00000260     ti.drv.omapl138.ae674 : csl_emac.oe674 (.text:EMAC_sendPacket)
                  c0a34e40    00000260     stk6.ae674 : icmpv6in.oe674 (.text:ICMPv6RecvEchoRequest)
                  c0a350a0    00000260                : icmpv6_ndisc.oe674 (.text:ICMPv6SendNS)
                  c0a35300    00000260                : ipv6in.oe674 (.text:IPv6RxPacket)
                  c0a35560    00000260                : rawethsock.oe674 (.text:RawEthSockSet)
                  c0a357c0    00000260                : sb6.oe674 (.text:SB6Write)
                  c0a35a20    00000260                : sb.oe674 (.text:SBWrite)
                  c0a35c80    00000260                : sockpcb.oe674 (.text:SockPcbBind)
                  c0a35ee0    00000260                : tcp6out.oe674 (.text:TCP6GenPacket)
                  c0a36140    00000260     rts6740_elf.lib : imath64.c.obj (.text:__c6xabi_divull)
                  c0a363a0    00000260     drivers.lib : pru.obj (.text)
                  c0a36600    00000260     sysbios.ae674 : BIOS.obj (.text:ti_sysbios_timers_timer64_Timer_start__E)
                  c0a36860    00000260     ti.targets.rts6000.ae674 : Startup.oe674 (.text:xdc_runtime_Startup_startMods__I)
                  c0a36ac0    00000240     stk6.ae674 : bind6.oe674 (.text:Bind6Free)
                  c0a36d00    00000240                : bind6.oe674 (.text:Bind6RunDAD)
                  c0a36f40    00000240     nettool.ae674 : daemon.oe674 (.text:DaemonNew)
                  c0a37180    00000240     Exception.obj (.text)
                  c0a373c0    00000240     stk6.ae674 : icmpv6_ndisc.oe674 (.text:ICMPv6RecvNA)
[...]
c0a61c00  xdc_runtime_LoggerSys_disable__E                                    
c0a61c20  xdc_runtime_LoggerSys_disable__F                                    
c0a61c40  xdc_runtime_LoggerSys_enable__E                                     
c0a61c60  xdc_runtime_LoggerSys_enable__F                                     
c0a61c80  xdc_runtime_Memory_HeapProxy_alloc__E                               
c0a61ca0  xdc_runtime_Memory_HeapProxy_free__E                                
c0a61cc0  xdc_runtime_Memory_alloc__E                                         
c0a61ce0  xdc_runtime_Memory_calloc__E                                        
c0a61d00  xdc_runtime_Memory_free__E                                          
c0a61d20  xdc_runtime_Registry_findById__E                                    
c0a61d40  xdc_runtime_Startup_exec__E                                         
c0a61d60  xdc_runtime_Startup_reset__I                                        
c0a61d80  xdc_runtime_SysMin_Module_startup__E                                
c0a61da0  xdc_runtime_SysMin_abort__E                                         
c0a61dc0  xdc_runtime_SysMin_exit__E                                          
c0a61de0  xdc_runtime_SysMin_flush__E                                         
c0a61e00  xdc_runtime_SysMin_output__I                                        
c0a61e20  xdc_runtime_SysMin_putch__E                                         
c0a61e40  xdc_runtime_SysMin_ready__E                                         
c0a61e60  xdc_runtime_SysMin_ready__F                                         
c0a61e80  xdc_runtime_System_Module_GateProxy_enter__E                        
c0a61ea0  xdc_runtime_System_Module_GateProxy_leave__E                        
c0a61ec0  xdc_runtime_System_Module_startup__E                                
c0a61ee0  xdc_runtime_System_Module_startup__F                                
c0a61f00  xdc_runtime_System_SupportProxy_abort__E                            
c0a61f20  xdc_runtime_System_SupportProxy_exit__E                             
c0a61f40  xdc_runtime_System_SupportProxy_flush__E                            
c0a61f40  xdc_runtime_System_flush__F                                         
c0a61f60  xdc_runtime_System_SupportProxy_putch__E                            
c0a61f80  xdc_runtime_System_SupportProxy_ready__E                            
c0a61fa0  xdc_runtime_System_abort__E                                         
c0a61fc0  xdc_runtime_System_atexit__E                                        
c0a61fe0  xdc_runtime_System_exit__E                                          
c0a62000  xdc_runtime_System_exit__F                                          
c0a62020  xdc_runtime_System_flush__E                                         
c0a62040  xdc_runtime_System_lastFxn__I                                       
c0a62060  xdc_runtime_System_putch__E                                         
c0a62080  xdc_runtime_System_vprintf__E                                       
c0a620a0  xdc_runtime_System_vsnprintf__E                                     
c0a620c0  xdc_runtime_System_snprintf_va__F                                   
c0a620c0  xdc_runtime_System_vsnprintf__F                                     
c0a620e0  NDK_vsprintf                                                        
c0a620e0  xdc_runtime_System_vsprintf__E                                      
c0a62100  xdc_runtime_System_sprintf_va__F                                    
c0a62100  xdc_runtime_System_vsprintf__F                                      
c0a62120  xdc_runtime_Text_cordText__E                                        
c0a62140  xdc_runtime_Text_putLab__E                                          
c0a62160  xdc_runtime_Text_putSite__E                                         
c0a62180  xdc_runtime_Text_ropeText__E                                        
c0a621a0  xdc_runtime_TimestampNull_Module__startupDone__S                    
c0a621c0  xdc_runtime_TimestampNull_get64__E                                  
c0a621e0  xdc_runtime_TimestampNull_get64__F                                  
c0a62200  xdc_runtime_TimestampNull_getFreq__E                                
c0a62220  xdc_runtime_TimestampNull_getFreq__F                                
c0a62240  xdc_runtime_Timestamp_Module__startupDone__S                        
c0a62260  xdc_runtime_Timestamp_SupportProxy_get32__E                         
c0a62260  xdc_runtime_Timestamp_get32__F                                      
c0a62280  xdc_runtime_Timestamp_SupportProxy_getFreq__E                       
c0a62280  xdc_runtime_Timestamp_getFreq__F                                    
c0a622a0  xdc_runtime_Timestamp_get32__E                                      
c0a622c0  xdc_runtime_Timestamp_getFreq__E                                    
c0a62400  CmdLists                                                            
c0a62800  ti_sysbios_family_c64p_EventCombiner_Module__state__V               
c0a62c00  _ftable                                                             
c0a62de0  ti_sysbios_knl_Task_Object__table__V                                
c0a62e30  TSK_idle                                                            
c0a62f20  ti_uia_runtime_LoggerCircBuf_Object__table__V                       
c0a63040  _ipcfg                                                              
c0a630f4  _lock                                                               
c0a630f8  g_sCmdTable                                                         
c0a631a0  _stream                                                             
c0a63240  ti_sysbios_utils_Load_Module__state__V                              
c0a632d8  ti_sysbios_family_c64p_Hwi_Object__table__V                         
c0a63364  _unlock                                                             
c0a63368  ti_sysbios_knl_Swi_Module_State_0_readyQ__A                         
c0a633e8  ti_sysbios_knl_Task_Module_State_0_readyQ__A                        
c0a63468  _device                                                             
c0a634e0  ti_sysbios_utils_Load_Module_State_0_taskEnv__A                     
c0a63550  ti_sysbios_family_c64p_Hwi_Module__state__V                         
c0a635b8  ti_sysbios_timers_timer64_Timer_Module_State_0_device__A            
c0a63618  ti_sysbios_knl_Semaphore_Object__table__V                           
c0a6366c  __TI_ft_end                                                         
c0a636c0  ti_sysbios_gates_GateMutex_Object__table__V                         
c0a63710  ti_sysbios_timers_timer64_Timer_Object__table__V                    
c0a63760  ulDataPatternTable                                                  
c0a637fe  ti_sysbios_utils_Load_Module__root__V                               
c0a63800  ti_sysbios_knl_Task_Module__state__V                                
c0a63844  ti_uia_sysbios_Adaptor_Module__state__V                             
c0a63974  __errno                                                             
c0a63974  errno                                                               
c0a63978  ti_sysbios_knl_Swi_Object__table__V                                 
c0a639ac  ti_sysbios_family_c64p_Exception_Module__state__V                   
c0a639dc  ti_sysbios_knl_Clock_Module__state__V                               
c0a63a04  _oscfg                                                              
c0a63a28  ti_sysbios_knl_Clock_Object__table__V                               
c0a63a4c  ti_sysbios_family_c64p_Cache_Module__state__V                       
c0a63a50  palette_32b                                                         
c0a63a70  pstrMsgName                                                         
c0a63a90  ti_sysbios_BIOS_Module__state__V                                    
c0a63ab0  ti_sysbios_knl_Queue_Object__table__V                               
c0a63ad0  ti_sysbios_timers_timer64_Timer_Module_State_0_gctrl__A             
c0a63af0  ti_sysbios_timers_timer64_Timer_Module_State_0_handles__A           
c0a63b10  ti_sysbios_timers_timer64_Timer_Module_State_0_intFreqs__A          
c0a63b30  xdc_runtime_System_Module_State_0_atexitHandlers__A                 
c0a63b50  ti_ndk_config_Global_Id2Size                                        
c0a63b6c  ti_sysbios_family_c64p_primus_TimerSupport_Module__state__V         
c0a63b70  ti_sysbios_heaps_HeapMem_Object__table__V                           
c0a63b8c  ti_sysbios_knl_Swi_Module__state__V                                 
c0a63bd8  ti_uia_services_Rta_Module__state__V                                
c0a63bf0  LinkStr                                                             
c0a63c04  xdc_runtime_Memory_Module__state__V                                 
c0a63c1c  xdc_runtime_Error_Module__state__V                                  
c0a63c64  ti_sysbios_timers_timer64_Timer_Module__state__V                    
c0a63c78  txArray                                                             
c0a63c90  SEGVal                                                              
c0a63ca0  ti_sysbios_knl_Event_Object__table__V                               
c0a63cb0  ti_sysbios_syncs_SyncEvent_Object__table__V                         
c0a63cc0  __TI_cleanup_ptr                                                    
c0a63cc4  __TI_dtors_ptr                                                      
c0a63cc8  __TI_enable_exit_profile_output                                     
c0a63ccc  ti_sysbios_family_c64p_Hwi_Module__root__V                          
c0a63cd8  ti_sysbios_hal_Hwi_Module__root__V                                  
c0a63ce8  ti_sysbios_hal_Hwi_Object__table__V                                 
c0a63cf8  ti_sysbios_hal_Timer_Object__table__V                               
c0a63d04  ti_sysbios_knl_Clock_Module__root__V                                
c0a63d10  ti_sysbios_knl_Event_Module__root__V                                
c0a63d1c  ti_sysbios_knl_Semaphore_Module__root__V                            
c0a63d28  ti_sysbios_knl_Swi_Module__root__V                                  
c0a63d34  ti_sysbios_knl_Task_Module__root__V                                 
c0a63d40  ti_uia_runtime_LogSync_Module__state__V                             
c0a63d4c  ti_uia_runtime_QueueDescriptor_Module__state__V                     
c0a63d58  ti_uia_services_Rta_Module_State_0_loggers__A                       
c0a63d68  xdc_runtime_LoggerSys_Object__table__V                              
c0a63d74  xdc_runtime_SysMin_Module__state__V                                 
c0a63d80  xdc_runtime_System_Module__state__V                                 
c0a63db0  NIMUDeviceTable                                                     
c0a63db8  ti_sysbios_family_c64p_primus_TimerSupport_Module_State_0_suspSrc__A
c0a63dc0  ti_sysbios_gates_GateHwi_Module__root__V                            
c0a63dc8  ti_sysbios_gates_GateHwi_Object__table__V                           
c0a63dd0  ti_sysbios_gates_GateMutex_Module__root__V                          
c0a63dd8  ti_sysbios_heaps_HeapMem_Module__root__V                            
c0a63de0  ti_sysbios_knl_Queue_Module__root__V                                
c0a63de8  ti_sysbios_syncs_SyncEvent_Module__root__V                          
c0a63df0  ti_sysbios_timers_timer64_Timer_Module__root__V                     
c0a63df8  ti_uia_runtime_LoggerCircBuf_Module__root__V                        
c0a63e00  ti_uia_runtime_LoggerCircBuf_Module__state__V                       
c0a63e08  ti_uia_runtime_ServiceMgr_Module__state__V                          
c0a63e10  xdc_runtime_LoggerSys_Module__root__V                               
c0a63e18  xdc_runtime_Registry_Module__state__V                               
c0a63e20  xdc_runtime_Startup_Module__state__V                                
c0a63e30  LEDNixieVal                                                         
c0a63e38  ti_sysbios_knl_Task_Module_State_0_idleTask__A                      
c0a63e40  ti_sysbios_utils_Load_Module_State_0_runningTask__A                 
c0a63e48  ti_sysbios_utils_Load_Module_State_0_taskStartTime__A               
c0a64040  __TI_STATIC_BASE                                                    
c0a64058  _IGMPInDiscard                                                      
c0a6405c  _IGMPInQuery                                                        
c0a64060  _IGMPInQueryGroup                                                   
c0a64064  _IGMPInResponse                                                     
c0a64068  _IGMPOutResponse                                                    
c0a6407e  offset                                                              
c0a640b4  KEY4SwiHandle                                                       
c0a640b8  KEY6SwiHandle                                                       
c0a640bc  UARTConsoleSemHandle                                                
c0a640c0  UARTConsoleTaskHandle                                               
c0a640c4  p_rx                                                                
c0a640c8  p_tx                                                                
c0a640cc  rx_len                                                              
c0a640d0  tx_len                                                              
c0a640d4  touch_flag                                                          
c0a640d8  PITCount                                                            
c0a640dc  PITUsed                                                             
c0a640e0  PITHigh                                                             
c0a64158  xscale                                                              
c0a6415c  yscale                                                              
c0a64160  xoffset                                                             
c0a64164  yoffset                                                             
c0a64190  _IGMPForceVersion1                                                  
c0a641a8  TxChanEnable_all                                                    
c0a641ac  RxChanEnable_all                                                    
c0a641b0  TransportNdk_tcpPort                                                
c0a641b2  TransportNdk_udpPort                                                
c0a641b4  TransportNdk_failedUDPPacket                                        
c0a641b8  TransportNdk_failedTCPPacket                                        
c0a641bc  sataRegs                                                            
c0a641c0  temp                                                                
c0a641dc  _ICMPInErrors                                                       
c0a641e0  _ICMPOutErrors                                                      
c0a641e4  _IPExecuting                                                        
c0a641f4  gFragQList                                                          
c0a6420c  tcp_iss                                                             
c0a64210  ptTimeFirst                                                         
c0a64214  pt6TimeFirst                                                        
c0a64218  tcp6_iss                                                            
c0a64224  ti_uia_runtime_QueueDescriptor_gPtrToFirstDescriptor                
c0a64228  ti_uia_runtime_QueueDescriptor_gUpdateCount                         
c0a6422c  spi_flag                                                            
c0a64230  SoftPWM                                                             
c0a64234  ti_ndk_config_Global_HostName                                       
c0a64248  _IPReasmPtr                                                         
c0a64254  gMLDNodeList                                                        
c0a6426c  ti_uia_runtime_LogSync_gNumTimesHalted                              
c0a64270  CmdHistorySaveNo                                                    
c0a64271  CmdHistorySaveIndex                                                 
c0a64272  CmdHistoryDisplayIndex                                              
c0a64273  LED_OP                                                              
c0a64274  IPV6_MAX_MULTICAST_SOLICIT                                          
c0a64278  IPV6_MAX_UNICAST_SOLICIT                                            
c0a6427c  IPV6_RETRANS_TIME                                                   
c0a64280  IPV6_DELAY_FIRST_PROBE_TIME                                         
c0a64284  IPV6_REACHABLE_TIME                                                 
c0a64288  IPV6_MAX_RTR_SOLICITATION_DELAY                                     
c0a6428c  IPV6_RTR_SOLICITATION_INTERVAL                                      
c0a64290  IPV6_MAX_RTR_SOLICITATIONS                                          
c0a64294  INFINITE_LT                                                         
c0a64298  ti_ndk_config_Global_rawPageSize                                    
c0a6429c  ti_ndk_config_Global_rawPageCount                                   
c0a642a0  ti_ndk_config_Global_smallest                                       
c0a642a4  ti_ndk_config_Global_largest                                        
c0a642a8  ti_ndk_config_Global_numFrameBuf                                    
c0a642ac  ti_ndk_config_Global_sizeFrameBuf                                   
c0a642b0  SystemHeap                                                          
c0a642b8  __CIOBUF_                                                           
c0a64400  ti_sysbios_family_c64p_Hwi0                                         
c0a64400  ti_sysbios_family_c64p_Hwi_int0                                     
c0a64420  ti_sysbios_family_c64p_Hwi_int1                                     
c0a64440  ti_sysbios_family_c64p_Hwi_int2                                     
c0a64460  ti_sysbios_family_c64p_Hwi_int3                                     
c0a64480  ti_sysbios_family_c64p_Hwi_int4                                     
c0a644a0  ti_sysbios_family_c64p_Hwi_int5                                     
c0a644c0  ti_sysbios_family_c64p_Hwi_int6                                     
c0a644e0  ti_sysbios_family_c64p_Hwi_int7                                     
c0a64500  ti_sysbios_family_c64p_Hwi_int8                                     
c0a64520  ti_sysbios_family_c64p_Hwi_int9                                     
c0a64540  ti_sysbios_family_c64p_Hwi_int10                                    
c0a64560  ti_sysbios_family_c64p_Hwi_int11                                    
c0a64580  ti_sysbios_family_c64p_Hwi_int12                                    
c0a645a0  ti_sysbios_family_c64p_Hwi_int13                                    
c0a645c0  ti_sysbios_family_c64p_Hwi_int14                                    
c0a645e0  ti_sysbios_family_c64p_Hwi_int15                                    
c0a655b0  __TI_Handler_Table_Base                                             
c0a655b8  __TI_CINIT_Base                                                     
c0a655b8  __TI_Handler_Table_Limit                                            
c0a655e8  __TI_CINIT_Limit                                                    
ffffffff  __TI_pprof_out_hndl                                                 
ffffffff  __TI_prof_data_size                                                 
ffffffff  __TI_prof_data_start                                                
ffffffff  __binit__                                                           
ffffffff  __c_args__                                                          
ffffffff  binit                                                               
UNDEFED   __TI_INITARRAY_Base                                                 
UNDEFED   __TI_INITARRAY_Limit                                                

[2187 symbols]
