******************************************************************************
               TMS320C6x Linker PC v8.3.12                     
******************************************************************************
>> Linked Wed May  4 19:15:19 2022

OUTPUT FILE NAME:   <Board_C674x.out>
ENTRY POINT SYMBOL: "_c_int00"  address: c2844f60


MEMORY CONFIGURATION

         name            origin    length      used     unused   attr    fill
----------------------  --------  ---------  --------  --------  ----  --------
  DSPL2RAM              00800000   00040000  00004000  0003c000  RW  
  SHRAM                 80000000   00020000  00000004  0001fffc  RW X
  DDR2                  c0000000   08000000  02855924  057aa6dc  RW X


SEGMENT ALLOCATION MAP

run origin  load origin   length   init length attrs members
----------  ----------- ---------- ----------- ----- -------
00800000    00800000    00004000   00000000    rw-
  00800000    00800000    00004000   00000000    rw- .stack
80000000    80000000    00000004   00000000    rw-
  80000000    80000000    00000004   00000000    rw- .LEDNixieVal
c0000000    c0000000    023a7c2c   00000000    rw-
  c0000000    c0000000    02000000   00000000    rw- SystemHeap
  c2000000    c2000000    003a7c2c   00000000    rw- .far
c23a7c30    c23a7c30    003886f0   003886f0    r--
  c23a7c30    c23a7c30    003886da   003886da    r-- .const
  c273030c    c273030c    00000014   00000014    r-- .switch.1
c2730320    c2730320    001210e0   001210e0    r-x
  c2730320    c2730320    00120fe0   00120fe0    r-x .text
  c2851300    c2851300    00000100   00000100    r-- .switch.2
c2851400    c2851400    00001daa   00000000    rw-
  c2851400    c2851400    00001daa   00000000    rw- .fardata
c28531ac    c28531ac    00000c08   00000c08    r--
  c28531ac    c28531ac    00000c08   00000c08    r-- .switch.3
c2853db4    c2853db4    00000419   00000000    rw-
  c2853db4    c2853db4    0000014f   00000000    rw- .bss
  c2853f04    c2853f04    000002c9   00000000    rw- .neardata
c28541d0    c28541d0    0000003c   00000000    r--
  c28541d0    c28541d0    0000003c   00000000    r-- .rodata
c2854210    c2854210    00000120   00000000    rw-
  c2854210    c2854210    00000120   00000000    rw- .cio
c2854400    c2854400    00001600   00001600    r-x
  c2854400    c2854400    00000200   00000200    r-x .vecs
  c2854600    c2854600    00001400   00001400    r-- .cinit


SECTION ALLOCATION MAP

 output                                  attributes/
section   page    origin      length       input sections
--------  ----  ----------  ----------   ----------------
.LEDNixieVal 
*          0    80000000    00000004     UNINITIALIZED
                  80000000    00000004     LEDNixie.obj (.LEDNixieVal)

.stack     0    00800000    00004000     UNINITIALIZED
                  00800000    00000008     boot.ae674 : boot.oe674 (.stack)
                  00800008    00003ff8     --HOLE--

.bss       0    c2853db4    0000014f     UNINITIALIZED
                  c2853db4    00000018     hal_timer_bios.ae674 : lltimer.oe674 (.bss)
                  c2853dcc    00000014     stk6_ppp_pppoe.ae674 : igmp.oe674 (.bss)
                  c2853de0    0000000c     lv_anim.obj (.bss)
                  c2853dec    0000000c     lv_tileview.obj (.bss)
                  c2853df8    00000008     lv_refr.obj (.bss)
                  c2853e00    00000008     lv_spinner.obj (.bss)
                  c2853e08    00000008     lv_theme_default.obj (.bss)
                  c2853e10    00000008     netctrl.ae674 : netctrl.oe674 (.bss)
                  c2853e18    00000008     nettool.ae674 : daemon.oe674 (.bss)
                  c2853e20    00000008     stk6_ppp_pppoe.ae674 : ip.oe674 (.bss)
                  c2853e28    00000008                          : nimupppoe.oe674 (.bss)
                  c2853e30    00000004     Calculator.obj (.bss)
                  c2853e34    00000004     SystemInfo.obj (.bss)
                  c2853e38    00000004     lv_event.obj (.bss)
                  c2853e3c    00000004     lv_group.obj (.bss)
                  c2853e40    00000004     lv_hal_disp.obj (.bss)
                  c2853e44    00000004     lv_indev.obj (.bss)
                  c2853e48    00000004     lv_log.obj (.bss)
                  c2853e4c    00000004     lv_mem.obj (.bss)
                  c2853e50    00000004     lv_obj_pos.obj (.bss)
                  c2853e54    00000004     lv_tabview.obj (.bss)
                  c2853e58    00000004     lv_textarea.obj (.bss)
                  c2853e5c    00000004     nettool.ae674 : ipaddr.oe674 (.bss)
                  c2853e60    00000004     stk6_ppp_pppoe.ae674 : ipv6_frag.oe674 (.bss)
                  c2853e64    00000004                          : lli6.oe674 (.bss)
                  c2853e68    00000004                          : rtable.oe674 (.bss)
                  c2853e6c    00000004     (.common:BootMode)
                  c2853e70    00000004     (.common:KEY4SwiHandle)
                  c2853e74    00000004     (.common:KEY6SwiHandle)
                  c2853e78    00000004     (.common:LV_LAYOUT_FLEX)
                  c2853e7c    00000004     (.common:LV_LAYOUT_GRID)
                  c2853e80    00000004     (.common:LV_STYLE_FLEX_CROSS_PLACE)
                  c2853e84    00000004     (.common:LV_STYLE_FLEX_FLOW)
                  c2853e88    00000004     (.common:LV_STYLE_FLEX_GROW)
                  c2853e8c    00000004     (.common:LV_STYLE_FLEX_MAIN_PLACE)
                  c2853e90    00000004     (.common:LV_STYLE_FLEX_TRACK_PLACE)
                  c2853e94    00000004     (.common:LV_STYLE_GRID_CELL_COLUMN_POS)
                  c2853e98    00000004     (.common:LV_STYLE_GRID_CELL_COLUMN_SPAN)
                  c2853e9c    00000004     (.common:LV_STYLE_GRID_CELL_ROW_POS)
                  c2853ea0    00000004     (.common:LV_STYLE_GRID_CELL_ROW_SPAN)
                  c2853ea4    00000004     (.common:LV_STYLE_GRID_CELL_X_ALIGN)
                  c2853ea8    00000004     (.common:LV_STYLE_GRID_CELL_Y_ALIGN)
                  c2853eac    00000004     (.common:LV_STYLE_GRID_COLUMN_ALIGN)
                  c2853eb0    00000004     (.common:LV_STYLE_GRID_COLUMN_DSC_ARRAY)
                  c2853eb4    00000004     (.common:LV_STYLE_GRID_ROW_ALIGN)
                  c2853eb8    00000004     (.common:LV_STYLE_GRID_ROW_DSC_ARRAY)
                  c2853ebc    00000004     (.common:UARTConsoleSemHandle)
                  c2853ec0    00000004     (.common:UARTConsoleTaskHandle)
                  c2853ec4    00000004     (.common:_lv_grad_cache_mem)
                  c2853ec8    00000004     (.common:_lv_layout_list)
                  c2853ecc    00000004     (.common:_lv_theme_basic_styles)
                  c2853ed0    00000004     (.common:_lv_theme_default_styles)
                  c2853ed4    00000004     (.common:_lv_timer_act)
                  c2853ed8    00000004     (.common:indev_touchpad)
                  c2853edc    00000004     (.common:p_rx)
                  c2853ee0    00000004     (.common:p_tx)
                  c2853ee4    00000004     (.common:rh)
                  c2853ee8    00000004     (.common:rx_len)
                  c2853eec    00000004     (.common:t)
                  c2853ef0    00000004     (.common:temp_label)
                  c2853ef4    00000004     (.common:time_label)
                  c2853ef8    00000004     (.common:tx_len)
                  c2853efc    00000002     lv_timer.obj (.bss)
                  c2853efe    00000002     lv_win.obj (.bss)
                  c2853f00    00000001     lv_colorwheel.obj (.bss)
                  c2853f01    00000001     lv_hal_tick.obj (.bss)
                  c2853f02    00000001     (.common:NDKFlag)

.neardata 
*          0    c2853f04    000002c9     UNINITIALIZED
                  c2853f04    00000044     nettool.ae674 : httpstr.oe674 (.neardata)
                  c2853f48    0000002c     Net.obj (.neardata)
                  c2853f74    00000024     os.ae674 : mem.oe674 (.neardata)
                  c2853f98    00000020     Web.obj (.neardata)
                  c2853fb8    00000020     lv_txt.obj (.neardata)
                  c2853fd8    0000001c     netctrl.ae674 : netctrl.oe674 (.neardata)
                  c2853ff4    00000018     console_min.ae674 : console.oe674 (.neardata)
                  c285400c    00000018     os.ae674 : task.oe674 (.neardata)
                  c2854024    00000014     stk6_ppp_pppoe.ae674 : rtable.oe674 (.neardata)
                  c2854038    00000014     ti.drv.omapl138.ae674 : ethdriver.oe674 (.neardata)
                  c285404c    00000010     lv_timer.obj (.neardata)
                  c285405c    00000010     nettool.ae674 : daemon.oe674 (.neardata)
                  c285406c    00000010     stk6_ppp_pppoe.ae674 : bind6.oe674 (.neardata)
                  c285407c    00000010                          : igmp.oe674 (.neardata)
                  c285408c    0000000c                          : route6.oe674 (.neardata)
                  c2854098    0000000c     ti.drv.omapl138.ae674 : csl_emac.oe674 (.neardata)
                  c28540a4    00000009     lv_draw_sw_gradient.obj (.neardata)
                  c28540ad    00000003     UARTConsole.obj (.neardata)
                  c28540b0    00000008     SATA.obj (.neardata)
                  c28540b8    00000008     console_min.ae674 : contest.oe674 (.neardata)
                  c28540c0    00000008     lv_calendar_header_dropdown.obj (.neardata)
                  c28540c8    00000008     lv_draw_sw_letter.obj (.neardata)
                  c28540d0    00000008     lv_indev.obj (.neardata)
                  c28540d8    00000008     lv_obj.obj (.neardata)
                  c28540e0    00000008     netctrl.ae674 : netsrv.oe674 (.neardata)
                  c28540e8    00000008     stk6_ppp_pppoe.ae674 : exec.oe674 (.neardata)
                  c28540f0    00000008                          : icmp.oe674 (.neardata)
                  c28540f8    00000008                          : ip.oe674 (.neardata)
                  c2854100    00000008                          : ipin.oe674 (.neardata)
                  c2854108    00000008                          : ipv6_frag.oe674 (.neardata)
                  c2854110    00000008                          : lli.oe674 (.neardata)
                  c2854118    00000008                          : nimupppoe.oe674 (.neardata)
                  c2854120    00000008                          : rtc.oe674 (.neardata)
                  c2854128    00000008                          : tcp.oe674 (.neardata)
                  c2854130    00000008                          : tcp6.oe674 (.neardata)
                  c2854138    00000008                          : timer.oe674 (.neardata)
                  c2854140    00000005     lv_colorwheel.obj (.neardata)
                  c2854145    00000003     lv_hal_disp.obj (.neardata)
                  c2854148    00000004     Flash.obj (.neardata)
                  c285414c    00000004     LED.obj (.neardata)
                  c2854150    00000004     PLL.obj (.neardata)
                  c2854154    00000004     cgi.ae674 : cgiparsem.oe674 (.neardata)
                  c2854158    00000004     console_min.ae674 : conacct.oe674 (.neardata)
                  c285415c    00000004                       : conlli.oe674 (.neardata)
                  c2854160    00000004                       : conroute.oe674 (.neardata)
                  c2854164    00000004     hal_timer_bios.ae674 : lltimer.oe674 (.neardata)
                  c2854168    00000004     lodepng.obj (.neardata)
                  c285416c    00000004     lv_event.obj (.neardata)
                  c2854170    00000004     lv_hal_tick.obj (.neardata)
                  c2854174    00000004     lv_log.obj (.neardata)
                  c2854178    00000004     lv_math.obj (.neardata)
                  c285417c    00000004     lv_mem.obj (.neardata)
                  c2854180    00000004     lv_port_indev_c674x.obj (.neardata)
                  c2854184    00000004     nettool.ae674 : config.oe674 (.neardata)
                  c2854188    00000004                   : httpsend.oe674 (.neardata)
                  c285418c    00000004                   : tftp.oe674 (.neardata)
                  c2854190    00000004                   : tftp6.oe674 (.neardata)
                  c2854194    00000004     os.ae674 : efs.oe674 (.neardata)
                  c2854198    00000004     stk6_ppp_pppoe.ae674 : bind.oe674 (.neardata)
                  c285419c    00000004                          : ipfrag.oe674 (.neardata)
                  c28541a0    00000004                          : lli6.oe674 (.neardata)
                  c28541a4    00000004                          : lliin.oe674 (.neardata)
                  c28541a8    00000004                          : mld.oe674 (.neardata)
                  c28541ac    00000004                          : node.oe674 (.neardata)
                  c28541b0    00000004                          : pbm.oe674 (.neardata)
                  c28541b4    00000004                          : sock6pcb.oe674 (.neardata)
                  c28541b8    00000004                          : sockpcb.oe674 (.neardata)
                  c28541bc    00000004     ti.drv.omapl138.ae674 : csl_mdio.oe674 (.neardata)
                  c28541c0    00000002     lv_style.obj (.neardata)
                  c28541c2    00000001     Home.obj (.neardata)
                  c28541c3    00000001     RTC.obj (.neardata)
                  c28541c4    00000002     nettool.ae674 : dnscomn.oe674 (.neardata)
                  c28541c6    00000001     Timer.obj (.neardata)
                  c28541c7    00000001     lv_obj_pos.obj (.neardata)
                  c28541c8    00000001     lv_obj_style.obj (.neardata)
                  c28541c9    00000001     lv_theme_default.obj (.neardata)
                  c28541ca    00000002     --HOLE--
                  c28541cc    00000001     nettool.ae674 : dnsclnt.oe674 (.neardata)

.rodata    0    c28541d0    0000003c     UNINITIALIZED
                  c28541d0    00000024     stk6_ppp_pppoe.ae674 : ipv6.oe674 (.rodata)
                  c28541f4    00000010     os.ae674 : mem_data.oe674 (.rodata)
                  c2854204    00000008     stk6_ppp_pppoe.ae674 : pbm_data.oe674 (.rodata)

.cinit     0    c2854600    00001400     
                  c2854600    00001209     (.cinit..fardata.load) [load image, compression = rle]
                  c2855809    0000013f     (.cinit..neardata.load) [load image, compression = rle]
                  c2855948    00000040     (.cinit..rodata.load) [load image, compression = rle]
                  c2855988    00000016     (.cinit.SystemHeap.load) [load image, compression = rle]
                  c285599e    0000000d     (.cinit..far.load) [load image, compression = rle]
                  c28559ab    0000000b     (.cinit..bss.load) [load image, compression = rle]
                  c28559b6    00000009     (.cinit..LEDNixieVal.load) [load image, compression = rle]
                  c28559bf    00000001     --HOLE-- [fill = 0]
                  c28559c0    00000008     (__TI_handler_table)
                  c28559c8    00000038     (__TI_cinit_table)

.init_array 
*          0    c0000000    00000000     UNINITIALIZED

SystemHeap 
*          0    c0000000    02000000     UNINITIALIZED
                  c0000000    02000000     Local_pe674.oe674 (SystemHeap)

.vecs      0    c2854400    00000200     
                  c2854400    00000200     Local_pe674.oe674 (.vecs)

xdc.meta   0    c0000000    000000f8     COPY SECTION
                  c0000000    000000f8     Local_pe674.oe674 (xdc.meta)

.far       0    c2000000    003a7c2c     UNINITIALIZED
                  c2000000    00100000     lv_mem.obj (.far:work_mem_int$1)
                  c2100000    000bb824     (.common:g_pucBuffer)
                  c21bb824    00000004     (.common:swCtrlFeatures)
                  c21bb828    000bb800     lv_port_disp_c674x.obj (.far:buf_1$2)
                  c2277028    000bb800     lv_port_disp_c674x.obj (.far:buf_2$3)
                  c2332828    0000004c     lv_port_disp_c674x.obj (.far:disp_drv$4)
                  c2332874    0000000c     (.common:_lv_anim_ll)
                  c2332880    00052b00     stk6_ppp_pppoe.ae674 : pbm_data.oe674 (.far:NDK_PACKETMEM)
                  c2385380    00010000     (.common:buff)
                  c2395380    0000c1c0     os.ae674 : mem_data.oe674 (.far:NDK_MMBUFFER)
                  c23a1540    00002800     Local_pe674.oe674 (.far:taskStackSection)
                  c23a3d40    00001618     ti.drv.omapl138.ae674 : ethdriver.oe674 (.far)
                  c23a5358    00000800     (.common:CmdHistory)
                  c23a5b58    00000660     nettool.ae674 : daemon.oe674 (.far)
                  c23a61b8    00000474     ti.drv.omapl138.ae674 : csl_emac.oe674 (.far)
                  c23a662c    00000004     stk6_ppp_pppoe.ae674 : rawethsock_pcb.oe674 (.far)
                  c23a6630    00000400     (.common:xdc_runtime_SysMin_Module_State_0_outbuf__A)
                  c23a6a30    00000140     (.common:__TI_tmpnams)
                  c23a6b70    00000110                          : igmp.oe674 (.far)
                  c23a6c80    00000104     (.common:rx_data)
                  c23a6d84    00000002     lv_theme_default.obj (.far:color_card)
                  c23a6d86    00000002     lv_theme_default.obj (.far:color_grey)
                  c23a6d88    00000104     (.common:tx_data)
                  c23a6e8c    00000002     lv_theme_default.obj (.far:color_scr)
                  c23a6e8e    00000002     lv_theme_default.obj (.far:color_text)
                  c23a6e90    00000104     (.common:vrf_data)
                  c23a6f94    00000004     --HOLE--
                  c23a6f98    00000100     lv_draw_sw_letter.obj (.far:opa_table$1)
                  c23a7098    000000d8     netctrl.ae674 : netsrv.oe674 (.far)
                  c23a7170    000000c8     stk6_ppp_pppoe.ae674 : ipv6.oe674 (.far)
                  c23a7238    000000c4                          : tcp.oe674 (.far)
                  c23a72fc    000000b8                          : tcp6in.oe674 (.far)
                  c23a73b4    00000004     --HOLE--
                  c23a73b8    00000040     (.common:g_cCmdBuf)
                  c23a73f8    00000008     (.common:MacAddr)
                  c23a7400    000000a0     (.common:RcvFis)
                  c23a74a0    0000009c                          : icmp.oe674 (.far)
                  c23a753c    00000004     --HOLE--
                  c23a7540    00000080     (.common:_lv_draw_mask_list)
                  c23a75c0    00000080     (.common:lv_mem_buf)
                  c23a7640    00000080     UARTConsole.obj (.far:UARTWriteBuffer)
                  c23a76c0    0000007c     os.ae674 : mem.oe674 (.far)
                  c23a773c    00000004     --HOLE--
                  c23a7740    00000070     (.common:_lv_circle_cache)
                  c23a77b0    00000068     stk6_ppp_pppoe.ae674 : ip.oe674 (.far)
                  c23a7818    00000064                          : nimu.oe674 (.far)
                  c23a787c    00000030     (.common:pllcfg)
                  c23a78ac    00000030                          : udp.oe674 (.far)
                  c23a78dc    0000002c     (.common:_lv_img_cache_single)
                  c23a7908    0000002a     (.common:TouchInfo)
                  c23a7932    00000002     --HOLE--
                  c23a7934    00000028                          : vlan.oe674 (.far)
                  c23a795c    00000024     (.common:RTCTime)
                  c23a7980    00000024     cmdline.obj (.far:argv$1)
                  c23a79a4    00000024     stk6_ppp_pppoe.ae674 : udp6.oe674 (.far)
                  c23a79c8    00000024     lv_theme_default.obj (.far:theme)
                  c23a79ec    00000004     --HOLE--
                  c23a79f0    00000020     console_min.ae674 : console.oe674 (.far)
                  c23a7a10    00000020     lv_port_indev_c674x.obj (.far:indev_drv$1)
                  c23a7a30    0000001c     lv_port_disp_c674x.obj (.far:draw_buf_dsc$1)
                  c23a7a4c    00000004     --HOLE--
                  c23a7a50    0000001a     rts6740_elf.lib : asctime.c.obj (.far:time_buf)
                  c23a7a6a    00000002     --HOLE--
                  c23a7a6c    00000018     netctrl.ae674 : netctrl.oe674 (.far)
                  c23a7a84    00000018     lv_refr.obj (.far:perf_monitor)
                  c23a7a9c    00000018     stk6_ppp_pppoe.ae674 : icmpv6.oe674 (.far)
                  c23a7ab4    00000018     ti.drv.omapl138.ae674 : csl_mdio.oe674 (.far)
                  c23a7acc    00000004     --HOLE--
                  c23a7ad0    00000014     stk6_ppp_pppoe.ae674 : rtc.oe674 (.far)
                  c23a7ae4    00000014     lv_theme_default.obj (.far:trans_delayed$2)
                  c23a7af8    00000014     lv_theme_default.obj (.far:trans_normal$3)
                  c23a7b0c    00000004     --HOLE--
                  c23a7b10    00000010     (.common:IPAddress)
                  c23a7b20    00000010     stk6_ppp_pppoe.ae674 : raw.oe674 (.far)
                  c23a7b30    00000010                          : raw6.oe674 (.far)
                  c23a7b40    00000010                          : raweth.oe674 (.far)
                  c23a7b50    0000000c     (.common:_lv_disp_ll)
                  c23a7b5c    0000000c     (.common:_lv_fsdrv_ll)
                  c23a7b68    0000000c     (.common:_lv_group_ll)
                  c23a7b74    0000000c     (.common:_lv_img_decoder_ll)
                  c23a7b80    0000000c     (.common:_lv_indev_ll)
                  c23a7b8c    0000000c     (.common:_lv_obj_style_trans_ll)
                  c23a7b98    0000000c     (.common:_lv_timer_ll)
                  c23a7ba4    00000004     --HOLE--
                  c23a7ba8    0000000c     (.common:ti_sysbios_knl_Task_Instance_State_0_hookEnv__A)
                  c23a7bb4    00000004     --HOLE--
                  c23a7bb8    0000000c     (.common:ti_sysbios_knl_Task_Instance_State_1_hookEnv__A)
                  c23a7bc4    0000000c                          : pbm.oe674 (.far)
                  c23a7bd0    0000000a     (.common:I2CData)
                  c23a7bda    00000006     --HOLE--
                  c23a7be0    00000008     (.common:parmbuf)
                  c23a7be8    00000008     SourceHanSansCN_Normal_16.obj (.far:cache)
                  c23a7bf0    00000008     lv_theme_default.obj (.far:dark_filter$4)
                  c23a7bf8    00000008     lv_theme_default.obj (.far:grey_filter$5)
                  c23a7c00    00000004     (.common:ti_sysbios_family_c64p_Hwi_Instance_State_0_hookEnv__A)
                  c23a7c04    00000004     --HOLE--
                  c23a7c08    00000004     (.common:ti_sysbios_family_c64p_Hwi_Instance_State_1_hookEnv__A)
                  c23a7c0c    00000004     --HOLE--
                  c23a7c10    00000004     (.common:ti_sysbios_family_c64p_Hwi_Instance_State_2_hookEnv__A)
                  c23a7c14    00000004     --HOLE--
                  c23a7c18    00000004     (.common:ti_sysbios_family_c64p_Hwi_Instance_State_3_hookEnv__A)
                  c23a7c1c    00000004     --HOLE--
                  c23a7c20    00000004     (.common:ti_sysbios_family_c64p_Hwi_Instance_State_4_hookEnv__A)
                  c23a7c24    00000004     --HOLE--
                  c23a7c28    00000004     (.common:ti_sysbios_knl_Swi_Instance_State_0_hookEnv__A)

.const     0    c23a7c30    003886da     
                  c23a7c30    0025fc75     SourceHanSansCN_Normal_16.obj (.const:.string:glyph_bitmap)
                  c26078a5    00000001     --HOLE-- [fill = 0]
                  c26078a6    00000002     Local_pe674.oe674 (.const:ti_sysbios_BIOS_Module__id__C)
                  c26078a8    000bb800     imgBackground.obj (.const:.string:imgBackground_map)
                  c26c30a8    00052070     SourceHanSansCN_Normal_16.obj (.const:glyph_dsc)
                  c2715118    00003b8d     console_min.ae674 : conipv6.oe674 (.const:.string)
                  c2718ca5    00000001     --HOLE-- [fill = 0]
                  c2718ca6    00000002     Local_pe674.oe674 (.const:ti_sysbios_family_c64p_EventCombiner_Module__id__C)
                  c2718ca8    00001b00     imgCalculator.obj (.const:.string:imgCalculator_map)
                  c271a7a8    00001b00     imgRoate.obj (.const:.string:imgRoate_map)
                  c271c2a8    00001b00     imgSystemInfo.obj (.const:.string:imgSystemInfo_map)
                  c271dda8    00001aa6     console_min.ae674 : contest.oe674 (.const:.string)
                  c271f84e    00000002     Local_pe674.oe674 (.const:ti_sysbios_family_c64p_Exception_Module__id__C)
                  c271f850    00001709     Local_pe674.oe674 (.const:xdc_runtime_Text_charTab__A)
                  c2720f59    00000001     --HOLE-- [fill = 0]
                  c2720f5a    00000002     Local_pe674.oe674 (.const:ti_sysbios_family_c64p_Exception_useInternalBuffer__C)
                  c2720f5c    00001314     lodepng.obj (.const:.string)
                  c2722270    00000da0     SourceHanSansCN_Normal_16.obj (.const:kern_pair_glyph_ids)
                  c2723010    00000cca     console_min.ae674 : constat.oe674 (.const:.string)
                  c2723cda    00000002     Local_pe674.oe674 (.const:ti_sysbios_family_c64p_Hwi_Module__id__C)
                  c2723cdc    0000092c     lv_tlsf.obj (.const:.string)
                  c2724608    00000893     console_min.ae674 : conipaddr.oe674 (.const:.string)
                  c2724e9b    00000001     --HOLE-- [fill = 0]
                  c2724e9c    00000004     lv_obj_scroll.obj (.const:$P$T0$1)
                  c2724ea0    000006ac     LEDNixie.obj (.const:.string:PRU_Code)
                  c272554c    00000004     lv_obj_scroll.obj (.const:$P$T1$2)
                  c2725550    00000690     SourceHanSansCN_Normal_16.obj (.const:cmaps)
                  c2725be0    00000603     console_min.ae674 : console.oe674 (.const:.string)
                  c27261e3    00000001     --HOLE-- [fill = 0]
                  c27261e4    00000588     sysbios.ae674 : BIOS.obj (.const:.string)
                  c272676c    000004b6     console_min.ae674 : convlan.oe674 (.const:.string)
                  c2726c22    00000412                       : conecho.oe674 (.const:.string)
                  c2727034    00000004     lv_obj_pos.obj (.const:$P$T10$4)
                  c2727038    00000400     tjpgd.obj (.const:.string:Clip8)
                  c2727438    000003d8     Web.obj (.const:.string)
                  c2727810    000003c8     Command.obj (.const:.string)
                  c2727bd8    000003b2     console_min.ae674 : condns.oe674 (.const:.string)
                  c2727f8a    00000002     Local_pe674.oe674 (.const:ti_sysbios_family_c64p_Hwi_Module__loggerDefined__C)
                  c2727f8c    00000368     Exception.obj (.const:.string)
                  c27282f4    00000004     lv_draw_sw_gradient.obj (.const:$P$T2$4)
                  c27282f8    00000368     SourceHanSansCN_Normal_16.obj (.const:.string:kern_pair_values)
                  c2728660    00000350     nettool.ae674 : httpsend.oe674 (.const:.string)
                  c27289b0    0000032c     console_min.ae674 : conlli.oe674 (.const:.string)
                  c2728cdc    000002dc                       : conroute.oe674 (.const:.string)
                  c2728fb8    000002cc                       : conping.oe674 (.const:.string)
                  c2729284    0000028c     lv_calendar_header_dropdown.obj (.const:.string)
                  c2729510    0000027d     console_min.ae674 : conacct.oe674 (.const:.string)
                  c272978d    0000025d     nettool.ae674 : dnscomn.oe674 (.const:.string)
                  c27299ea    00000002     Local_pe674.oe674 (.const:ti_sysbios_gates_GateMutex_Module__id__C)
                  c27299ec    00000248     Net.obj (.const:.string)
                  c2729c34    0000021a     os.ae674 : task.oe674 (.const:.string)
                  c2729e4e    00000205     console_min.ae674 : consock.oe674 (.const:.string)
                  c272a053    000001e2     stk6_ppp_pppoe.ae674 : bind6.oe674 (.const:.string)
                  c272a235    00000001     --HOLE-- [fill = 0]
                  c272a236    00000002     Local_pe674.oe674 (.const:ti_sysbios_hal_Hwi_Module__id__C)
                  c272a238    000001a8     DDR2.obj (.const:.string)
                  c272a3e0    0000018c     console_min.ae674 : contftp.oe674 (.const:.string)
                  c272a56c    00000184     lv_mem.obj (.const:.string)
                  c272a6f0    0000015c     SystemInfo.obj (.const:.string)
                  c272a84c    0000015c     stk6_ppp_pppoe.ae674 : route6.oe674 (.const:.string)
                  c272a9a8    00000159                          : nimuppp.oe674 (.const:.string)
                  c272ab01    0000014f     os.ae674 : mem.oe674 (.const:.string)
                  c272ac50    00000144     ti.drv.omapl138.ae674 : ethdriver.oe674 (.const:.string)
                  c272ad94    00000110     Flash.obj (.const:.string)
                  c272aea4    00000107     stk6_ppp_pppoe.ae674 : vlan.oe674 (.const:.string)
                  c272afab    00000001     --HOLE-- [fill = 0]
                  c272afac    00000004     lv_obj_pos.obj (.const:$P$T9$3)
                  c272afb0    00000101     rts6740_elf.lib : ctype.c.obj (.const:.string:_ctypes_)
                  c272b0b1    00000006     nettool.ae674 : tftp.oe674 (.const:.string)
                  c272b0b7    00000001     --HOLE-- [fill = 0]
                  c272b0b8    00000100     lv_draw_sw_letter.obj (.const:.string:_lv_bpp8_opa_table)
                  c272b1b8    000000fd     stk6_ppp_pppoe.ae674 : icmpv6out.oe674 (.const:.string)
                  c272b2b5    000000f2                          : icmpv6_ndisc.oe674 (.const:.string)
                  c272b3a7    00000001     --HOLE-- [fill = 0]
                  c272b3a8    000000f0     EEPROM.obj (.const:.string)
                  c272b498    000000f0     Local_pe674.oe674 (.const:xdc_runtime_Text_nodeTab__A)
                  c272b588    000000ec     lv_chart.obj (.const:.string)
                  c272b674    000000ec     lv_table.obj (.const:.string)
                  c272b760    000000ec     lv_textarea.obj (.const:.string)
                  c272b84c    000000e8     lv_img_decoder.obj (.const:.string)
                  c272b934    000000e8     lv_keyboard.obj (.const:.string)
                  c272ba1c    000000e4     lv_draw_mask.obj (.const:.string)
                  c272bb00    000000dc     lv_hal_disp.obj (.const:.string)
                  c272bbdc    000000d8     EMAC.obj (.const:.string)
                  c272bcb4    000000d8     SYSCFG.obj (.const:.string)
                  c272bd8c    000000d8     stk6_ppp_pppoe.ae674 : node.oe674 (.const:.string)
                  c272be64    000000d7     nettool.ae674 : httpstr.oe674 (.const:.string)
                  c272bf3b    00000001     --HOLE-- [fill = 0]
                  c272bf3c    000000d4     ti.drv.omapl138.ae674 : nimu_eth.oe674 (.const:.string)
                  c272c010    000000d0     lv_label.obj (.const:.string)
                  c272c0e0    000000cf     stk6_ppp_pppoe.ae674 : rtc.oe674 (.const:.string)
                  c272c1af    00000001     --HOLE-- [fill = 0]
                  c272c1b0    000000cc     lv_obj.obj (.const:.string)
                  c272c27c    000000c8     lv_dropdown.obj (.const:.string)
                  c272c344    000000bf     stk6_ppp_pppoe.ae674 : lliout.oe674 (.const:.string)
                  c272c403    00000001     --HOLE-- [fill = 0]
                  c272c404    00000004     SysMinProvide.obj (.const:.string)
                  c272c408    000000be     lv_color.obj (.const:colors$2)
                  c272c4c6    000000bc     servers_min.ae674 : newservers.oe674 (.const:.string)
                  c272c582    00000002     Local_pe674.oe674 (.const:ti_sysbios_heaps_HeapMem_Module__id__C)
                  c272c584    000000b8     Calculator.obj (.const:.string)
                  c272c63c    00000004     lv_draw_label.obj (.const:.string)
                  c272c640    000000b6     lv_math.obj (.const:sin0_90_table)
                  c272c6f6    000000b1     nettool.ae674 : dnsclnt.oe674 (.const:.string)
                  c272c7a7    00000001     --HOLE-- [fill = 0]
                  c272c7a8    000000b0     lv_hal_indev.obj (.const:.string)
                  c272c858    000000b0     lv_keyboard.obj (.const:default_kb_map_lc)
                  c272c908    000000b0     lv_keyboard.obj (.const:default_kb_map_spec)
                  c272c9b8    000000b0     lv_keyboard.obj (.const:default_kb_map_uc)
                  c272ca68    000000a9     stk6_ppp_pppoe.ae674 : lli6.oe674 (.const:.string)
                  c272cb11    000000a7     nettool.ae674 : ipaddr.oe674 (.const:.string)
                  c272cbb8    000000a7     stk6_ppp_pppoe.ae674 : nimu.oe674 (.const:.string)
                  c272cc5f    00000001     --HOLE-- [fill = 0]
                  c272cc60    000000a4     LVGLTask.obj (.const:.string)
                  c272cd04    000000a2     stk6_ppp_pppoe.ae674 : nimupppoe.oe674 (.const:.string)
                  c272cda6    00000002     Local_pe674.oe674 (.const:ti_sysbios_knl_Clock_Module__id__C)
                  c272cda8    000000a0     lv_btnmatrix.obj (.const:.string)
                  c272ce48    00000098     lv_refr.obj (.const:.string)
                  c272cee0    00000098     lv_color.obj (.const:colors$3)
                  c272cf78    00000094     Touch.obj (.const:.string)
                  c272d00c    00000091     stk6_ppp_pppoe.ae674 : tcp6time.oe674 (.const:.string)
                  c272d09d    00000001     --HOLE-- [fill = 0]
                  c272d09e    00000002     Local_pe674.oe674 (.const:ti_sysbios_knl_Clock_Module__loggerDefined__C)
                  c272d0a0    00000090     lv_calendar.obj (.const:.string)
                  c272d130    0000008d     stk6_ppp_pppoe.ae674 : tcptime.oe674 (.const:.string)
                  c272d1bd    00000001     --HOLE-- [fill = 0]
                  c272d1be    00000002     Local_pe674.oe674 (.const:ti_sysbios_knl_Semaphore_Module__id__C)
                  c272d1c0    0000008c     lv_fs.obj (.const:.string)
                  c272d24c    0000008c     lv_roller.obj (.const:.string)
                  c272d2d8    00000084     lv_bmp.obj (.const:.string)
                  c272d35c    00000080     lv_draw_sw_gradient.obj (.const:.string)
                  c272d3dc    00000080     lv_style.obj (.const:.string)
                  c272d45c    00000004     lv_menu.obj (.const:.string)
                  c272d460    00000080     tjpgd.obj (.const:Ipsf)
                  c272d4e0    00000080     rts6740_elf.lib : strtod.c.obj (.const:digits)
                  c272d560    0000007c     UARTConsole.obj (.const:.string)
                  c272d5dc    00000078     lv_meter.obj (.const:.string)
                  c272d654    00000078     main.obj (.const:.string)
                  c272d6cc    00000004     lv_png.obj (.const:.string)
                  c272d6d0    00000078     lodepng.obj (.const:DISTANCEBASE)
                  c272d748    00000078     lodepng.obj (.const:DISTANCEEXTRA)
                  c272d7c0    00000077     stk6_ppp_pppoe.ae674 : sock6.oe674 (.const:.string)
                  c272d837    00000076                          : mld.oe674 (.const:.string)
                  c272d8ad    00000001     --HOLE-- [fill = 0]
                  c272d8ae    00000002     Local_pe674.oe674 (.const:ti_sysbios_knl_Semaphore_Module__loggerDefined__C)
                  c272d8b0    00000074     lv_font.obj (.const:.string)
                  c272d924    00000004     lv_spinbox.obj (.const:.string)
                  c272d928    00000074     lodepng.obj (.const:LENGTHBASE)
                  c272d99c    00000004     lv_tabview.obj (.const:.string)
                  c272d9a0    00000074     lodepng.obj (.const:LENGTHEXTRA)
                  c272da14    00000070     lv_obj_style.obj (.const:.string)
                  c272da84    0000006c     lv_event.obj (.const:.string)
                  c272daf0    0000006c     rts6740_elf.lib : asctime.c.obj (.const:.string)
                  c272db5c    00000068     lv_flex.obj (.const:.string)
                  c272dbc4    00000068     lv_group.obj (.const:.string)
                  c272dc2c    00000064     lv_calendar_header_arrow.obj (.const:.string)
                  c272dc90    00000064     lv_obj_pos.obj (.const:.string)
                  c272dcf4    00000064     Local_pe674.oe674 (.const:ti_sysbios_timers_timer64_Timer_Object__PARAMS__C)
                  c272dd58    00000060     lv_txt.obj (.const:.string)
                  c272ddb8    00000060     stk6_ppp_pppoe.ae674 : sb.oe674 (.const:.string)
                  c272de18    0000005c     lv_anim.obj (.const:.string)
                  c272de74    0000005c     lv_img.obj (.const:.string)
                  c272ded0    0000005c     lv_timer.obj (.const:.string)
                  c272df2c    00000058     ti.targets.rts6000.ae674 : Error.oe674 (.const:.string)
                  c272df84    00000056     os.ae674 : semaphore.oe674 (.const:.string)
                  c272dfda    00000006     nettool.ae674 : tftp6.oe674 (.const:.string)
                  c272dfe0    00000054     stk6_ppp_pppoe.ae674 : sockprot.oe674 (.const:Code2Err)
                  c272e034    00000004     lv_theme_default.obj (.const:.string)
                  c272e038    00000054     lv_keyboard.obj (.const:default_kb_map_num)
                  c272e08c    00000051     nettool.ae674 : dhcpmain.oe674 (.const:.string)
                  c272e0dd    00000050     stk6_ppp_pppoe.ae674 : bind.oe674 (.const:.string)
                  c272e12d    00000001     --HOLE-- [fill = 0]
                  c272e12e    00000002     Local_pe674.oe674 (.const:ti_sysbios_knl_Swi_Module__id__C)
                  c272e130    00000050     lv_keyboard.obj (.const:default_kb_ctrl_lc_map)
                  c272e180    00000050     lv_keyboard.obj (.const:default_kb_ctrl_spec_map)
                  c272e1d0    00000050     lv_keyboard.obj (.const:default_kb_ctrl_uc_map)
                  c272e220    0000004e     stk6_ppp_pppoe.ae674 : rtable.oe674 (.const:.string)
                  c272e26e    00000002     Local_pe674.oe674 (.const:ti_sysbios_knl_Swi_Module__loggerDefined__C)
                  c272e270    0000004c     lv_log.obj (.const:.string)
                  c272e2bc    00000004     nettool.ae674 : telnetd.oe674 (.const:.string)
                  c272e2c0    0000004c     lodepng.obj (.const:CLCL_ORDER)
                  c272e30c    00000048     Local_pe674.oe674 (.const:.string)
                  c272e354    00000048     ti.targets.rts6000.ae674 : Log.oe674 (.const:.string)
                  c272e39c    00000004                              : Assert.oe674 (.const:.string)
                  c272e3a0    00000048     rts6740_elf.lib : strtod.c.obj (.const:powerof10)
                  c272e3e8    00000048     Local_pe674.oe674 (.const:ti_sysbios_knl_Task_hooks__A)
                  c272e430    00000044     netctrl.ae674 : netctrl.oe674 (.const:.string)
                  c272e474    00000041     nettool.ae674 : httpclie.oe674 (.const:.string)
                  c272e4b5    00000041     stk6_ppp_pppoe.ae674 : sb6.oe674 (.const:.string)
                  c272e4f6    00000002     Local_pe674.oe674 (.const:ti_sysbios_knl_Task_Module__id__C)
                  c272e4f8    00000040     tjpgd.obj (.const:.string:Zig)
                  c272e538    00000040     lv_draw_sw_dither.obj (.const:.string:dither_ordered_threshold_matrix)
                  c272e578    00000040     ti.targets.rts6000.ae674 : Text.oe674 (.const:.string)
                  c272e5b8    0000003e     stk6_ppp_pppoe.ae674 : ipv6.oe674 (.const:.string)
                  c272e5f6    0000003c                          : ipv6_exthdrs.oe674 (.const:.string)
                  c272e632    00000002     Local_pe674.oe674 (.const:ti_sysbios_knl_Task_Module__loggerDefined__C)
                  c272e634    0000003c     Local_pe674.oe674 (.const:ti_sysbios_knl_Task_Object__PARAMS__C)
                  c272e670    00000038     SATATest.obj (.const:.string)
                  c272e6a8    00000038     stk6_ppp_pppoe.ae674 : icmpv6in.oe674 (.const:.string)
                  c272e6e0    00000038                          : sock.oe674 (.const:.string)
                  c272e718    00000034     cgi.ae674 : cgiparsem.oe674 (.const:.string)
                  c272e74c    00000034     Local_pe674.oe674 (.const:xdc_runtime_LoggerSys_Module__FXNS__C)
                  c272e780    00000034     Local_pe674.oe674 (.const:xdc_runtime_Startup_sfxnTab__A)
                  c272e7b4    00000031     stk6_ppp_pppoe.ae674 : pbm.oe674 (.const:.string)
                  c272e7e5    00000001     --HOLE-- [fill = 0]
                  c272e7e6    00000002     Local_pe674.oe674 (.const:ti_sysbios_knl_Task_initStackFlag__C)
                  c272e7e8    00000030     Home.obj (.const:.string)
                  c272e818    00000030     rts6740_elf.lib : asctime.c.obj (.const:mon)
                  c272e848    00000030     Local_pe674.oe674 (.const:ti_sysbios_family_c64p_Hwi_Object__PARAMS__C)
                  c272e878    0000002c     ti.drv.omapl138.ae674 : csl_mdio.oe674 (.const:.string)
                  c272e8a4    0000002c     ti.targets.rts6000.ae674 : Startup.oe674 (.const:.string)
                  c272e8d0    0000002c     Local_pe674.oe674 (.const:ti_sysbios_hal_Hwi_Object__PARAMS__C)
                  c272e8fc    00000004     Local_pe674.oe674 (.const:ti_sysbios_BIOS_Module__diagsEnabled__C)
                  c272e900    0000002c     lv_theme_default.obj (.const:trans_props$1)
                  c272e92c    00000028     Local_pe674.oe674 (.const:ti_sysbios_heaps_HeapMem_Module__FXNS__C)
                  c272e954    00000028     Local_pe674.oe674 (.const:ti_sysbios_knl_Swi_Object__PARAMS__C)
                  c272e97c    00000004     Local_pe674.oe674 (.const:ti_sysbios_BIOS_Module__diagsIncluded__C)
                  c272e980    00000026     lv_event.obj (.const:.string:$P$T2$4)
                  c272e9a6    00000002     Local_pe674.oe674 (.const:ti_sysbios_timers_timer64_Timer_Module__id__C)
                  c272e9a8    00000026     lv_color.obj (.const:colors$1)
                  c272e9ce    00000002     Local_pe674.oe674 (.const:ti_sysbios_timers_timer64_Timer_startupNeeded__C)
                  c272e9d0    00000024     rts6740_elf.lib : _printfi.c.obj (.const:.string)
                  c272e9f4    00000024     Local_pe674.oe674 (.const:ti_sysbios_gates_GateHwi_Module__FXNS__C)
                  c272ea18    00000024     Local_pe674.oe674 (.const:ti_sysbios_gates_GateMutex_Module__FXNS__C)
                  c272ea3c    00000024     Local_pe674.oe674 (.const:ti_sysbios_heaps_HeapMem_Object__PARAMS__C)
                  c272ea60    00000024     Local_pe674.oe674 (.const:ti_sysbios_knl_Clock_Object__PARAMS__C)
                  c272ea84    00000024     Local_pe674.oe674 (.const:ti_sysbios_knl_Semaphore_Object__PARAMS__C)
                  c272eaa8    00000022     lv_calendar.obj (.const:.string:$P$T0$1)
                  c272eaca    00000006     stk6_ppp_pppoe.ae674 : auth.oe674 (.const:.string)
                  c272ead0    00000022     lv_keyboard.obj (.const:default_kb_ctrl_num_map)
                  c272eaf2    00000002     Local_pe674.oe674 (.const:ti_sysbios_utils_Load_Module__id__C)
                  c272eaf4    00000004     Local_pe674.oe674 (.const:ti_sysbios_BIOS_Module__diagsMask__C)
                  c272eaf8    00000021     lv_textarea.obj (.const:.string:$P$T5$6)
                  c272eb19    00000001     --HOLE-- [fill = 0]
                  c272eb1a    00000002     Local_pe674.oe674 (.const:ti_sysbios_utils_Load_Module__loggerDefined__C)
                  c272eb1c    00000004     Local_pe674.oe674 (.const:ti_sysbios_BIOS_installedErrorHook__C)
                  c272eb20    00000021     lv_draw_sw_line.obj (.const:.string:wcorr$1)
                  c272eb41    00000001     --HOLE-- [fill = 0]
                  c272eb42    00000002     Local_pe674.oe674 (.const:ti_sysbios_utils_Load_autoAddTasks__C)
                  c272eb44    00000004     Local_pe674.oe674 (.const:ti_sysbios_family_c62_TaskSupport_stackAlignment__C)
                  c272eb48    00000020     lv_btnmatrix.obj (.const:.string:$P$T0$1)
                  c272eb68    00000020     lv_obj_style.obj (.const:.string:$P$T2$1)
                  c272eb88    00000020     Local_pe674.oe674 (.const:ti_sysbios_family_c64p_Hwi_Object__DESC__C)
                  c272eba8    00000020     Local_pe674.oe674 (.const:ti_sysbios_gates_GateHwi_Object__DESC__C)
                  c272ebc8    00000020     Local_pe674.oe674 (.const:ti_sysbios_gates_GateMutex_Object__DESC__C)
                  c272ebe8    00000020     Local_pe674.oe674 (.const:ti_sysbios_hal_Hwi_Object__DESC__C)
                  c272ec08    00000020     Local_pe674.oe674 (.const:ti_sysbios_heaps_HeapMem_Object__DESC__C)
                  c272ec28    00000020     Local_pe674.oe674 (.const:ti_sysbios_knl_Clock_Object__DESC__C)
                  c272ec48    00000020     Local_pe674.oe674 (.const:ti_sysbios_knl_Queue_Object__DESC__C)
                  c272ec68    00000020     Local_pe674.oe674 (.const:ti_sysbios_knl_Semaphore_Object__DESC__C)
                  c272ec88    00000020     Local_pe674.oe674 (.const:ti_sysbios_knl_Swi_Object__DESC__C)
                  c272eca8    00000020     Local_pe674.oe674 (.const:ti_sysbios_knl_Task_Object__DESC__C)
                  c272ecc8    00000020     Local_pe674.oe674 (.const:ti_sysbios_timers_timer64_Timer_Object__DESC__C)
                  c272ece8    00000020     Local_pe674.oe674 (.const:xdc_runtime_LoggerSys_Object__DESC__C)
                  c272ed08    0000001f     lv_dropdown.obj (.const:.string:$P$T1$2)
                  c272ed27    00000001     --HOLE-- [fill = 0]
                  c272ed28    0000001e     lv_textarea.obj (.const:.string:$P$T6$7)
                  c272ed46    0000001e     nettool.ae674 : daemon.oe674 (.const:.string)
                  c272ed64    00000004     Local_pe674.oe674 (.const:ti_sysbios_family_c64p_Cache_EMIFA_BASE__C)
                  c272ed68    0000001d     lv_chart.obj (.const:.string:$P$T2$3)
                  c272ed85    00000001     --HOLE-- [fill = 0]
                  c272ed86    00000002     Local_pe674.oe674 (.const:ti_sysbios_utils_Load_hwiEnabled__C)
                  c272ed88    0000001d     lv_img_decoder.obj (.const:.string:$P$T4$4)
                  c272eda5    0000001d     stk6_ppp_pppoe.ae674 : lli.oe674 (.const:.string)
                  c272edc2    00000002     Local_pe674.oe674 (.const:ti_sysbios_utils_Load_updateInIdle__C)
                  c272edc4    0000001c     lv_draw_sw_rect.obj (.const:$P$T0$1)
                  c272ede0    0000001c     lv_table.obj (.const:.string:$P$T1$2)
                  c272edfc    00000004     Local_pe674.oe674 (.const:ti_sysbios_family_c64p_Cache_EMIFA_CFG__C)
                  c272ee00    0000001c     lodepng.obj (.const:ADAM7_DX)
                  c272ee1c    00000004     Local_pe674.oe674 (.const:ti_sysbios_family_c64p_Cache_EMIFA_LENGTH__C)
                  c272ee20    0000001c     lodepng.obj (.const:ADAM7_DY)
                  c272ee3c    00000004     Local_pe674.oe674 (.const:ti_sysbios_family_c64p_Cache_EMIFB_BASE__C)
                  c272ee40    0000001c     lodepng.obj (.const:ADAM7_IX)
                  c272ee5c    00000004     Local_pe674.oe674 (.const:ti_sysbios_family_c64p_Cache_EMIFB_CFG__C)
                  c272ee60    0000001c     lodepng.obj (.const:ADAM7_IY)
                  c272ee7c    0000001c     SourceHanSansCN_Normal_16.obj (.const:SourceHanSansCN_Normal_16)
                  c272ee98    0000001c     rts6740_elf.lib : asctime.c.obj (.const:day)
                  c272eeb4    0000001c     lv_arc.obj (.const:lv_arc_class)
                  c272eed0    0000001c     lv_bar.obj (.const:lv_bar_class)
                  c272eeec    0000001c     lv_btn.obj (.const:lv_btn_class)
                  c272ef08    0000001c     lv_btnmatrix.obj (.const:lv_btnmatrix_class)
                  c272ef24    0000001c     lv_calendar.obj (.const:lv_calendar_class)
                  c272ef40    0000001c     lv_calendar_header_arrow.obj (.const:lv_calendar_header_arrow_class)
                  c272ef5c    0000001c     lv_calendar_header_dropdown.obj (.const:lv_calendar_header_dropdown_class)
                  c272ef78    0000001c     lv_chart.obj (.const:lv_chart_class)
                  c272ef94    0000001c     lv_checkbox.obj (.const:lv_checkbox_class)
                  c272efb0    0000001c     lv_colorwheel.obj (.const:lv_colorwheel_class)
                  c272efcc    0000001c     lv_dropdown.obj (.const:lv_dropdown_class)
                  c272efe8    0000001c     lv_dropdown.obj (.const:lv_dropdownlist_class)
                  c272f004    0000001c     lv_img.obj (.const:lv_img_class)
                  c272f020    0000001c     lv_imgbtn.obj (.const:lv_imgbtn_class)
                  c272f03c    0000001c     lv_keyboard.obj (.const:lv_keyboard_class)
                  c272f058    0000001c     lv_label.obj (.const:lv_label_class)
                  c272f074    0000001c     lv_led.obj (.const:lv_led_class)
                  c272f090    0000001c     lv_line.obj (.const:lv_line_class)
                  c272f0ac    0000001c     lv_list.obj (.const:lv_list_btn_class)
                  c272f0c8    0000001c     lv_list.obj (.const:lv_list_class)
                  c272f0e4    0000001c     lv_list.obj (.const:lv_list_text_class)
                  c272f100    0000001c     lv_menu.obj (.const:lv_menu_class)
                  c272f11c    0000001c     lv_menu.obj (.const:lv_menu_cont_class)
                  c272f138    0000001c     lv_menu.obj (.const:lv_menu_main_cont_class)
                  c272f154    0000001c     lv_menu.obj (.const:lv_menu_main_header_cont_class)
                  c272f170    0000001c     lv_menu.obj (.const:lv_menu_page_class)
                  c272f18c    0000001c     lv_menu.obj (.const:lv_menu_section_class)
                  c272f1a8    0000001c     lv_menu.obj (.const:lv_menu_separator_class)
                  c272f1c4    0000001c     lv_menu.obj (.const:lv_menu_sidebar_cont_class)
                  c272f1e0    0000001c     lv_menu.obj (.const:lv_menu_sidebar_header_cont_class)
                  c272f1fc    0000001c     lv_meter.obj (.const:lv_meter_class)
                  c272f218    0000001c     lv_msgbox.obj (.const:lv_msgbox_backdrop_class)
                  c272f234    0000001c     lv_msgbox.obj (.const:lv_msgbox_class)
                  c272f250    0000001c     lv_obj.obj (.const:lv_obj_class)
                  c272f26c    0000001c     lv_roller.obj (.const:lv_roller_class)
                  c272f288    0000001c     lv_roller.obj (.const:lv_roller_label_class)
                  c272f2a4    0000001c     lv_slider.obj (.const:lv_slider_class)
                  c272f2c0    0000001c     lv_spinbox.obj (.const:lv_spinbox_class)
                  c272f2dc    0000001c     lv_spinner.obj (.const:lv_spinner_class)
                  c272f2f8    0000001c     lv_switch.obj (.const:lv_switch_class)
                  c272f314    0000001c     lv_table.obj (.const:lv_table_class)
                  c272f330    0000001c     lv_tabview.obj (.const:lv_tabview_class)
                  c272f34c    0000001c     lv_textarea.obj (.const:lv_textarea_class)
                  c272f368    0000001c     lv_tileview.obj (.const:lv_tileview_class)
                  c272f384    0000001c     lv_tileview.obj (.const:lv_tileview_tile_class)
                  c272f3a0    0000001c     lv_win.obj (.const:lv_win_class)
                  c272f3bc    00000004     Local_pe674.oe674 (.const:ti_sysbios_family_c64p_Cache_EMIFB_LENGTH__C)
                  c272f3c0    0000001b     lv_chart.obj (.const:.string:$P$T1$2)
                  c272f3db    00000001     --HOLE-- [fill = 0]
                  c272f3dc    00000004     Local_pe674.oe674 (.const:ti_sysbios_family_c64p_Cache_EMIFC_BASE__C)
                  c272f3e0    0000001b     lv_draw_sw_gradient.obj (.const:.string:$P$T1$2)
                  c272f3fb    00000001     --HOLE-- [fill = 0]
                  c272f3fc    00000004     Local_pe674.oe674 (.const:ti_sysbios_family_c64p_Cache_EMIFC_CFG__C)
                  c272f400    0000001b     lv_label.obj (.const:.string:$P$T5$5)
                  c272f41b    00000001     --HOLE-- [fill = 0]
                  c272f41c    00000004     Local_pe674.oe674 (.const:ti_sysbios_family_c64p_Cache_EMIFC_LENGTH__C)
                  c272f420    0000001b     lv_chart.obj (.const:.string:$P$T7$8)
                  c272f43b    00000001     --HOLE-- [fill = 0]
                  c272f43c    00000004     Local_pe674.oe674 (.const:ti_sysbios_family_c64p_Cache_MAR0_31__C)
                  c272f440    0000001a     lv_obj.obj (.const:.string:$P$T1$2)
                  c272f45a    00000002     Local_pe674.oe674 (.const:xdc_runtime_Core_Module__id__C)
                  c272f45c    00000004     Local_pe674.oe674 (.const:ti_sysbios_family_c64p_Cache_MAR128_159__C)
                  c272f460    0000001a     lv_chart.obj (.const:.string:$P$T12$11)
                  c272f47a    00000002     Local_pe674.oe674 (.const:xdc_runtime_Error_Module__loggerDefined__C)
                  c272f47c    00000004     Local_pe674.oe674 (.const:ti_sysbios_family_c64p_Cache_MAR160_191__C)
                  c272f480    0000001a     lv_chart.obj (.const:.string:$P$T13$12)
                  c272f49a    00000002     Local_pe674.oe674 (.const:xdc_runtime_Error_maxDepth__C)
                  c272f49c    00000004     Local_pe674.oe674 (.const:ti_sysbios_family_c64p_Cache_MAR192_223__C)
                  c272f4a0    0000001a     lv_chart.obj (.const:.string:$P$T18$17)
                  c272f4ba    00000002     Local_pe674.oe674 (.const:xdc_runtime_Memory_Module__id__C)
                  c272f4bc    00000004     Local_pe674.oe674 (.const:ti_sysbios_family_c64p_Cache_MAR224_255__C)
                  c272f4c0    0000001a     lv_chart.obj (.const:.string:$P$T6$7)
                  c272f4da    00000002     Local_pe674.oe674 (.const:xdc_runtime_SysMin_flushAtExit__C)
                  c272f4dc    00000004     Local_pe674.oe674 (.const:ti_sysbios_family_c64p_Cache_MAR32_63__C)
                  c272f4e0    0000001a     Local_pe674.oe674 (.const:xdc_runtime_Startup_sfxnRts__A)
                  c272f4fa    00000002     Local_pe674.oe674 (.const:xdc_runtime_Text_charCnt__C)
                  c272f4fc    00000004     Local_pe674.oe674 (.const:ti_sysbios_family_c64p_Cache_MAR64_95__C)
                  c272f500    00000019     lv_font.obj (.const:.string:$P$T0$1)
                  c272f519    00000001     --HOLE-- [fill = 0]
                  c272f51a    00000002     Local_pe674.oe674 (.const:xdc_runtime_Text_isLoaded__C)
                  c272f51c    00000004     Local_pe674.oe674 (.const:ti_sysbios_family_c64p_Cache_MAR96_127__C)
                  c272f520    00000019     lv_draw_mask.obj (.const:.string:$P$T1$2)
                  c272f539    00000001     --HOLE-- [fill = 0]
                  c272f53a    00000002     Local_pe674.oe674 (.const:xdc_runtime_Text_registryModsLastId__C)
                  c272f53c    00000004     Local_pe674.oe674 (.const:ti_sysbios_family_c64p_EventCombiner_E_unpluggedEvent__C)
                  c272f540    00000019     lv_meter.obj (.const:.string:$P$T1$2)
                  c272f559    00000001     --HOLE-- [fill = 0]
                  c272f55a    00000002     Local_pe674.oe674 (.const:xdc_runtime_Text_unnamedModsLastId__C)
                  c272f55c    00000004     Local_pe674.oe674 (.const:ti_sysbios_family_c64p_Exception_E_exceptionMax__C)
                  c272f560    00000019     lv_chart.obj (.const:.string:$P$T16$15)
                  c272f579    00000003     --HOLE-- [fill = 0]
                  c272f57c    00000004     Local_pe674.oe674 (.const:ti_sysbios_family_c64p_Exception_exceptionHook__C)
                  c272f580    00000019     lv_chart.obj (.const:.string:$P$T17$16)
                  c272f599    00000003     --HOLE-- [fill = 0]
                  c272f59c    00000004     Local_pe674.oe674 (.const:ti_sysbios_family_c64p_Exception_externalHook__C)
                  c272f5a0    00000019     lv_chart.obj (.const:.string:$P$T19$18)
                  c272f5b9    00000003     --HOLE-- [fill = 0]
                  c272f5bc    00000004     Local_pe674.oe674 (.const:ti_sysbios_family_c64p_Exception_internalHook__C)
                  c272f5c0    00000019     lv_chart.obj (.const:.string:$P$T20$19)
                  c272f5d9    00000003     --HOLE-- [fill = 0]
                  c272f5dc    00000004     Local_pe674.oe674 (.const:ti_sysbios_family_c64p_Exception_nmiHook__C)
                  c272f5e0    00000019     lv_meter.obj (.const:.string:$P$T4$5)
                  c272f5f9    00000003     --HOLE-- [fill = 0]
                  c272f5fc    00000004     Local_pe674.oe674 (.const:ti_sysbios_family_c64p_Hwi_E_alreadyDefined__C)
                  c272f600    00000019     lv_table.obj (.const:.string:$P$T5$6)
                  c272f619    00000003     --HOLE-- [fill = 0]
                  c272f61c    00000004     Local_pe674.oe674 (.const:ti_sysbios_family_c64p_Hwi_E_handleNotFound__C)
                  c272f620    00000018     lv_draw_mask.obj (.const:.string:$P$T0$1)
                  c272f638    00000018     lv_dropdown.obj (.const:.string:$P$T0$1)
                  c272f650    00000018     lv_hal_disp.obj (.const:.string:$P$T0$1)
                  c272f668    00000018     lv_table.obj (.const:.string:$P$T0$1)
                  c272f680    00000018     lv_chart.obj (.const:.string:$P$T11$10)
                  c272f698    00000018     lv_chart.obj (.const:.string:$P$T15$14)
                  c272f6b0    00000018     lv_label.obj (.const:.string:$P$T2$3)
                  c272f6c8    00000018     lv_meter.obj (.const:.string:$P$T2$3)
                  c272f6e0    00000018     lv_font.obj (.const:.string:$P$T3$3)
                  c272f6f8    00000018     lv_event.obj (.const:.string:$P$T3$5)
                  c272f710    00000018     nettool.ae674 : config.oe674 (.const:.string)
                  c272f728    00000018     stk6_ppp_pppoe.ae674 : exec.oe674 (.const:.string)
                  c272f740    00000018     SourceHanSansCN_Normal_16.obj (.const:font_dsc)
                  c272f758    00000018     Local_pe674.oe674 (.const:ti_sysbios_gates_GateHwi_Object__PARAMS__C)
                  c272f770    00000018     Local_pe674.oe674 (.const:ti_sysbios_gates_GateMutex_Object__PARAMS__C)
                  c272f788    00000018     Local_pe674.oe674 (.const:ti_sysbios_knl_Queue_Object__PARAMS__C)
                  c272f7a0    00000018     Local_pe674.oe674 (.const:ti_sysbios_knl_Swi_hooks__A)
                  c272f7b8    00000018     Local_pe674.oe674 (.const:xdc_runtime_LoggerSys_Object__PARAMS__C)
                  c272f7d0    00000017     lv_event.obj (.const:.string:$P$T1$3)
                  c272f7e7    00000001     --HOLE-- [fill = 0]
                  c272f7e8    00000017     lv_chart.obj (.const:.string:$P$T14$13)
                  c272f7ff    00000001     --HOLE-- [fill = 0]
                  c272f800    00000017     lv_dropdown.obj (.const:.string:$P$T2$3)
                  c272f817    00000001     --HOLE-- [fill = 0]
                  c272f818    00000017     lv_label.obj (.const:.string:$P$T3$4)
                  c272f82f    00000001     --HOLE-- [fill = 0]
                  c272f830    00000017     lv_chart.obj (.const:.string:$P$T4$5)
                  c272f847    00000001     --HOLE-- [fill = 0]
                  c272f848    00000017     lv_table.obj (.const:.string:$P$T4$5)
                  c272f85f    00000017     stk6_ppp_pppoe.ae674 : ipout.oe674 (.const:.string)
                  c272f876    00000002     --HOLE-- [fill = 0]
                  c272f878    00000016     lv_hal_indev.obj (.const:.string:$P$T0$1)
                  c272f88e    00000002     --HOLE-- [fill = 0]
                  c272f890    00000016     lv_roller.obj (.const:.string:$P$T0$1)
                  c272f8a6    00000002     --HOLE-- [fill = 0]
                  c272f8a8    00000016     lv_txt.obj (.const:.string:$P$T0$1)
                  c272f8be    00000002     --HOLE-- [fill = 0]
                  c272f8c0    00000016     lv_label.obj (.const:.string:$P$T1$2)
                  c272f8d6    00000002     --HOLE-- [fill = 0]
                  c272f8d8    00000016     lv_font.obj (.const:.string:$P$T2$2)
                  c272f8ee    00000002     --HOLE-- [fill = 0]
                  c272f8f0    00000016     lv_img_decoder.obj (.const:.string:$P$T3$3)
                  c272f906    00000002     --HOLE-- [fill = 0]
                  c272f908    00000016     lv_tlsf.obj (.const:.string:$P$T6$6)
                  c272f91e    00000016     stk6_ppp_pppoe.ae674 : ipv6out.oe674 (.const:.string)
                  c272f934    00000004     Local_pe674.oe674 (.const:ti_sysbios_family_c64p_Hwi_LD_end__C)
                  c272f938    00000015     lv_textarea.obj (.const:.string:$P$T0$1)
                  c272f94d    00000003     --HOLE-- [fill = 0]
                  c272f950    00000015     lv_img_decoder.obj (.const:.string:$P$T1$1)
                  c272f965    00000003     --HOLE-- [fill = 0]
                  c272f968    00000015     lv_textarea.obj (.const:.string:$P$T1$2)
                  c272f97d    00000003     --HOLE-- [fill = 0]
                  c272f980    00000015     lv_style.obj (.const:.string:$P$T2$3)
                  c272f995    00000003     --HOLE-- [fill = 0]
                  c272f998    00000015     lv_table.obj (.const:.string:$P$T2$3)
                  c272f9ad    00000003     --HOLE-- [fill = 0]
                  c272f9b0    00000015     lv_textarea.obj (.const:.string:$P$T2$3)
                  c272f9c5    00000003     --HOLE-- [fill = 0]
                  c272f9c8    00000015     lv_hal_disp.obj (.const:.string:$P$T2$8)
                  c272f9dd    00000003     --HOLE-- [fill = 0]
                  c272f9e0    00000015     lv_chart.obj (.const:.string:$P$T21$20)
                  c272f9f5    00000003     --HOLE-- [fill = 0]
                  c272f9f8    00000015     lv_chart.obj (.const:.string:$P$T22$21)
                  c272fa0d    00000003     --HOLE-- [fill = 0]
                  c272fa10    00000015     lv_table.obj (.const:.string:$P$T3$4)
                  c272fa25    00000003     --HOLE-- [fill = 0]
                  c272fa28    00000015     lv_textarea.obj (.const:.string:$P$T4$5)
                  c272fa3d    00000003     --HOLE-- [fill = 0]
                  c272fa40    00000015     lv_chart.obj (.const:.string:$P$T5$6)
                  c272fa55    00000003     --HOLE-- [fill = 0]
                  c272fa58    00000015     lv_label.obj (.const:.string:$P$T7$7)
                  c272fa6d    00000003     --HOLE-- [fill = 0]
                  c272fa70    00000014     lv_event.obj (.const:.string:$P$T0$2)
                  c272fa84    00000004     Local_pe674.oe674 (.const:ti_sysbios_family_c64p_Hwi_LM_begin__C)
                  c272fa88    00000014     lv_hal_indev.obj (.const:.string:$P$T1$2)
                  c272fa9c    00000004     Local_pe674.oe674 (.const:ti_sysbios_family_c64p_Hwi_Module__diagsEnabled__C)
                  c272faa0    00000014     lv_chart.obj (.const:.string:$P$T10$9)
                  c272fab4    00000004     Local_pe674.oe674 (.const:ti_sysbios_family_c64p_Hwi_Module__diagsIncluded__C)
                  c272fab8    00000014     lv_img_decoder.obj (.const:.string:$P$T2$2)
                  c272facc    00000004     Local_pe674.oe674 (.const:ti_sysbios_family_c64p_Hwi_Module__diagsMask__C)
                  c272fad0    00000014     lv_tlsf.obj (.const:.string:$P$T23$22)
                  c272fae4    00000004     Local_pe674.oe674 (.const:ti_sysbios_family_c64p_Hwi_Module__loggerFxn1__C)
                  c272fae8    00000014     lv_chart.obj (.const:.string:$P$T3$4)
                  c272fafc    00000014     lv_sjpg.obj (.const:.string)
                  c272fb10    00000014     Local_pe674.oe674 (.const:ti_sysbios_family_c64p_Hwi_hooks__A)
                  c272fb24    00000004     Local_pe674.oe674 (.const:ti_sysbios_family_c64p_Hwi_Module__loggerFxn8__C)
                  c272fb28    00000013     lv_meter.obj (.const:.string:$P$T0$1)
                  c272fb3b    00000001     --HOLE-- [fill = 0]
                  c272fb3c    00000004     Local_pe674.oe674 (.const:ti_sysbios_family_c64p_Hwi_Module__loggerObj__C)
                  c272fb40    00000013     lv_obj_pos.obj (.const:.string:$P$T0$2)
                  c272fb53    00000001     --HOLE-- [fill = 0]
                  c272fb54    00000004     Local_pe674.oe674 (.const:ti_sysbios_family_c64p_Hwi_Object__heap__C)
                  c272fb58    00000013     lv_tlsf.obj (.const:.string:$P$T17$16)
                  c272fb6b    00000001     --HOLE-- [fill = 0]
                  c272fb6c    00000004     Local_pe674.oe674 (.const:ti_sysbios_gates_GateMutex_A_badContext__C)
                  c272fb70    00000013     lv_fs.obj (.const:.string:$P$T3$3)
                  c272fb83    00000001     --HOLE-- [fill = 0]
                  c272fb84    00000004     Local_pe674.oe674 (.const:ti_sysbios_gates_GateMutex_Instance_State_sem__O)
                  c272fb88    00000013     lv_mem.obj (.const:.string:$P$T4$5)
                  c272fb9b    00000013     stk6_ppp_pppoe.ae674 : fileuser.oe674 (.const:.string)
                  c272fbae    00000002     --HOLE-- [fill = 0]
                  c272fbb0    00000012     lv_chart.obj (.const:.string:$P$T0$1)
                  c272fbc2    00000002     --HOLE-- [fill = 0]
                  c272fbc4    00000004     Local_pe674.oe674 (.const:ti_sysbios_gates_GateMutex_Module__diagsEnabled__C)
                  c272fbc8    00000012     lv_label.obj (.const:.string:$P$T0$1)
                  c272fbda    00000002     --HOLE-- [fill = 0]
                  c272fbdc    00000004     Local_pe674.oe674 (.const:ti_sysbios_gates_GateMutex_Module__diagsIncluded__C)
                  c272fbe0    00000012     lv_tlsf.obj (.const:.string:$P$T16$15)
                  c272fbf2    00000002     --HOLE-- [fill = 0]
                  c272fbf4    00000004     Local_pe674.oe674 (.const:ti_sysbios_gates_GateMutex_Module__diagsMask__C)
                  c272fbf8    00000012     lv_fs.obj (.const:.string:$P$T2$2)
                  c272fc0a    00000002     --HOLE-- [fill = 0]
                  c272fc0c    00000004     Local_pe674.oe674 (.const:ti_sysbios_hal_Hwi_E_stackOverflow__C)
                  c272fc10    00000012     lv_refr.obj (.const:.string:$P$T2$2)
                  c272fc22    00000002     --HOLE-- [fill = 0]
                  c272fc24    00000004     Local_pe674.oe674 (.const:ti_sysbios_heaps_HeapMem_A_align__C)
                  c272fc28    00000012     lv_style.obj (.const:.string:$P$T3$4)
                  c272fc3a    00000002     --HOLE-- [fill = 0]
                  c272fc3c    00000004     Local_pe674.oe674 (.const:ti_sysbios_heaps_HeapMem_A_heapSize__C)
                  c272fc40    00000012     lv_label.obj (.const:.string:$P$T6$6)
                  c272fc52    00000002     --HOLE-- [fill = 0]
                  c272fc54    00000004     Local_pe674.oe674 (.const:ti_sysbios_heaps_HeapMem_A_invalidFree__C)
                  c272fc58    00000012     lv_tlsf.obj (.const:.string:$P$T7$7)
                  c272fc6a    00000002     --HOLE-- [fill = 0]
                  c272fc6c    00000004     Local_pe674.oe674 (.const:ti_sysbios_heaps_HeapMem_A_zeroBlock__C)
                  c272fc70    00000012     lv_tlsf.obj (.const:.string:$P$T8$8)
                  c272fc82    00000002     --HOLE-- [fill = 0]
                  c272fc84    00000004     Local_pe674.oe674 (.const:ti_sysbios_heaps_HeapMem_E_memory__C)
                  c272fc88    00000011     lv_group.obj (.const:.string:$P$T1$2)
                  c272fc99    00000003     --HOLE-- [fill = 0]
                  c272fc9c    00000004     Local_pe674.oe674 (.const:ti_sysbios_heaps_HeapMem_Module__diagsEnabled__C)
                  c272fca0    00000011     lv_tlsf.obj (.const:.string:$P$T12$11)
                  c272fcb1    00000003     --HOLE-- [fill = 0]
                  c272fcb4    00000004     Local_pe674.oe674 (.const:ti_sysbios_heaps_HeapMem_Module__diagsIncluded__C)
                  c272fcb8    00000011     lv_tlsf.obj (.const:.string:$P$T13$12)
                  c272fcc9    00000003     --HOLE-- [fill = 0]
                  c272fccc    00000004     Local_pe674.oe674 (.const:ti_sysbios_heaps_HeapMem_Module__diagsMask__C)
                  c272fcd0    00000011     lv_tlsf.obj (.const:.string:$P$T18$17)
                  c272fce1    00000003     --HOLE-- [fill = 0]
                  c272fce4    00000004     Local_pe674.oe674 (.const:ti_sysbios_heaps_HeapMem_Module__gateObj__C)
                  c272fce8    00000011     lv_tlsf.obj (.const:.string:$P$T22$21)
                  c272fcf9    00000003     --HOLE-- [fill = 0]
                  c272fcfc    00000004     Local_pe674.oe674 (.const:ti_sysbios_heaps_HeapMem_Object__count__C)
                  c272fd00    00000011     lv_chart.obj (.const:.string:$P$T23$22)
                  c272fd11    00000003     --HOLE-- [fill = 0]
                  c272fd14    00000004     Local_pe674.oe674 (.const:ti_sysbios_heaps_HeapMem_Object__table__C)
                  c272fd18    00000011     lv_tlsf.obj (.const:.string:$P$T27$24)
                  c272fd29    00000003     --HOLE-- [fill = 0]
                  c272fd2c    00000004     Local_pe674.oe674 (.const:ti_sysbios_heaps_HeapMem_reqAlign__C)
                  c272fd30    00000011     lv_meter.obj (.const:.string:$P$T3$4)
                  c272fd41    00000011     stk6_ppp_pppoe.ae674 : tcp6prot.oe674 (.const:.string)
                  c272fd52    00000011                          : tcpprot.oe674 (.const:.string)
                  c272fd63    00000001     --HOLE-- [fill = 0]
                  c272fd64    00000004     Local_pe674.oe674 (.const:ti_sysbios_knl_Clock_A_badThreadType__C)
                  c272fd68    00000011     ti.targets.rts6000.ae674 : System.oe674 (.const:digtohex)
                  c272fd79    00000003     --HOLE-- [fill = 0]
                  c272fd7c    00000004     Local_pe674.oe674 (.const:ti_sysbios_knl_Clock_A_clockDisabled__C)
                  c272fd80    00000010     lv_group.obj (.const:.string:$P$T0$1)
                  c272fd90    00000010     lv_refr.obj (.const:.string:$P$T1$1)
                  c272fda0    00000010     lv_timer.obj (.const:.string:$P$T1$5)
                  c272fdb0    00000010     lv_tlsf.obj (.const:.string:$P$T14$13)
                  c272fdc0    00000010     lv_tlsf.obj (.const:.string:$P$T15$14)
                  c272fdd0    00000010     lv_img_buf.obj (.const:.string:$P$T2$2)
                  c272fde0    00000010     lv_hal_indev.obj (.const:.string:$P$T2$3)
                  c272fdf0    00000010     lv_obj_style.obj (.const:.string:$P$T3$2)
                  c272fe00    00000010     lv_tlsf.obj (.const:.string:$P$T30$26)
                  c272fe10    00000010     lv_img_decoder.obj (.const:.string:$P$T7$7)
                  c272fe20    00000010     lv_draw_sw_letter.obj (.const:.string:_lv_bpp4_opa_table)
                  c272fe30    00000010     rts6740_elf.lib : _scanfi.c.obj (.const:.string)
                  c272fe40    00000010     Local_pe674.oe674 (.const:ti_sysbios_family_c64p_EventCombiner_EVTMASK__C)
                  c272fe50    0000000f     lv_flex.obj (.const:.string:$P$T0$1)
                  c272fe5f    00000001     --HOLE-- [fill = 0]
                  c272fe60    0000000f     lv_img.obj (.const:.string:$P$T0$1)
                  c272fe6f    00000001     --HOLE-- [fill = 0]
                  c272fe70    0000000f     lv_style.obj (.const:.string:$P$T1$1)
                  c272fe7f    00000001     --HOLE-- [fill = 0]
                  c272fe80    0000000f     lv_mem.obj (.const:.string:$P$T1$3)
                  c272fe8f    00000001     --HOLE-- [fill = 0]
                  c272fe90    0000000f     lv_tlsf.obj (.const:.string:$P$T20$19)
                  c272fe9f    00000001     --HOLE-- [fill = 0]
                  c272fea0    0000000f     lv_tlsf.obj (.const:.string:$P$T24$23)
                  c272feaf    00000001     --HOLE-- [fill = 0]
                  c272feb0    0000000f     lv_mem.obj (.const:.string:$P$T3$4)
                  c272febf    00000001     --HOLE-- [fill = 0]
                  c272fec0    0000000e     lv_anim.obj (.const:.string:$P$T0$1)
                  c272fece    00000002     --HOLE-- [fill = 0]
                  c272fed0    0000000e     lv_draw_sw_gradient.obj (.const:.string:$P$T0$1)
                  c272fede    00000002     --HOLE-- [fill = 0]
                  c272fee0    0000000e     lv_tlsf.obj (.const:.string:$P$T19$18)
                  c272feee    00000002     --HOLE-- [fill = 0]
                  c272fef0    0000000e     lv_draw_mask.obj (.const:.string:$P$T2$3)
                  c272fefe    0000000e     stk6_ppp_pppoe.ae674 : timer.oe674 (.const:.string)
                  c272ff0c    00000004     Local_pe674.oe674 (.const:ti_sysbios_knl_Clock_LM_begin__C)
                  c272ff10    0000000d     lv_bmp.obj (.const:.string:$P$T0$1)
                  c272ff1d    00000003     --HOLE-- [fill = 0]
                  c272ff20    0000000d     lv_mem.obj (.const:.string:$P$T0$2)
                  c272ff2d    00000003     --HOLE-- [fill = 0]
                  c272ff30    0000000d     lv_tlsf.obj (.const:.string:$P$T11$10)
                  c272ff3d    00000003     --HOLE-- [fill = 0]
                  c272ff40    0000000d     lv_tlsf.obj (.const:.string:$P$T29$25)
                  c272ff4d    0000000d     os.ae674 : ossys.oe674 (.const:.string)
                  c272ff5a    00000002     --HOLE-- [fill = 0]
                  c272ff5c    00000004     Local_pe674.oe674 (.const:ti_sysbios_knl_Clock_LM_tick__C)
                  c272ff60    0000000c     lv_tlsf.obj (.const:.string:$P$T10$9)
                  c272ff6c    0000000c     lv_checkbox.obj (.const:.string)
                  c272ff78    0000000c     os.ae674 : efs.oe674 (.const:.string)
                  c272ff84    0000000c     imgBackground.obj (.const:imgBackground)
                  c272ff90    0000000c     imgCalculator.obj (.const:imgCalculator)
                  c272ff9c    0000000c     imgRoate.obj (.const:imgRoate)
                  c272ffa8    0000000c     imgSystemInfo.obj (.const:imgSystemInfo)
                  c272ffb4    0000000c     SourceHanSansCN_Normal_16.obj (.const:kern_pairs)
                  c272ffc0    0000000c     Local_pe674.oe674 (.const:ti_sysbios_family_c64p_Cache_initSize__C)
                  c272ffcc    00000004     Local_pe674.oe674 (.const:ti_sysbios_knl_Clock_LW_delayed__C)
                  c272ffd0    0000000c     Local_pe674.oe674 (.const:ti_sysbios_knl_Idle_coreList__A)
                  c272ffdc    00000004     Local_pe674.oe674 (.const:ti_sysbios_knl_Clock_Module_State_clockQ__O)
                  c272ffe0    0000000c     Local_pe674.oe674 (.const:ti_sysbios_knl_Idle_funcList__A)
                  c272ffec    00000004     Local_pe674.oe674 (.const:ti_sysbios_knl_Clock_Module__diagsEnabled__C)
                  c272fff0    0000000b     lv_fs.obj (.const:.string:$P$T1$1)
                  c272fffb    00000001     --HOLE-- [fill = 0]
                  c272fffc    00000004     Local_pe674.oe674 (.const:ti_sysbios_knl_Clock_Module__diagsIncluded__C)
                  c2730000    0000000b     lv_tlsf.obj (.const:.string:$P$T1$1)
                  c273000b    00000001     --HOLE-- [fill = 0]
                  c273000c    00000004     Local_pe674.oe674 (.const:ti_sysbios_knl_Clock_Module__diagsMask__C)
                  c2730010    0000000b     lv_tlsf.obj (.const:.string:$P$T2$2)
                  c273001b    00000001     --HOLE-- [fill = 0]
                  c273001c    00000004     Local_pe674.oe674 (.const:ti_sysbios_knl_Clock_Module__loggerFxn1__C)
                  c2730020    0000000b     lv_tlsf.obj (.const:.string:$P$T4$4)
                  c273002b    0000000b     stk6_ppp_pppoe.ae674 : route.oe674 (.const:.string)
                  c2730036    00000002     --HOLE-- [fill = 0]
                  c2730038    0000000a     lv_sjpg.obj (.const:.string:$P$T1$1)
                  c2730042    00000002     --HOLE-- [fill = 0]
                  c2730044    00000004     Local_pe674.oe674 (.const:ti_sysbios_knl_Clock_Module__loggerFxn2__C)
                  c2730048    0000000a     lv_tlsf.obj (.const:.string:$P$T5$5)
                  c2730052    00000002     --HOLE-- [fill = 0]
                  c2730054    00000004     Local_pe674.oe674 (.const:ti_sysbios_knl_Clock_Module__loggerObj__C)
                  c2730058    00000009     Calculator.obj (.const:.string:$P$T0$1)
                  c2730061    00000003     --HOLE-- [fill = 0]
                  c2730064    00000004     Local_pe674.oe674 (.const:ti_sysbios_knl_Semaphore_A_badContext__C)
                  c2730068    00000009     SystemInfo.obj (.const:.string:$P$T0$1)
                  c2730071    00000003     --HOLE-- [fill = 0]
                  c2730074    00000004     Local_pe674.oe674 (.const:ti_sysbios_knl_Semaphore_A_noEvents__C)
                  c2730078    00000009     lv_tlsf.obj (.const:.string:$P$T3$3)
                  c2730081    00000001     --HOLE-- [fill = 0]
                  c2730082    00000008     lv_draw_sw_polygon.obj (.const:$P$T0$1)
                  c273008a    00000002     --HOLE-- [fill = 0]
                  c273008c    00000008     lv_tlsf.obj (.const:$P$T21$20)
                  c2730094    00000004     Local_pe674.oe674 (.const:ti_sysbios_knl_Semaphore_A_overflow__C)
                  c2730098    00000008     lv_obj.obj (.const:.string:$P$T0$1)
                  c27300a0    00000008     lv_png.obj (.const:.string:$P$T1$1)
                  c27300a8    00000008     lodepng.obj (.const:.string:$P$T25$3)
                  c27300b0    00000008     lv_draw_img.obj (.const:.string)
                  c27300b8    00000008     ti.targets.rts6000.ae674 : System.oe674 (.const:.string)
                  c27300c0    00000008     Local_pe674.oe674 (.const:ti_sysbios_family_c64p_Hwi_hooks__C)
                  c27300c8    00000008     Local_pe674.oe674 (.const:ti_sysbios_knl_Idle_coreList__C)
                  c27300d0    00000008     Local_pe674.oe674 (.const:ti_sysbios_knl_Idle_funcList__C)
                  c27300d8    00000008     Local_pe674.oe674 (.const:ti_sysbios_knl_Swi_hooks__C)
                  c27300e0    00000008     Local_pe674.oe674 (.const:ti_sysbios_knl_Task_hooks__C)
                  c27300e8    00000008     Local_pe674.oe674 (.const:xdc_runtime_Startup_firstFxns__A)
                  c27300f0    00000008     Local_pe674.oe674 (.const:xdc_runtime_Startup_firstFxns__C)
                  c27300f8    00000008     Local_pe674.oe674 (.const:xdc_runtime_Startup_lastFxns__C)
                  c2730100    00000007     rts6740_elf.lib : _scanfi.c.obj (.const:.string:flit$1)
                  c2730107    00000001     --HOLE-- [fill = 0]
                  c2730108    00000006                     : _scanfi.c.obj (.const:.string:barr$2)
[...]
c2851120  xdc_runtime_System_lastFxn__I                                       
c2851140  xdc_runtime_System_putch__E                                         
c2851160  xdc_runtime_System_vprintf__E                                       
c2851180  xdc_runtime_System_vsnprintf__E                                     
c28511a0  xdc_runtime_System_snprintf_va__F                                   
c28511a0  xdc_runtime_System_vsnprintf__F                                     
c28511c0  NDK_vsprintf                                                        
c28511c0  xdc_runtime_System_vsprintf__E                                      
c28511e0  xdc_runtime_System_sprintf_va__F                                    
c28511e0  xdc_runtime_System_vsprintf__F                                      
c2851200  xdc_runtime_Text_cordText__E                                        
c2851220  xdc_runtime_Text_putLab__E                                          
c2851240  xdc_runtime_Text_putSite__E                                         
c2851260  xdc_runtime_Text_ropeText__E                                        
c2851280  xdc_runtime_Timestamp_SupportProxy_get32__E                         
c2851280  xdc_runtime_Timestamp_get32__F                                      
c28512a0  xdc_runtime_Timestamp_SupportProxy_getFreq__E                       
c28512a0  xdc_runtime_Timestamp_getFreq__F                                    
c28512c0  xdc_runtime_Timestamp_get32__E                                      
c28512e0  xdc_runtime_Timestamp_getFreq__E                                    
c2851400  CmdLists                                                            
c2851c00  ti_sysbios_family_c64p_EventCombiner_Module__state__V               
c2852000  _ftable                                                             
c28521e0  g_sCmdTable                                                         
c28522ac  _ipcfg                                                              
c2852360  _stream                                                             
c2852400  ti_sysbios_knl_Task_Object__table__V                                
c2852450  TSK_idle                                                            
c28524a0  ti_sysbios_utils_Load_Module__state__V                              
c2852538  ti_sysbios_family_c64p_Hwi_Object__table__V                         
c28525c4  _lock                                                               
c28525c8  ti_sysbios_knl_Swi_Module_State_0_readyQ__A                         
c2852648  ti_sysbios_knl_Task_Module_State_0_readyQ__A                        
c28526c8  _device                                                             
c2852740  ti_sysbios_family_c64p_Hwi_Module__state__V                         
c28527a8  ti_sysbios_timers_timer64_Timer_Module_State_0_device__A            
c2852808  BootModeStr                                                         
c2852858  DNSErrorStrings                                                     
c28528f8  ti_sysbios_gates_GateMutex_Object__table__V                         
c2852948  ti_sysbios_timers_timer64_Timer_Object__table__V                    
c2852998  ulDataPatternTable                                                  
c2852a38  ti_sysbios_knl_Task_Module__state__V                                
c2852a7c  _unlock                                                             
c2852b80  ti_sysbios_utils_Load_Module_State_0_taskEnv__A                     
c2852bec  __TI_ft_end                                                         
c2852c28  ti_sysbios_knl_Swi_Object__table__V                                 
c2852c5c  __errno                                                             
c2852c5c  errno                                                               
c2852c90  ti_sysbios_family_c64p_Exception_Module__state__V                   
c2852d1c  ti_sysbios_knl_Clock_Module__state__V                               
c2852d44  ti_sysbios_family_c64p_Cache_Module__state__V                       
c2852d6c  ti_sysbios_family_c64p_primus_TimerSupport_Module__state__V         
c2852d94  _oscfg                                                              
c2852dd8  palette_32b                                                         
c2852df8  pstrMsgName                                                         
c2852e18  ti_sysbios_BIOS_Module__state__V                                    
c2852e38  ti_sysbios_timers_timer64_Timer_Module_State_0_gctrl__A             
c2852e58  ti_sysbios_timers_timer64_Timer_Module_State_0_handles__A           
c2852e78  ti_sysbios_timers_timer64_Timer_Module_State_0_intFreqs__A          
c2852e98  xdc_runtime_System_Module_State_0_atexitHandlers__A                 
c2852eb8  WeekDayStr                                                          
c2852ed4  xdc_runtime_Memory_Module__state__V                                 
c2852f14  xdc_runtime_Error_Module__state__V                                  
c2852f18  ti_ndk_config_Global_Id2Size                                        
c2852f38  ti_sysbios_heaps_HeapMem_Object__table__V                           
c2852f54  ti_sysbios_knl_Swi_Module__state__V                                 
c2852f88  TaskName                                                            
c2852fa0  LinkStr                                                             
c2852fb8  ReportStr                                                           
c2852fd0  StatusStr                                                           
c285302c  ti_sysbios_timers_timer64_Timer_Module__state__V                    
c2853040  GatewayIP                                                           
c2853050  LocalIPMask                                                         
c2853060  SEGVal                                                              
c2853070  StaticIPAddr                                                        
c2853080  __TI_cleanup_ptr                                                    
c2853084  __TI_dtors_ptr                                                      
c2853088  __TI_enable_exit_profile_output                                     
c2853090  ti_sysbios_hal_Hwi_Object__table__V                                 
c28530a0  ti_sysbios_hal_Timer_Object__table__V                               
c28530b0  xdc_runtime_LoggerSys_Object__table__V                              
c28530bc  xdc_runtime_SysMin_Module__state__V                                 
c28530c8  xdc_runtime_System_Module__state__V                                 
c28530f8  NIMUDeviceTable                                                     
c2853100  ti_sysbios_family_c64p_Hwi_Module__root__V                          
c2853108  ti_sysbios_family_c64p_primus_TimerSupport_Module_State_0_suspSrc__A
c2853110  ti_sysbios_gates_GateHwi_Module__root__V                            
c2853118  ti_sysbios_gates_GateHwi_Object__table__V                           
c2853120  ti_sysbios_gates_GateMutex_Module__root__V                          
c2853128  ti_sysbios_hal_Hwi_Module__root__V                                  
c2853130  ti_sysbios_heaps_HeapMem_Module__root__V                            
c2853138  ti_sysbios_knl_Clock_Module__root__V                                
c2853140  ti_sysbios_knl_Queue_Module__root__V                                
c2853148  ti_sysbios_knl_Semaphore_Module__root__V                            
c2853150  ti_sysbios_knl_Swi_Module__root__V                                  
c2853158  ti_sysbios_knl_Task_Module__root__V                                 
c2853160  ti_sysbios_timers_timer64_Timer_Module__root__V                     
c2853168  xdc_runtime_LoggerSys_Module__root__V                               
c2853170  xdc_runtime_Registry_Module__state__V                               
c2853178  xdc_runtime_Startup_Module__state__V                                
c2853190  ti_sysbios_knl_Task_Module_State_0_idleTask__A                      
c2853198  ti_sysbios_utils_Load_Module_State_0_runningTask__A                 
c28531a0  ti_sysbios_utils_Load_Module_State_0_taskStartTime__A               
c28531a8  DHCP_OPTIONS                                                        
c2853db4  __TI_STATIC_BASE                                                    
c2853dcc  _IGMPInDiscard                                                      
c2853dd0  _IGMPInQuery                                                        
c2853dd4  _IGMPInQueryGroup                                                   
c2853dd8  _IGMPInResponse                                                     
c2853ddc  _IGMPOutResponse                                                    
c2853e6c  BootMode                                                            
c2853e70  KEY4SwiHandle                                                       
c2853e74  KEY6SwiHandle                                                       
c2853e78  LV_LAYOUT_FLEX                                                      
c2853e7c  LV_LAYOUT_GRID                                                      
c2853e80  LV_STYLE_FLEX_CROSS_PLACE                                           
c2853e84  LV_STYLE_FLEX_FLOW                                                  
c2853e88  LV_STYLE_FLEX_GROW                                                  
c2853e8c  LV_STYLE_FLEX_MAIN_PLACE                                            
c2853e90  LV_STYLE_FLEX_TRACK_PLACE                                           
c2853e94  LV_STYLE_GRID_CELL_COLUMN_POS                                       
c2853e98  LV_STYLE_GRID_CELL_COLUMN_SPAN                                      
c2853e9c  LV_STYLE_GRID_CELL_ROW_POS                                          
c2853ea0  LV_STYLE_GRID_CELL_ROW_SPAN                                         
c2853ea4  LV_STYLE_GRID_CELL_X_ALIGN                                          
c2853ea8  LV_STYLE_GRID_CELL_Y_ALIGN                                          
c2853eac  LV_STYLE_GRID_COLUMN_ALIGN                                          
c2853eb0  LV_STYLE_GRID_COLUMN_DSC_ARRAY                                      
c2853eb4  LV_STYLE_GRID_ROW_ALIGN                                             
c2853eb8  LV_STYLE_GRID_ROW_DSC_ARRAY                                         
c2853ebc  UARTConsoleSemHandle                                                
c2853ec0  UARTConsoleTaskHandle                                               
c2853ec4  _lv_grad_cache_mem                                                  
c2853ec8  _lv_layout_list                                                     
c2853ecc  _lv_theme_basic_styles                                              
c2853ed0  _lv_theme_default_styles                                            
c2853ed4  _lv_timer_act                                                       
c2853ed8  indev_touchpad                                                      
c2853edc  p_rx                                                                
c2853ee0  p_tx                                                                
c2853ee4  rh                                                                  
c2853ee8  rx_len                                                              
c2853eec  t                                                                   
c2853ef0  temp_label                                                          
c2853ef4  time_label                                                          
c2853ef8  tx_len                                                              
c2853f02  NDKFlag                                                             
c2853f04  CONTENT_TYPE_APPLET                                                 
c2853f08  CONTENT_TYPE_AU                                                     
c2853f0c  CONTENT_TYPE_CSS                                                    
c2853f10  CONTENT_TYPE_DOC                                                    
c2853f14  CONTENT_TYPE_GIF                                                    
c2853f18  CONTENT_TYPE_HTML                                                   
c2853f1c  CONTENT_TYPE_JPG                                                    
c2853f20  CONTENT_TYPE_MPEG                                                   
c2853f24  CONTENT_TYPE_PDF                                                    
c2853f28  CONTENT_TYPE_WAV                                                    
c2853f2c  CONTENT_TYPE_ZIP                                                    
c2853f30  CONTENT_TYPE                                                        
c2853f34  CONTENT_LENGTH                                                      
c2853f38  CRLF                                                                
c2853f3c  DEFAULT_NAME                                                        
c2853f40  HTTP_VER                                                            
c2853f44  SPACE                                                               
c2853f5c  VerStr                                                              
c2853f60  DHCPMode                                                            
c2853f64  HostName                                                            
c2853f68  LocalIPAddr                                                         
c2853f6c  DomainName                                                          
c2853f70  DNSServer                                                           
c2853f74  PITCount                                                            
c2853f78  PITUsed                                                             
c2853f7c  PITHigh                                                             
c2853fb8  _lv_txt_encoded_size                                                
c2853fbc  _lv_txt_unicode_to_encoded                                          
c2853fc0  _lv_txt_encoded_conv_wc                                             
c2853fc4  _lv_txt_encoded_next                                                
c2853fc8  _lv_txt_encoded_prev                                                
c2853fcc  _lv_txt_encoded_get_byte_id                                         
c2853fd0  _lv_txt_encoded_get_char_id                                         
c2853fd4  _lv_txt_get_encoded_length                                          
c2854084  _IGMPForceVersion1                                                  
c285409c  TxChanEnable_all                                                    
c28540a0  RxChanEnable_all                                                    
c28540ad  CmdHistorySaveNo                                                    
c28540ae  CmdHistorySaveIndex                                                 
c28540af  CmdHistoryDisplayIndex                                              
c28540b0  sataRegs                                                            
c28540b4  temp                                                                
c28540f0  _ICMPInErrors                                                       
c28540f4  _ICMPOutErrors                                                      
c28540f8  _IPExecuting                                                        
c2854108  gFragQList                                                          
c2854128  tcp_iss                                                             
c285412c  ptTimeFirst                                                         
c2854130  pt6TimeFirst                                                        
c2854134  tcp6_iss                                                            
c2854148  spi_flag                                                            
c285414c  SoftPWM                                                             
c2854150  OSCINFreq                                                           
c2854168  LODEPNG_VERSION_STRING                                              
c2854188  httpErrorResponseHook                                               
c285419c  _IPReasmPtr                                                         
c28541a8  gMLDNodeList                                                        
c28541c2  roate                                                               
c28541c3  SECLED                                                              
c28541c6  LED_OP                                                              
c28541d0  IPV6_MAX_MULTICAST_SOLICIT                                          
c28541d4  IPV6_MAX_UNICAST_SOLICIT                                            
c28541d8  IPV6_RETRANS_TIME                                                   
c28541dc  IPV6_DELAY_FIRST_PROBE_TIME                                         
c28541e0  IPV6_REACHABLE_TIME                                                 
c28541e4  IPV6_MAX_RTR_SOLICITATION_DELAY                                     
c28541e8  IPV6_RTR_SOLICITATION_INTERVAL                                      
c28541ec  IPV6_MAX_RTR_SOLICITATIONS                                          
c28541f0  INFINITE_LT                                                         
c28541f4  ti_ndk_config_Global_rawPageSize                                    
c28541f8  ti_ndk_config_Global_rawPageCount                                   
c28541fc  ti_ndk_config_Global_smallest                                       
c2854200  ti_ndk_config_Global_largest                                        
c2854204  ti_ndk_config_Global_numFrameBuf                                    
c2854208  ti_ndk_config_Global_sizeFrameBuf                                   
c2854210  __CIOBUF_                                                           
c2854400  ti_sysbios_family_c64p_Hwi0                                         
c2854400  ti_sysbios_family_c64p_Hwi_int0                                     
c2854420  ti_sysbios_family_c64p_Hwi_int1                                     
c2854440  ti_sysbios_family_c64p_Hwi_int2                                     
c2854460  ti_sysbios_family_c64p_Hwi_int3                                     
c2854480  ti_sysbios_family_c64p_Hwi_int4                                     
c28544a0  ti_sysbios_family_c64p_Hwi_int5                                     
c28544c0  ti_sysbios_family_c64p_Hwi_int6                                     
c28544e0  ti_sysbios_family_c64p_Hwi_int7                                     
c2854500  ti_sysbios_family_c64p_Hwi_int8                                     
c2854520  ti_sysbios_family_c64p_Hwi_int9                                     
c2854540  ti_sysbios_family_c64p_Hwi_int10                                    
c2854560  ti_sysbios_family_c64p_Hwi_int11                                    
c2854580  ti_sysbios_family_c64p_Hwi_int12                                    
c28545a0  ti_sysbios_family_c64p_Hwi_int13                                    
c28545c0  ti_sysbios_family_c64p_Hwi_int14                                    
c28545e0  ti_sysbios_family_c64p_Hwi_int15                                    
c28559c0  __TI_Handler_Table_Base                                             
c28559c8  __TI_CINIT_Base                                                     
c28559c8  __TI_Handler_Table_Limit                                            
c2855a00  __TI_CINIT_Limit                                                    
ffffffff  __TI_pprof_out_hndl                                                 
ffffffff  __TI_prof_data_size                                                 
ffffffff  __TI_prof_data_start                                                
ffffffff  __binit__                                                           
ffffffff  __c_args__                                                          
ffffffff  binit                                                               
UNDEFED   __TI_INITARRAY_Base                                                 
UNDEFED   __TI_INITARRAY_Limit                                                

[3349 symbols]
