******************************************************************************
               TMS320C6x Linker PC v8.3.12                     
******************************************************************************
>> Linked Mon May  2 22:28:13 2022

OUTPUT FILE NAME:   <Board_C674x.out>
ENTRY POINT SYMBOL: "_c_int00"  address: c283e0c0


MEMORY CONFIGURATION

         name            origin    length      used     unused   attr    fill
----------------------  --------  ---------  --------  --------  ----  --------
  DSPL2RAM              00800000   00040000  00004000  0003c000  RW  
  SHRAM                 80000000   00020000  00000004  0001fffc  RW X
  DDR2                  c0000000   08000000  0284ea58  057b15a8  RW X


SEGMENT ALLOCATION MAP

run origin  load origin   length   init length attrs members
----------  ----------- ---------- ----------- ----- -------
00800000    00800000    00004000   00000000    rw-
  00800000    00800000    00004000   00000000    rw- .stack
80000000    80000000    00000004   00000000    rw-
  80000000    80000000    00000004   00000000    rw- .LEDNixieVal
c0000000    c0000000    023a7c2c   00000000    rw-
  c0000000    c0000000    02000000   00000000    rw- SystemHeap
  c2000000    c2000000    003a7c2c   00000000    rw- .far
c23a7c30    c23a7c30    00383270   00383270    r--
  c23a7c30    c23a7c30    0038325a   0038325a    r-- .const
  c272ae8c    c272ae8c    00000014   00000014    r-- .switch.1
c272aea0    c272aea0    0011f960   0011f960    r-x
  c272aea0    c272aea0    0011f5c0   0011f5c0    r-x .text
  c284a460    c284a460    000003a0   000003a0    r-- .switch.2
c284a800    c284a800    00001d5a   00000000    rw-
  c284a800    c284a800    00001d5a   00000000    rw- .fardata
c284c55c    c284c55c    000008d8   000008d8    r--
  c284c55c    c284c55c    000008d8   000008d8    r-- .switch.3
c284ce34    c284ce34    0000040d   00000000    rw-
  c284ce34    c284ce34    0000013b   00000000    rw- .bss
  c284cf70    c284cf70    000002d1   00000000    rw- .neardata
c284d244    c284d244    0000003c   00000000    r--
  c284d244    c284d244    0000003c   00000000    r-- .rodata
c284d280    c284d280    00000120   00000000    rw-
  c284d280    c284d280    00000120   00000000    rw- .cio
c284d400    c284d400    000016c0   000016c0    r-x
  c284d400    c284d400    00000200   00000200    r-x .vecs
  c284d600    c284d600    000014c0   000014c0    r-- .cinit


SECTION ALLOCATION MAP

 output                                  attributes/
section   page    origin      length       input sections
--------  ----  ----------  ----------   ----------------
.LEDNixieVal 
*          0    80000000    00000004     UNINITIALIZED
                  80000000    00000004     LEDNixie.obj (.LEDNixieVal)

.stack     0    00800000    00004000     UNINITIALIZED
                  00800000    00000008     boot.ae674 : boot.oe674 (.stack)
                  00800008    00003ff8     --HOLE--

.bss       0    c284ce34    0000013b     UNINITIALIZED
                  c284ce34    00000018     hal_timer_bios.ae674 : lltimer.oe674 (.bss)
                  c284ce4c    00000014     stk6_ppp_pppoe.ae674 : igmp.oe674 (.bss)
                  c284ce60    0000000c     lv_anim.obj (.bss)
                  c284ce6c    0000000c     lv_tileview.obj (.bss)
                  c284ce78    00000008     lv_refr.obj (.bss)
                  c284ce80    00000008     lv_spinner.obj (.bss)
                  c284ce88    00000008     lv_theme_default.obj (.bss)
                  c284ce90    00000008     netctrl.ae674 : netctrl.oe674 (.bss)
                  c284ce98    00000008     nettool.ae674 : daemon.oe674 (.bss)
                  c284cea0    00000008     stk6_ppp_pppoe.ae674 : ip.oe674 (.bss)
                  c284cea8    00000008                          : nimupppoe.oe674 (.bss)
                  c284ceb0    00000004     lv_event.obj (.bss)
                  c284ceb4    00000004     lv_group.obj (.bss)
                  c284ceb8    00000004     lv_hal_disp.obj (.bss)
                  c284cebc    00000004     lv_indev.obj (.bss)
                  c284cec0    00000004     lv_log.obj (.bss)
                  c284cec4    00000004     lv_mem.obj (.bss)
                  c284cec8    00000004     lv_obj_pos.obj (.bss)
                  c284cecc    00000004     lv_tabview.obj (.bss)
                  c284ced0    00000004     lv_textarea.obj (.bss)
                  c284ced4    00000004     nettool.ae674 : ipaddr.oe674 (.bss)
                  c284ced8    00000004     stk6_ppp_pppoe.ae674 : ipv6_frag.oe674 (.bss)
                  c284cedc    00000004                          : lli6.oe674 (.bss)
                  c284cee0    00000004                          : rtable.oe674 (.bss)
                  c284cee4    00000004     (.common:KEY4SwiHandle)
                  c284cee8    00000004     (.common:KEY6SwiHandle)
                  c284ceec    00000004     (.common:LV_LAYOUT_FLEX)
                  c284cef0    00000004     (.common:LV_LAYOUT_GRID)
                  c284cef4    00000004     (.common:LV_STYLE_FLEX_CROSS_PLACE)
                  c284cef8    00000004     (.common:LV_STYLE_FLEX_FLOW)
                  c284cefc    00000004     (.common:LV_STYLE_FLEX_GROW)
                  c284cf00    00000004     (.common:LV_STYLE_FLEX_MAIN_PLACE)
                  c284cf04    00000004     (.common:LV_STYLE_FLEX_TRACK_PLACE)
                  c284cf08    00000004     (.common:LV_STYLE_GRID_CELL_COLUMN_POS)
                  c284cf0c    00000004     (.common:LV_STYLE_GRID_CELL_COLUMN_SPAN)
                  c284cf10    00000004     (.common:LV_STYLE_GRID_CELL_ROW_POS)
                  c284cf14    00000004     (.common:LV_STYLE_GRID_CELL_ROW_SPAN)
                  c284cf18    00000004     (.common:LV_STYLE_GRID_CELL_X_ALIGN)
                  c284cf1c    00000004     (.common:LV_STYLE_GRID_CELL_Y_ALIGN)
                  c284cf20    00000004     (.common:LV_STYLE_GRID_COLUMN_ALIGN)
                  c284cf24    00000004     (.common:LV_STYLE_GRID_COLUMN_DSC_ARRAY)
                  c284cf28    00000004     (.common:LV_STYLE_GRID_ROW_ALIGN)
                  c284cf2c    00000004     (.common:LV_STYLE_GRID_ROW_DSC_ARRAY)
                  c284cf30    00000004     (.common:UARTConsoleSemHandle)
                  c284cf34    00000004     (.common:UARTConsoleTaskHandle)
                  c284cf38    00000004     (.common:_lv_grad_cache_mem)
                  c284cf3c    00000004     (.common:_lv_layout_list)
                  c284cf40    00000004     (.common:_lv_theme_basic_styles)
                  c284cf44    00000004     (.common:_lv_theme_default_styles)
                  c284cf48    00000004     (.common:_lv_timer_act)
                  c284cf4c    00000004     (.common:indev_touchpad)
                  c284cf50    00000004     (.common:p_rx)
                  c284cf54    00000004     (.common:p_tx)
                  c284cf58    00000004     (.common:rx_len)
                  c284cf5c    00000004     (.common:temp_label)
                  c284cf60    00000004     (.common:time_label)
                  c284cf64    00000004     (.common:tx_len)
                  c284cf68    00000002     lv_timer.obj (.bss)
                  c284cf6a    00000002     lv_win.obj (.bss)
                  c284cf6c    00000001     lv_colorwheel.obj (.bss)
                  c284cf6d    00000001     lv_hal_tick.obj (.bss)
                  c284cf6e    00000001     (.common:NDKFlag)

.neardata 
*          0    c284cf70    000002d1     UNINITIALIZED
                  c284cf70    00000044     nettool.ae674 : httpstr.oe674 (.neardata)
                  c284cfb4    00000028     Net.obj (.neardata)
                  c284cfdc    00000024     os.ae674 : mem.oe674 (.neardata)
                  c284d000    00000020     Web.obj (.neardata)
                  c284d020    00000020     lv_txt.obj (.neardata)
                  c284d040    0000001c     netctrl.ae674 : netctrl.oe674 (.neardata)
                  c284d05c    00000018     console_min.ae674 : console.oe674 (.neardata)
                  c284d074    00000018     os.ae674 : task.oe674 (.neardata)
                  c284d08c    00000014     stk6_ppp_pppoe.ae674 : rtable.oe674 (.neardata)
                  c284d0a0    00000014     ti.drv.omapl138.ae674 : ethdriver.oe674 (.neardata)
                  c284d0b4    00000010     lv_timer.obj (.neardata)
                  c284d0c4    00000010     nettool.ae674 : daemon.oe674 (.neardata)
                  c284d0d4    00000010     stk6_ppp_pppoe.ae674 : bind6.oe674 (.neardata)
                  c284d0e4    00000010                          : igmp.oe674 (.neardata)
                  c284d0f4    0000000c     LVGLTask.obj (.neardata)
                  c284d100    0000000c     stk6_ppp_pppoe.ae674 : route6.oe674 (.neardata)
                  c284d10c    0000000c     ti.drv.omapl138.ae674 : csl_emac.oe674 (.neardata)
                  c284d118    00000009     lv_draw_sw_gradient.obj (.neardata)
                  c284d121    00000003     UARTConsole.obj (.neardata)
                  c284d124    00000008     SATA.obj (.neardata)
                  c284d12c    00000008     console_min.ae674 : contest.oe674 (.neardata)
                  c284d134    00000008     lv_calendar_header_dropdown.obj (.neardata)
                  c284d13c    00000008     lv_draw_sw_letter.obj (.neardata)
                  c284d144    00000008     lv_indev.obj (.neardata)
                  c284d14c    00000008     lv_obj.obj (.neardata)
                  c284d154    00000008     netctrl.ae674 : netsrv.oe674 (.neardata)
                  c284d15c    00000008     stk6_ppp_pppoe.ae674 : exec.oe674 (.neardata)
                  c284d164    00000008                          : icmp.oe674 (.neardata)
                  c284d16c    00000008                          : ip.oe674 (.neardata)
                  c284d174    00000008                          : ipin.oe674 (.neardata)
                  c284d17c    00000008                          : ipv6_frag.oe674 (.neardata)
                  c284d184    00000008                          : lli.oe674 (.neardata)
                  c284d18c    00000008                          : nimupppoe.oe674 (.neardata)
                  c284d194    00000008                          : rtc.oe674 (.neardata)
                  c284d19c    00000008                          : tcp.oe674 (.neardata)
                  c284d1a4    00000008                          : tcp6.oe674 (.neardata)
                  c284d1ac    00000008                          : timer.oe674 (.neardata)
                  c284d1b4    00000005     lv_colorwheel.obj (.neardata)
                  c284d1b9    00000003     lv_hal_disp.obj (.neardata)
                  c284d1bc    00000004     Flash.obj (.neardata)
                  c284d1c0    00000004     LED.obj (.neardata)
                  c284d1c4    00000004     PLL.obj (.neardata)
                  c284d1c8    00000004     cgi.ae674 : cgiparsem.oe674 (.neardata)
                  c284d1cc    00000004     console_min.ae674 : conacct.oe674 (.neardata)
                  c284d1d0    00000004                       : conlli.oe674 (.neardata)
                  c284d1d4    00000004                       : conroute.oe674 (.neardata)
                  c284d1d8    00000004     hal_timer_bios.ae674 : lltimer.oe674 (.neardata)
                  c284d1dc    00000004     lodepng.obj (.neardata)
                  c284d1e0    00000004     lv_event.obj (.neardata)
                  c284d1e4    00000004     lv_hal_tick.obj (.neardata)
                  c284d1e8    00000004     lv_log.obj (.neardata)
                  c284d1ec    00000004     lv_math.obj (.neardata)
                  c284d1f0    00000004     lv_mem.obj (.neardata)
                  c284d1f4    00000004     lv_port_indev_c674x.obj (.neardata)
                  c284d1f8    00000004     nettool.ae674 : config.oe674 (.neardata)
                  c284d1fc    00000004                   : httpsend.oe674 (.neardata)
                  c284d200    00000004                   : tftp.oe674 (.neardata)
                  c284d204    00000004                   : tftp6.oe674 (.neardata)
                  c284d208    00000004     os.ae674 : efs.oe674 (.neardata)
                  c284d20c    00000004     stk6_ppp_pppoe.ae674 : bind.oe674 (.neardata)
                  c284d210    00000004                          : ipfrag.oe674 (.neardata)
                  c284d214    00000004                          : lli6.oe674 (.neardata)
                  c284d218    00000004                          : lliin.oe674 (.neardata)
                  c284d21c    00000004                          : mld.oe674 (.neardata)
                  c284d220    00000004                          : node.oe674 (.neardata)
                  c284d224    00000004                          : pbm.oe674 (.neardata)
                  c284d228    00000004                          : sock6pcb.oe674 (.neardata)
                  c284d22c    00000004                          : sockpcb.oe674 (.neardata)
                  c284d230    00000004     ti.drv.omapl138.ae674 : csl_mdio.oe674 (.neardata)
                  c284d234    00000002     lv_style.obj (.neardata)
                  c284d236    00000001     RTC.obj (.neardata)
                  c284d237    00000001     Timer.obj (.neardata)
                  c284d238    00000002     nettool.ae674 : dnscomn.oe674 (.neardata)
                  c284d23a    00000001     lv_obj_pos.obj (.neardata)
                  c284d23b    00000001     lv_obj_style.obj (.neardata)
                  c284d23c    00000001     lv_theme_default.obj (.neardata)
                  c284d23d    00000003     --HOLE--
                  c284d240    00000001     nettool.ae674 : dnsclnt.oe674 (.neardata)

.rodata    0    c284d244    0000003c     UNINITIALIZED
                  c284d244    00000024     stk6_ppp_pppoe.ae674 : ipv6.oe674 (.rodata)
                  c284d268    00000010     os.ae674 : mem_data.oe674 (.rodata)
                  c284d278    00000008     stk6_ppp_pppoe.ae674 : pbm_data.oe674 (.rodata)

.cinit     0    c284d600    000014c0     
                  c284d600    000012b9     (.cinit..fardata.load) [load image, compression = rle]
                  c284e8b9    0000014a     (.cinit..neardata.load) [load image, compression = rle]
                  c284ea03    00000040     (.cinit..rodata.load) [load image, compression = rle]
                  c284ea43    00000016     (.cinit.SystemHeap.load) [load image, compression = rle]
                  c284ea59    0000000d     (.cinit..far.load) [load image, compression = rle]
                  c284ea66    0000000b     (.cinit..bss.load) [load image, compression = rle]
                  c284ea71    00000009     (.cinit..LEDNixieVal.load) [load image, compression = rle]
                  c284ea7a    00000002     --HOLE-- [fill = 0]
                  c284ea7c    00000008     (__TI_handler_table)
                  c284ea84    00000004     --HOLE-- [fill = 0]
                  c284ea88    00000038     (__TI_cinit_table)

.init_array 
*          0    c0000000    00000000     UNINITIALIZED

SystemHeap 
*          0    c0000000    02000000     UNINITIALIZED
                  c0000000    02000000     Local_pe674.oe674 (SystemHeap)

.vecs      0    c284d400    00000200     
                  c284d400    00000200     Local_pe674.oe674 (.vecs)

xdc.meta   0    c0000000    000000f8     COPY SECTION
                  c0000000    000000f8     Local_pe674.oe674 (xdc.meta)

.far       0    c2000000    003a7c2c     UNINITIALIZED
                  c2000000    00100000     lv_mem.obj (.far:work_mem_int$1)
                  c2100000    000bb824     (.common:g_pucBuffer)
                  c21bb824    00000004     (.common:swCtrlFeatures)
                  c21bb828    000bb800     lv_port_disp_c674x.obj (.far:buf_1$2)
                  c2277028    000bb800     lv_port_disp_c674x.obj (.far:buf_2$3)
                  c2332828    0000004c     lv_port_disp_c674x.obj (.far:disp_drv$4)
                  c2332874    0000000c     (.common:_lv_anim_ll)
                  c2332880    00052b00     stk6_ppp_pppoe.ae674 : pbm_data.oe674 (.far:NDK_PACKETMEM)
                  c2385380    00010000     (.common:buff)
                  c2395380    0000c1c0     os.ae674 : mem_data.oe674 (.far:NDK_MMBUFFER)
                  c23a1540    00002800     Local_pe674.oe674 (.far:taskStackSection)
                  c23a3d40    00001618     ti.drv.omapl138.ae674 : ethdriver.oe674 (.far)
                  c23a5358    00000800     (.common:CmdHistory)
                  c23a5b58    00000660     nettool.ae674 : daemon.oe674 (.far)
                  c23a61b8    00000474     ti.drv.omapl138.ae674 : csl_emac.oe674 (.far)
                  c23a662c    00000004     stk6_ppp_pppoe.ae674 : rawethsock_pcb.oe674 (.far)
                  c23a6630    00000400     (.common:xdc_runtime_SysMin_Module_State_0_outbuf__A)
                  c23a6a30    00000140     (.common:__TI_tmpnams)
                  c23a6b70    00000110                          : igmp.oe674 (.far)
                  c23a6c80    00000104     (.common:rx_data)
                  c23a6d84    00000002     lv_theme_default.obj (.far:color_card)
                  c23a6d86    00000002     lv_theme_default.obj (.far:color_grey)
                  c23a6d88    00000104     (.common:tx_data)
                  c23a6e8c    00000002     lv_theme_default.obj (.far:color_scr)
                  c23a6e8e    00000002     lv_theme_default.obj (.far:color_text)
                  c23a6e90    00000104     (.common:vrf_data)
                  c23a6f94    00000004     --HOLE--
                  c23a6f98    00000100     lv_draw_sw_letter.obj (.far:opa_table$1)
                  c23a7098    000000d8     netctrl.ae674 : netsrv.oe674 (.far)
                  c23a7170    000000c8     stk6_ppp_pppoe.ae674 : ipv6.oe674 (.far)
                  c23a7238    000000c4                          : tcp.oe674 (.far)
                  c23a72fc    000000b8                          : tcp6in.oe674 (.far)
                  c23a73b4    00000004     --HOLE--
                  c23a73b8    00000040     (.common:g_cCmdBuf)
                  c23a73f8    00000008     (.common:MacAddr)
                  c23a7400    000000a0     (.common:RcvFis)
                  c23a74a0    0000009c                          : icmp.oe674 (.far)
                  c23a753c    00000004     --HOLE--
                  c23a7540    00000080     (.common:_lv_draw_mask_list)
                  c23a75c0    00000080     (.common:lv_mem_buf)
                  c23a7640    00000080     UARTConsole.obj (.far:UARTWriteBuffer)
                  c23a76c0    0000007c     os.ae674 : mem.oe674 (.far)
                  c23a773c    00000004     --HOLE--
                  c23a7740    00000070     (.common:_lv_circle_cache)
                  c23a77b0    00000068     stk6_ppp_pppoe.ae674 : ip.oe674 (.far)
                  c23a7818    00000064                          : nimu.oe674 (.far)
                  c23a787c    00000030     (.common:pllcfg)
                  c23a78ac    00000030                          : udp.oe674 (.far)
                  c23a78dc    0000002c     (.common:_lv_img_cache_single)
                  c23a7908    0000002a     (.common:TouchInfo)
                  c23a7932    00000002     --HOLE--
                  c23a7934    00000028                          : vlan.oe674 (.far)
                  c23a795c    00000024     (.common:RTCTime)
                  c23a7980    00000024     cmdline.obj (.far:argv$1)
                  c23a79a4    00000024     stk6_ppp_pppoe.ae674 : udp6.oe674 (.far)
                  c23a79c8    00000024     lv_theme_default.obj (.far:theme)
                  c23a79ec    00000004     --HOLE--
                  c23a79f0    00000020     console_min.ae674 : console.oe674 (.far)
                  c23a7a10    00000020     lv_port_indev_c674x.obj (.far:indev_drv$1)
                  c23a7a30    0000001c     lv_port_disp_c674x.obj (.far:draw_buf_dsc$1)
                  c23a7a4c    00000004     --HOLE--
                  c23a7a50    0000001a     rts6740_elf.lib : asctime.c.obj (.far:time_buf)
                  c23a7a6a    00000002     --HOLE--
                  c23a7a6c    00000018     netctrl.ae674 : netctrl.oe674 (.far)
                  c23a7a84    00000018     lv_refr.obj (.far:perf_monitor)
                  c23a7a9c    00000018     stk6_ppp_pppoe.ae674 : icmpv6.oe674 (.far)
                  c23a7ab4    00000018     ti.drv.omapl138.ae674 : csl_mdio.oe674 (.far)
                  c23a7acc    00000004     --HOLE--
                  c23a7ad0    00000014     stk6_ppp_pppoe.ae674 : rtc.oe674 (.far)
                  c23a7ae4    00000014     lv_theme_default.obj (.far:trans_delayed$2)
                  c23a7af8    00000014     lv_theme_default.obj (.far:trans_normal$3)
                  c23a7b0c    00000004     --HOLE--
                  c23a7b10    00000010     (.common:IPAddress)
                  c23a7b20    00000010     stk6_ppp_pppoe.ae674 : raw.oe674 (.far)
                  c23a7b30    00000010                          : raw6.oe674 (.far)
                  c23a7b40    00000010                          : raweth.oe674 (.far)
                  c23a7b50    0000000c     (.common:_lv_disp_ll)
                  c23a7b5c    0000000c     (.common:_lv_fsdrv_ll)
                  c23a7b68    0000000c     (.common:_lv_group_ll)
                  c23a7b74    0000000c     (.common:_lv_img_decoder_ll)
                  c23a7b80    0000000c     (.common:_lv_indev_ll)
                  c23a7b8c    0000000c     (.common:_lv_obj_style_trans_ll)
                  c23a7b98    0000000c     (.common:_lv_timer_ll)
                  c23a7ba4    00000004     --HOLE--
                  c23a7ba8    0000000c     (.common:ti_sysbios_knl_Task_Instance_State_0_hookEnv__A)
                  c23a7bb4    00000004     --HOLE--
                  c23a7bb8    0000000c     (.common:ti_sysbios_knl_Task_Instance_State_1_hookEnv__A)
                  c23a7bc4    0000000c                          : pbm.oe674 (.far)
                  c23a7bd0    0000000a     (.common:I2CData)
                  c23a7bda    00000006     --HOLE--
                  c23a7be0    00000008     (.common:parmbuf)
                  c23a7be8    00000008     SourceHanSansCN_Normal_16.obj (.far:cache)
                  c23a7bf0    00000008     lv_theme_default.obj (.far:dark_filter$4)
                  c23a7bf8    00000008     lv_theme_default.obj (.far:grey_filter$5)
                  c23a7c00    00000004     (.common:ti_sysbios_family_c64p_Hwi_Instance_State_0_hookEnv__A)
                  c23a7c04    00000004     --HOLE--
                  c23a7c08    00000004     (.common:ti_sysbios_family_c64p_Hwi_Instance_State_1_hookEnv__A)
                  c23a7c0c    00000004     --HOLE--
                  c23a7c10    00000004     (.common:ti_sysbios_family_c64p_Hwi_Instance_State_2_hookEnv__A)
                  c23a7c14    00000004     --HOLE--
                  c23a7c18    00000004     (.common:ti_sysbios_family_c64p_Hwi_Instance_State_3_hookEnv__A)
                  c23a7c1c    00000004     --HOLE--
                  c23a7c20    00000004     (.common:ti_sysbios_family_c64p_Hwi_Instance_State_4_hookEnv__A)
                  c23a7c24    00000004     --HOLE--
                  c23a7c28    00000004     (.common:ti_sysbios_knl_Swi_Instance_State_0_hookEnv__A)

.const     0    c23a7c30    0038325a     
                  c23a7c30    0025fc75     SourceHanSansCN_Normal_16.obj (.const:.string:glyph_bitmap)
                  c26078a5    00000001     --HOLE-- [fill = 0]
                  c26078a6    00000002     Local_pe674.oe674 (.const:ti_sysbios_BIOS_Module__id__C)
                  c26078a8    000bb800     img_bg.obj (.const:.string:img_bg_map)
                  c26c30a8    00052070     SourceHanSansCN_Normal_16.obj (.const:glyph_dsc)
                  c2715118    00003b8d     console_min.ae674 : conipv6.oe674 (.const:.string)
                  c2718ca5    00001aa6                       : contest.oe674 (.const:.string)
                  c271a74b    00000001     --HOLE-- [fill = 0]
                  c271a74c    00000004     lv_obj_scroll.obj (.const:$P$T0$1)
                  c271a750    00001709     Local_pe674.oe674 (.const:xdc_runtime_Text_charTab__A)
                  c271be59    00000001     --HOLE-- [fill = 0]
                  c271be5a    00000002     Local_pe674.oe674 (.const:ti_sysbios_family_c64p_EventCombiner_Module__id__C)
                  c271be5c    00001314     lodepng.obj (.const:.string)
                  c271d170    00000da0     SourceHanSansCN_Normal_16.obj (.const:kern_pair_glyph_ids)
                  c271df10    00000cca     console_min.ae674 : constat.oe674 (.const:.string)
                  c271ebda    00000002     Local_pe674.oe674 (.const:ti_sysbios_family_c64p_Exception_Module__id__C)
                  c271ebdc    0000092c     lv_tlsf.obj (.const:.string)
                  c271f508    00000893     console_min.ae674 : conipaddr.oe674 (.const:.string)
                  c271fd9b    00000001     --HOLE-- [fill = 0]
                  c271fd9c    00000004     lv_obj_scroll.obj (.const:$P$T1$2)
                  c271fda0    000006ac     LEDNixie.obj (.const:.string:PRU_Code)
                  c272044c    00000004     lv_obj_pos.obj (.const:$P$T10$4)
                  c2720450    00000690     SourceHanSansCN_Normal_16.obj (.const:cmaps)
                  c2720ae0    00000603     console_min.ae674 : console.oe674 (.const:.string)
                  c27210e3    00000001     --HOLE-- [fill = 0]
                  c27210e4    00000588     sysbios.ae674 : BIOS.obj (.const:.string)
                  c272166c    000004b6     console_min.ae674 : convlan.oe674 (.const:.string)
                  c2721b22    00000412                       : conecho.oe674 (.const:.string)
                  c2721f34    00000004     lv_draw_sw_gradient.obj (.const:$P$T2$4)
                  c2721f38    00000400     tjpgd.obj (.const:.string:Clip8)
                  c2722338    000003d8     Web.obj (.const:.string)
                  c2722710    000003c8     Command.obj (.const:.string)
                  c2722ad8    000003b2     console_min.ae674 : condns.oe674 (.const:.string)
                  c2722e8a    00000002     Local_pe674.oe674 (.const:ti_sysbios_family_c64p_Exception_useInternalBuffer__C)
                  c2722e8c    00000368     Exception.obj (.const:.string)
                  c27231f4    00000004     lv_obj_pos.obj (.const:$P$T9$3)
                  c27231f8    00000368     SourceHanSansCN_Normal_16.obj (.const:.string:kern_pair_values)
                  c2723560    00000350     nettool.ae674 : httpsend.oe674 (.const:.string)
                  c27238b0    0000032c     console_min.ae674 : conlli.oe674 (.const:.string)
                  c2723bdc    000002dc                       : conroute.oe674 (.const:.string)
                  c2723eb8    000002cc                       : conping.oe674 (.const:.string)
                  c2724184    0000028c     lv_calendar_header_dropdown.obj (.const:.string)
                  c2724410    0000027d     console_min.ae674 : conacct.oe674 (.const:.string)
                  c272468d    0000025d     nettool.ae674 : dnscomn.oe674 (.const:.string)
                  c27248ea    00000002     Local_pe674.oe674 (.const:ti_sysbios_family_c64p_Hwi_Module__id__C)
                  c27248ec    00000244     Net.obj (.const:.string)
                  c2724b30    0000021a     os.ae674 : task.oe674 (.const:.string)
                  c2724d4a    00000205     console_min.ae674 : consock.oe674 (.const:.string)
                  c2724f4f    000001e2     stk6_ppp_pppoe.ae674 : bind6.oe674 (.const:.string)
                  c2725131    00000001     --HOLE-- [fill = 0]
                  c2725132    00000002     Local_pe674.oe674 (.const:ti_sysbios_family_c64p_Hwi_Module__loggerDefined__C)
                  c2725134    000001a8     DDR2.obj (.const:.string)
                  c27252dc    0000018c     console_min.ae674 : contftp.oe674 (.const:.string)
                  c2725468    00000184     lv_mem.obj (.const:.string)
                  c27255ec    0000015c     stk6_ppp_pppoe.ae674 : route6.oe674 (.const:.string)
                  c2725748    00000159                          : nimuppp.oe674 (.const:.string)
                  c27258a1    0000014f     os.ae674 : mem.oe674 (.const:.string)
                  c27259f0    00000144     ti.drv.omapl138.ae674 : ethdriver.oe674 (.const:.string)
                  c2725b34    00000110     Flash.obj (.const:.string)
                  c2725c44    00000107     stk6_ppp_pppoe.ae674 : vlan.oe674 (.const:.string)
                  c2725d4b    00000001     --HOLE-- [fill = 0]
                  c2725d4c    00000004     SysMinProvide.obj (.const:.string)
                  c2725d50    00000101     rts6740_elf.lib : ctype.c.obj (.const:.string:_ctypes_)
                  c2725e51    00000006     nettool.ae674 : tftp.oe674 (.const:.string)
                  c2725e57    00000001     --HOLE-- [fill = 0]
                  c2725e58    00000100     lv_draw_sw_letter.obj (.const:.string:_lv_bpp8_opa_table)
                  c2725f58    000000fd     stk6_ppp_pppoe.ae674 : icmpv6out.oe674 (.const:.string)
                  c2726055    000000f2                          : icmpv6_ndisc.oe674 (.const:.string)
                  c2726147    00000001     --HOLE-- [fill = 0]
                  c2726148    000000f0     EEPROM.obj (.const:.string)
                  c2726238    000000f0     Local_pe674.oe674 (.const:xdc_runtime_Text_nodeTab__A)
                  c2726328    000000ec     lv_chart.obj (.const:.string)
                  c2726414    000000ec     lv_table.obj (.const:.string)
                  c2726500    000000ec     lv_textarea.obj (.const:.string)
                  c27265ec    000000e8     lv_img_decoder.obj (.const:.string)
                  c27266d4    000000e8     lv_keyboard.obj (.const:.string)
                  c27267bc    000000e4     lv_draw_mask.obj (.const:.string)
                  c27268a0    000000dc     lv_hal_disp.obj (.const:.string)
                  c272697c    000000d8     EMAC.obj (.const:.string)
                  c2726a54    000000d8     stk6_ppp_pppoe.ae674 : node.oe674 (.const:.string)
                  c2726b2c    000000d7     nettool.ae674 : httpstr.oe674 (.const:.string)
                  c2726c03    00000001     --HOLE-- [fill = 0]
                  c2726c04    000000d4     ti.drv.omapl138.ae674 : nimu_eth.oe674 (.const:.string)
                  c2726cd8    000000d0     lv_label.obj (.const:.string)
                  c2726da8    000000cf     stk6_ppp_pppoe.ae674 : rtc.oe674 (.const:.string)
                  c2726e77    00000001     --HOLE-- [fill = 0]
                  c2726e78    000000cc     lv_obj.obj (.const:.string)
                  c2726f44    000000c8     lv_dropdown.obj (.const:.string)
                  c272700c    000000bf     stk6_ppp_pppoe.ae674 : lliout.oe674 (.const:.string)
                  c27270cb    00000001     --HOLE-- [fill = 0]
                  c27270cc    00000004     lv_draw_label.obj (.const:.string)
                  c27270d0    000000be     lv_color.obj (.const:colors$2)
                  c272718e    000000bc     servers_min.ae674 : newservers.oe674 (.const:.string)
                  c272724a    00000006     nettool.ae674 : tftp6.oe674 (.const:.string)
                  c2727250    000000b6     lv_math.obj (.const:sin0_90_table)
                  c2727306    000000b1     nettool.ae674 : dnsclnt.oe674 (.const:.string)
                  c27273b7    00000001     --HOLE-- [fill = 0]
                  c27273b8    000000b0     lv_hal_indev.obj (.const:.string)
                  c2727468    000000b0     lv_keyboard.obj (.const:default_kb_map_lc)
                  c2727518    000000b0     lv_keyboard.obj (.const:default_kb_map_spec)
                  c27275c8    000000b0     lv_keyboard.obj (.const:default_kb_map_uc)
                  c2727678    000000a9     stk6_ppp_pppoe.ae674 : lli6.oe674 (.const:.string)
                  c2727721    000000a7     nettool.ae674 : ipaddr.oe674 (.const:.string)
                  c27277c8    000000a7     stk6_ppp_pppoe.ae674 : nimu.oe674 (.const:.string)
                  c272786f    00000001     --HOLE-- [fill = 0]
                  c2727870    000000a4     LVGLTask.obj (.const:.string)
                  c2727914    000000a2     stk6_ppp_pppoe.ae674 : nimupppoe.oe674 (.const:.string)
                  c27279b6    00000002     Local_pe674.oe674 (.const:ti_sysbios_gates_GateMutex_Module__id__C)
                  c27279b8    000000a0     lv_btnmatrix.obj (.const:.string)
                  c2727a58    00000098     lv_refr.obj (.const:.string)
                  c2727af0    00000098     lv_color.obj (.const:colors$3)
                  c2727b88    00000094     Touch.obj (.const:.string)
                  c2727c1c    00000091     stk6_ppp_pppoe.ae674 : tcp6time.oe674 (.const:.string)
                  c2727cad    00000001     --HOLE-- [fill = 0]
                  c2727cae    00000002     Local_pe674.oe674 (.const:ti_sysbios_hal_Hwi_Module__id__C)
                  c2727cb0    00000090     lv_calendar.obj (.const:.string)
                  c2727d40    0000008d     stk6_ppp_pppoe.ae674 : tcptime.oe674 (.const:.string)
                  c2727dcd    00000001     --HOLE-- [fill = 0]
                  c2727dce    00000002     Local_pe674.oe674 (.const:ti_sysbios_heaps_HeapMem_Module__id__C)
                  c2727dd0    0000008c     lv_fs.obj (.const:.string)
                  c2727e5c    0000008c     lv_roller.obj (.const:.string)
                  c2727ee8    00000084     lv_bmp.obj (.const:.string)
                  c2727f6c    00000080     lv_draw_sw_gradient.obj (.const:.string)
                  c2727fec    00000080     lv_style.obj (.const:.string)
                  c272806c    00000004     lv_menu.obj (.const:.string)
                  c2728070    00000080     tjpgd.obj (.const:Ipsf)
                  c27280f0    00000080     rts6740_elf.lib : strtod.c.obj (.const:digits)
                  c2728170    0000007c     UARTConsole.obj (.const:.string)
                  c27281ec    00000078     lv_meter.obj (.const:.string)
                  c2728264    00000078     main.obj (.const:.string)
                  c27282dc    00000004     lv_png.obj (.const:.string)
                  c27282e0    00000078     lodepng.obj (.const:DISTANCEBASE)
                  c2728358    00000078     lodepng.obj (.const:DISTANCEEXTRA)
                  c27283d0    00000077     stk6_ppp_pppoe.ae674 : sock6.oe674 (.const:.string)
                  c2728447    00000076                          : mld.oe674 (.const:.string)
                  c27284bd    00000001     --HOLE-- [fill = 0]
                  c27284be    00000002     Local_pe674.oe674 (.const:ti_sysbios_knl_Clock_Module__id__C)
                  c27284c0    00000074     lv_font.obj (.const:.string)
                  c2728534    00000004     lv_spinbox.obj (.const:.string)
                  c2728538    00000074     lodepng.obj (.const:LENGTHBASE)
                  c27285ac    00000004     lv_tabview.obj (.const:.string)
                  c27285b0    00000074     lodepng.obj (.const:LENGTHEXTRA)
                  c2728624    00000070     lv_obj_style.obj (.const:.string)
                  c2728694    0000006c     lv_event.obj (.const:.string)
                  c2728700    0000006c     rts6740_elf.lib : asctime.c.obj (.const:.string)
                  c272876c    00000068     lv_flex.obj (.const:.string)
                  c27287d4    00000068     lv_group.obj (.const:.string)
                  c272883c    00000064     lv_calendar_header_arrow.obj (.const:.string)
                  c27288a0    00000064     lv_obj_pos.obj (.const:.string)
                  c2728904    00000064     Local_pe674.oe674 (.const:ti_sysbios_timers_timer64_Timer_Object__PARAMS__C)
                  c2728968    00000060     lv_txt.obj (.const:.string)
                  c27289c8    00000060     stk6_ppp_pppoe.ae674 : sb.oe674 (.const:.string)
                  c2728a28    0000005c     lv_anim.obj (.const:.string)
                  c2728a84    0000005c     lv_img.obj (.const:.string)
                  c2728ae0    0000005c     lv_timer.obj (.const:.string)
                  c2728b3c    00000058     ti.targets.rts6000.ae674 : Error.oe674 (.const:.string)
                  c2728b94    00000056     os.ae674 : semaphore.oe674 (.const:.string)
                  c2728bea    00000006     stk6_ppp_pppoe.ae674 : auth.oe674 (.const:.string)
                  c2728bf0    00000054                          : sockprot.oe674 (.const:Code2Err)
                  c2728c44    00000004     lv_theme_default.obj (.const:.string)
                  c2728c48    00000054     lv_keyboard.obj (.const:default_kb_map_num)
                  c2728c9c    00000051     nettool.ae674 : dhcpmain.oe674 (.const:.string)
                  c2728ced    00000050     stk6_ppp_pppoe.ae674 : bind.oe674 (.const:.string)
                  c2728d3d    00000001     --HOLE-- [fill = 0]
                  c2728d3e    00000002     Local_pe674.oe674 (.const:ti_sysbios_knl_Clock_Module__loggerDefined__C)
                  c2728d40    00000050     lv_keyboard.obj (.const:default_kb_ctrl_lc_map)
                  c2728d90    00000050     lv_keyboard.obj (.const:default_kb_ctrl_spec_map)
                  c2728de0    00000050     lv_keyboard.obj (.const:default_kb_ctrl_uc_map)
                  c2728e30    0000004e     stk6_ppp_pppoe.ae674 : rtable.oe674 (.const:.string)
                  c2728e7e    00000002     Local_pe674.oe674 (.const:ti_sysbios_knl_Semaphore_Module__id__C)
                  c2728e80    0000004c     lv_log.obj (.const:.string)
                  c2728ecc    00000004     nettool.ae674 : telnetd.oe674 (.const:.string)
                  c2728ed0    0000004c     lodepng.obj (.const:CLCL_ORDER)
                  c2728f1c    00000048     Local_pe674.oe674 (.const:.string)
                  c2728f64    00000048     ti.targets.rts6000.ae674 : Log.oe674 (.const:.string)
                  c2728fac    00000004                              : Assert.oe674 (.const:.string)
                  c2728fb0    00000048     rts6740_elf.lib : strtod.c.obj (.const:powerof10)
                  c2728ff8    00000048     Local_pe674.oe674 (.const:ti_sysbios_knl_Task_hooks__A)
                  c2729040    00000044     netctrl.ae674 : netctrl.oe674 (.const:.string)
                  c2729084    00000041     nettool.ae674 : httpclie.oe674 (.const:.string)
                  c27290c5    00000041     stk6_ppp_pppoe.ae674 : sb6.oe674 (.const:.string)
                  c2729106    00000002     Local_pe674.oe674 (.const:ti_sysbios_knl_Semaphore_Module__loggerDefined__C)
                  c2729108    00000040     tjpgd.obj (.const:.string:Zig)
                  c2729148    00000040     lv_draw_sw_dither.obj (.const:.string:dither_ordered_threshold_matrix)
                  c2729188    00000040     ti.targets.rts6000.ae674 : Text.oe674 (.const:.string)
                  c27291c8    0000003e     stk6_ppp_pppoe.ae674 : ipv6.oe674 (.const:.string)
                  c2729206    0000003c                          : ipv6_exthdrs.oe674 (.const:.string)
                  c2729242    00000002     Local_pe674.oe674 (.const:ti_sysbios_knl_Swi_Module__id__C)
                  c2729244    0000003c     Local_pe674.oe674 (.const:ti_sysbios_knl_Task_Object__PARAMS__C)
                  c2729280    00000038     SATATest.obj (.const:.string)
                  c27292b8    00000038     stk6_ppp_pppoe.ae674 : icmpv6in.oe674 (.const:.string)
                  c27292f0    00000038                          : sock.oe674 (.const:.string)
                  c2729328    00000034     cgi.ae674 : cgiparsem.oe674 (.const:.string)
                  c272935c    00000034     Local_pe674.oe674 (.const:xdc_runtime_LoggerSys_Module__FXNS__C)
                  c2729390    00000034     Local_pe674.oe674 (.const:xdc_runtime_Startup_sfxnTab__A)
                  c27293c4    00000031     stk6_ppp_pppoe.ae674 : pbm.oe674 (.const:.string)
                  c27293f5    00000001     --HOLE-- [fill = 0]
                  c27293f6    00000002     Local_pe674.oe674 (.const:ti_sysbios_knl_Swi_Module__loggerDefined__C)
                  c27293f8    00000030     rts6740_elf.lib : asctime.c.obj (.const:mon)
                  c2729428    00000030     Local_pe674.oe674 (.const:ti_sysbios_family_c64p_Hwi_Object__PARAMS__C)
                  c2729458    0000002c     ti.drv.omapl138.ae674 : csl_mdio.oe674 (.const:.string)
                  c2729484    0000002c     ti.targets.rts6000.ae674 : Startup.oe674 (.const:.string)
                  c27294b0    0000002c     Local_pe674.oe674 (.const:ti_sysbios_hal_Hwi_Object__PARAMS__C)
                  c27294dc    00000004     Local_pe674.oe674 (.const:ti_sysbios_BIOS_Module__diagsEnabled__C)
                  c27294e0    0000002c     lv_theme_default.obj (.const:trans_props$1)
                  c272950c    00000028     Local_pe674.oe674 (.const:ti_sysbios_heaps_HeapMem_Module__FXNS__C)
                  c2729534    00000028     Local_pe674.oe674 (.const:ti_sysbios_knl_Swi_Object__PARAMS__C)
                  c272955c    00000004     Local_pe674.oe674 (.const:ti_sysbios_BIOS_Module__diagsIncluded__C)
                  c2729560    00000026     lv_event.obj (.const:.string:$P$T2$4)
                  c2729586    00000002     Local_pe674.oe674 (.const:ti_sysbios_knl_Task_Module__id__C)
                  c2729588    00000026     lv_color.obj (.const:colors$1)
                  c27295ae    00000002     Local_pe674.oe674 (.const:ti_sysbios_knl_Task_Module__loggerDefined__C)
                  c27295b0    00000024     rts6740_elf.lib : _printfi.c.obj (.const:.string)
                  c27295d4    00000024     Local_pe674.oe674 (.const:ti_sysbios_gates_GateHwi_Module__FXNS__C)
                  c27295f8    00000024     Local_pe674.oe674 (.const:ti_sysbios_gates_GateMutex_Module__FXNS__C)
                  c272961c    00000024     Local_pe674.oe674 (.const:ti_sysbios_heaps_HeapMem_Object__PARAMS__C)
                  c2729640    00000024     Local_pe674.oe674 (.const:ti_sysbios_knl_Clock_Object__PARAMS__C)
                  c2729664    00000024     Local_pe674.oe674 (.const:ti_sysbios_knl_Semaphore_Object__PARAMS__C)
                  c2729688    00000022     lv_calendar.obj (.const:.string:$P$T0$1)
                  c27296aa    00000002     Local_pe674.oe674 (.const:ti_sysbios_knl_Task_initStackFlag__C)
                  c27296ac    00000004     Local_pe674.oe674 (.const:ti_sysbios_BIOS_Module__diagsMask__C)
                  c27296b0    00000022     lv_keyboard.obj (.const:default_kb_ctrl_num_map)
                  c27296d2    00000002     Local_pe674.oe674 (.const:ti_sysbios_timers_timer64_Timer_Module__id__C)
                  c27296d4    00000004     Local_pe674.oe674 (.const:ti_sysbios_BIOS_installedErrorHook__C)
                  c27296d8    00000021     lv_textarea.obj (.const:.string:$P$T5$6)
                  c27296f9    00000001     --HOLE-- [fill = 0]
                  c27296fa    00000002     Local_pe674.oe674 (.const:ti_sysbios_timers_timer64_Timer_startupNeeded__C)
                  c27296fc    00000004     Local_pe674.oe674 (.const:ti_sysbios_family_c62_TaskSupport_stackAlignment__C)
                  c2729700    00000021     lv_draw_sw_line.obj (.const:.string:wcorr$1)
                  c2729721    00000001     --HOLE-- [fill = 0]
                  c2729722    00000002     Local_pe674.oe674 (.const:ti_sysbios_utils_Load_Module__id__C)
                  c2729724    00000004     Local_pe674.oe674 (.const:ti_sysbios_family_c64p_Cache_EMIFA_BASE__C)
                  c2729728    00000020     lv_btnmatrix.obj (.const:.string:$P$T0$1)
                  c2729748    00000020     lv_obj_style.obj (.const:.string:$P$T2$1)
                  c2729768    00000020     Local_pe674.oe674 (.const:ti_sysbios_family_c64p_Hwi_Object__DESC__C)
                  c2729788    00000020     Local_pe674.oe674 (.const:ti_sysbios_gates_GateHwi_Object__DESC__C)
                  c27297a8    00000020     Local_pe674.oe674 (.const:ti_sysbios_gates_GateMutex_Object__DESC__C)
                  c27297c8    00000020     Local_pe674.oe674 (.const:ti_sysbios_hal_Hwi_Object__DESC__C)
                  c27297e8    00000020     Local_pe674.oe674 (.const:ti_sysbios_heaps_HeapMem_Object__DESC__C)
                  c2729808    00000020     Local_pe674.oe674 (.const:ti_sysbios_knl_Clock_Object__DESC__C)
                  c2729828    00000020     Local_pe674.oe674 (.const:ti_sysbios_knl_Queue_Object__DESC__C)
                  c2729848    00000020     Local_pe674.oe674 (.const:ti_sysbios_knl_Semaphore_Object__DESC__C)
                  c2729868    00000020     Local_pe674.oe674 (.const:ti_sysbios_knl_Swi_Object__DESC__C)
                  c2729888    00000020     Local_pe674.oe674 (.const:ti_sysbios_knl_Task_Object__DESC__C)
                  c27298a8    00000020     Local_pe674.oe674 (.const:ti_sysbios_timers_timer64_Timer_Object__DESC__C)
                  c27298c8    00000020     Local_pe674.oe674 (.const:xdc_runtime_LoggerSys_Object__DESC__C)
                  c27298e8    0000001f     lv_dropdown.obj (.const:.string:$P$T1$2)
                  c2729907    00000001     --HOLE-- [fill = 0]
                  c2729908    0000001e     lv_textarea.obj (.const:.string:$P$T6$7)
                  c2729926    0000001e     nettool.ae674 : daemon.oe674 (.const:.string)
                  c2729944    00000004     Local_pe674.oe674 (.const:ti_sysbios_family_c64p_Cache_EMIFA_CFG__C)
                  c2729948    0000001d     lv_chart.obj (.const:.string:$P$T2$3)
                  c2729965    00000001     --HOLE-- [fill = 0]
                  c2729966    00000002     Local_pe674.oe674 (.const:ti_sysbios_utils_Load_Module__loggerDefined__C)
                  c2729968    0000001d     lv_img_decoder.obj (.const:.string:$P$T4$4)
                  c2729985    0000001d     stk6_ppp_pppoe.ae674 : lli.oe674 (.const:.string)
                  c27299a2    00000002     Local_pe674.oe674 (.const:ti_sysbios_utils_Load_autoAddTasks__C)
                  c27299a4    0000001c     lv_draw_sw_rect.obj (.const:$P$T0$1)
                  c27299c0    0000001c     lv_table.obj (.const:.string:$P$T1$2)
                  c27299dc    00000004     Local_pe674.oe674 (.const:ti_sysbios_family_c64p_Cache_EMIFA_LENGTH__C)
                  c27299e0    0000001c     lodepng.obj (.const:ADAM7_DX)
                  c27299fc    00000004     Local_pe674.oe674 (.const:ti_sysbios_family_c64p_Cache_EMIFB_BASE__C)
                  c2729a00    0000001c     lodepng.obj (.const:ADAM7_DY)
                  c2729a1c    00000004     Local_pe674.oe674 (.const:ti_sysbios_family_c64p_Cache_EMIFB_CFG__C)
                  c2729a20    0000001c     lodepng.obj (.const:ADAM7_IX)
                  c2729a3c    00000004     Local_pe674.oe674 (.const:ti_sysbios_family_c64p_Cache_EMIFB_LENGTH__C)
                  c2729a40    0000001c     lodepng.obj (.const:ADAM7_IY)
                  c2729a5c    0000001c     SourceHanSansCN_Normal_16.obj (.const:SourceHanSansCN_Normal_16)
                  c2729a78    0000001c     rts6740_elf.lib : asctime.c.obj (.const:day)
                  c2729a94    0000001c     lv_arc.obj (.const:lv_arc_class)
                  c2729ab0    0000001c     lv_bar.obj (.const:lv_bar_class)
                  c2729acc    0000001c     lv_btn.obj (.const:lv_btn_class)
                  c2729ae8    0000001c     lv_btnmatrix.obj (.const:lv_btnmatrix_class)
                  c2729b04    0000001c     lv_calendar.obj (.const:lv_calendar_class)
                  c2729b20    0000001c     lv_calendar_header_arrow.obj (.const:lv_calendar_header_arrow_class)
                  c2729b3c    0000001c     lv_calendar_header_dropdown.obj (.const:lv_calendar_header_dropdown_class)
                  c2729b58    0000001c     lv_chart.obj (.const:lv_chart_class)
                  c2729b74    0000001c     lv_checkbox.obj (.const:lv_checkbox_class)
                  c2729b90    0000001c     lv_colorwheel.obj (.const:lv_colorwheel_class)
                  c2729bac    0000001c     lv_dropdown.obj (.const:lv_dropdown_class)
                  c2729bc8    0000001c     lv_dropdown.obj (.const:lv_dropdownlist_class)
                  c2729be4    0000001c     lv_img.obj (.const:lv_img_class)
                  c2729c00    0000001c     lv_keyboard.obj (.const:lv_keyboard_class)
                  c2729c1c    0000001c     lv_label.obj (.const:lv_label_class)
                  c2729c38    0000001c     lv_led.obj (.const:lv_led_class)
                  c2729c54    0000001c     lv_line.obj (.const:lv_line_class)
                  c2729c70    0000001c     lv_list.obj (.const:lv_list_btn_class)
                  c2729c8c    0000001c     lv_list.obj (.const:lv_list_class)
                  c2729ca8    0000001c     lv_list.obj (.const:lv_list_text_class)
                  c2729cc4    0000001c     lv_menu.obj (.const:lv_menu_class)
                  c2729ce0    0000001c     lv_menu.obj (.const:lv_menu_cont_class)
                  c2729cfc    0000001c     lv_menu.obj (.const:lv_menu_main_cont_class)
                  c2729d18    0000001c     lv_menu.obj (.const:lv_menu_main_header_cont_class)
                  c2729d34    0000001c     lv_menu.obj (.const:lv_menu_page_class)
                  c2729d50    0000001c     lv_menu.obj (.const:lv_menu_section_class)
                  c2729d6c    0000001c     lv_menu.obj (.const:lv_menu_separator_class)
                  c2729d88    0000001c     lv_menu.obj (.const:lv_menu_sidebar_cont_class)
                  c2729da4    0000001c     lv_menu.obj (.const:lv_menu_sidebar_header_cont_class)
                  c2729dc0    0000001c     lv_meter.obj (.const:lv_meter_class)
                  c2729ddc    0000001c     lv_msgbox.obj (.const:lv_msgbox_backdrop_class)
                  c2729df8    0000001c     lv_msgbox.obj (.const:lv_msgbox_class)
                  c2729e14    0000001c     lv_obj.obj (.const:lv_obj_class)
                  c2729e30    0000001c     lv_roller.obj (.const:lv_roller_class)
                  c2729e4c    0000001c     lv_roller.obj (.const:lv_roller_label_class)
                  c2729e68    0000001c     lv_slider.obj (.const:lv_slider_class)
                  c2729e84    0000001c     lv_spinbox.obj (.const:lv_spinbox_class)
                  c2729ea0    0000001c     lv_spinner.obj (.const:lv_spinner_class)
                  c2729ebc    0000001c     lv_switch.obj (.const:lv_switch_class)
                  c2729ed8    0000001c     lv_table.obj (.const:lv_table_class)
                  c2729ef4    0000001c     lv_tabview.obj (.const:lv_tabview_class)
                  c2729f10    0000001c     lv_textarea.obj (.const:lv_textarea_class)
                  c2729f2c    0000001c     lv_tileview.obj (.const:lv_tileview_class)
                  c2729f48    0000001c     lv_tileview.obj (.const:lv_tileview_tile_class)
                  c2729f64    0000001c     lv_win.obj (.const:lv_win_class)
                  c2729f80    0000001b     lv_chart.obj (.const:.string:$P$T1$2)
                  c2729f9b    00000001     --HOLE-- [fill = 0]
                  c2729f9c    00000004     Local_pe674.oe674 (.const:ti_sysbios_family_c64p_Cache_EMIFC_BASE__C)
                  c2729fa0    0000001b     lv_draw_sw_gradient.obj (.const:.string:$P$T1$2)
                  c2729fbb    00000001     --HOLE-- [fill = 0]
                  c2729fbc    00000004     Local_pe674.oe674 (.const:ti_sysbios_family_c64p_Cache_EMIFC_CFG__C)
                  c2729fc0    0000001b     lv_label.obj (.const:.string:$P$T5$5)
                  c2729fdb    00000001     --HOLE-- [fill = 0]
                  c2729fdc    00000004     Local_pe674.oe674 (.const:ti_sysbios_family_c64p_Cache_EMIFC_LENGTH__C)
                  c2729fe0    0000001b     lv_chart.obj (.const:.string:$P$T7$8)
                  c2729ffb    00000001     --HOLE-- [fill = 0]
                  c2729ffc    00000004     Local_pe674.oe674 (.const:ti_sysbios_family_c64p_Cache_MAR0_31__C)
                  c272a000    0000001a     lv_obj.obj (.const:.string:$P$T1$2)
                  c272a01a    00000002     Local_pe674.oe674 (.const:ti_sysbios_utils_Load_hwiEnabled__C)
                  c272a01c    00000004     Local_pe674.oe674 (.const:ti_sysbios_family_c64p_Cache_MAR128_159__C)
                  c272a020    0000001a     lv_chart.obj (.const:.string:$P$T12$11)
                  c272a03a    00000002     Local_pe674.oe674 (.const:ti_sysbios_utils_Load_updateInIdle__C)
                  c272a03c    00000004     Local_pe674.oe674 (.const:ti_sysbios_family_c64p_Cache_MAR160_191__C)
                  c272a040    0000001a     lv_chart.obj (.const:.string:$P$T13$12)
                  c272a05a    00000002     Local_pe674.oe674 (.const:xdc_runtime_Core_Module__id__C)
                  c272a05c    00000004     Local_pe674.oe674 (.const:ti_sysbios_family_c64p_Cache_MAR192_223__C)
                  c272a060    0000001a     lv_chart.obj (.const:.string:$P$T18$17)
                  c272a07a    00000002     Local_pe674.oe674 (.const:xdc_runtime_Error_Module__loggerDefined__C)
                  c272a07c    00000004     Local_pe674.oe674 (.const:ti_sysbios_family_c64p_Cache_MAR224_255__C)
                  c272a080    0000001a     lv_chart.obj (.const:.string:$P$T6$7)
                  c272a09a    00000002     Local_pe674.oe674 (.const:xdc_runtime_Error_maxDepth__C)
                  c272a09c    00000004     Local_pe674.oe674 (.const:ti_sysbios_family_c64p_Cache_MAR32_63__C)
                  c272a0a0    0000001a     Local_pe674.oe674 (.const:xdc_runtime_Startup_sfxnRts__A)
                  c272a0ba    00000002     Local_pe674.oe674 (.const:xdc_runtime_Memory_Module__id__C)
                  c272a0bc    00000004     Local_pe674.oe674 (.const:ti_sysbios_family_c64p_Cache_MAR64_95__C)
                  c272a0c0    00000019     lv_font.obj (.const:.string:$P$T0$1)
                  c272a0d9    00000001     --HOLE-- [fill = 0]
                  c272a0da    00000002     Local_pe674.oe674 (.const:xdc_runtime_SysMin_flushAtExit__C)
                  c272a0dc    00000004     Local_pe674.oe674 (.const:ti_sysbios_family_c64p_Cache_MAR96_127__C)
                  c272a0e0    00000019     lv_draw_mask.obj (.const:.string:$P$T1$2)
                  c272a0f9    00000001     --HOLE-- [fill = 0]
                  c272a0fa    00000002     Local_pe674.oe674 (.const:xdc_runtime_Text_charCnt__C)
                  c272a0fc    00000004     Local_pe674.oe674 (.const:ti_sysbios_family_c64p_EventCombiner_E_unpluggedEvent__C)
                  c272a100    00000019     lv_meter.obj (.const:.string:$P$T1$2)
                  c272a119    00000001     --HOLE-- [fill = 0]
                  c272a11a    00000002     Local_pe674.oe674 (.const:xdc_runtime_Text_isLoaded__C)
                  c272a11c    00000004     Local_pe674.oe674 (.const:ti_sysbios_family_c64p_Exception_E_exceptionMax__C)
                  c272a120    00000019     lv_chart.obj (.const:.string:$P$T16$15)
                  c272a139    00000001     --HOLE-- [fill = 0]
                  c272a13a    00000002     Local_pe674.oe674 (.const:xdc_runtime_Text_registryModsLastId__C)
                  c272a13c    00000004     Local_pe674.oe674 (.const:ti_sysbios_family_c64p_Exception_exceptionHook__C)
                  c272a140    00000019     lv_chart.obj (.const:.string:$P$T17$16)
                  c272a159    00000001     --HOLE-- [fill = 0]
                  c272a15a    00000002     Local_pe674.oe674 (.const:xdc_runtime_Text_unnamedModsLastId__C)
                  c272a15c    00000004     Local_pe674.oe674 (.const:ti_sysbios_family_c64p_Exception_externalHook__C)
                  c272a160    00000019     lv_chart.obj (.const:.string:$P$T19$18)
                  c272a179    00000003     --HOLE-- [fill = 0]
                  c272a17c    00000004     Local_pe674.oe674 (.const:ti_sysbios_family_c64p_Exception_internalHook__C)
                  c272a180    00000019     lv_chart.obj (.const:.string:$P$T20$19)
                  c272a199    00000003     --HOLE-- [fill = 0]
                  c272a19c    00000004     Local_pe674.oe674 (.const:ti_sysbios_family_c64p_Exception_nmiHook__C)
                  c272a1a0    00000019     lv_meter.obj (.const:.string:$P$T4$5)
                  c272a1b9    00000003     --HOLE-- [fill = 0]
                  c272a1bc    00000004     Local_pe674.oe674 (.const:ti_sysbios_family_c64p_Hwi_E_alreadyDefined__C)
                  c272a1c0    00000019     lv_table.obj (.const:.string:$P$T5$6)
                  c272a1d9    00000003     --HOLE-- [fill = 0]
                  c272a1dc    00000004     Local_pe674.oe674 (.const:ti_sysbios_family_c64p_Hwi_E_handleNotFound__C)
                  c272a1e0    00000018     lv_draw_mask.obj (.const:.string:$P$T0$1)
                  c272a1f8    00000018     lv_dropdown.obj (.const:.string:$P$T0$1)
                  c272a210    00000018     lv_hal_disp.obj (.const:.string:$P$T0$1)
                  c272a228    00000018     lv_table.obj (.const:.string:$P$T0$1)
                  c272a240    00000018     lv_chart.obj (.const:.string:$P$T11$10)
                  c272a258    00000018     lv_chart.obj (.const:.string:$P$T15$14)
                  c272a270    00000018     lv_label.obj (.const:.string:$P$T2$3)
                  c272a288    00000018     lv_meter.obj (.const:.string:$P$T2$3)
                  c272a2a0    00000018     lv_font.obj (.const:.string:$P$T3$3)
                  c272a2b8    00000018     lv_event.obj (.const:.string:$P$T3$5)
                  c272a2d0    00000018     nettool.ae674 : config.oe674 (.const:.string)
                  c272a2e8    00000018     stk6_ppp_pppoe.ae674 : exec.oe674 (.const:.string)
                  c272a300    00000018     SourceHanSansCN_Normal_16.obj (.const:font_dsc)
                  c272a318    00000018     Local_pe674.oe674 (.const:ti_sysbios_gates_GateHwi_Object__PARAMS__C)
                  c272a330    00000018     Local_pe674.oe674 (.const:ti_sysbios_gates_GateMutex_Object__PARAMS__C)
                  c272a348    00000018     Local_pe674.oe674 (.const:ti_sysbios_knl_Queue_Object__PARAMS__C)
                  c272a360    00000018     Local_pe674.oe674 (.const:ti_sysbios_knl_Swi_hooks__A)
                  c272a378    00000018     Local_pe674.oe674 (.const:xdc_runtime_LoggerSys_Object__PARAMS__C)
                  c272a390    00000017     lv_event.obj (.const:.string:$P$T1$3)
                  c272a3a7    00000001     --HOLE-- [fill = 0]
                  c272a3a8    00000017     lv_chart.obj (.const:.string:$P$T14$13)
                  c272a3bf    00000001     --HOLE-- [fill = 0]
                  c272a3c0    00000017     lv_dropdown.obj (.const:.string:$P$T2$3)
                  c272a3d7    00000001     --HOLE-- [fill = 0]
                  c272a3d8    00000017     lv_label.obj (.const:.string:$P$T3$4)
                  c272a3ef    00000001     --HOLE-- [fill = 0]
                  c272a3f0    00000017     lv_chart.obj (.const:.string:$P$T4$5)
                  c272a407    00000001     --HOLE-- [fill = 0]
                  c272a408    00000017     lv_table.obj (.const:.string:$P$T4$5)
                  c272a41f    00000017     stk6_ppp_pppoe.ae674 : ipout.oe674 (.const:.string)
                  c272a436    00000002     --HOLE-- [fill = 0]
                  c272a438    00000016     lv_hal_indev.obj (.const:.string:$P$T0$1)
                  c272a44e    00000002     --HOLE-- [fill = 0]
                  c272a450    00000016     lv_roller.obj (.const:.string:$P$T0$1)
                  c272a466    00000002     --HOLE-- [fill = 0]
                  c272a468    00000016     lv_txt.obj (.const:.string:$P$T0$1)
                  c272a47e    00000002     --HOLE-- [fill = 0]
                  c272a480    00000016     lv_label.obj (.const:.string:$P$T1$2)
                  c272a496    00000002     --HOLE-- [fill = 0]
                  c272a498    00000016     lv_font.obj (.const:.string:$P$T2$2)
                  c272a4ae    00000002     --HOLE-- [fill = 0]
                  c272a4b0    00000016     lv_img_decoder.obj (.const:.string:$P$T3$3)
                  c272a4c6    00000002     --HOLE-- [fill = 0]
                  c272a4c8    00000016     lv_tlsf.obj (.const:.string:$P$T6$6)
                  c272a4de    00000016     stk6_ppp_pppoe.ae674 : ipv6out.oe674 (.const:.string)
                  c272a4f4    00000004     Local_pe674.oe674 (.const:ti_sysbios_family_c64p_Hwi_LD_end__C)
                  c272a4f8    00000015     lv_textarea.obj (.const:.string:$P$T0$1)
                  c272a50d    00000003     --HOLE-- [fill = 0]
                  c272a510    00000015     lv_img_decoder.obj (.const:.string:$P$T1$1)
                  c272a525    00000003     --HOLE-- [fill = 0]
                  c272a528    00000015     lv_textarea.obj (.const:.string:$P$T1$2)
                  c272a53d    00000003     --HOLE-- [fill = 0]
                  c272a540    00000015     lv_style.obj (.const:.string:$P$T2$3)
                  c272a555    00000003     --HOLE-- [fill = 0]
                  c272a558    00000015     lv_table.obj (.const:.string:$P$T2$3)
                  c272a56d    00000003     --HOLE-- [fill = 0]
                  c272a570    00000015     lv_textarea.obj (.const:.string:$P$T2$3)
                  c272a585    00000003     --HOLE-- [fill = 0]
                  c272a588    00000015     lv_hal_disp.obj (.const:.string:$P$T2$8)
                  c272a59d    00000003     --HOLE-- [fill = 0]
                  c272a5a0    00000015     lv_chart.obj (.const:.string:$P$T21$20)
                  c272a5b5    00000003     --HOLE-- [fill = 0]
                  c272a5b8    00000015     lv_chart.obj (.const:.string:$P$T22$21)
                  c272a5cd    00000003     --HOLE-- [fill = 0]
                  c272a5d0    00000015     lv_table.obj (.const:.string:$P$T3$4)
                  c272a5e5    00000003     --HOLE-- [fill = 0]
                  c272a5e8    00000015     lv_textarea.obj (.const:.string:$P$T4$5)
                  c272a5fd    00000003     --HOLE-- [fill = 0]
                  c272a600    00000015     lv_chart.obj (.const:.string:$P$T5$6)
                  c272a615    00000003     --HOLE-- [fill = 0]
                  c272a618    00000015     lv_label.obj (.const:.string:$P$T7$7)
                  c272a62d    00000003     --HOLE-- [fill = 0]
                  c272a630    00000014     lv_event.obj (.const:.string:$P$T0$2)
                  c272a644    00000004     Local_pe674.oe674 (.const:ti_sysbios_family_c64p_Hwi_LM_begin__C)
                  c272a648    00000014     lv_hal_indev.obj (.const:.string:$P$T1$2)
                  c272a65c    00000004     Local_pe674.oe674 (.const:ti_sysbios_family_c64p_Hwi_Module__diagsEnabled__C)
                  c272a660    00000014     lv_chart.obj (.const:.string:$P$T10$9)
                  c272a674    00000004     Local_pe674.oe674 (.const:ti_sysbios_family_c64p_Hwi_Module__diagsIncluded__C)
                  c272a678    00000014     lv_img_decoder.obj (.const:.string:$P$T2$2)
                  c272a68c    00000004     Local_pe674.oe674 (.const:ti_sysbios_family_c64p_Hwi_Module__diagsMask__C)
                  c272a690    00000014     lv_tlsf.obj (.const:.string:$P$T23$22)
                  c272a6a4    00000004     Local_pe674.oe674 (.const:ti_sysbios_family_c64p_Hwi_Module__loggerFxn1__C)
                  c272a6a8    00000014     lv_chart.obj (.const:.string:$P$T3$4)
                  c272a6bc    00000014     lv_sjpg.obj (.const:.string)
                  c272a6d0    00000014     Local_pe674.oe674 (.const:ti_sysbios_family_c64p_Hwi_hooks__A)
                  c272a6e4    00000004     Local_pe674.oe674 (.const:ti_sysbios_family_c64p_Hwi_Module__loggerFxn8__C)
                  c272a6e8    00000013     lv_meter.obj (.const:.string:$P$T0$1)
                  c272a6fb    00000001     --HOLE-- [fill = 0]
                  c272a6fc    00000004     Local_pe674.oe674 (.const:ti_sysbios_family_c64p_Hwi_Module__loggerObj__C)
                  c272a700    00000013     lv_obj_pos.obj (.const:.string:$P$T0$2)
                  c272a713    00000001     --HOLE-- [fill = 0]
                  c272a714    00000004     Local_pe674.oe674 (.const:ti_sysbios_family_c64p_Hwi_Object__heap__C)
                  c272a718    00000013     lv_tlsf.obj (.const:.string:$P$T17$16)
                  c272a72b    00000001     --HOLE-- [fill = 0]
                  c272a72c    00000004     Local_pe674.oe674 (.const:ti_sysbios_gates_GateMutex_A_badContext__C)
                  c272a730    00000013     lv_fs.obj (.const:.string:$P$T3$3)
                  c272a743    00000001     --HOLE-- [fill = 0]
                  c272a744    00000004     Local_pe674.oe674 (.const:ti_sysbios_gates_GateMutex_Instance_State_sem__O)
                  c272a748    00000013     lv_mem.obj (.const:.string:$P$T4$5)
                  c272a75b    00000013     stk6_ppp_pppoe.ae674 : fileuser.oe674 (.const:.string)
                  c272a76e    00000002     --HOLE-- [fill = 0]
                  c272a770    00000012     lv_chart.obj (.const:.string:$P$T0$1)
                  c272a782    00000002     --HOLE-- [fill = 0]
                  c272a784    00000004     Local_pe674.oe674 (.const:ti_sysbios_gates_GateMutex_Module__diagsEnabled__C)
                  c272a788    00000012     lv_label.obj (.const:.string:$P$T0$1)
                  c272a79a    00000002     --HOLE-- [fill = 0]
                  c272a79c    00000004     Local_pe674.oe674 (.const:ti_sysbios_gates_GateMutex_Module__diagsIncluded__C)
                  c272a7a0    00000012     lv_tlsf.obj (.const:.string:$P$T16$15)
                  c272a7b2    00000002     --HOLE-- [fill = 0]
                  c272a7b4    00000004     Local_pe674.oe674 (.const:ti_sysbios_gates_GateMutex_Module__diagsMask__C)
                  c272a7b8    00000012     lv_fs.obj (.const:.string:$P$T2$2)
                  c272a7ca    00000002     --HOLE-- [fill = 0]
                  c272a7cc    00000004     Local_pe674.oe674 (.const:ti_sysbios_hal_Hwi_E_stackOverflow__C)
                  c272a7d0    00000012     lv_refr.obj (.const:.string:$P$T2$2)
                  c272a7e2    00000002     --HOLE-- [fill = 0]
                  c272a7e4    00000004     Local_pe674.oe674 (.const:ti_sysbios_heaps_HeapMem_A_align__C)
                  c272a7e8    00000012     lv_style.obj (.const:.string:$P$T3$4)
                  c272a7fa    00000002     --HOLE-- [fill = 0]
                  c272a7fc    00000004     Local_pe674.oe674 (.const:ti_sysbios_heaps_HeapMem_A_heapSize__C)
                  c272a800    00000012     lv_label.obj (.const:.string:$P$T6$6)
                  c272a812    00000002     --HOLE-- [fill = 0]
                  c272a814    00000004     Local_pe674.oe674 (.const:ti_sysbios_heaps_HeapMem_A_invalidFree__C)
                  c272a818    00000012     lv_tlsf.obj (.const:.string:$P$T7$7)
                  c272a82a    00000002     --HOLE-- [fill = 0]
                  c272a82c    00000004     Local_pe674.oe674 (.const:ti_sysbios_heaps_HeapMem_A_zeroBlock__C)
                  c272a830    00000012     lv_tlsf.obj (.const:.string:$P$T8$8)
                  c272a842    00000002     --HOLE-- [fill = 0]
                  c272a844    00000004     Local_pe674.oe674 (.const:ti_sysbios_heaps_HeapMem_E_memory__C)
                  c272a848    00000011     lv_group.obj (.const:.string:$P$T1$2)
                  c272a859    00000003     --HOLE-- [fill = 0]
                  c272a85c    00000004     Local_pe674.oe674 (.const:ti_sysbios_heaps_HeapMem_Module__diagsEnabled__C)
                  c272a860    00000011     lv_tlsf.obj (.const:.string:$P$T12$11)
                  c272a871    00000003     --HOLE-- [fill = 0]
                  c272a874    00000004     Local_pe674.oe674 (.const:ti_sysbios_heaps_HeapMem_Module__diagsIncluded__C)
                  c272a878    00000011     lv_tlsf.obj (.const:.string:$P$T13$12)
                  c272a889    00000003     --HOLE-- [fill = 0]
                  c272a88c    00000004     Local_pe674.oe674 (.const:ti_sysbios_heaps_HeapMem_Module__diagsMask__C)
                  c272a890    00000011     lv_tlsf.obj (.const:.string:$P$T18$17)
                  c272a8a1    00000003     --HOLE-- [fill = 0]
                  c272a8a4    00000004     Local_pe674.oe674 (.const:ti_sysbios_heaps_HeapMem_Module__gateObj__C)
                  c272a8a8    00000011     lv_tlsf.obj (.const:.string:$P$T22$21)
                  c272a8b9    00000003     --HOLE-- [fill = 0]
                  c272a8bc    00000004     Local_pe674.oe674 (.const:ti_sysbios_heaps_HeapMem_Object__count__C)
                  c272a8c0    00000011     lv_chart.obj (.const:.string:$P$T23$22)
                  c272a8d1    00000003     --HOLE-- [fill = 0]
                  c272a8d4    00000004     Local_pe674.oe674 (.const:ti_sysbios_heaps_HeapMem_Object__table__C)
                  c272a8d8    00000011     lv_tlsf.obj (.const:.string:$P$T27$24)
                  c272a8e9    00000003     --HOLE-- [fill = 0]
                  c272a8ec    00000004     Local_pe674.oe674 (.const:ti_sysbios_heaps_HeapMem_reqAlign__C)
                  c272a8f0    00000011     lv_meter.obj (.const:.string:$P$T3$4)
                  c272a901    00000011     stk6_ppp_pppoe.ae674 : tcp6prot.oe674 (.const:.string)
                  c272a912    00000011                          : tcpprot.oe674 (.const:.string)
                  c272a923    00000001     --HOLE-- [fill = 0]
                  c272a924    00000004     Local_pe674.oe674 (.const:ti_sysbios_knl_Clock_A_badThreadType__C)
                  c272a928    00000011     ti.targets.rts6000.ae674 : System.oe674 (.const:digtohex)
                  c272a939    00000003     --HOLE-- [fill = 0]
                  c272a93c    00000004     Local_pe674.oe674 (.const:ti_sysbios_knl_Clock_A_clockDisabled__C)
                  c272a940    00000010     lv_group.obj (.const:.string:$P$T0$1)
                  c272a950    00000010     lv_refr.obj (.const:.string:$P$T1$1)
                  c272a960    00000010     lv_timer.obj (.const:.string:$P$T1$5)
                  c272a970    00000010     lv_tlsf.obj (.const:.string:$P$T14$13)
                  c272a980    00000010     lv_tlsf.obj (.const:.string:$P$T15$14)
                  c272a990    00000010     lv_img_buf.obj (.const:.string:$P$T2$2)
                  c272a9a0    00000010     lv_hal_indev.obj (.const:.string:$P$T2$3)
                  c272a9b0    00000010     lv_obj_style.obj (.const:.string:$P$T3$2)
                  c272a9c0    00000010     lv_tlsf.obj (.const:.string:$P$T30$26)
                  c272a9d0    00000010     lv_img_decoder.obj (.const:.string:$P$T7$7)
                  c272a9e0    00000010     lv_draw_sw_letter.obj (.const:.string:_lv_bpp4_opa_table)
                  c272a9f0    00000010     rts6740_elf.lib : _scanfi.c.obj (.const:.string)
                  c272aa00    00000010     Local_pe674.oe674 (.const:ti_sysbios_family_c64p_EventCombiner_EVTMASK__C)
                  c272aa10    0000000f     lv_flex.obj (.const:.string:$P$T0$1)
                  c272aa1f    00000001     --HOLE-- [fill = 0]
                  c272aa20    0000000f     lv_img.obj (.const:.string:$P$T0$1)
                  c272aa2f    00000001     --HOLE-- [fill = 0]
                  c272aa30    0000000f     lv_style.obj (.const:.string:$P$T1$1)
                  c272aa3f    00000001     --HOLE-- [fill = 0]
                  c272aa40    0000000f     lv_mem.obj (.const:.string:$P$T1$3)
                  c272aa4f    00000001     --HOLE-- [fill = 0]
                  c272aa50    0000000f     lv_tlsf.obj (.const:.string:$P$T20$19)
                  c272aa5f    00000001     --HOLE-- [fill = 0]
                  c272aa60    0000000f     lv_tlsf.obj (.const:.string:$P$T24$23)
                  c272aa6f    00000001     --HOLE-- [fill = 0]
                  c272aa70    0000000f     lv_mem.obj (.const:.string:$P$T3$4)
                  c272aa7f    00000001     --HOLE-- [fill = 0]
                  c272aa80    0000000e     lv_anim.obj (.const:.string:$P$T0$1)
                  c272aa8e    00000002     --HOLE-- [fill = 0]
                  c272aa90    0000000e     lv_draw_sw_gradient.obj (.const:.string:$P$T0$1)
                  c272aa9e    00000002     --HOLE-- [fill = 0]
                  c272aaa0    0000000e     lv_tlsf.obj (.const:.string:$P$T19$18)
                  c272aaae    00000002     --HOLE-- [fill = 0]
                  c272aab0    0000000e     lv_draw_mask.obj (.const:.string:$P$T2$3)
                  c272aabe    0000000e     stk6_ppp_pppoe.ae674 : timer.oe674 (.const:.string)
                  c272aacc    00000004     Local_pe674.oe674 (.const:ti_sysbios_knl_Clock_LM_begin__C)
                  c272aad0    0000000d     lv_bmp.obj (.const:.string:$P$T0$1)
                  c272aadd    00000003     --HOLE-- [fill = 0]
                  c272aae0    0000000d     lv_mem.obj (.const:.string:$P$T0$2)
                  c272aaed    00000003     --HOLE-- [fill = 0]
                  c272aaf0    0000000d     lv_tlsf.obj (.const:.string:$P$T11$10)
                  c272aafd    00000003     --HOLE-- [fill = 0]
                  c272ab00    0000000d     lv_tlsf.obj (.const:.string:$P$T29$25)
                  c272ab0d    0000000d     os.ae674 : ossys.oe674 (.const:.string)
                  c272ab1a    00000002     --HOLE-- [fill = 0]
                  c272ab1c    00000004     Local_pe674.oe674 (.const:ti_sysbios_knl_Clock_LM_tick__C)
                  c272ab20    0000000c     lv_tlsf.obj (.const:.string:$P$T10$9)
                  c272ab2c    0000000c     lv_checkbox.obj (.const:.string)
                  c272ab38    0000000c     os.ae674 : efs.oe674 (.const:.string)
                  c272ab44    0000000c     img_bg.obj (.const:img_bg)
                  c272ab50    0000000c     SourceHanSansCN_Normal_16.obj (.const:kern_pairs)
                  c272ab5c    0000000c     Local_pe674.oe674 (.const:ti_sysbios_family_c64p_Cache_initSize__C)
                  c272ab68    0000000c     Local_pe674.oe674 (.const:ti_sysbios_knl_Idle_coreList__A)
                  c272ab74    00000004     Local_pe674.oe674 (.const:ti_sysbios_knl_Clock_LW_delayed__C)
                  c272ab78    0000000c     Local_pe674.oe674 (.const:ti_sysbios_knl_Idle_funcList__A)
                  c272ab84    00000004     Local_pe674.oe674 (.const:ti_sysbios_knl_Clock_Module_State_clockQ__O)
                  c272ab88    0000000b     lv_fs.obj (.const:.string:$P$T1$1)
                  c272ab93    00000001     --HOLE-- [fill = 0]
                  c272ab94    00000004     Local_pe674.oe674 (.const:ti_sysbios_knl_Clock_Module__diagsEnabled__C)
                  c272ab98    0000000b     lv_tlsf.obj (.const:.string:$P$T1$1)
                  c272aba3    00000001     --HOLE-- [fill = 0]
                  c272aba4    00000004     Local_pe674.oe674 (.const:ti_sysbios_knl_Clock_Module__diagsIncluded__C)
                  c272aba8    0000000b     lv_tlsf.obj (.const:.string:$P$T2$2)
                  c272abb3    00000001     --HOLE-- [fill = 0]
                  c272abb4    00000004     Local_pe674.oe674 (.const:ti_sysbios_knl_Clock_Module__diagsMask__C)
                  c272abb8    0000000b     lv_tlsf.obj (.const:.string:$P$T4$4)
                  c272abc3    0000000b     stk6_ppp_pppoe.ae674 : route.oe674 (.const:.string)
                  c272abce    00000002     --HOLE-- [fill = 0]
                  c272abd0    0000000a     lv_sjpg.obj (.const:.string:$P$T1$1)
                  c272abda    00000002     --HOLE-- [fill = 0]
                  c272abdc    00000004     Local_pe674.oe674 (.const:ti_sysbios_knl_Clock_Module__loggerFxn1__C)
                  c272abe0    0000000a     lv_tlsf.obj (.const:.string:$P$T5$5)
                  c272abea    00000002     --HOLE-- [fill = 0]
                  c272abec    00000004     Local_pe674.oe674 (.const:ti_sysbios_knl_Clock_Module__loggerFxn2__C)
                  c272abf0    00000009     lv_tlsf.obj (.const:.string:$P$T3$3)
                  c272abf9    00000001     --HOLE-- [fill = 0]
                  c272abfa    00000008     lv_draw_sw_polygon.obj (.const:$P$T0$1)
                  c272ac02    00000002     --HOLE-- [fill = 0]
                  c272ac04    00000008     lv_tlsf.obj (.const:$P$T21$20)
                  c272ac0c    00000004     Local_pe674.oe674 (.const:ti_sysbios_knl_Clock_Module__loggerObj__C)
                  c272ac10    00000008     lv_obj.obj (.const:.string:$P$T0$1)
                  c272ac18    00000008     lv_png.obj (.const:.string:$P$T1$1)
                  c272ac20    00000008     lodepng.obj (.const:.string:$P$T25$3)
                  c272ac28    00000008     lv_draw_img.obj (.const:.string)
                  c272ac30    00000008     ti.targets.rts6000.ae674 : System.oe674 (.const:.string)
                  c272ac38    00000008     Local_pe674.oe674 (.const:ti_sysbios_family_c64p_Hwi_hooks__C)
                  c272ac40    00000008     Local_pe674.oe674 (.const:ti_sysbios_knl_Idle_coreList__C)
                  c272ac48    00000008     Local_pe674.oe674 (.const:ti_sysbios_knl_Idle_funcList__C)
                  c272ac50    00000008     Local_pe674.oe674 (.const:ti_sysbios_knl_Swi_hooks__C)
                  c272ac58    00000008     Local_pe674.oe674 (.const:ti_sysbios_knl_Task_hooks__C)
                  c272ac60    00000008     Local_pe674.oe674 (.const:xdc_runtime_Startup_firstFxns__A)
                  c272ac68    00000008     Local_pe674.oe674 (.const:xdc_runtime_Startup_firstFxns__C)
                  c272ac70    00000008     Local_pe674.oe674 (.const:xdc_runtime_Startup_lastFxns__C)
                  c272ac78    00000007     rts6740_elf.lib : _scanfi.c.obj (.const:.string:flit$1)
                  c272ac7f    00000001     --HOLE-- [fill = 0]
                  c272ac80    00000006                     : _scanfi.c.obj (.const:.string:barr$2)
                  c272ac86    00000002     --HOLE-- [fill = 0]
                  c272ac88    00000004     lv_img_buf.obj (.const:.string:$P$T1$1)
                  c272ac8c    00000004     Local_pe674.oe674 (.const:ti_sysbios_knl_Semaphore_A_badContext__C)
                  c272ac90    00000004     lv_img_decoder.obj (.const:.string:$P$T6$6)
                  c272ac94    00000004     Local_pe674.oe674 (.const:ti_sysbios_knl_Semaphore_A_noEvents__C)
                  c272ac98    00000004     lv_draw_sw_letter.obj (.const:.string:_lv_bpp2_opa_table)
                  c272ac9c    00000004     Local_pe674.oe674 (.const:ti_sysbios_knl_Semaphore_A_overflow__C)
                  c272aca0    00000004     Local_pe674.oe674 (.const:ti_sysbios_knl_Semaphore_A_pendTaskDisabled__C)
                  c272aca4    00000004     Local_pe674.oe674 (.const:ti_sysbios_knl_Semaphore_Instance_State_pendQ__O)
                  c272aca8    00000004     Local_pe674.oe674 (.const:ti_sysbios_knl_Semaphore_LM_pend__C)
                  c272acac    00000004     Local_pe674.oe674 (.const:ti_sysbios_knl_Semaphore_LM_post__C)
                  c272acb0    00000004     Local_pe674.oe674 (.const:ti_sysbios_knl_Semaphore_Module__diagsEnabled__C)
                  c272acb4    00000004     Local_pe674.oe674 (.const:ti_sysbios_knl_Semaphore_Module__diagsIncluded__C)
                  c272acb8    00000004     Local_pe674.oe674 (.const:ti_sysbios_knl_Semaphore_Module__diagsMask__C)
                  c272acbc    00000004     Local_pe674.oe674 (.const:ti_sysbios_knl_Semaphore_Module__loggerFxn2__C)
                  c272acc0    00000004     Local_pe674.oe674 (.const:ti_sysbios_knl_Semaphore_Module__loggerFxn4__C)
[...]
c284a220  xdc_runtime_System_atexit__E                                        
c284a240  xdc_runtime_System_exit__E                                          
c284a260  xdc_runtime_System_exit__F                                          
c284a280  xdc_runtime_System_lastFxn__I                                       
c284a2a0  xdc_runtime_System_putch__E                                         
c284a2c0  xdc_runtime_System_vprintf__E                                       
c284a2e0  xdc_runtime_System_vsnprintf__E                                     
c284a300  xdc_runtime_System_snprintf_va__F                                   
c284a300  xdc_runtime_System_vsnprintf__F                                     
c284a320  NDK_vsprintf                                                        
c284a320  xdc_runtime_System_vsprintf__E                                      
c284a340  xdc_runtime_System_sprintf_va__F                                    
c284a340  xdc_runtime_System_vsprintf__F                                      
c284a360  xdc_runtime_Text_cordText__E                                        
c284a380  xdc_runtime_Text_putLab__E                                          
c284a3a0  xdc_runtime_Text_putSite__E                                         
c284a3c0  xdc_runtime_Text_ropeText__E                                        
c284a3e0  xdc_runtime_Timestamp_SupportProxy_get32__E                         
c284a3e0  xdc_runtime_Timestamp_get32__F                                      
c284a400  xdc_runtime_Timestamp_SupportProxy_getFreq__E                       
c284a400  xdc_runtime_Timestamp_getFreq__F                                    
c284a420  xdc_runtime_Timestamp_get32__E                                      
c284a440  xdc_runtime_Timestamp_getFreq__E                                    
c284a800  CmdLists                                                            
c284b000  ti_sysbios_family_c64p_EventCombiner_Module__state__V               
c284b400  _ftable                                                             
c284b5e0  g_sCmdTable                                                         
c284b6ac  _ipcfg                                                              
c284b760  _stream                                                             
c284b800  ti_sysbios_knl_Task_Object__table__V                                
c284b850  TSK_idle                                                            
c284b8a0  ti_sysbios_utils_Load_Module__state__V                              
c284b938  ti_sysbios_family_c64p_Hwi_Object__table__V                         
c284b9c4  _lock                                                               
c284b9c8  ti_sysbios_knl_Swi_Module_State_0_readyQ__A                         
c284ba48  ti_sysbios_knl_Task_Module_State_0_readyQ__A                        
c284bac8  _device                                                             
c284bb40  ti_sysbios_family_c64p_Hwi_Module__state__V                         
c284bba8  ti_sysbios_timers_timer64_Timer_Module_State_0_device__A            
c284bc08  DNSErrorStrings                                                     
c284bca8  ti_sysbios_gates_GateMutex_Object__table__V                         
c284bcf8  ti_sysbios_timers_timer64_Timer_Object__table__V                    
c284bd48  ulDataPatternTable                                                  
c284bde8  ti_sysbios_knl_Task_Module__state__V                                
c284be2c  _unlock                                                             
c284bf30  ti_sysbios_utils_Load_Module_State_0_taskEnv__A                     
c284bf9c  __TI_ft_end                                                         
c284bfd8  ti_sysbios_knl_Swi_Object__table__V                                 
c284c00c  __errno                                                             
c284c00c  errno                                                               
c284c040  ti_sysbios_family_c64p_Exception_Module__state__V                   
c284c0cc  ti_sysbios_knl_Clock_Module__state__V                               
c284c0f4  ti_sysbios_family_c64p_Cache_Module__state__V                       
c284c11c  ti_sysbios_family_c64p_primus_TimerSupport_Module__state__V         
c284c144  _oscfg                                                              
c284c188  palette_32b                                                         
c284c1a8  pstrMsgName                                                         
c284c1c8  ti_sysbios_BIOS_Module__state__V                                    
c284c1e8  ti_sysbios_timers_timer64_Timer_Module_State_0_gctrl__A             
c284c208  ti_sysbios_timers_timer64_Timer_Module_State_0_handles__A           
c284c228  ti_sysbios_timers_timer64_Timer_Module_State_0_intFreqs__A          
c284c248  xdc_runtime_System_Module_State_0_atexitHandlers__A                 
c284c268  WeekDayStr                                                          
c284c284  xdc_runtime_Memory_Module__state__V                                 
c284c2c4  xdc_runtime_Error_Module__state__V                                  
c284c2c8  ti_ndk_config_Global_Id2Size                                        
c284c2e8  ti_sysbios_heaps_HeapMem_Object__table__V                           
c284c304  ti_sysbios_knl_Swi_Module__state__V                                 
c284c338  TaskName                                                            
c284c350  LinkStr                                                             
c284c368  ReportStr                                                           
c284c380  StatusStr                                                           
c284c3dc  ti_sysbios_timers_timer64_Timer_Module__state__V                    
c284c3f0  GatewayIP                                                           
c284c400  LocalIPMask                                                         
c284c410  SEGVal                                                              
c284c420  StaticIPAddr                                                        
c284c430  __TI_cleanup_ptr                                                    
c284c434  __TI_dtors_ptr                                                      
c284c438  __TI_enable_exit_profile_output                                     
c284c440  ti_sysbios_hal_Hwi_Object__table__V                                 
c284c450  ti_sysbios_hal_Timer_Object__table__V                               
c284c460  xdc_runtime_LoggerSys_Object__table__V                              
c284c46c  xdc_runtime_SysMin_Module__state__V                                 
c284c478  xdc_runtime_System_Module__state__V                                 
c284c4a8  NIMUDeviceTable                                                     
c284c4b0  ti_sysbios_family_c64p_Hwi_Module__root__V                          
c284c4b8  ti_sysbios_family_c64p_primus_TimerSupport_Module_State_0_suspSrc__A
c284c4c0  ti_sysbios_gates_GateHwi_Module__root__V                            
c284c4c8  ti_sysbios_gates_GateHwi_Object__table__V                           
c284c4d0  ti_sysbios_gates_GateMutex_Module__root__V                          
c284c4d8  ti_sysbios_hal_Hwi_Module__root__V                                  
c284c4e0  ti_sysbios_heaps_HeapMem_Module__root__V                            
c284c4e8  ti_sysbios_knl_Clock_Module__root__V                                
c284c4f0  ti_sysbios_knl_Queue_Module__root__V                                
c284c4f8  ti_sysbios_knl_Semaphore_Module__root__V                            
c284c500  ti_sysbios_knl_Swi_Module__root__V                                  
c284c508  ti_sysbios_knl_Task_Module__root__V                                 
c284c510  ti_sysbios_timers_timer64_Timer_Module__root__V                     
c284c518  xdc_runtime_LoggerSys_Module__root__V                               
c284c520  xdc_runtime_Registry_Module__state__V                               
c284c528  xdc_runtime_Startup_Module__state__V                                
c284c540  ti_sysbios_knl_Task_Module_State_0_idleTask__A                      
c284c548  ti_sysbios_utils_Load_Module_State_0_runningTask__A                 
c284c550  ti_sysbios_utils_Load_Module_State_0_taskStartTime__A               
c284c558  DHCP_OPTIONS                                                        
c284ce34  __TI_STATIC_BASE                                                    
c284ce4c  _IGMPInDiscard                                                      
c284ce50  _IGMPInQuery                                                        
c284ce54  _IGMPInQueryGroup                                                   
c284ce58  _IGMPInResponse                                                     
c284ce5c  _IGMPOutResponse                                                    
c284cee4  KEY4SwiHandle                                                       
c284cee8  KEY6SwiHandle                                                       
c284ceec  LV_LAYOUT_FLEX                                                      
c284cef0  LV_LAYOUT_GRID                                                      
c284cef4  LV_STYLE_FLEX_CROSS_PLACE                                           
c284cef8  LV_STYLE_FLEX_FLOW                                                  
c284cefc  LV_STYLE_FLEX_GROW                                                  
c284cf00  LV_STYLE_FLEX_MAIN_PLACE                                            
c284cf04  LV_STYLE_FLEX_TRACK_PLACE                                           
c284cf08  LV_STYLE_GRID_CELL_COLUMN_POS                                       
c284cf0c  LV_STYLE_GRID_CELL_COLUMN_SPAN                                      
c284cf10  LV_STYLE_GRID_CELL_ROW_POS                                          
c284cf14  LV_STYLE_GRID_CELL_ROW_SPAN                                         
c284cf18  LV_STYLE_GRID_CELL_X_ALIGN                                          
c284cf1c  LV_STYLE_GRID_CELL_Y_ALIGN                                          
c284cf20  LV_STYLE_GRID_COLUMN_ALIGN                                          
c284cf24  LV_STYLE_GRID_COLUMN_DSC_ARRAY                                      
c284cf28  LV_STYLE_GRID_ROW_ALIGN                                             
c284cf2c  LV_STYLE_GRID_ROW_DSC_ARRAY                                         
c284cf30  UARTConsoleSemHandle                                                
c284cf34  UARTConsoleTaskHandle                                               
c284cf38  _lv_grad_cache_mem                                                  
c284cf3c  _lv_layout_list                                                     
c284cf40  _lv_theme_basic_styles                                              
c284cf44  _lv_theme_default_styles                                            
c284cf48  _lv_timer_act                                                       
c284cf4c  indev_touchpad                                                      
c284cf50  p_rx                                                                
c284cf54  p_tx                                                                
c284cf58  rx_len                                                              
c284cf5c  temp_label                                                          
c284cf60  time_label                                                          
c284cf64  tx_len                                                              
c284cf6e  NDKFlag                                                             
c284cf70  CONTENT_TYPE_APPLET                                                 
c284cf74  CONTENT_TYPE_AU                                                     
c284cf78  CONTENT_TYPE_CSS                                                    
c284cf7c  CONTENT_TYPE_DOC                                                    
c284cf80  CONTENT_TYPE_GIF                                                    
c284cf84  CONTENT_TYPE_HTML                                                   
c284cf88  CONTENT_TYPE_JPG                                                    
c284cf8c  CONTENT_TYPE_MPEG                                                   
c284cf90  CONTENT_TYPE_PDF                                                    
c284cf94  CONTENT_TYPE_WAV                                                    
c284cf98  CONTENT_TYPE_ZIP                                                    
c284cf9c  CONTENT_TYPE                                                        
c284cfa0  CONTENT_LENGTH                                                      
c284cfa4  CRLF                                                                
c284cfa8  DEFAULT_NAME                                                        
c284cfac  HTTP_VER                                                            
c284cfb0  SPACE                                                               
c284cfc8  VerStr                                                              
c284cfcc  HostName                                                            
c284cfd0  LocalIPAddr                                                         
c284cfd4  DomainName                                                          
c284cfd8  DNSServer                                                           
c284cfdc  PITCount                                                            
c284cfe0  PITUsed                                                             
c284cfe4  PITHigh                                                             
c284d020  _lv_txt_encoded_size                                                
c284d024  _lv_txt_unicode_to_encoded                                          
c284d028  _lv_txt_encoded_conv_wc                                             
c284d02c  _lv_txt_encoded_next                                                
c284d030  _lv_txt_encoded_prev                                                
c284d034  _lv_txt_encoded_get_byte_id                                         
c284d038  _lv_txt_encoded_get_char_id                                         
c284d03c  _lv_txt_get_encoded_length                                          
c284d0ec  _IGMPForceVersion1                                                  
c284d0f4  TempStr                                                             
c284d0f8  DegStr                                                              
c284d0fc  HumStr                                                              
c284d110  TxChanEnable_all                                                    
c284d114  RxChanEnable_all                                                    
c284d121  CmdHistorySaveNo                                                    
c284d122  CmdHistorySaveIndex                                                 
c284d123  CmdHistoryDisplayIndex                                              
c284d124  sataRegs                                                            
c284d128  temp                                                                
c284d164  _ICMPInErrors                                                       
c284d168  _ICMPOutErrors                                                      
c284d16c  _IPExecuting                                                        
c284d17c  gFragQList                                                          
c284d19c  tcp_iss                                                             
c284d1a0  ptTimeFirst                                                         
c284d1a4  pt6TimeFirst                                                        
c284d1a8  tcp6_iss                                                            
c284d1bc  spi_flag                                                            
c284d1c0  SoftPWM                                                             
c284d1c4  OSCINFreq                                                           
c284d1dc  LODEPNG_VERSION_STRING                                              
c284d1fc  httpErrorResponseHook                                               
c284d210  _IPReasmPtr                                                         
c284d21c  gMLDNodeList                                                        
c284d236  SECLED                                                              
c284d237  LED_OP                                                              
c284d244  IPV6_MAX_MULTICAST_SOLICIT                                          
c284d248  IPV6_MAX_UNICAST_SOLICIT                                            
c284d24c  IPV6_RETRANS_TIME                                                   
c284d250  IPV6_DELAY_FIRST_PROBE_TIME                                         
c284d254  IPV6_REACHABLE_TIME                                                 
c284d258  IPV6_MAX_RTR_SOLICITATION_DELAY                                     
c284d25c  IPV6_RTR_SOLICITATION_INTERVAL                                      
c284d260  IPV6_MAX_RTR_SOLICITATIONS                                          
c284d264  INFINITE_LT                                                         
c284d268  ti_ndk_config_Global_rawPageSize                                    
c284d26c  ti_ndk_config_Global_rawPageCount                                   
c284d270  ti_ndk_config_Global_smallest                                       
c284d274  ti_ndk_config_Global_largest                                        
c284d278  ti_ndk_config_Global_numFrameBuf                                    
c284d27c  ti_ndk_config_Global_sizeFrameBuf                                   
c284d280  __CIOBUF_                                                           
c284d400  ti_sysbios_family_c64p_Hwi0                                         
c284d400  ti_sysbios_family_c64p_Hwi_int0                                     
c284d420  ti_sysbios_family_c64p_Hwi_int1                                     
c284d440  ti_sysbios_family_c64p_Hwi_int2                                     
c284d460  ti_sysbios_family_c64p_Hwi_int3                                     
c284d480  ti_sysbios_family_c64p_Hwi_int4                                     
c284d4a0  ti_sysbios_family_c64p_Hwi_int5                                     
c284d4c0  ti_sysbios_family_c64p_Hwi_int6                                     
c284d4e0  ti_sysbios_family_c64p_Hwi_int7                                     
c284d500  ti_sysbios_family_c64p_Hwi_int8                                     
c284d520  ti_sysbios_family_c64p_Hwi_int9                                     
c284d540  ti_sysbios_family_c64p_Hwi_int10                                    
c284d560  ti_sysbios_family_c64p_Hwi_int11                                    
c284d580  ti_sysbios_family_c64p_Hwi_int12                                    
c284d5a0  ti_sysbios_family_c64p_Hwi_int13                                    
c284d5c0  ti_sysbios_family_c64p_Hwi_int14                                    
c284d5e0  ti_sysbios_family_c64p_Hwi_int15                                    
c284ea7c  __TI_Handler_Table_Base                                             
c284ea84  __TI_Handler_Table_Limit                                            
c284ea88  __TI_CINIT_Base                                                     
c284eac0  __TI_CINIT_Limit                                                    
ffffffff  __TI_pprof_out_hndl                                                 
ffffffff  __TI_prof_data_size                                                 
ffffffff  __TI_prof_data_start                                                
ffffffff  __binit__                                                           
ffffffff  __c_args__                                                          
ffffffff  binit                                                               
UNDEFED   __TI_INITARRAY_Base                                                 
UNDEFED   __TI_INITARRAY_Limit                                                

[3328 symbols]
